2020-10-11 16:37:11.2639 INFO Startup Configuration - Start
2020-10-11 16:37:11.2889 INFO SetEventCache - Start
2020-10-11 16:37:11.3517 INFO SetCachedItem = setting cache for Events
2020-10-11 16:37:11.3776 INFO SetNextResultCheckDateTime - Start - roundUp = False
2020-10-11 16:37:11.3776 INFO SetNextResultCheckDateTime - rapidApiResultChecks == null
2020-10-11 16:37:11.4534 INFO SetNextResultCheckDateTime - Set League 2790 next check date to 17/10/2020 13:25:00
2020-10-11 16:37:11.4534 INFO SetCachedItem = setting cache for NextFixtureCheckDateTime
2020-10-11 16:37:25.9017 INFO Account - Login (HttpPost) - pete@salsbury.co.uk logged in
2020-10-11 16:37:26.1749 INFO GetRapidApiResults - Start
2020-10-11 16:37:26.1749 INFO GetRapidApiResults = rapidApiResultChecks has 1 items
2020-10-11 16:37:26.1749 INFO GetRapidApiResults = Waiting for result. Time now is 11/10/2020 15:37:26, time to wait for is 17/10/2020 13:25:00
2020-10-11 16:40:18.1027 INFO Startup Configuration - Start
2020-10-11 16:40:18.1277 INFO SetEventCache - Start
2020-10-11 16:40:18.1815 INFO SetCachedItem = setting cache for Events
2020-10-11 16:40:18.1995 INFO SetNextResultCheckDateTime - Start - roundUp = False
2020-10-11 16:40:18.2095 INFO SetNextResultCheckDateTime - rapidApiResultChecks == null
2020-10-11 16:40:18.2733 INFO SetNextResultCheckDateTime - Set League 2790 next check date to 17/10/2020 13:25:00
2020-10-11 16:40:18.2733 INFO SetCachedItem = setting cache for NextFixtureCheckDateTime
2020-10-11 16:40:18.9167 INFO GetRapidApiResults - Start
2020-10-11 16:40:18.9167 INFO GetRapidApiResults = rapidApiResultChecks has 1 items
2020-10-11 16:40:18.9207 INFO GetRapidApiResults = Waiting for result. Time now is 11/10/2020 15:40:18, time to wait for is 17/10/2020 13:25:00
2020-10-11 17:42:24.0817 INFO Startup Configuration - Start
2020-10-11 17:42:24.1077 INFO SetEventCache - Start
2020-10-11 17:42:24.1685 INFO SetCachedItem = setting cache for Events
2020-10-11 17:42:24.1924 INFO SetNextResultCheckDateTime - Start - roundUp = False
2020-10-11 17:42:24.2154 INFO SetNextResultCheckDateTime - rapidApiResultChecks == null
2020-10-11 17:42:24.2782 INFO SetNextResultCheckDateTime - Set League 2790 next check date to 17/10/2020 13:25:00
2020-10-11 17:42:24.2792 INFO SetCachedItem = setting cache for NextFixtureCheckDateTime
2020-10-11 17:42:25.2067 INFO GetRapidApiResults - Start
2020-10-11 17:42:25.2067 INFO GetRapidApiResults = rapidApiResultChecks has 1 items
2020-10-11 17:42:25.2067 INFO GetRapidApiResults = Waiting for result. Time now is 11/10/2020 16:42:25, time to wait for is 17/10/2020 13:25:00
2020-10-11 17:43:44.5282 INFO Startup Configuration - Start
2020-10-11 17:43:44.5542 INFO SetEventCache - Start
2020-10-11 17:43:44.6070 INFO SetCachedItem = setting cache for Events
2020-10-11 17:43:44.6270 INFO SetNextResultCheckDateTime - Start - roundUp = False
2020-10-11 17:43:44.6439 INFO SetNextResultCheckDateTime - rapidApiResultChecks == null
2020-10-11 17:43:44.6938 INFO SetNextResultCheckDateTime - Set League 2790 next check date to 17/10/2020 13:25:00
2020-10-11 17:43:44.6938 INFO SetCachedItem = setting cache for NextFixtureCheckDateTime
2020-10-11 17:43:45.3251 INFO GetRapidApiResults - Start
2020-10-11 17:43:45.3261 INFO GetRapidApiResults = rapidApiResultChecks has 1 items
2020-10-11 17:43:45.3261 INFO GetRapidApiResults = Waiting for result. Time now is 11/10/2020 16:43:45, time to wait for is 17/10/2020 13:25:00
