2020-10-15 11:51:40.0105 INFO Startup Configuration - Start
2020-10-15 11:51:40.0391 INFO SetEventCache - Start
2020-10-15 11:51:40.0889 INFO SetCachedItem = setting cache for Events
2020-10-15 11:51:40.0959 INFO SetNextResultCheckDateTime - Start - roundUp = False
2020-10-15 11:51:40.1109 INFO SetNextResultCheckDateTime - rapidApiResultChecks == null
2020-10-15 11:51:40.1647 INFO SetNextResultCheckDateTime - Set League 2790 next check date to 17/10/2020 13:25:00
2020-10-15 11:51:40.1647 INFO SetCachedItem = setting cache for NextFixtureCheckDateTime
2020-10-15 11:51:55.4559 INFO Account - Login (HttpPost) - pete@salsbury.co.uk logged in
2020-10-15 11:51:55.7092 INFO GetRapidApiResults - Start
2020-10-15 11:51:55.7092 INFO GetRapidApiResults = rapidApiResultChecks has 1 items
2020-10-15 11:51:55.7092 INFO GetRapidApiResults = Waiting for result. Time now is 15/10/2020 10:51:55, time to wait for is 17/10/2020 13:25:00
2020-10-15 12:18:06.4680 INFO Startup Configuration - Start
2020-10-15 12:18:06.4940 INFO SetEventCache - Start
2020-10-15 12:18:06.5498 INFO SetCachedItem = setting cache for Events
2020-10-15 12:18:06.5698 INFO SetNextResultCheckDateTime - Start - roundUp = False
2020-10-15 12:18:06.5817 INFO SetNextResultCheckDateTime - rapidApiResultChecks == null
2020-10-15 12:18:06.6436 INFO SetNextResultCheckDateTime - Set League 2790 next check date to 17/10/2020 13:25:00
2020-10-15 12:18:06.6436 INFO SetCachedItem = setting cache for NextFixtureCheckDateTime
2020-10-15 12:18:07.2679 INFO GetRapidApiResults - Start
2020-10-15 12:18:07.2679 INFO GetRapidApiResults = rapidApiResultChecks has 1 items
2020-10-15 12:18:07.2679 INFO GetRapidApiResults = Waiting for result. Time now is 15/10/2020 11:18:07, time to wait for is 17/10/2020 13:25:00
2020-10-15 15:58:03.5964 INFO Startup Configuration - Start
2020-10-15 15:58:03.6173 INFO SetEventCache - Start
2020-10-15 15:58:03.6811 INFO SetCachedItem = setting cache for Events
2020-10-15 15:58:03.6921 INFO SetNextResultCheckDateTime - Start - roundUp = False
2020-10-15 15:58:03.7031 INFO SetNextResultCheckDateTime - rapidApiResultChecks == null
2020-10-15 15:58:03.7889 INFO SetNextResultCheckDateTime - Set League 2790 next check date to 17/10/2020 13:25:00
2020-10-15 15:58:03.7889 INFO SetCachedItem = setting cache for NextFixtureCheckDateTime
2020-10-15 15:58:04.5924 INFO GetRapidApiResults - Start
2020-10-15 15:58:04.5924 INFO GetRapidApiResults = rapidApiResultChecks has 1 items
2020-10-15 15:58:04.5924 INFO GetRapidApiResults = Waiting for result. Time now is 15/10/2020 14:58:04, time to wait for is 17/10/2020 13:25:00
2020-10-15 16:01:10.4172 INFO Startup Configuration - Start
2020-10-15 16:01:10.4421 INFO SetEventCache - Start
2020-10-15 16:01:10.4969 INFO SetCachedItem = setting cache for Events
2020-10-15 16:01:10.5159 INFO SetNextResultCheckDateTime - Start - roundUp = False
2020-10-15 16:01:10.5159 INFO SetNextResultCheckDateTime - rapidApiResultChecks == null
2020-10-15 16:01:10.5807 INFO SetNextResultCheckDateTime - Set League 2790 next check date to 17/10/2020 13:25:00
2020-10-15 16:01:10.5807 INFO SetCachedItem = setting cache for NextFixtureCheckDateTime
2020-10-15 16:01:11.2380 INFO GetRapidApiResults - Start
2020-10-15 16:01:11.2380 INFO GetRapidApiResults = rapidApiResultChecks has 1 items
2020-10-15 16:01:11.2380 INFO GetRapidApiResults = Waiting for result. Time now is 15/10/2020 15:01:11, time to wait for is 17/10/2020 13:25:00
2020-10-15 16:29:05.4773 INFO Startup Configuration - Start
2020-10-15 16:29:05.4963 INFO SetEventCache - Start
2020-10-15 16:29:05.5362 INFO SetCachedItem = setting cache for Events
2020-10-15 16:29:05.5362 INFO SetNextResultCheckDateTime - Start - roundUp = False
2020-10-15 16:29:05.5462 INFO SetNextResultCheckDateTime - rapidApiResultChecks == null
2020-10-15 16:29:05.6010 INFO SetNextResultCheckDateTime - Set League 2790 next check date to 17/10/2020 13:25:00
2020-10-15 16:29:05.6010 INFO SetCachedItem = setting cache for NextFixtureCheckDateTime
2020-10-15 16:29:06.2938 INFO GetRapidApiResults - Start
2020-10-15 16:29:06.2968 INFO GetRapidApiResults = rapidApiResultChecks has 1 items
2020-10-15 16:29:06.2968 INFO GetRapidApiResults = Waiting for result. Time now is 15/10/2020 15:29:06, time to wait for is 17/10/2020 13:25:00
2020-10-15 16:38:16.8581 INFO Startup Configuration - Start
2020-10-15 16:38:16.8781 INFO SetEventCache - Start
2020-10-15 16:38:16.9239 INFO SetCachedItem = setting cache for Events
2020-10-15 16:38:16.9519 INFO SetNextResultCheckDateTime - Start - roundUp = False
2020-10-15 16:38:16.9519 INFO SetNextResultCheckDateTime - rapidApiResultChecks == null
2020-10-15 16:38:16.9868 INFO SetNextResultCheckDateTime - Set League 2790 next check date to 17/10/2020 13:25:00
2020-10-15 16:38:16.9868 INFO SetCachedItem = setting cache for NextFixtureCheckDateTime
2020-10-15 16:38:17.4516 INFO GetRapidApiResults - Start
2020-10-15 16:38:17.4516 INFO GetRapidApiResults = rapidApiResultChecks has 1 items
2020-10-15 16:38:17.4516 INFO GetRapidApiResults = Waiting for result. Time now is 15/10/2020 15:38:17, time to wait for is 17/10/2020 13:25:00
2020-10-15 18:03:10.2577 INFO Startup Configuration - Start
2020-10-15 18:03:10.2846 INFO SetEventCache - Start
2020-10-15 18:03:10.3444 INFO SetCachedItem = setting cache for Events
2020-10-15 18:03:10.3694 INFO SetNextResultCheckDateTime - Start - roundUp = False
2020-10-15 18:03:10.3813 INFO SetNextResultCheckDateTime - rapidApiResultChecks == null
2020-10-15 18:03:10.4392 INFO SetNextResultCheckDateTime - Set League 2790 next check date to 17/10/2020 13:25:00
2020-10-15 18:03:10.4392 INFO SetCachedItem = setting cache for NextFixtureCheckDateTime
2020-10-15 18:03:11.3498 INFO GetRapidApiResults - Start
2020-10-15 18:03:11.3498 INFO GetRapidApiResults = rapidApiResultChecks has 1 items
2020-10-15 18:03:11.3498 INFO GetRapidApiResults = Waiting for result. Time now is 15/10/2020 17:03:11, time to wait for is 17/10/2020 13:25:00
2020-10-15 18:03:38.8297 INFO GetRapidApiResults - Start
2020-10-15 18:03:38.8297 INFO GetRapidApiResults = rapidApiResultChecks has 1 items
2020-10-15 18:03:38.8297 INFO GetRapidApiResults = Waiting for result. Time now is 15/10/2020 17:03:38, time to wait for is 17/10/2020 13:25:00
2020-10-15 18:03:42.9979 INFO GetRapidApiResults - Start
2020-10-15 18:03:42.9989 INFO GetRapidApiResults = rapidApiResultChecks has 1 items
2020-10-15 18:03:42.9989 INFO GetRapidApiResults = Waiting for result. Time now is 15/10/2020 17:03:43, time to wait for is 17/10/2020 13:25:00
2020-10-15 18:03:55.5481 INFO Account - Login (HttpPost) - pete@salsbury.co.uk logged in
2020-10-15 18:03:55.5780 INFO GetRapidApiResults - Start
2020-10-15 18:03:55.5780 INFO GetRapidApiResults = rapidApiResultChecks has 1 items
2020-10-15 18:03:55.5780 INFO GetRapidApiResults = Waiting for result. Time now is 15/10/2020 17:03:55, time to wait for is 17/10/2020 13:25:00
2020-10-15 18:05:51.0026 INFO GetRapidApiResults - Start
2020-10-15 18:05:51.0026 INFO GetRapidApiResults = rapidApiResultChecks has 1 items
2020-10-15 18:05:51.0026 INFO GetRapidApiResults = Waiting for result. Time now is 15/10/2020 17:05:51, time to wait for is 17/10/2020 13:25:00
2020-10-15 18:05:56.9994 INFO Account - Login (HttpPost) - pete@salsbury.co.uk logged in
2020-10-15 18:05:57.0233 INFO GetRapidApiResults - Start
2020-10-15 18:05:57.0233 INFO GetRapidApiResults = rapidApiResultChecks has 1 items
2020-10-15 18:05:57.0233 INFO GetRapidApiResults = Waiting for result. Time now is 15/10/2020 17:05:57, time to wait for is 17/10/2020 13:25:00
2020-10-15 18:05:59.8490 INFO GetRapidApiResults - Start
2020-10-15 18:05:59.8490 INFO GetRapidApiResults = rapidApiResultChecks has 1 items
2020-10-15 18:05:59.8490 INFO GetRapidApiResults = Waiting for result. Time now is 15/10/2020 17:05:59, time to wait for is 17/10/2020 13:25:00
2020-10-15 18:43:48.3399 INFO Startup Configuration - Start
2020-10-15 18:43:48.3703 INFO SetEventCache - Start
2020-10-15 18:43:48.4939 INFO SetCachedItem = setting cache for Events
2020-10-15 18:43:48.5019 INFO SetNextResultCheckDateTime - Start - roundUp = False
2020-10-15 18:43:48.5019 INFO SetNextResultCheckDateTime - rapidApiResultChecks == null
2020-10-15 18:43:48.6505 INFO SetNextResultCheckDateTime - Set League 2790 next check date to 17/10/2020 13:25:00
2020-10-15 18:43:48.6505 INFO SetCachedItem = setting cache for NextFixtureCheckDateTime
2020-10-15 18:43:49.4794 INFO GetRapidApiResults - Start
2020-10-15 18:43:49.4834 INFO GetRapidApiResults = rapidApiResultChecks has 1 items
2020-10-15 18:43:49.4834 INFO GetRapidApiResults = Waiting for result. Time now is 15/10/2020 17:43:49, time to wait for is 17/10/2020 13:25:00
2020-10-15 18:44:28.6783 INFO GetRapidApiResults - Start
2020-10-15 18:44:28.6783 INFO GetRapidApiResults = rapidApiResultChecks has 1 items
2020-10-15 18:44:28.6783 INFO GetRapidApiResults = Waiting for result. Time now is 15/10/2020 17:44:28, time to wait for is 17/10/2020 13:25:00
2020-10-15 18:48:09.6252 INFO Startup Configuration - Start
2020-10-15 18:48:09.6572 INFO SetEventCache - Start
2020-10-15 18:48:09.7140 INFO SetCachedItem = setting cache for Events
2020-10-15 18:48:09.7379 INFO SetNextResultCheckDateTime - Start - roundUp = False
2020-10-15 18:48:09.7509 INFO SetNextResultCheckDateTime - rapidApiResultChecks == null
2020-10-15 18:48:09.8068 INFO SetNextResultCheckDateTime - Set League 2790 next check date to 17/10/2020 13:25:00
2020-10-15 18:48:09.8068 INFO SetCachedItem = setting cache for NextFixtureCheckDateTime
2020-10-15 18:48:10.4634 INFO GetRapidApiResults - Start
2020-10-15 18:48:10.4634 INFO GetRapidApiResults = rapidApiResultChecks has 1 items
2020-10-15 18:48:10.4684 INFO GetRapidApiResults = Waiting for result. Time now is 15/10/2020 17:48:10, time to wait for is 17/10/2020 13:25:00
2020-10-15 18:49:02.3743 INFO GetRapidApiResults - Start
2020-10-15 18:49:02.3743 INFO GetRapidApiResults = rapidApiResultChecks has 1 items
2020-10-15 18:49:02.3743 INFO GetRapidApiResults = Waiting for result. Time now is 15/10/2020 17:49:02, time to wait for is 17/10/2020 13:25:00
2020-10-15 18:50:31.9828 INFO GetRapidApiResults - Start
2020-10-15 18:50:31.9828 INFO GetRapidApiResults = rapidApiResultChecks has 1 items
2020-10-15 18:50:31.9828 INFO GetRapidApiResults = Waiting for result. Time now is 15/10/2020 17:50:31, time to wait for is 17/10/2020 13:25:00
2020-10-15 18:51:55.1101 INFO Startup Configuration - Start
2020-10-15 18:51:55.1361 INFO SetEventCache - Start
2020-10-15 18:51:55.1949 INFO SetCachedItem = setting cache for Events
2020-10-15 18:51:55.2358 INFO SetNextResultCheckDateTime - Start - roundUp = False
2020-10-15 18:51:55.2358 INFO SetNextResultCheckDateTime - rapidApiResultChecks == null
2020-10-15 18:51:55.2947 INFO SetNextResultCheckDateTime - Set League 2790 next check date to 17/10/2020 13:25:00
2020-10-15 18:51:55.2957 INFO SetCachedItem = setting cache for NextFixtureCheckDateTime
2020-10-15 18:51:55.9210 INFO GetRapidApiResults - Start
2020-10-15 18:51:55.9210 INFO GetRapidApiResults = rapidApiResultChecks has 1 items
2020-10-15 18:51:55.9210 INFO GetRapidApiResults = Waiting for result. Time now is 15/10/2020 17:51:55, time to wait for is 17/10/2020 13:25:00
2020-10-15 18:52:22.4360 INFO GetRapidApiResults - Start
2020-10-15 18:52:22.4360 INFO GetRapidApiResults = rapidApiResultChecks has 1 items
2020-10-15 18:52:22.4360 INFO GetRapidApiResults = Waiting for result. Time now is 15/10/2020 17:52:22, time to wait for is 17/10/2020 13:25:00
2020-10-15 18:52:51.8480 INFO GetRapidApiResults - Start
2020-10-15 18:52:51.8480 INFO GetRapidApiResults = rapidApiResultChecks has 1 items
2020-10-15 18:52:51.8480 INFO GetRapidApiResults = Waiting for result. Time now is 15/10/2020 17:52:51, time to wait for is 17/10/2020 13:25:00
2020-10-15 18:53:46.1610 INFO GetRapidApiResults - Start
2020-10-15 18:53:46.1610 INFO GetRapidApiResults = rapidApiResultChecks has 1 items
2020-10-15 18:53:46.1610 INFO GetRapidApiResults = Waiting for result. Time now is 15/10/2020 17:53:46, time to wait for is 17/10/2020 13:25:00
2020-10-15 18:55:12.3557 INFO GetRapidApiResults - Start
2020-10-15 18:55:12.3557 INFO GetRapidApiResults = rapidApiResultChecks has 1 items
2020-10-15 18:55:12.3617 INFO GetRapidApiResults = Waiting for result. Time now is 15/10/2020 17:55:12, time to wait for is 17/10/2020 13:25:00
2020-10-15 18:55:23.7731 INFO GetRapidApiResults - Start
2020-10-15 18:55:23.7731 INFO GetRapidApiResults = rapidApiResultChecks has 1 items
2020-10-15 18:55:23.7731 INFO GetRapidApiResults = Waiting for result. Time now is 15/10/2020 17:55:23, time to wait for is 17/10/2020 13:25:00
2020-10-15 18:55:32.2410 INFO Account - Login (HttpPost) - pete@salsbury.co.uk logged in
2020-10-15 18:55:32.2829 INFO GetRapidApiResults - Start
2020-10-15 18:55:32.2829 INFO GetRapidApiResults = rapidApiResultChecks has 1 items
2020-10-15 18:55:32.2988 INFO GetRapidApiResults = Waiting for result. Time now is 15/10/2020 17:55:32, time to wait for is 17/10/2020 13:25:00
2020-10-15 19:07:18.5903 INFO Startup Configuration - Start
2020-10-15 19:07:18.6152 INFO SetEventCache - Start
2020-10-15 19:07:18.6731 INFO SetCachedItem = setting cache for Events
2020-10-15 19:07:18.6890 INFO SetNextResultCheckDateTime - Start - roundUp = False
2020-10-15 19:07:18.6890 INFO SetNextResultCheckDateTime - rapidApiResultChecks == null
2020-10-15 19:07:18.7569 INFO SetNextResultCheckDateTime - Set League 2790 next check date to 17/10/2020 13:25:00
2020-10-15 19:07:18.7569 INFO SetCachedItem = setting cache for NextFixtureCheckDateTime
2020-10-15 19:07:19.3941 INFO GetRapidApiResults - Start
2020-10-15 19:07:19.3941 INFO GetRapidApiResults = rapidApiResultChecks has 1 items
2020-10-15 19:07:19.3941 INFO GetRapidApiResults = Waiting for result. Time now is 15/10/2020 18:07:19, time to wait for is 17/10/2020 13:25:00
2020-10-15 19:08:48.8047 INFO GetRapidApiResults - Start
2020-10-15 19:08:48.8047 INFO GetRapidApiResults = rapidApiResultChecks has 1 items
2020-10-15 19:08:48.8047 INFO GetRapidApiResults = Waiting for result. Time now is 15/10/2020 18:08:48, time to wait for is 17/10/2020 13:25:00
2020-10-15 19:16:28.1693 INFO GetRapidApiResults - Start
2020-10-15 19:16:28.1693 INFO GetRapidApiResults = rapidApiResultChecks has 1 items
2020-10-15 19:16:28.1733 INFO GetRapidApiResults = Waiting for result. Time now is 15/10/2020 18:16:28, time to wait for is 17/10/2020 13:25:00
2020-10-15 19:32:00.4273 INFO Startup Configuration - Start
2020-10-15 19:32:00.4543 INFO SetEventCache - Start
2020-10-15 19:32:00.5151 INFO SetCachedItem = setting cache for Events
2020-10-15 19:32:00.5450 INFO SetNextResultCheckDateTime - Start - roundUp = False
2020-10-15 19:32:00.5450 INFO SetNextResultCheckDateTime - rapidApiResultChecks == null
2020-10-15 19:32:00.6089 INFO SetNextResultCheckDateTime - Set League 2790 next check date to 17/10/2020 13:25:00
2020-10-15 19:32:00.6089 INFO SetCachedItem = setting cache for NextFixtureCheckDateTime
2020-10-15 19:32:01.2391 INFO GetRapidApiResults - Start
2020-10-15 19:32:01.2391 INFO GetRapidApiResults = rapidApiResultChecks has 1 items
2020-10-15 19:32:01.2490 INFO GetRapidApiResults = Waiting for result. Time now is 15/10/2020 18:32:01, time to wait for is 17/10/2020 13:25:00
2020-10-15 22:12:21.0022 INFO Startup Configuration - Start
2020-10-15 22:12:21.0391 INFO SetEventCache - Start
2020-10-15 22:12:21.0990 INFO SetCachedItem = setting cache for Events
2020-10-15 22:12:21.1090 INFO SetNextResultCheckDateTime - Start - roundUp = False
2020-10-15 22:12:21.1090 INFO SetNextResultCheckDateTime - rapidApiResultChecks == null
2020-10-15 22:12:21.1798 INFO SetNextResultCheckDateTime - Set League 2790 next check date to 17/10/2020 13:25:00
2020-10-15 22:12:21.1798 INFO SetCachedItem = setting cache for NextFixtureCheckDateTime
2020-10-15 22:25:26.8279 INFO Startup Configuration - Start
2020-10-15 22:25:26.8529 INFO SetEventCache - Start
2020-10-15 22:25:26.9093 INFO SetCachedItem = setting cache for Events
2020-10-15 22:25:26.9342 INFO SetNextResultCheckDateTime - Start - roundUp = False
2020-10-15 22:25:26.9432 INFO SetNextResultCheckDateTime - rapidApiResultChecks == null
2020-10-15 22:25:26.9961 INFO SetNextResultCheckDateTime - Set League 2790 next check date to 17/10/2020 13:25:00
2020-10-15 22:25:26.9961 INFO SetCachedItem = setting cache for NextFixtureCheckDateTime
2020-10-15 22:26:19.0348 INFO Account - Login (HttpPost) - popprrro@poo.com logged in
2020-10-15 22:26:19.2712 INFO GetRapidApiResults - Start
2020-10-15 22:26:19.2712 INFO GetRapidApiResults = rapidApiResultChecks has 1 items
2020-10-15 22:26:19.2712 INFO GetRapidApiResults = Waiting for result. Time now is 15/10/2020 21:26:19, time to wait for is 17/10/2020 13:25:00
2020-10-15 22:27:08.0006 INFO GetRapidApiResults - Start
2020-10-15 22:27:08.0006 INFO GetRapidApiResults = rapidApiResultChecks has 1 items
2020-10-15 22:27:08.0006 INFO GetRapidApiResults = Waiting for result. Time now is 15/10/2020 21:27:08, time to wait for is 17/10/2020 13:25:00
2020-10-15 22:27:16.1664 INFO Account - Login (HttpPost) - popprrro@poo.com logged in
2020-10-15 22:27:16.1844 INFO GetRapidApiResults - Start
2020-10-15 22:27:16.1844 INFO GetRapidApiResults = rapidApiResultChecks has 1 items
2020-10-15 22:27:16.1844 INFO GetRapidApiResults = Waiting for result. Time now is 15/10/2020 21:27:16, time to wait for is 17/10/2020 13:25:00
2020-10-15 22:27:37.3073 INFO Account - Login (HttpPost) - pete@salsbury.co.uk logged in
2020-10-15 22:27:37.3342 INFO GetRapidApiResults - Start
2020-10-15 22:27:37.3342 INFO GetRapidApiResults = rapidApiResultChecks has 1 items
2020-10-15 22:27:37.3342 INFO GetRapidApiResults = Waiting for result. Time now is 15/10/2020 21:27:37, time to wait for is 17/10/2020 13:25:00
2020-10-15 22:32:25.2168 INFO GetRapidApiResults - Start
2020-10-15 22:32:25.2178 INFO GetRapidApiResults = rapidApiResultChecks has 1 items
2020-10-15 22:32:25.2178 INFO GetRapidApiResults = Waiting for result. Time now is 15/10/2020 21:32:25, time to wait for is 17/10/2020 13:25:00
2020-10-15 22:34:19.2264 INFO GetRapidApiResults - Start
2020-10-15 22:34:19.2264 INFO GetRapidApiResults = rapidApiResultChecks has 1 items
2020-10-15 22:34:19.2264 INFO GetRapidApiResults = Waiting for result. Time now is 15/10/2020 21:34:19, time to wait for is 17/10/2020 13:25:00
2020-10-15 22:34:27.7448 INFO Account - Login (HttpPost) - pete@salsbury.co.uk logged in
2020-10-15 22:34:27.7627 INFO GetRapidApiResults - Start
2020-10-15 22:34:27.7627 INFO GetRapidApiResults = rapidApiResultChecks has 1 items
2020-10-15 22:34:27.7627 INFO GetRapidApiResults = Waiting for result. Time now is 15/10/2020 21:34:27, time to wait for is 17/10/2020 13:25:00
2020-10-15 22:35:00.1560 INFO GetRapidApiResults - Start
2020-10-15 22:35:00.1560 INFO GetRapidApiResults = rapidApiResultChecks has 1 items
2020-10-15 22:35:00.1560 INFO GetRapidApiResults = Waiting for result. Time now is 15/10/2020 21:35:00, time to wait for is 17/10/2020 13:25:00
2020-10-15 22:35:05.4962 INFO GetRapidApiResults - Start
2020-10-15 22:35:05.4962 INFO GetRapidApiResults = rapidApiResultChecks has 1 items
2020-10-15 22:35:05.4962 INFO GetRapidApiResults = Waiting for result. Time now is 15/10/2020 21:35:05, time to wait for is 17/10/2020 13:25:00
2020-10-15 22:39:08.2155 INFO Startup Configuration - Start
2020-10-15 22:39:08.2444 INFO SetEventCache - Start
2020-10-15 22:39:08.3013 INFO SetCachedItem = setting cache for Events
2020-10-15 22:39:08.3372 INFO SetNextResultCheckDateTime - Start - roundUp = False
2020-10-15 22:39:08.3601 INFO SetNextResultCheckDateTime - rapidApiResultChecks == null
2020-10-15 22:39:08.4070 INFO SetNextResultCheckDateTime - Set League 2790 next check date to 17/10/2020 13:25:00
2020-10-15 22:39:08.4070 INFO SetCachedItem = setting cache for NextFixtureCheckDateTime
2020-10-15 22:39:22.1024 INFO Account - Login (HttpPost) - pete@salsbury.co.uk logged in
2020-10-15 22:39:22.3756 INFO GetRapidApiResults - Start
2020-10-15 22:39:22.3756 INFO GetRapidApiResults = rapidApiResultChecks has 1 items
2020-10-15 22:39:22.3756 INFO GetRapidApiResults = Waiting for result. Time now is 15/10/2020 21:39:22, time to wait for is 17/10/2020 13:25:00
2020-10-15 22:39:41.7946 INFO GetRapidApiResults - Start
2020-10-15 22:39:41.7956 INFO GetRapidApiResults = rapidApiResultChecks has 1 items
2020-10-15 22:39:41.7956 INFO GetRapidApiResults = Waiting for result. Time now is 15/10/2020 21:39:41, time to wait for is 17/10/2020 13:25:00
2020-10-15 22:45:31.7859 INFO GetRapidApiResults - Start
2020-10-15 22:45:31.7859 INFO GetRapidApiResults = rapidApiResultChecks has 1 items
2020-10-15 22:45:31.7859 INFO GetRapidApiResults = Waiting for result. Time now is 15/10/2020 21:45:31, time to wait for is 17/10/2020 13:25:00
2020-10-15 22:45:36.4994 INFO GetRapidApiResults - Start
2020-10-15 22:45:36.4994 INFO GetRapidApiResults = rapidApiResultChecks has 1 items
2020-10-15 22:45:36.4994 INFO GetRapidApiResults = Waiting for result. Time now is 15/10/2020 21:45:36, time to wait for is 17/10/2020 13:25:00
2020-10-15 22:45:37.9290 INFO GetRapidApiResults - Start
2020-10-15 22:45:37.9290 INFO GetRapidApiResults = rapidApiResultChecks has 1 items
2020-10-15 22:45:37.9290 INFO GetRapidApiResults = Waiting for result. Time now is 15/10/2020 21:45:37, time to wait for is 17/10/2020 13:25:00
2020-10-15 22:45:40.4120 INFO GetRapidApiResults - Start
2020-10-15 22:45:40.4120 INFO GetRapidApiResults = rapidApiResultChecks has 1 items
2020-10-15 22:45:40.4120 INFO GetRapidApiResults = Waiting for result. Time now is 15/10/2020 21:45:40, time to wait for is 17/10/2020 13:25:00
2020-10-15 22:46:00.7674 INFO GetRapidApiResults - Start
2020-10-15 22:46:00.7674 INFO GetRapidApiResults = rapidApiResultChecks has 1 items
2020-10-15 22:46:00.7674 INFO GetRapidApiResults = Waiting for result. Time now is 15/10/2020 21:46:00, time to wait for is 17/10/2020 13:25:00
2020-10-15 22:46:06.3359 INFO GetRapidApiResults - Start
2020-10-15 22:46:06.3359 INFO GetRapidApiResults = rapidApiResultChecks has 1 items
2020-10-15 22:46:06.3359 INFO GetRapidApiResults = Waiting for result. Time now is 15/10/2020 21:46:06, time to wait for is 17/10/2020 13:25:00
2020-10-15 22:46:19.4725 INFO GetRapidApiResults - Start
2020-10-15 22:46:19.4725 INFO GetRapidApiResults = rapidApiResultChecks has 1 items
2020-10-15 22:46:19.4725 INFO GetRapidApiResults = Waiting for result. Time now is 15/10/2020 21:46:19, time to wait for is 17/10/2020 13:25:00
2020-10-15 22:47:17.8100 INFO GetRapidApiResults - Start
2020-10-15 22:47:17.8110 INFO GetRapidApiResults = rapidApiResultChecks has 1 items
2020-10-15 22:47:17.8110 INFO GetRapidApiResults = Waiting for result. Time now is 15/10/2020 21:47:17, time to wait for is 17/10/2020 13:25:00
2020-10-15 23:00:14.0454 INFO Startup Configuration - Start
2020-10-15 23:00:14.0703 INFO SetEventCache - Start
2020-10-15 23:00:14.1272 INFO SetCachedItem = setting cache for Events
2020-10-15 23:00:14.1481 INFO SetNextResultCheckDateTime - Start - roundUp = False
2020-10-15 23:00:14.1601 INFO SetNextResultCheckDateTime - rapidApiResultChecks == null
2020-10-15 23:00:14.2230 INFO SetNextResultCheckDateTime - Set League 2790 next check date to 17/10/2020 13:25:00
2020-10-15 23:00:14.2230 INFO SetCachedItem = setting cache for NextFixtureCheckDateTime
2020-10-15 23:00:14.8343 INFO GetRapidApiResults - Start
2020-10-15 23:00:14.8343 INFO GetRapidApiResults = rapidApiResultChecks has 1 items
2020-10-15 23:00:14.8343 INFO GetRapidApiResults = Waiting for result. Time now is 15/10/2020 22:00:14, time to wait for is 17/10/2020 13:25:00
2020-10-15 23:00:37.0802 INFO SetCachedItem = setting cache for Events
2020-10-15 23:16:00.9000 INFO Startup Configuration - Start
2020-10-15 23:16:00.9259 INFO SetEventCache - Start
2020-10-15 23:16:00.9818 INFO SetCachedItem = setting cache for Events
2020-10-15 23:16:01.0256 INFO SetNextResultCheckDateTime - Start - roundUp = False
2020-10-15 23:16:01.0396 INFO SetNextResultCheckDateTime - rapidApiResultChecks == null
2020-10-15 23:16:01.0785 INFO SetNextResultCheckDateTime - Set League 2790 next check date to 17/10/2020 13:25:00
2020-10-15 23:16:01.0785 INFO SetCachedItem = setting cache for NextFixtureCheckDateTime
2020-10-15 23:16:01.9878 INFO GetRapidApiResults - Start
2020-10-15 23:16:01.9878 INFO GetRapidApiResults = rapidApiResultChecks has 1 items
2020-10-15 23:16:01.9878 INFO GetRapidApiResults = Waiting for result. Time now is 15/10/2020 22:16:01, time to wait for is 17/10/2020 13:25:00
2020-10-15 23:16:25.4393 INFO SetEventCache - Start
2020-10-15 23:16:25.4393 INFO SetCachedItem = setting cache for Events
