2020-10-16 22:28:20.7428 INFO Startup Configuration - Start
2020-10-16 22:28:20.7698 INFO SetEventCache - Start
2020-10-16 22:28:20.8396 INFO SetCachedItem = setting cache for Events
2020-10-16 22:28:20.8506 INFO SetNextResultCheckDateTime - Start - roundUp = False
2020-10-16 22:28:20.8506 INFO SetNextResultCheckDateTime - rapidApiResultChecks == null
2020-10-16 22:28:20.9353 INFO SetNextResultCheckDateTime - Set League 2790 next check date to 17/10/2020 13:25:00
2020-10-16 22:28:20.9353 INFO SetCachedItem = setting cache for NextFixtureCheckDateTime
2020-10-16 23:36:37.0558 INFO Startup Configuration - Start
2020-10-16 23:36:37.0907 INFO SetEventCache - Start
2020-10-16 23:36:37.1416 INFO SetCachedItem = setting cache for Events
2020-10-16 23:36:37.1635 INFO SetNextResultCheckDateTime - Start - roundUp = False
2020-10-16 23:36:37.1804 INFO SetNextResultCheckDateTime - rapidApiResultChecks == null
2020-10-16 23:36:37.2533 INFO SetNextResultCheckDateTime - Set League 2790 next check date to 17/10/2020 13:25:00
2020-10-16 23:36:37.2533 INFO SetCachedItem = setting cache for NextFixtureCheckDateTime
2020-10-16 23:39:27.3015 INFO Startup Configuration - Start
2020-10-16 23:39:27.3265 INFO SetEventCache - Start
2020-10-16 23:39:27.3803 INFO SetCachedItem = setting cache for Events
2020-10-16 23:39:27.4062 INFO SetNextResultCheckDateTime - Start - roundUp = False
2020-10-16 23:39:27.4152 INFO SetNextResultCheckDateTime - rapidApiResultChecks == null
2020-10-16 23:39:27.4891 INFO SetNextResultCheckDateTime - Set League 2790 next check date to 17/10/2020 13:25:00
2020-10-16 23:39:27.4891 INFO SetCachedItem = setting cache for NextFixtureCheckDateTime
2020-10-16 23:39:42.5423 INFO Account - Login (HttpPost) - pete@salsbury.co.uk logged in
2020-10-16 23:39:42.8355 INFO GetRapidApiResults - Start
2020-10-16 23:39:42.8355 INFO GetRapidApiResults = rapidApiResultChecks has 1 items
2020-10-16 23:39:42.8355 INFO GetRapidApiResults = Waiting for result. Time now is 16/10/2020 22:39:42, time to wait for is 17/10/2020 13:25:00
2020-10-16 23:44:55.1980 INFO Startup Configuration - Start
2020-10-16 23:44:55.2239 INFO SetEventCache - Start
2020-10-16 23:44:55.2857 INFO SetCachedItem = setting cache for Events
2020-10-16 23:44:55.3116 INFO SetNextResultCheckDateTime - Start - roundUp = False
2020-10-16 23:44:55.3226 INFO SetNextResultCheckDateTime - rapidApiResultChecks == null
2020-10-16 23:44:55.3785 INFO SetNextResultCheckDateTime - Set League 2790 next check date to 17/10/2020 13:25:00
2020-10-16 23:44:55.3785 INFO SetCachedItem = setting cache for NextFixtureCheckDateTime
2020-10-16 23:44:56.0114 INFO GetRapidApiResults - Start
2020-10-16 23:44:56.0114 INFO GetRapidApiResults = rapidApiResultChecks has 1 items
2020-10-16 23:44:56.0114 INFO GetRapidApiResults = Waiting for result. Time now is 16/10/2020 22:44:56, time to wait for is 17/10/2020 13:25:00
2020-10-16 23:45:19.5401 INFO GetRapidApiResults - Start
2020-10-16 23:45:19.5401 INFO GetRapidApiResults = rapidApiResultChecks has 1 items
2020-10-16 23:45:19.5401 INFO GetRapidApiResults = Waiting for result. Time now is 16/10/2020 22:45:19, time to wait for is 17/10/2020 13:25:00
2020-10-16 23:45:25.0922 INFO GetRapidApiResults - Start
2020-10-16 23:45:25.0922 INFO GetRapidApiResults = rapidApiResultChecks has 1 items
2020-10-16 23:45:25.0922 INFO GetRapidApiResults = Waiting for result. Time now is 16/10/2020 22:45:25, time to wait for is 17/10/2020 13:25:00
2020-10-16 23:45:38.6221 INFO GetRapidApiResults - Start
2020-10-16 23:45:38.6221 INFO GetRapidApiResults = rapidApiResultChecks has 1 items
2020-10-16 23:45:38.6221 INFO GetRapidApiResults = Waiting for result. Time now is 16/10/2020 22:45:38, time to wait for is 17/10/2020 13:25:00
2020-10-16 23:45:45.2279 INFO GetRapidApiResults - Start
2020-10-16 23:45:45.2279 INFO GetRapidApiResults = rapidApiResultChecks has 1 items
2020-10-16 23:45:45.2279 INFO GetRapidApiResults = Waiting for result. Time now is 16/10/2020 22:45:45, time to wait for is 17/10/2020 13:25:00
2020-10-16 23:45:53.2511 INFO GetRapidApiResults - Start
2020-10-16 23:45:53.2511 INFO GetRapidApiResults = rapidApiResultChecks has 1 items
2020-10-16 23:45:53.2511 INFO GetRapidApiResults = Waiting for result. Time now is 16/10/2020 22:45:53, time to wait for is 17/10/2020 13:25:00
