2020-12-31 10:13:51.0572 INFO Default Quartz.NET properties loaded from embedded resource file
2020-12-31 10:13:51.1221 INFO Initialized Scheduler Signaller of type: Quartz.Core.SchedulerSignalerImpl
2020-12-31 10:13:51.1221 INFO Quartz Scheduler v.3.2.2.0 created.
2020-12-31 10:13:51.1310 INFO JobFactory set to: Quartz.Simpl.PropertySettingJobFactory
2020-12-31 10:13:51.1310 INFO RAMJobStore initialized.
2020-12-31 10:13:51.1310 INFO Scheduler meta-data: Quartz Scheduler (v3.2.2.0) 'DefaultQuartzScheduler' with instanceId 'NON_CLUSTERED'
  Scheduler class: 'Quartz.Core.QuartzScheduler' - running locally.
  NOT STARTED.
  Currently in standby mode.
  Number of jobs executed: 0
  Using thread pool 'Quartz.Simpl.DefaultThreadPool' - with 10 threads.
  Using job-store 'Quartz.Simpl.RAMJobStore' - which does not support persistence. and is not clustered.

2020-12-31 10:13:51.1310 INFO Quartz scheduler 'DefaultQuartzScheduler' initialized
2020-12-31 10:13:51.1310 INFO Quartz scheduler version: 3.2.2.0
2020-12-31 10:13:51.1450 INFO Scheduler DefaultQuartzScheduler_$_NON_CLUSTERED started.
2020-12-31 10:13:51.3096 INFO Startup Configuration - Start
2020-12-31 10:13:51.3096 INFO SetEventCache - Start
2020-12-31 10:13:51.3714 INFO SetCachedItem = setting cache for Events
2020-12-31 10:13:51.3714 INFO SetCachedItem = setting cache for Events, with Expiry Date of 30/01/2021 10:13:51
2020-12-31 10:13:51.3764 INFO SetNextResultCheckDateTime - Start - roundUp = False
2020-12-31 10:13:51.3764 INFO SetNextResultCheckDateTime - rapidApiResultChecks == null
2020-12-31 10:13:51.4203 INFO SetNextResultCheckDateTime - Set League 2790 next check date to 30/12/2020 19:55:00
2020-12-31 10:13:51.4203 INFO SetCachedItem = setting cache for NextFixtureCheckDateTime
2020-12-31 10:13:51.4203 INFO SetCachedItem = setting cache for NextFixtureCheckDateTime, with Expiry Date of 30/01/2021 10:13:51
2020-12-31 10:14:00.0576 INFO GetRapidApiResults = Getting results from RapidApi 2790. FixtureDateTime = 30/12/2020 00:00:00, Now = 31/12/2020 10:14:00
2020-12-31 10:14:00.0576 INFO FixturesByLeague - League = 2790
2020-12-31 10:14:06.9909 INFO SetEventCache - Start
2020-12-31 10:14:07.0109 INFO SetCachedItem = setting cache for Events
2020-12-31 10:14:07.0109 INFO SetCachedItem = setting cache for Events, with Expiry Date of 30/01/2021 10:14:07
2020-12-31 10:14:07.0109 INFO SetNextResultCheckDateTime - Start - roundUp = True
2020-12-31 10:14:07.0248 INFO SetNextResultCheckDateTime - Set League 2790 next check date to 01/01/2021 19:25:00
2020-12-31 10:14:07.0248 INFO SetCachedItem = setting cache for NextFixtureCheckDateTime
2020-12-31 10:14:07.0248 INFO SetCachedItem = setting cache for NextFixtureCheckDateTime, with Expiry Date of 30/01/2021 10:14:07
2020-12-31 10:14:07.0338 INFO DailyRapidApiLeagueCheck --> lastDate = 30/12/2020 00:00:00, Now = 31/12/2020 00:00:00
2020-12-31 10:14:07.0338 INFO SetCachedItem = setting cache for DailyRapidApiLeagueCheck, with Expiry Date of 01/01/2021 00:00:00
2020-12-31 10:14:07.0338 INFO DailyRapidApiLeagueCheck --> Performing daily league update
2020-12-31 10:14:07.0488 INFO FixturesByLeague - League = 2790
2020-12-31 10:14:11.0441 INFO FixturesByLeague - League = 2794
2020-12-31 10:14:15.1495 INFO SetEventCache - Start
2020-12-31 10:14:15.1495 INFO SetCachedItem = setting cache for Events
2020-12-31 10:14:15.1495 INFO SetCachedItem = setting cache for Events, with Expiry Date of 30/01/2021 10:14:15
2020-12-31 10:27:12.7047 INFO Default Quartz.NET properties loaded from embedded resource file
2020-12-31 10:27:12.7666 INFO Initialized Scheduler Signaller of type: Quartz.Core.SchedulerSignalerImpl
2020-12-31 10:27:12.7666 INFO Quartz Scheduler v.3.2.2.0 created.
2020-12-31 10:27:12.7666 INFO JobFactory set to: Quartz.Simpl.PropertySettingJobFactory
2020-12-31 10:27:12.7666 INFO RAMJobStore initialized.
2020-12-31 10:27:12.7666 INFO Scheduler meta-data: Quartz Scheduler (v3.2.2.0) 'DefaultQuartzScheduler' with instanceId 'NON_CLUSTERED'
  Scheduler class: 'Quartz.Core.QuartzScheduler' - running locally.
  NOT STARTED.
  Currently in standby mode.
  Number of jobs executed: 0
  Using thread pool 'Quartz.Simpl.DefaultThreadPool' - with 10 threads.
  Using job-store 'Quartz.Simpl.RAMJobStore' - which does not support persistence. and is not clustered.

2020-12-31 10:27:12.7666 INFO Quartz scheduler 'DefaultQuartzScheduler' initialized
2020-12-31 10:27:12.7666 INFO Quartz scheduler version: 3.2.2.0
2020-12-31 10:27:12.7865 INFO Scheduler DefaultQuartzScheduler_$_NON_CLUSTERED started.
2020-12-31 10:27:13.4139 INFO Startup Configuration - Start
2020-12-31 10:27:13.4139 INFO SetEventCache - Start
2020-12-31 10:27:13.4597 INFO SetCachedItem = setting cache for Events
2020-12-31 10:27:13.4597 INFO SetCachedItem = setting cache for Events, with Expiry Date of 30/01/2021 10:27:13
2020-12-31 10:27:13.4597 INFO SetNextResultCheckDateTime - Start - roundUp = False
2020-12-31 10:27:13.4597 INFO SetNextResultCheckDateTime - rapidApiResultChecks == null
2020-12-31 10:27:13.4926 INFO SetNextResultCheckDateTime - Set League 2790 next check date to 01/01/2021 19:25:00
2020-12-31 10:27:13.4926 INFO SetCachedItem = setting cache for NextFixtureCheckDateTime
2020-12-31 10:27:13.4926 INFO SetCachedItem = setting cache for NextFixtureCheckDateTime, with Expiry Date of 30/01/2021 10:27:13
2020-12-31 10:28:00.0420 INFO SetCachedItem = setting cache for DailyRapidApiLeagueCheck, with Expiry Date of 01/01/2021 00:00:00
2020-12-31 11:01:01.6638 INFO Default Quartz.NET properties loaded from embedded resource file
2020-12-31 11:01:01.7206 INFO Initialized Scheduler Signaller of type: Quartz.Core.SchedulerSignalerImpl
2020-12-31 11:01:01.7206 INFO Quartz Scheduler v.3.2.2.0 created.
2020-12-31 11:01:01.7455 INFO JobFactory set to: Quartz.Simpl.PropertySettingJobFactory
2020-12-31 11:01:01.7545 INFO RAMJobStore initialized.
2020-12-31 11:01:01.7545 INFO Scheduler meta-data: Quartz Scheduler (v3.2.2.0) 'DefaultQuartzScheduler' with instanceId 'NON_CLUSTERED'
  Scheduler class: 'Quartz.Core.QuartzScheduler' - running locally.
  NOT STARTED.
  Currently in standby mode.
  Number of jobs executed: 0
  Using thread pool 'Quartz.Simpl.DefaultThreadPool' - with 10 threads.
  Using job-store 'Quartz.Simpl.RAMJobStore' - which does not support persistence. and is not clustered.

2020-12-31 11:01:01.7545 INFO Quartz scheduler 'DefaultQuartzScheduler' initialized
2020-12-31 11:01:01.7545 INFO Quartz scheduler version: 3.2.2.0
2020-12-31 11:01:01.7665 INFO Scheduler DefaultQuartzScheduler_$_NON_CLUSTERED started.
2020-12-31 11:01:01.9380 INFO Startup Configuration - Start
2020-12-31 11:01:01.9380 INFO SetEventCache - Start
2020-12-31 11:01:02.0068 INFO SetCachedItem = setting cache for Events
2020-12-31 11:01:02.0068 INFO SetCachedItem = setting cache for Events, with Expiry Date of 30/01/2021 11:01:02
2020-12-31 11:01:02.0068 INFO SetNextResultCheckDateTime - Start - roundUp = False
2020-12-31 11:01:02.0068 INFO SetNextResultCheckDateTime - rapidApiResultChecks == null
2020-12-31 11:01:02.0457 INFO SetNextResultCheckDateTime - Set League 2790 next check date to 01/01/2021 19:25:00
2020-12-31 11:01:02.0457 INFO SetCachedItem = setting cache for NextFixtureCheckDateTime
2020-12-31 11:01:02.0457 INFO SetCachedItem = setting cache for NextFixtureCheckDateTime, with Expiry Date of 30/01/2021 11:01:02
2020-12-31 11:03:20.9503 INFO Default Quartz.NET properties loaded from embedded resource file
2020-12-31 11:03:21.0131 INFO Initialized Scheduler Signaller of type: Quartz.Core.SchedulerSignalerImpl
2020-12-31 11:03:21.0241 INFO Quartz Scheduler v.3.2.2.0 created.
2020-12-31 11:03:21.0390 INFO JobFactory set to: Quartz.Simpl.PropertySettingJobFactory
2020-12-31 11:03:21.0490 INFO RAMJobStore initialized.
2020-12-31 11:03:21.0490 INFO Scheduler meta-data: Quartz Scheduler (v3.2.2.0) 'DefaultQuartzScheduler' with instanceId 'NON_CLUSTERED'
  Scheduler class: 'Quartz.Core.QuartzScheduler' - running locally.
  NOT STARTED.
  Currently in standby mode.
  Number of jobs executed: 0
  Using thread pool 'Quartz.Simpl.DefaultThreadPool' - with 10 threads.
  Using job-store 'Quartz.Simpl.RAMJobStore' - which does not support persistence. and is not clustered.

2020-12-31 11:03:21.0490 INFO Quartz scheduler 'DefaultQuartzScheduler' initialized
2020-12-31 11:03:21.0490 INFO Quartz scheduler version: 3.2.2.0
2020-12-31 11:03:21.0490 INFO Scheduler DefaultQuartzScheduler_$_NON_CLUSTERED started.
2020-12-31 11:03:21.7502 INFO Startup Configuration - Start
2020-12-31 11:03:21.7502 INFO SetEventCache - Start
2020-12-31 11:03:21.8169 INFO SetCachedItem = setting cache for Events
2020-12-31 11:03:21.8169 INFO SetCachedItem = setting cache for Events, with Expiry Date of 30/01/2021 11:03:21
2020-12-31 11:03:21.8309 INFO SetNextResultCheckDateTime - Start - roundUp = False
2020-12-31 11:03:21.8309 INFO SetNextResultCheckDateTime - rapidApiResultChecks == null
2020-12-31 11:03:21.8639 INFO SetNextResultCheckDateTime - Set League 2790 next check date to 01/01/2021 19:25:00
2020-12-31 11:03:21.8639 INFO SetCachedItem = setting cache for NextFixtureCheckDateTime
2020-12-31 11:03:21.8639 INFO SetCachedItem = setting cache for NextFixtureCheckDateTime, with Expiry Date of 30/01/2021 11:03:21
2020-12-31 11:04:00.0422 INFO SetCachedItem = setting cache for DailyRapidApiLeagueCheck, with Expiry Date of 01/01/2021 00:00:00
2020-12-31 11:08:22.2607 INFO Default Quartz.NET properties loaded from embedded resource file
2020-12-31 11:08:22.3176 INFO Initialized Scheduler Signaller of type: Quartz.Core.SchedulerSignalerImpl
2020-12-31 11:08:22.3285 INFO Quartz Scheduler v.3.2.2.0 created.
2020-12-31 11:08:22.3285 INFO JobFactory set to: Quartz.Simpl.PropertySettingJobFactory
2020-12-31 11:08:22.3515 INFO RAMJobStore initialized.
2020-12-31 11:08:22.3515 INFO Scheduler meta-data: Quartz Scheduler (v3.2.2.0) 'DefaultQuartzScheduler' with instanceId 'NON_CLUSTERED'
  Scheduler class: 'Quartz.Core.QuartzScheduler' - running locally.
  NOT STARTED.
  Currently in standby mode.
  Number of jobs executed: 0
  Using thread pool 'Quartz.Simpl.DefaultThreadPool' - with 10 threads.
  Using job-store 'Quartz.Simpl.RAMJobStore' - which does not support persistence. and is not clustered.

2020-12-31 11:08:22.3515 INFO Quartz scheduler 'DefaultQuartzScheduler' initialized
2020-12-31 11:08:22.3515 INFO Quartz scheduler version: 3.2.2.0
2020-12-31 11:08:22.3634 INFO Scheduler DefaultQuartzScheduler_$_NON_CLUSTERED started.
2020-12-31 11:08:22.4991 INFO Startup Configuration - Start
2020-12-31 11:08:22.4991 INFO SetEventCache - Start
2020-12-31 11:08:22.5809 INFO SetCachedItem = setting cache for Events
2020-12-31 11:08:22.5809 INFO SetCachedItem = setting cache for Events, with Expiry Date of 30/01/2021 11:08:22
2020-12-31 11:08:22.5809 INFO SetNextResultCheckDateTime - Start - roundUp = False
2020-12-31 11:08:22.5809 INFO SetNextResultCheckDateTime - rapidApiResultChecks == null
2020-12-31 11:08:22.6198 INFO SetNextResultCheckDateTime - Set League 2790 next check date to 01/01/2021 19:25:00
2020-12-31 11:08:22.6198 INFO SetCachedItem = setting cache for NextFixtureCheckDateTime
2020-12-31 11:08:22.6198 INFO SetCachedItem = setting cache for NextFixtureCheckDateTime, with Expiry Date of 30/01/2021 11:08:22
2020-12-31 11:14:45.8599 INFO Default Quartz.NET properties loaded from embedded resource file
2020-12-31 11:14:45.9187 INFO Initialized Scheduler Signaller of type: Quartz.Core.SchedulerSignalerImpl
2020-12-31 11:14:45.9297 INFO Quartz Scheduler v.3.2.2.0 created.
2020-12-31 11:14:45.9426 INFO JobFactory set to: Quartz.Simpl.PropertySettingJobFactory
2020-12-31 11:14:45.9426 INFO RAMJobStore initialized.
2020-12-31 11:14:45.9556 INFO Scheduler meta-data: Quartz Scheduler (v3.2.2.0) 'DefaultQuartzScheduler' with instanceId 'NON_CLUSTERED'
  Scheduler class: 'Quartz.Core.QuartzScheduler' - running locally.
  NOT STARTED.
  Currently in standby mode.
  Number of jobs executed: 0
  Using thread pool 'Quartz.Simpl.DefaultThreadPool' - with 10 threads.
  Using job-store 'Quartz.Simpl.RAMJobStore' - which does not support persistence. and is not clustered.

2020-12-31 11:14:45.9556 INFO Quartz scheduler 'DefaultQuartzScheduler' initialized
2020-12-31 11:14:45.9556 INFO Quartz scheduler version: 3.2.2.0
2020-12-31 11:14:45.9556 INFO Scheduler DefaultQuartzScheduler_$_NON_CLUSTERED started.
2020-12-31 11:14:46.1022 INFO Startup Configuration - Start
2020-12-31 11:14:46.1022 INFO SetEventCache - Start
2020-12-31 11:14:46.1860 INFO SetCachedItem = setting cache for Events
2020-12-31 11:14:46.1860 INFO SetCachedItem = setting cache for Events, with Expiry Date of 30/01/2021 11:14:46
2020-12-31 11:14:46.1910 INFO SetNextResultCheckDateTime - Start - roundUp = False
2020-12-31 11:14:46.1910 INFO SetNextResultCheckDateTime - rapidApiResultChecks == null
2020-12-31 11:14:46.2249 INFO SetNextResultCheckDateTime - Set League 2790 next check date to 01/01/2021 19:25:00
2020-12-31 11:14:46.2249 INFO SetCachedItem = setting cache for NextFixtureCheckDateTime
2020-12-31 11:14:46.2249 INFO SetCachedItem = setting cache for NextFixtureCheckDateTime, with Expiry Date of 30/01/2021 11:14:46
2020-12-31 11:15:00.0425 INFO SetCachedItem = setting cache for DailyRapidApiLeagueCheck, with Expiry Date of 01/01/2021 00:00:00
2020-12-31 11:24:51.8557 INFO Default Quartz.NET properties loaded from embedded resource file
2020-12-31 11:24:51.9195 INFO Initialized Scheduler Signaller of type: Quartz.Core.SchedulerSignalerImpl
2020-12-31 11:24:51.9295 INFO Quartz Scheduler v.3.2.2.0 created.
2020-12-31 11:24:51.9435 INFO JobFactory set to: Quartz.Simpl.PropertySettingJobFactory
2020-12-31 11:24:51.9435 INFO RAMJobStore initialized.
2020-12-31 11:24:51.9565 INFO Scheduler meta-data: Quartz Scheduler (v3.2.2.0) 'DefaultQuartzScheduler' with instanceId 'NON_CLUSTERED'
  Scheduler class: 'Quartz.Core.QuartzScheduler' - running locally.
  NOT STARTED.
  Currently in standby mode.
  Number of jobs executed: 0
  Using thread pool 'Quartz.Simpl.DefaultThreadPool' - with 10 threads.
  Using job-store 'Quartz.Simpl.RAMJobStore' - which does not support persistence. and is not clustered.

2020-12-31 11:24:51.9565 INFO Quartz scheduler 'DefaultQuartzScheduler' initialized
2020-12-31 11:24:51.9565 INFO Quartz scheduler version: 3.2.2.0
2020-12-31 11:24:51.9565 INFO Scheduler DefaultQuartzScheduler_$_NON_CLUSTERED started.
2020-12-31 11:24:52.6406 INFO Startup Configuration - Start
2020-12-31 11:24:52.6406 INFO SetEventCache - Start
2020-12-31 11:24:52.6845 INFO SetCachedItem = setting cache for Events
2020-12-31 11:24:52.6845 INFO SetCachedItem = setting cache for Events, with Expiry Date of 30/01/2021 11:24:52
2020-12-31 11:24:52.6895 INFO SetNextResultCheckDateTime - Start - roundUp = False
2020-12-31 11:24:52.6895 INFO SetNextResultCheckDateTime - rapidApiResultChecks == null
2020-12-31 11:24:52.7234 INFO SetNextResultCheckDateTime - Set League 2790 next check date to 01/01/2021 19:25:00
2020-12-31 11:24:52.7234 INFO SetCachedItem = setting cache for NextFixtureCheckDateTime
2020-12-31 11:24:52.7234 INFO SetCachedItem = setting cache for NextFixtureCheckDateTime, with Expiry Date of 30/01/2021 11:24:52
2020-12-31 11:25:00.0883 INFO SetCachedItem = setting cache for DailyRapidApiLeagueCheck, with Expiry Date of 01/01/2021 00:00:00
2020-12-31 11:31:17.2555 INFO Default Quartz.NET properties loaded from embedded resource file
2020-12-31 11:31:17.3183 INFO Initialized Scheduler Signaller of type: Quartz.Core.SchedulerSignalerImpl
2020-12-31 11:31:17.3283 INFO Quartz Scheduler v.3.2.2.0 created.
2020-12-31 11:31:17.3283 INFO JobFactory set to: Quartz.Simpl.PropertySettingJobFactory
2020-12-31 11:31:17.3522 INFO RAMJobStore initialized.
2020-12-31 11:31:17.3522 INFO Scheduler meta-data: Quartz Scheduler (v3.2.2.0) 'DefaultQuartzScheduler' with instanceId 'NON_CLUSTERED'
  Scheduler class: 'Quartz.Core.QuartzScheduler' - running locally.
  NOT STARTED.
  Currently in standby mode.
  Number of jobs executed: 0
  Using thread pool 'Quartz.Simpl.DefaultThreadPool' - with 10 threads.
  Using job-store 'Quartz.Simpl.RAMJobStore' - which does not support persistence. and is not clustered.

2020-12-31 11:31:17.3522 INFO Quartz scheduler 'DefaultQuartzScheduler' initialized
2020-12-31 11:31:17.3522 INFO Quartz scheduler version: 3.2.2.0
2020-12-31 11:31:17.3642 INFO Scheduler DefaultQuartzScheduler_$_NON_CLUSTERED started.
2020-12-31 11:31:18.0553 INFO Startup Configuration - Start
2020-12-31 11:31:18.0553 INFO SetEventCache - Start
2020-12-31 11:31:18.1012 INFO SetCachedItem = setting cache for Events
2020-12-31 11:31:18.1012 INFO SetCachedItem = setting cache for Events, with Expiry Date of 30/01/2021 11:31:18
2020-12-31 11:31:18.1012 INFO SetNextResultCheckDateTime - Start - roundUp = False
2020-12-31 11:31:18.1012 INFO SetNextResultCheckDateTime - rapidApiResultChecks == null
2020-12-31 11:31:18.1421 INFO SetNextResultCheckDateTime - Set League 2790 next check date to 01/01/2021 19:25:00
2020-12-31 11:31:18.1421 INFO SetCachedItem = setting cache for NextFixtureCheckDateTime
2020-12-31 11:31:18.1421 INFO SetCachedItem = setting cache for NextFixtureCheckDateTime, with Expiry Date of 30/01/2021 11:31:18
2020-12-31 11:32:26.9495 INFO SetCachedItem = setting cache for DailyRapidApiLeagueCheck, with Expiry Date of 01/01/2021 00:00:00
2020-12-31 11:35:38.0315 INFO Default Quartz.NET properties loaded from embedded resource file
2020-12-31 11:35:38.0883 INFO Initialized Scheduler Signaller of type: Quartz.Core.SchedulerSignalerImpl
2020-12-31 11:35:38.1003 INFO Quartz Scheduler v.3.2.2.0 created.
2020-12-31 11:35:38.1142 INFO JobFactory set to: Quartz.Simpl.PropertySettingJobFactory
2020-12-31 11:35:38.1142 INFO RAMJobStore initialized.
2020-12-31 11:35:38.1272 INFO Scheduler meta-data: Quartz Scheduler (v3.2.2.0) 'DefaultQuartzScheduler' with instanceId 'NON_CLUSTERED'
  Scheduler class: 'Quartz.Core.QuartzScheduler' - running locally.
  NOT STARTED.
  Currently in standby mode.
  Number of jobs executed: 0
  Using thread pool 'Quartz.Simpl.DefaultThreadPool' - with 10 threads.
  Using job-store 'Quartz.Simpl.RAMJobStore' - which does not support persistence. and is not clustered.

2020-12-31 11:35:38.1272 INFO Quartz scheduler 'DefaultQuartzScheduler' initialized
2020-12-31 11:35:38.1272 INFO Quartz scheduler version: 3.2.2.0
2020-12-31 11:35:38.1272 INFO Scheduler DefaultQuartzScheduler_$_NON_CLUSTERED started.
2020-12-31 11:35:38.2778 INFO Startup Configuration - Start
2020-12-31 11:35:38.2778 INFO SetEventCache - Start
2020-12-31 11:35:38.3586 INFO SetCachedItem = setting cache for Events
2020-12-31 11:35:38.3596 INFO SetCachedItem = setting cache for Events, with Expiry Date of 30/01/2021 11:35:38
2020-12-31 11:35:38.3596 INFO SetNextResultCheckDateTime - Start - roundUp = False
2020-12-31 11:35:38.3596 INFO SetNextResultCheckDateTime - rapidApiResultChecks == null
2020-12-31 11:35:38.3955 INFO SetNextResultCheckDateTime - Set League 2790 next check date to 01/01/2021 19:25:00
2020-12-31 11:35:38.3955 INFO SetCachedItem = setting cache for NextFixtureCheckDateTime
2020-12-31 11:35:38.3955 INFO SetCachedItem = setting cache for NextFixtureCheckDateTime, with Expiry Date of 30/01/2021 11:35:38
2020-12-31 11:36:03.8076 INFO SetCachedItem = setting cache for DailyRapidApiLeagueCheck, with Expiry Date of 01/01/2021 00:00:00
2020-12-31 11:36:55.0675 INFO Default Quartz.NET properties loaded from embedded resource file
2020-12-31 11:36:55.1243 INFO Initialized Scheduler Signaller of type: Quartz.Core.SchedulerSignalerImpl
2020-12-31 11:36:55.1353 INFO Quartz Scheduler v.3.2.2.0 created.
2020-12-31 11:36:55.1493 INFO JobFactory set to: Quartz.Simpl.PropertySettingJobFactory
2020-12-31 11:36:55.1583 INFO RAMJobStore initialized.
2020-12-31 11:36:55.1583 INFO Scheduler meta-data: Quartz Scheduler (v3.2.2.0) 'DefaultQuartzScheduler' with instanceId 'NON_CLUSTERED'
  Scheduler class: 'Quartz.Core.QuartzScheduler' - running locally.
  NOT STARTED.
  Currently in standby mode.
  Number of jobs executed: 0
  Using thread pool 'Quartz.Simpl.DefaultThreadPool' - with 10 threads.
  Using job-store 'Quartz.Simpl.RAMJobStore' - which does not support persistence. and is not clustered.

2020-12-31 11:36:55.1583 INFO Quartz scheduler 'DefaultQuartzScheduler' initialized
2020-12-31 11:36:55.1583 INFO Quartz scheduler version: 3.2.2.0
2020-12-31 11:36:55.1583 INFO Scheduler DefaultQuartzScheduler_$_NON_CLUSTERED started.
2020-12-31 11:36:55.3108 INFO Startup Configuration - Start
2020-12-31 11:36:55.3108 INFO SetEventCache - Start
2020-12-31 11:36:55.3936 INFO SetCachedItem = setting cache for Events
2020-12-31 11:36:55.3936 INFO SetCachedItem = setting cache for Events, with Expiry Date of 30/01/2021 11:36:55
2020-12-31 11:36:55.3936 INFO SetNextResultCheckDateTime - Start - roundUp = False
2020-12-31 11:36:55.3936 INFO SetNextResultCheckDateTime - rapidApiResultChecks == null
2020-12-31 11:36:55.4315 INFO SetNextResultCheckDateTime - Set League 2790 next check date to 01/01/2021 19:25:00
2020-12-31 11:36:55.4315 INFO SetCachedItem = setting cache for NextFixtureCheckDateTime
2020-12-31 11:36:55.4315 INFO SetCachedItem = setting cache for NextFixtureCheckDateTime, with Expiry Date of 30/01/2021 11:36:55
2020-12-31 11:37:00.0523 INFO SetCachedItem = setting cache for DailyRapidApiLeagueCheck, with Expiry Date of 01/01/2021 00:00:00
2020-12-31 11:44:51.3426 INFO SetCachedItem = setting cache for Events
2020-12-31 11:44:51.3426 INFO SetCachedItem = setting cache for Events, with Expiry Date of 30/01/2021 11:44:51
2020-12-31 11:45:34.0389 INFO SetCachedItem = setting cache for Events
2020-12-31 11:45:34.0389 INFO SetCachedItem = setting cache for Events, with Expiry Date of 30/01/2021 11:45:34
2020-12-31 11:58:36.4083 INFO SetCachedItem = setting cache for Events
2020-12-31 11:58:36.4083 INFO SetCachedItem = setting cache for Events, with Expiry Date of 30/01/2021 11:58:36
2020-12-31 12:00:09.9764 INFO SetCachedItem = setting cache for Events
2020-12-31 12:00:09.9764 INFO SetCachedItem = setting cache for Events, with Expiry Date of 30/01/2021 12:00:09
2020-12-31 12:02:00.4861 INFO SetCachedItem = setting cache for Events
2020-12-31 12:02:00.4861 INFO SetCachedItem = setting cache for Events, with Expiry Date of 30/01/2021 12:02:00
2020-12-31 12:02:13.6702 INFO SetCachedItem = setting cache for Events
2020-12-31 12:02:13.6702 INFO SetCachedItem = setting cache for Events, with Expiry Date of 30/01/2021 12:02:13
2020-12-31 12:02:15.8953 INFO SetCachedItem = setting cache for Events
2020-12-31 12:02:15.8953 INFO SetCachedItem = setting cache for Events, with Expiry Date of 30/01/2021 12:02:15
2020-12-31 12:02:17.2602 INFO SetCachedItem = setting cache for Events
2020-12-31 12:02:17.2602 INFO SetCachedItem = setting cache for Events, with Expiry Date of 30/01/2021 12:02:17
2020-12-31 12:03:20.3506 INFO Default Quartz.NET properties loaded from embedded resource file
2020-12-31 12:03:20.4125 INFO Initialized Scheduler Signaller of type: Quartz.Core.SchedulerSignalerImpl
2020-12-31 12:03:20.4225 INFO Quartz Scheduler v.3.2.2.0 created.
2020-12-31 12:03:20.4225 INFO JobFactory set to: Quartz.Simpl.PropertySettingJobFactory
2020-12-31 12:03:20.4464 INFO RAMJobStore initialized.
2020-12-31 12:03:20.4464 INFO Scheduler meta-data: Quartz Scheduler (v3.2.2.0) 'DefaultQuartzScheduler' with instanceId 'NON_CLUSTERED'
  Scheduler class: 'Quartz.Core.QuartzScheduler' - running locally.
  NOT STARTED.
  Currently in standby mode.
  Number of jobs executed: 0
  Using thread pool 'Quartz.Simpl.DefaultThreadPool' - with 10 threads.
  Using job-store 'Quartz.Simpl.RAMJobStore' - which does not support persistence. and is not clustered.

2020-12-31 12:03:20.4464 INFO Quartz scheduler 'DefaultQuartzScheduler' initialized
2020-12-31 12:03:20.4464 INFO Quartz scheduler version: 3.2.2.0
2020-12-31 12:03:20.4624 INFO Scheduler DefaultQuartzScheduler_$_NON_CLUSTERED started.
2020-12-31 12:03:21.1236 INFO Startup Configuration - Start
2020-12-31 12:03:21.1236 INFO SetEventCache - Start
2020-12-31 12:03:21.1755 INFO SetCachedItem = setting cache for Events
2020-12-31 12:03:21.1755 INFO SetCachedItem = setting cache for Events, with Expiry Date of 30/01/2021 12:03:21
2020-12-31 12:03:21.1755 INFO SetNextResultCheckDateTime - Start - roundUp = False
2020-12-31 12:03:21.1755 INFO SetNextResultCheckDateTime - rapidApiResultChecks == null
2020-12-31 12:03:21.2113 INFO SetNextResultCheckDateTime - Set League 1422 next check date to 06/10/2021 01:55:00
2020-12-31 12:03:21.2113 INFO SetNextResultCheckDateTime - Set League 2790 next check date to 01/01/2021 19:25:00
2020-12-31 12:03:21.2113 INFO SetNextResultCheckDateTime - Set League 2794 next check date to 01/01/2021 19:25:00
2020-12-31 12:03:21.2113 INFO SetCachedItem = setting cache for NextFixtureCheckDateTime
2020-12-31 12:03:21.2113 INFO SetCachedItem = setting cache for NextFixtureCheckDateTime, with Expiry Date of 30/01/2021 12:03:21
2020-12-31 12:03:42.4413 INFO SetCachedItem = setting cache for Events
2020-12-31 12:03:42.4413 INFO SetCachedItem = setting cache for Events, with Expiry Date of 30/01/2021 12:03:42
2020-12-31 12:04:00.0567 INFO SetCachedItem = setting cache for DailyRapidApiLeagueCheck, with Expiry Date of 01/01/2021 00:00:00
2020-12-31 12:06:26.1341 INFO SetCachedItem = setting cache for Events
2020-12-31 12:06:26.1341 INFO SetCachedItem = setting cache for Events, with Expiry Date of 30/01/2021 12:06:26
2020-12-31 12:06:36.9281 INFO SetCachedItem = setting cache for Events
2020-12-31 12:06:36.9391 INFO SetCachedItem = setting cache for Events, with Expiry Date of 30/01/2021 12:06:36
2020-12-31 12:06:56.1528 INFO SetCachedItem = setting cache for Events
2020-12-31 12:06:56.1528 INFO SetCachedItem = setting cache for Events, with Expiry Date of 30/01/2021 12:06:56
2020-12-31 12:07:56.9338 INFO SetCachedItem = setting cache for Events
2020-12-31 12:07:56.9338 INFO SetCachedItem = setting cache for Events, with Expiry Date of 30/01/2021 12:07:56
2020-12-31 12:08:01.4188 INFO SetCachedItem = setting cache for Events
2020-12-31 12:08:01.4298 INFO SetCachedItem = setting cache for Events, with Expiry Date of 30/01/2021 12:08:01
2020-12-31 12:10:57.2458 INFO SetCachedItem = setting cache for Events
2020-12-31 12:10:57.2458 INFO SetCachedItem = setting cache for Events, with Expiry Date of 30/01/2021 12:10:57
2020-12-31 12:11:05.5352 INFO SetCachedItem = setting cache for Events
2020-12-31 12:11:05.5352 INFO SetCachedItem = setting cache for Events, with Expiry Date of 30/01/2021 12:11:05
2020-12-31 12:11:06.8460 INFO SetCachedItem = setting cache for Events
2020-12-31 12:11:06.8460 INFO SetCachedItem = setting cache for Events, with Expiry Date of 30/01/2021 12:11:06
2020-12-31 12:12:31.1936 INFO Default Quartz.NET properties loaded from embedded resource file
2020-12-31 12:12:31.2504 INFO Initialized Scheduler Signaller of type: Quartz.Core.SchedulerSignalerImpl
2020-12-31 12:12:31.2504 INFO Quartz Scheduler v.3.2.2.0 created.
2020-12-31 12:12:31.2734 INFO JobFactory set to: Quartz.Simpl.PropertySettingJobFactory
2020-12-31 12:12:31.2834 INFO RAMJobStore initialized.
2020-12-31 12:12:31.2834 INFO Scheduler meta-data: Quartz Scheduler (v3.2.2.0) 'DefaultQuartzScheduler' with instanceId 'NON_CLUSTERED'
  Scheduler class: 'Quartz.Core.QuartzScheduler' - running locally.
  NOT STARTED.
  Currently in standby mode.
  Number of jobs executed: 0
  Using thread pool 'Quartz.Simpl.DefaultThreadPool' - with 10 threads.
  Using job-store 'Quartz.Simpl.RAMJobStore' - which does not support persistence. and is not clustered.

2020-12-31 12:12:31.2834 INFO Quartz scheduler 'DefaultQuartzScheduler' initialized
2020-12-31 12:12:31.2834 INFO Quartz scheduler version: 3.2.2.0
2020-12-31 12:12:31.2834 INFO Scheduler DefaultQuartzScheduler_$_NON_CLUSTERED started.
2020-12-31 12:12:31.4290 INFO Startup Configuration - Start
2020-12-31 12:12:31.4290 INFO SetEventCache - Start
2020-12-31 12:12:31.5227 INFO SetCachedItem = setting cache for Events
2020-12-31 12:12:31.5227 INFO SetCachedItem = setting cache for Events, with Expiry Date of 30/01/2021 12:12:31
2020-12-31 12:12:31.5227 INFO SetNextResultCheckDateTime - Start - roundUp = False
2020-12-31 12:12:31.5227 INFO SetNextResultCheckDateTime - rapidApiResultChecks == null
2020-12-31 12:12:31.5626 INFO SetNextResultCheckDateTime - Set League 2790 next check date to 01/01/2021 19:25:00
2020-12-31 12:12:31.5626 INFO SetNextResultCheckDateTime - Set League 2794 next check date to 01/01/2021 19:25:00
2020-12-31 12:12:31.5626 INFO SetCachedItem = setting cache for NextFixtureCheckDateTime
2020-12-31 12:12:31.5626 INFO SetCachedItem = setting cache for NextFixtureCheckDateTime, with Expiry Date of 30/01/2021 12:12:31
2020-12-31 12:13:00.0795 INFO SetCachedItem = setting cache for DailyRapidApiLeagueCheck, with Expiry Date of 01/01/2021 00:00:00
2020-12-31 12:13:26.1669 INFO SetCachedItem = setting cache for Events
2020-12-31 12:13:26.1669 INFO SetCachedItem = setting cache for Events, with Expiry Date of 30/01/2021 12:13:26
2020-12-31 12:26:22.7273 INFO SetCachedItem = setting cache for Events
2020-12-31 12:26:22.7273 INFO SetCachedItem = setting cache for Events, with Expiry Date of 30/01/2021 12:26:22
2020-12-31 12:26:24.3134 INFO SetCachedItem = setting cache for Events
2020-12-31 12:26:24.3134 INFO SetCachedItem = setting cache for Events, with Expiry Date of 30/01/2021 12:26:24
2020-12-31 12:39:07.5369 INFO Default Quartz.NET properties loaded from embedded resource file
2020-12-31 12:39:07.5938 INFO Initialized Scheduler Signaller of type: Quartz.Core.SchedulerSignalerImpl
2020-12-31 12:39:07.6047 INFO Quartz Scheduler v.3.2.2.0 created.
2020-12-31 12:39:07.6177 INFO JobFactory set to: Quartz.Simpl.PropertySettingJobFactory
2020-12-31 12:39:07.6277 INFO RAMJobStore initialized.
2020-12-31 12:39:07.6277 INFO Scheduler meta-data: Quartz Scheduler (v3.2.2.0) 'DefaultQuartzScheduler' with instanceId 'NON_CLUSTERED'
  Scheduler class: 'Quartz.Core.QuartzScheduler' - running locally.
  NOT STARTED.
  Currently in standby mode.
  Number of jobs executed: 0
  Using thread pool 'Quartz.Simpl.DefaultThreadPool' - with 10 threads.
  Using job-store 'Quartz.Simpl.RAMJobStore' - which does not support persistence. and is not clustered.

2020-12-31 12:39:07.6277 INFO Quartz scheduler 'DefaultQuartzScheduler' initialized
2020-12-31 12:39:07.6277 INFO Quartz scheduler version: 3.2.2.0
2020-12-31 12:39:07.6277 INFO Scheduler DefaultQuartzScheduler_$_NON_CLUSTERED started.
2020-12-31 12:39:07.8152 INFO Startup Configuration - Start
2020-12-31 12:39:07.8152 INFO SetEventCache - Start
2020-12-31 12:39:07.8770 INFO SetCachedItem = setting cache for Events
2020-12-31 12:39:07.8770 INFO SetCachedItem = setting cache for Events, with Expiry Date of 30/01/2021 12:39:07
2020-12-31 12:39:07.8770 INFO SetNextResultCheckDateTime - Start - roundUp = False
2020-12-31 12:39:07.8770 INFO SetNextResultCheckDateTime - rapidApiResultChecks == null
2020-12-31 12:39:07.9259 INFO SetNextResultCheckDateTime - Set League 2790 next check date to 01/01/2021 19:25:00
2020-12-31 12:39:07.9259 INFO SetCachedItem = setting cache for NextFixtureCheckDateTime
2020-12-31 12:39:07.9259 INFO SetCachedItem = setting cache for NextFixtureCheckDateTime, with Expiry Date of 30/01/2021 12:39:07
2020-12-31 12:40:00.0699 INFO SetCachedItem = setting cache for DailyRapidApiLeagueCheck, with Expiry Date of 01/01/2021 00:00:00
