2020-10-22 16:32:12.9641 INFO Default Quartz.NET properties loaded from embedded resource file
2020-10-22 16:32:13.0230 INFO Initialized Scheduler Signaller of type: Quartz.Core.SchedulerSignalerImpl
2020-10-22 16:32:13.0230 INFO Quartz Scheduler v.3.2.2.0 created.
2020-10-22 16:32:13.0359 INFO JobFactory set to: Quartz.Simpl.PropertySettingJobFactory
2020-10-22 16:32:13.0359 INFO RAMJobStore initialized.
2020-10-22 16:32:13.0728 INFO Scheduler meta-data: Quartz Scheduler (v3.2.2.0) 'DefaultQuartzScheduler' with instanceId 'NON_CLUSTERED'
  Scheduler class: 'Quartz.Core.QuartzScheduler' - running locally.
  NOT STARTED.
  Currently in standby mode.
  Number of jobs executed: 0
  Using thread pool 'Quartz.Simpl.DefaultThreadPool' - with 10 threads.
  Using job-store 'Quartz.Simpl.RAMJobStore' - which does not support persistence. and is not clustered.

2020-10-22 16:32:13.0868 INFO Quartz scheduler 'DefaultQuartzScheduler' initialized
2020-10-22 16:32:13.0868 INFO Quartz scheduler version: 3.2.2.0
2020-10-22 16:32:13.0987 INFO Scheduler DefaultQuartzScheduler_$_NON_CLUSTERED started.
2020-10-22 16:32:13.2334 INFO Startup Configuration - Start
2020-10-22 16:32:13.2334 INFO SetEventCache - Start
2020-10-22 16:32:13.2812 INFO SetCachedItem = setting cache for Events
2020-10-22 16:32:13.2842 INFO SetNextResultCheckDateTime - Start - roundUp = False
2020-10-22 16:32:13.2842 INFO SetNextResultCheckDateTime - rapidApiResultChecks == null
2020-10-22 16:32:13.3221 INFO SetNextResultCheckDateTime - Set League 2790 next check date to 22/10/2020 15:32:13
2020-10-22 16:32:13.3221 INFO SetNextResultCheckDateTime - Set League 2794 next check date to 22/10/2020 15:32:13
2020-10-22 16:32:13.3221 INFO SetCachedItem = setting cache for NextFixtureCheckDateTime
2020-10-22 16:32:26.8738 INFO Account - Login (HttpPost) - thinkmoney@salsbury.co.uk logged in
2020-10-22 16:32:27.1630 INFO GetRapidApiResults - Start
2020-10-22 16:32:27.1630 INFO GetRapidApiResults = rapidApiResultChecks has 2 items
2020-10-22 16:32:27.1630 INFO GetRapidApiResults = Getting results from RapidApi 2790
2020-10-22 16:32:27.9386 INFO GetRapidApiResults = Getting results from RapidApi 2794
2020-10-22 16:32:28.2366 INFO SetNextResultCheckDateTime - Start - roundUp = True
2020-10-22 16:32:28.2366 INFO SetNextResultCheckDateTime - Set League 2790 next check date to 22/10/2020 15:35:00
2020-10-22 16:32:28.2366 INFO SetNextResultCheckDateTime - Set League 2794 next check date to 22/10/2020 15:35:00
2020-10-22 16:32:28.2366 INFO SetCachedItem = setting cache for NextFixtureCheckDateTime
2020-10-22 16:32:41.2683 INFO GetRapidApiResults - Start
2020-10-22 16:32:41.2683 INFO GetRapidApiResults = rapidApiResultChecks has 2 items
2020-10-22 16:32:41.2683 INFO GetRapidApiResults = Waiting for result. Time now is 22/10/2020 15:32:41, time to wait for is 22/10/2020 15:35:00
2020-10-22 16:32:41.2683 INFO GetRapidApiResults = Waiting for result. Time now is 22/10/2020 15:32:41, time to wait for is 22/10/2020 15:35:00
2020-10-22 16:33:47.7789 INFO GetRapidApiResults - Start
2020-10-22 16:33:47.7789 INFO GetRapidApiResults = rapidApiResultChecks has 2 items
2020-10-22 16:33:47.7789 INFO GetRapidApiResults = Waiting for result. Time now is 22/10/2020 15:33:47, time to wait for is 22/10/2020 15:35:00
2020-10-22 16:33:47.7789 INFO GetRapidApiResults = Waiting for result. Time now is 22/10/2020 15:33:47, time to wait for is 22/10/2020 15:35:00
2020-10-22 16:37:49.7115 INFO Default Quartz.NET properties loaded from embedded resource file
2020-10-22 16:37:49.7694 INFO Initialized Scheduler Signaller of type: Quartz.Core.SchedulerSignalerImpl
2020-10-22 16:37:49.7833 INFO Quartz Scheduler v.3.2.2.0 created.
2020-10-22 16:37:49.8142 INFO JobFactory set to: Quartz.Simpl.PropertySettingJobFactory
2020-10-22 16:37:49.8432 INFO RAMJobStore initialized.
2020-10-22 16:37:49.8621 INFO Scheduler meta-data: Quartz Scheduler (v3.2.2.0) 'DefaultQuartzScheduler' with instanceId 'NON_CLUSTERED'
  Scheduler class: 'Quartz.Core.QuartzScheduler' - running locally.
  NOT STARTED.
  Currently in standby mode.
  Number of jobs executed: 0
  Using thread pool 'Quartz.Simpl.DefaultThreadPool' - with 10 threads.
  Using job-store 'Quartz.Simpl.RAMJobStore' - which does not support persistence. and is not clustered.

2020-10-22 16:37:49.8621 INFO Quartz scheduler 'DefaultQuartzScheduler' initialized
2020-10-22 16:37:49.8621 INFO Quartz scheduler version: 3.2.2.0
2020-10-22 16:37:49.8621 INFO Scheduler DefaultQuartzScheduler_$_NON_CLUSTERED started.
2020-10-22 16:37:49.9938 INFO Startup Configuration - Start
2020-10-22 16:37:49.9938 INFO SetEventCache - Start
2020-10-22 16:37:50.0416 INFO SetCachedItem = setting cache for Events
2020-10-22 16:37:50.0416 INFO SetNextResultCheckDateTime - Start - roundUp = False
2020-10-22 16:37:50.0416 INFO SetNextResultCheckDateTime - rapidApiResultChecks == null
2020-10-22 16:37:50.0795 INFO SetNextResultCheckDateTime - Set League 2790 next check date to 22/10/2020 15:37:50
2020-10-22 16:37:50.0805 INFO SetNextResultCheckDateTime - Set League 2794 next check date to 22/10/2020 15:37:50
2020-10-22 16:37:50.0805 INFO SetCachedItem = setting cache for NextFixtureCheckDateTime
2020-10-22 16:38:10.5533 INFO Account - Login (HttpPost) - thinkmoney@salsbury.co.uk logged in
2020-10-22 16:38:10.7857 INFO GetRapidApiResults - Start
2020-10-22 16:38:10.7857 INFO GetRapidApiResults = rapidApiResultChecks has 2 items
2020-10-22 16:38:10.8037 INFO GetRapidApiResults = Getting results from RapidApi 2790
2020-10-22 16:38:11.4748 INFO GetRapidApiResults = Getting results from RapidApi 2794
2020-10-22 16:38:11.7467 INFO SetNextResultCheckDateTime - Start - roundUp = True
2020-10-22 16:38:11.7616 INFO SetNextResultCheckDateTime - Set League 2790 next check date to 22/10/2020 15:40:00
2020-10-22 16:38:11.7706 INFO SetNextResultCheckDateTime - Set League 2794 next check date to 22/10/2020 15:40:00
2020-10-22 16:38:11.7706 INFO SetCachedItem = setting cache for NextFixtureCheckDateTime
2020-10-22 16:39:56.8236 INFO GetRapidApiResults - Start
2020-10-22 16:39:56.8236 INFO GetRapidApiResults = rapidApiResultChecks has 2 items
2020-10-22 16:39:56.8356 INFO GetRapidApiResults = Waiting for result. Time now is 22/10/2020 15:39:56, time to wait for is 22/10/2020 15:40:00
2020-10-22 16:39:56.8485 INFO GetRapidApiResults = Waiting for result. Time now is 22/10/2020 15:39:56, time to wait for is 22/10/2020 15:40:00
2020-10-22 16:44:55.8094 INFO Default Quartz.NET properties loaded from embedded resource file
2020-10-22 16:44:55.8672 INFO Initialized Scheduler Signaller of type: Quartz.Core.SchedulerSignalerImpl
2020-10-22 16:44:55.8892 INFO Quartz Scheduler v.3.2.2.0 created.
2020-10-22 16:44:55.9161 INFO JobFactory set to: Quartz.Simpl.PropertySettingJobFactory
2020-10-22 16:44:55.9390 INFO RAMJobStore initialized.
2020-10-22 16:44:55.9560 INFO Scheduler meta-data: Quartz Scheduler (v3.2.2.0) 'DefaultQuartzScheduler' with instanceId 'NON_CLUSTERED'
  Scheduler class: 'Quartz.Core.QuartzScheduler' - running locally.
  NOT STARTED.
  Currently in standby mode.
  Number of jobs executed: 0
  Using thread pool 'Quartz.Simpl.DefaultThreadPool' - with 10 threads.
  Using job-store 'Quartz.Simpl.RAMJobStore' - which does not support persistence. and is not clustered.

2020-10-22 16:44:55.9560 INFO Quartz scheduler 'DefaultQuartzScheduler' initialized
2020-10-22 16:44:55.9560 INFO Quartz scheduler version: 3.2.2.0
2020-10-22 16:44:55.9560 INFO Scheduler DefaultQuartzScheduler_$_NON_CLUSTERED started.
2020-10-22 16:44:56.0896 INFO Startup Configuration - Start
2020-10-22 16:44:56.0896 INFO SetEventCache - Start
2020-10-22 16:44:56.1356 INFO SetCachedItem = setting cache for Events
2020-10-22 16:44:56.1356 INFO SetNextResultCheckDateTime - Start - roundUp = False
2020-10-22 16:44:56.1356 INFO SetNextResultCheckDateTime - rapidApiResultChecks == null
2020-10-22 16:44:56.1734 INFO SetNextResultCheckDateTime - Set League 2790 next check date to 22/10/2020 15:44:56
2020-10-22 16:44:56.1744 INFO SetNextResultCheckDateTime - Set League 2794 next check date to 22/10/2020 15:44:56
2020-10-22 16:44:56.1744 INFO SetCachedItem = setting cache for NextFixtureCheckDateTime
2020-10-22 16:44:56.8053 INFO GetRapidApiResults - Start
2020-10-22 16:44:56.8153 INFO GetRapidApiResults = rapidApiResultChecks has 2 items
2020-10-22 16:44:56.8153 INFO GetRapidApiResults = Getting results from RapidApi 2790
2020-10-22 16:44:57.6583 INFO GetRapidApiResults = Getting results from RapidApi 2794
2020-10-22 16:44:57.9555 INFO SetNextResultCheckDateTime - Start - roundUp = True
2020-10-22 16:44:57.9725 INFO SetNextResultCheckDateTime - Set League 2790 next check date to 22/10/2020 15:45:00
2020-10-22 16:44:57.9725 INFO SetNextResultCheckDateTime - Set League 2794 next check date to 22/10/2020 15:45:00
2020-10-22 16:44:57.9904 INFO SetCachedItem = setting cache for NextFixtureCheckDateTime
2020-10-22 16:45:26.9335 INFO Account - Login (HttpPost) - pete@salsbury.co.uk logged in
2020-10-22 16:45:27.0262 INFO GetRapidApiResults - Start
2020-10-22 16:45:27.0262 INFO GetRapidApiResults = rapidApiResultChecks has 2 items
2020-10-22 16:45:27.0262 INFO GetRapidApiResults = Getting results from RapidApi 2790
2020-10-22 16:45:27.2506 INFO GetRapidApiResults = Getting results from RapidApi 2794
2020-10-22 16:45:27.4631 INFO SetNextResultCheckDateTime - Start - roundUp = True
2020-10-22 16:45:27.4820 INFO SetNextResultCheckDateTime - Set League 2790 next check date to 22/10/2020 15:50:00
2020-10-22 16:45:27.4910 INFO SetNextResultCheckDateTime - Set League 2794 next check date to 22/10/2020 15:50:00
2020-10-22 16:45:27.5020 INFO SetCachedItem = setting cache for NextFixtureCheckDateTime
2020-10-22 16:45:30.5276 INFO GetRapidApiResults - Start
2020-10-22 16:45:30.5276 INFO GetRapidApiResults = rapidApiResultChecks has 2 items
2020-10-22 16:45:30.5276 INFO GetRapidApiResults = Waiting for result. Time now is 22/10/2020 15:45:30, time to wait for is 22/10/2020 15:50:00
2020-10-22 16:45:30.5276 INFO GetRapidApiResults = Waiting for result. Time now is 22/10/2020 15:45:30, time to wait for is 22/10/2020 15:50:00
2020-10-22 16:57:31.4714 INFO Default Quartz.NET properties loaded from embedded resource file
2020-10-22 16:57:31.5362 INFO Initialized Scheduler Signaller of type: Quartz.Core.SchedulerSignalerImpl
2020-10-22 16:57:31.5601 INFO Quartz Scheduler v.3.2.2.0 created.
2020-10-22 16:57:31.5990 INFO JobFactory set to: Quartz.Simpl.PropertySettingJobFactory
2020-10-22 16:57:31.6150 INFO RAMJobStore initialized.
2020-10-22 16:57:31.6150 INFO Scheduler meta-data: Quartz Scheduler (v3.2.2.0) 'DefaultQuartzScheduler' with instanceId 'NON_CLUSTERED'
  Scheduler class: 'Quartz.Core.QuartzScheduler' - running locally.
  NOT STARTED.
  Currently in standby mode.
  Number of jobs executed: 0
  Using thread pool 'Quartz.Simpl.DefaultThreadPool' - with 10 threads.
  Using job-store 'Quartz.Simpl.RAMJobStore' - which does not support persistence. and is not clustered.

2020-10-22 16:57:31.6150 INFO Quartz scheduler 'DefaultQuartzScheduler' initialized
2020-10-22 16:57:31.6150 INFO Quartz scheduler version: 3.2.2.0
2020-10-22 16:57:31.6300 INFO Scheduler DefaultQuartzScheduler_$_NON_CLUSTERED started.
2020-10-22 16:57:32.2019 INFO Startup Configuration - Start
2020-10-22 16:57:32.2109 INFO SetEventCache - Start
2020-10-22 16:57:32.2617 INFO SetCachedItem = setting cache for Events
2020-10-22 16:57:32.2727 INFO SetNextResultCheckDateTime - Start - roundUp = False
2020-10-22 16:57:32.2727 INFO SetNextResultCheckDateTime - rapidApiResultChecks == null
2020-10-22 16:57:32.3016 INFO SetNextResultCheckDateTime - Set League 2790 next check date to 22/10/2020 15:57:32
2020-10-22 16:57:32.3016 INFO SetNextResultCheckDateTime - Set League 2794 next check date to 22/10/2020 15:57:32
2020-10-22 16:57:32.3016 INFO SetCachedItem = setting cache for NextFixtureCheckDateTime
2020-10-22 16:58:42.7523 INFO GetRapidApiResults - Start
2020-10-22 16:58:42.7523 INFO GetRapidApiResults = rapidApiResultChecks has 2 items
2020-10-22 16:58:42.7523 INFO GetRapidApiResults = Getting results from RapidApi 2790
2020-10-22 16:58:43.2510 INFO GetRapidApiResults = Getting results from RapidApi 2794
2020-10-22 16:58:43.5206 INFO SetNextResultCheckDateTime - Start - roundUp = True
2020-10-22 16:58:43.5415 INFO SetNextResultCheckDateTime - Set League 2790 next check date to 22/10/2020 16:00:00
2020-10-22 16:58:43.5505 INFO SetNextResultCheckDateTime - Set League 2794 next check date to 22/10/2020 16:00:00
2020-10-22 16:58:43.5505 INFO SetCachedItem = setting cache for NextFixtureCheckDateTime
2020-10-22 17:03:26.1879 INFO GetRapidApiResults - Start
2020-10-22 17:03:26.1899 INFO GetRapidApiResults = rapidApiResultChecks has 2 items
2020-10-22 17:03:26.1899 INFO GetRapidApiResults = Getting results from RapidApi 2790
2020-10-22 17:03:26.5368 INFO GetRapidApiResults = Getting results from RapidApi 2794
2020-10-22 17:03:26.8341 INFO SetNextResultCheckDateTime - Start - roundUp = True
2020-10-22 17:03:26.8521 INFO SetNextResultCheckDateTime - Set League 2790 next check date to 22/10/2020 16:05:00
2020-10-22 17:03:26.8620 INFO SetNextResultCheckDateTime - Set League 2794 next check date to 22/10/2020 16:05:00
2020-10-22 17:03:26.8620 INFO SetCachedItem = setting cache for NextFixtureCheckDateTime
2020-10-22 17:04:01.1457 INFO GetRapidApiResults - Start
2020-10-22 17:04:01.1457 INFO GetRapidApiResults = rapidApiResultChecks has 2 items
2020-10-22 17:04:01.1457 INFO GetRapidApiResults = Waiting for result. Time now is 22/10/2020 16:04:01, time to wait for is 22/10/2020 16:05:00
2020-10-22 17:04:01.1457 INFO GetRapidApiResults = Waiting for result. Time now is 22/10/2020 16:04:01, time to wait for is 22/10/2020 16:05:00
2020-10-22 20:27:18.3791 INFO Default Quartz.NET properties loaded from embedded resource file
2020-10-22 20:27:18.4369 INFO Initialized Scheduler Signaller of type: Quartz.Core.SchedulerSignalerImpl
2020-10-22 20:27:18.4578 INFO Quartz Scheduler v.3.2.2.0 created.
2020-10-22 20:27:18.4937 INFO JobFactory set to: Quartz.Simpl.PropertySettingJobFactory
2020-10-22 20:27:18.5117 INFO RAMJobStore initialized.
2020-10-22 20:27:18.5287 INFO Scheduler meta-data: Quartz Scheduler (v3.2.2.0) 'DefaultQuartzScheduler' with instanceId 'NON_CLUSTERED'
  Scheduler class: 'Quartz.Core.QuartzScheduler' - running locally.
  NOT STARTED.
  Currently in standby mode.
  Number of jobs executed: 0
  Using thread pool 'Quartz.Simpl.DefaultThreadPool' - with 10 threads.
  Using job-store 'Quartz.Simpl.RAMJobStore' - which does not support persistence. and is not clustered.

2020-10-22 20:27:18.5287 INFO Quartz scheduler 'DefaultQuartzScheduler' initialized
2020-10-22 20:27:18.5287 INFO Quartz scheduler version: 3.2.2.0
2020-10-22 20:27:18.5376 INFO Scheduler DefaultQuartzScheduler_$_NON_CLUSTERED started.
2020-10-22 20:27:18.6623 INFO Startup Configuration - Start
2020-10-22 20:27:18.6623 INFO SetEventCache - Start
2020-10-22 20:27:18.7092 INFO SetCachedItem = setting cache for Events
2020-10-22 20:27:18.7092 INFO SetNextResultCheckDateTime - Start - roundUp = False
2020-10-22 20:27:18.7092 INFO SetNextResultCheckDateTime - rapidApiResultChecks == null
2020-10-22 20:27:18.7570 INFO SetNextResultCheckDateTime - Set League 2790 next check date to 22/10/2020 19:27:18
2020-10-22 20:27:18.7570 INFO SetNextResultCheckDateTime - Set League 2794 next check date to 22/10/2020 19:27:18
2020-10-22 20:27:18.7570 INFO SetCachedItem = setting cache for NextFixtureCheckDateTime
2020-10-22 20:27:19.6539 INFO GetRapidApiResults - Start
2020-10-22 20:27:19.6641 INFO GetRapidApiResults = rapidApiResultChecks has 2 items
2020-10-22 20:27:19.6641 INFO GetRapidApiResults = Getting results from RapidApi 2790
2020-10-22 20:27:20.4278 INFO GetRapidApiResults = Getting results from RapidApi 2794
2020-10-22 20:27:20.6398 INFO SetNextResultCheckDateTime - Start - roundUp = True
2020-10-22 20:27:20.6562 INFO SetNextResultCheckDateTime - Set League 2790 next check date to 22/10/2020 19:30:00
2020-10-22 20:27:20.6641 INFO SetNextResultCheckDateTime - Set League 2794 next check date to 22/10/2020 19:30:00
2020-10-22 20:27:20.6641 INFO SetCachedItem = setting cache for NextFixtureCheckDateTime
2020-10-22 20:33:56.7297 INFO Default Quartz.NET properties loaded from embedded resource file
2020-10-22 20:33:56.7925 INFO Initialized Scheduler Signaller of type: Quartz.Core.SchedulerSignalerImpl
2020-10-22 20:33:56.8234 INFO Quartz Scheduler v.3.2.2.0 created.
2020-10-22 20:33:56.8633 INFO JobFactory set to: Quartz.Simpl.PropertySettingJobFactory
2020-10-22 20:33:56.8812 INFO RAMJobStore initialized.
2020-10-22 20:33:56.8952 INFO Scheduler meta-data: Quartz Scheduler (v3.2.2.0) 'DefaultQuartzScheduler' with instanceId 'NON_CLUSTERED'
  Scheduler class: 'Quartz.Core.QuartzScheduler' - running locally.
  NOT STARTED.
  Currently in standby mode.
  Number of jobs executed: 0
  Using thread pool 'Quartz.Simpl.DefaultThreadPool' - with 10 threads.
  Using job-store 'Quartz.Simpl.RAMJobStore' - which does not support persistence. and is not clustered.

2020-10-22 20:33:56.8952 INFO Quartz scheduler 'DefaultQuartzScheduler' initialized
2020-10-22 20:33:56.8952 INFO Quartz scheduler version: 3.2.2.0
2020-10-22 20:33:56.8952 INFO Scheduler DefaultQuartzScheduler_$_NON_CLUSTERED started.
2020-10-22 20:33:57.0488 INFO Startup Configuration - Start
2020-10-22 20:33:57.0498 INFO SetEventCache - Start
2020-10-22 20:33:57.1067 INFO SetCachedItem = setting cache for Events
2020-10-22 20:33:57.1067 INFO SetNextResultCheckDateTime - Start - roundUp = False
2020-10-22 20:33:57.1067 INFO SetNextResultCheckDateTime - rapidApiResultChecks == null
2020-10-22 20:33:57.1485 INFO SetNextResultCheckDateTime - Set League 2790 next check date to 22/10/2020 19:33:57
2020-10-22 20:33:57.1485 INFO SetNextResultCheckDateTime - Set League 2794 next check date to 22/10/2020 19:33:57
2020-10-22 20:33:57.1485 INFO SetCachedItem = setting cache for NextFixtureCheckDateTime
2020-10-22 20:33:57.7997 INFO GetRapidApiResults - Start
2020-10-22 20:33:57.7997 INFO GetRapidApiResults = rapidApiResultChecks has 2 items
2020-10-22 20:33:57.8177 INFO GetRapidApiResults = Getting results from RapidApi 2790
2020-10-22 20:33:58.5923 INFO GetRapidApiResults = Getting results from RapidApi 2794
2020-10-22 20:33:58.7648 INFO SetNextResultCheckDateTime - Start - roundUp = True
2020-10-22 20:33:58.7718 INFO SetNextResultCheckDateTime - Set League 2790 next check date to 22/10/2020 19:35:00
2020-10-22 20:33:58.7718 INFO SetNextResultCheckDateTime - Set League 2794 next check date to 22/10/2020 19:35:00
2020-10-22 20:33:58.7718 INFO SetCachedItem = setting cache for NextFixtureCheckDateTime
2020-10-22 20:39:59.0479 INFO Default Quartz.NET properties loaded from embedded resource file
2020-10-22 20:39:59.1187 INFO Initialized Scheduler Signaller of type: Quartz.Core.SchedulerSignalerImpl
2020-10-22 20:39:59.1516 INFO Quartz Scheduler v.3.2.2.0 created.
2020-10-22 20:39:59.1776 INFO JobFactory set to: Quartz.Simpl.PropertySettingJobFactory
2020-10-22 20:39:59.1945 INFO RAMJobStore initialized.
2020-10-22 20:39:59.1945 INFO Scheduler meta-data: Quartz Scheduler (v3.2.2.0) 'DefaultQuartzScheduler' with instanceId 'NON_CLUSTERED'
  Scheduler class: 'Quartz.Core.QuartzScheduler' - running locally.
  NOT STARTED.
  Currently in standby mode.
  Number of jobs executed: 0
  Using thread pool 'Quartz.Simpl.DefaultThreadPool' - with 10 threads.
  Using job-store 'Quartz.Simpl.RAMJobStore' - which does not support persistence. and is not clustered.

2020-10-22 20:39:59.1945 INFO Quartz scheduler 'DefaultQuartzScheduler' initialized
2020-10-22 20:39:59.1945 INFO Quartz scheduler version: 3.2.2.0
2020-10-22 20:39:59.2085 INFO Scheduler DefaultQuartzScheduler_$_NON_CLUSTERED started.
2020-10-22 20:39:59.8401 INFO Startup Configuration - Start
2020-10-22 20:39:59.8401 INFO SetEventCache - Start
2020-10-22 20:39:59.8850 INFO SetCachedItem = setting cache for Events
2020-10-22 20:39:59.8850 INFO SetNextResultCheckDateTime - Start - roundUp = False
2020-10-22 20:39:59.8850 INFO SetNextResultCheckDateTime - rapidApiResultChecks == null
2020-10-22 20:39:59.9356 INFO SetNextResultCheckDateTime - Set League 2790 next check date to 22/10/2020 19:39:59
2020-10-22 20:39:59.9356 INFO SetNextResultCheckDateTime - Set League 2794 next check date to 22/10/2020 19:39:59
2020-10-22 20:39:59.9356 INFO SetCachedItem = setting cache for NextFixtureCheckDateTime
2020-10-22 20:40:00.5185 INFO GetRapidApiResults - Start
2020-10-22 20:40:00.5185 INFO GetRapidApiResults = rapidApiResultChecks has 2 items
2020-10-22 20:40:00.5364 INFO GetRapidApiResults = Getting results from RapidApi 2790
2020-10-22 20:40:01.1705 INFO GetRapidApiResults = Getting results from RapidApi 2794
2020-10-22 20:40:01.3313 INFO SetNextResultCheckDateTime - Start - roundUp = True
2020-10-22 20:40:01.3313 INFO SetNextResultCheckDateTime - Set League 2790 next check date to 22/10/2020 19:45:00
2020-10-22 20:40:01.3313 INFO SetNextResultCheckDateTime - Set League 2794 next check date to 22/10/2020 19:45:00
2020-10-22 20:40:01.3313 INFO SetCachedItem = setting cache for NextFixtureCheckDateTime
2020-10-22 20:52:08.8302 INFO Default Quartz.NET properties loaded from embedded resource file
2020-10-22 20:52:08.8890 INFO Initialized Scheduler Signaller of type: Quartz.Core.SchedulerSignalerImpl
2020-10-22 20:52:08.9070 INFO Quartz Scheduler v.3.2.2.0 created.
2020-10-22 20:52:08.9349 INFO JobFactory set to: Quartz.Simpl.PropertySettingJobFactory
2020-10-22 20:52:08.9549 INFO RAMJobStore initialized.
2020-10-22 20:52:08.9738 INFO Scheduler meta-data: Quartz Scheduler (v3.2.2.0) 'DefaultQuartzScheduler' with instanceId 'NON_CLUSTERED'
  Scheduler class: 'Quartz.Core.QuartzScheduler' - running locally.
  NOT STARTED.
  Currently in standby mode.
  Number of jobs executed: 0
  Using thread pool 'Quartz.Simpl.DefaultThreadPool' - with 10 threads.
  Using job-store 'Quartz.Simpl.RAMJobStore' - which does not support persistence. and is not clustered.

2020-10-22 20:52:08.9738 INFO Quartz scheduler 'DefaultQuartzScheduler' initialized
2020-10-22 20:52:08.9738 INFO Quartz scheduler version: 3.2.2.0
2020-10-22 20:52:08.9738 INFO Scheduler DefaultQuartzScheduler_$_NON_CLUSTERED started.
2020-10-22 20:52:09.1065 INFO Startup Configuration - Start
2020-10-22 20:52:09.1065 INFO SetEventCache - Start
2020-10-22 20:52:09.1523 INFO SetCachedItem = setting cache for Events
2020-10-22 20:52:09.1523 INFO SetNextResultCheckDateTime - Start - roundUp = False
2020-10-22 20:52:09.1523 INFO SetNextResultCheckDateTime - rapidApiResultChecks == null
2020-10-22 20:52:09.1902 INFO SetNextResultCheckDateTime - Set League 2790 next check date to 22/10/2020 19:52:09
2020-10-22 20:52:09.1902 INFO SetNextResultCheckDateTime - Set League 2794 next check date to 22/10/2020 19:52:09
2020-10-22 20:52:09.1902 INFO SetCachedItem = setting cache for NextFixtureCheckDateTime
2020-10-22 20:52:09.8315 INFO GetRapidApiResults - Start
2020-10-22 20:52:09.8315 INFO GetRapidApiResults = rapidApiResultChecks has 2 items
2020-10-22 20:52:09.8485 INFO GetRapidApiResults = Getting results from RapidApi 2790
2020-10-22 20:52:10.7208 INFO GetRapidApiResults = Getting results from RapidApi 2794
2020-10-22 20:52:10.8904 INFO SetNextResultCheckDateTime - Start - roundUp = True
2020-10-22 20:52:10.8974 INFO SetNextResultCheckDateTime - Set League 2790 next check date to 22/10/2020 19:55:00
2020-10-22 20:52:10.8974 INFO SetNextResultCheckDateTime - Set League 2794 next check date to 22/10/2020 19:55:00
2020-10-22 20:52:10.8974 INFO SetCachedItem = setting cache for NextFixtureCheckDateTime
2020-10-22 20:54:19.0220 INFO Default Quartz.NET properties loaded from embedded resource file
2020-10-22 20:54:19.0798 INFO Initialized Scheduler Signaller of type: Quartz.Core.SchedulerSignalerImpl
2020-10-22 20:54:19.0938 INFO Quartz Scheduler v.3.2.2.0 created.
2020-10-22 20:54:19.1457 INFO JobFactory set to: Quartz.Simpl.PropertySettingJobFactory
2020-10-22 20:54:19.1626 INFO RAMJobStore initialized.
2020-10-22 20:54:19.1776 INFO Scheduler meta-data: Quartz Scheduler (v3.2.2.0) 'DefaultQuartzScheduler' with instanceId 'NON_CLUSTERED'
  Scheduler class: 'Quartz.Core.QuartzScheduler' - running locally.
  NOT STARTED.
  Currently in standby mode.
  Number of jobs executed: 0
  Using thread pool 'Quartz.Simpl.DefaultThreadPool' - with 10 threads.
  Using job-store 'Quartz.Simpl.RAMJobStore' - which does not support persistence. and is not clustered.

2020-10-22 20:54:19.1776 INFO Quartz scheduler 'DefaultQuartzScheduler' initialized
2020-10-22 20:54:19.1776 INFO Quartz scheduler version: 3.2.2.0
2020-10-22 20:54:19.1776 INFO Scheduler DefaultQuartzScheduler_$_NON_CLUSTERED started.
2020-10-22 20:54:19.3082 INFO Startup Configuration - Start
2020-10-22 20:54:19.3082 INFO SetEventCache - Start
2020-10-22 20:54:19.3551 INFO SetCachedItem = setting cache for Events
2020-10-22 20:54:19.3551 INFO SetNextResultCheckDateTime - Start - roundUp = False
2020-10-22 20:54:19.3551 INFO SetNextResultCheckDateTime - rapidApiResultChecks == null
2020-10-22 20:54:19.3940 INFO SetNextResultCheckDateTime - Set League 2790 next check date to 22/10/2020 19:54:19
2020-10-22 20:54:19.3940 INFO SetNextResultCheckDateTime - Set League 2794 next check date to 22/10/2020 19:54:19
2020-10-22 20:54:19.3940 INFO SetCachedItem = setting cache for NextFixtureCheckDateTime
2020-10-22 20:54:20.0585 INFO GetRapidApiResults - Start
2020-10-22 20:54:20.0684 INFO GetRapidApiResults = rapidApiResultChecks has 2 items
2020-10-22 20:54:20.0684 INFO GetRapidApiResults = Getting results from RapidApi 2790
2020-10-22 20:54:20.9468 INFO GetRapidApiResults = Getting results from RapidApi 2794
2020-10-22 20:54:21.1393 INFO SetNextResultCheckDateTime - Start - roundUp = True
2020-10-22 20:54:21.1462 INFO SetNextResultCheckDateTime - Set League 2790 next check date to 22/10/2020 19:55:00
2020-10-22 20:54:21.1462 INFO SetNextResultCheckDateTime - Set League 2794 next check date to 22/10/2020 19:55:00
2020-10-22 20:54:21.1462 INFO SetCachedItem = setting cache for NextFixtureCheckDateTime
2020-10-22 21:02:54.4108 INFO Default Quartz.NET properties loaded from embedded resource file
2020-10-22 21:02:54.4686 INFO Initialized Scheduler Signaller of type: Quartz.Core.SchedulerSignalerImpl
2020-10-22 21:02:54.4886 INFO Quartz Scheduler v.3.2.2.0 created.
2020-10-22 21:02:54.5335 INFO JobFactory set to: Quartz.Simpl.PropertySettingJobFactory
2020-10-22 21:02:54.5494 INFO RAMJobStore initialized.
2020-10-22 21:02:54.5664 INFO Scheduler meta-data: Quartz Scheduler (v3.2.2.0) 'DefaultQuartzScheduler' with instanceId 'NON_CLUSTERED'
  Scheduler class: 'Quartz.Core.QuartzScheduler' - running locally.
  NOT STARTED.
  Currently in standby mode.
  Number of jobs executed: 0
  Using thread pool 'Quartz.Simpl.DefaultThreadPool' - with 10 threads.
  Using job-store 'Quartz.Simpl.RAMJobStore' - which does not support persistence. and is not clustered.

2020-10-22 21:02:54.5664 INFO Quartz scheduler 'DefaultQuartzScheduler' initialized
2020-10-22 21:02:54.5664 INFO Quartz scheduler version: 3.2.2.0
2020-10-22 21:02:54.5664 INFO Scheduler DefaultQuartzScheduler_$_NON_CLUSTERED started.
2020-10-22 21:02:54.7160 INFO Startup Configuration - Start
2020-10-22 21:02:54.7160 INFO SetEventCache - Start
2020-10-22 21:02:54.7619 INFO SetCachedItem = setting cache for Events
2020-10-22 21:02:54.7619 INFO SetNextResultCheckDateTime - Start - roundUp = False
2020-10-22 21:02:54.7619 INFO SetNextResultCheckDateTime - rapidApiResultChecks == null
2020-10-22 21:02:54.7998 INFO SetNextResultCheckDateTime - Set League 2790 next check date to 22/10/2020 20:02:54
2020-10-22 21:02:54.7998 INFO SetNextResultCheckDateTime - Set League 2794 next check date to 22/10/2020 20:02:54
2020-10-22 21:02:54.7998 INFO SetCachedItem = setting cache for NextFixtureCheckDateTime
2020-10-22 21:02:55.7145 INFO GetRapidApiResults - Start
2020-10-22 21:02:55.7235 INFO GetRapidApiResults = rapidApiResultChecks has 2 items
2020-10-22 21:02:55.7235 INFO GetRapidApiResults = Getting results from RapidApi 2790
2020-10-22 21:02:56.4185 INFO GetRapidApiResults = Getting results from RapidApi 2794
2020-10-22 21:02:56.5910 INFO SetNextResultCheckDateTime - Start - roundUp = True
2020-10-22 21:02:56.5980 INFO SetNextResultCheckDateTime - Set League 2790 next check date to 22/10/2020 20:05:00
2020-10-22 21:02:56.5980 INFO SetNextResultCheckDateTime - Set League 2794 next check date to 22/10/2020 20:05:00
2020-10-22 21:02:56.5980 INFO SetCachedItem = setting cache for NextFixtureCheckDateTime
2020-10-22 21:04:32.7386 INFO GetRapidApiResults - Start
2020-10-22 21:04:32.7386 INFO GetRapidApiResults = rapidApiResultChecks has 2 items
2020-10-22 21:04:32.7386 INFO GetRapidApiResults = Waiting for result. Time now is 22/10/2020 20:04:32, time to wait for is 22/10/2020 20:05:00
2020-10-22 21:04:32.7386 INFO GetRapidApiResults = Waiting for result. Time now is 22/10/2020 20:04:32, time to wait for is 22/10/2020 20:05:00
2020-10-22 21:15:08.7939 INFO Default Quartz.NET properties loaded from embedded resource file
2020-10-22 21:15:08.8518 INFO Initialized Scheduler Signaller of type: Quartz.Core.SchedulerSignalerImpl
2020-10-22 21:15:08.8727 INFO Quartz Scheduler v.3.2.2.0 created.
2020-10-22 21:15:08.9086 INFO JobFactory set to: Quartz.Simpl.PropertySettingJobFactory
2020-10-22 21:15:08.9286 INFO RAMJobStore initialized.
2020-10-22 21:15:08.9456 INFO Scheduler meta-data: Quartz Scheduler (v3.2.2.0) 'DefaultQuartzScheduler' with instanceId 'NON_CLUSTERED'
  Scheduler class: 'Quartz.Core.QuartzScheduler' - running locally.
  NOT STARTED.
  Currently in standby mode.
  Number of jobs executed: 0
  Using thread pool 'Quartz.Simpl.DefaultThreadPool' - with 10 threads.
  Using job-store 'Quartz.Simpl.RAMJobStore' - which does not support persistence. and is not clustered.

2020-10-22 21:15:08.9456 INFO Quartz scheduler 'DefaultQuartzScheduler' initialized
2020-10-22 21:15:08.9456 INFO Quartz scheduler version: 3.2.2.0
2020-10-22 21:15:08.9456 INFO Scheduler DefaultQuartzScheduler_$_NON_CLUSTERED started.
2020-10-22 21:15:09.0772 INFO Startup Configuration - Start
2020-10-22 21:15:09.0772 INFO SetEventCache - Start
2020-10-22 21:15:09.1241 INFO SetCachedItem = setting cache for Events
2020-10-22 21:15:09.1271 INFO SetNextResultCheckDateTime - Start - roundUp = False
2020-10-22 21:15:09.1271 INFO SetNextResultCheckDateTime - rapidApiResultChecks == null
2020-10-22 21:15:09.1619 INFO SetNextResultCheckDateTime - Set League 2790 next check date to 22/10/2020 20:15:09
2020-10-22 21:15:09.1619 INFO SetNextResultCheckDateTime - Set League 2794 next check date to 22/10/2020 20:15:09
2020-10-22 21:15:09.1619 INFO SetCachedItem = setting cache for NextFixtureCheckDateTime
2020-10-22 21:15:09.8000 INFO GetRapidApiResults - Start
2020-10-22 21:15:09.8000 INFO GetRapidApiResults = rapidApiResultChecks has 2 items
2020-10-22 21:15:09.8180 INFO GetRapidApiResults = Getting results from RapidApi 2790
2020-10-22 21:15:10.8858 INFO GetRapidApiResults = Getting results from RapidApi 2794
2020-10-22 21:15:11.0683 INFO SetNextResultCheckDateTime - Start - roundUp = True
2020-10-22 21:15:11.0683 INFO SetNextResultCheckDateTime - Set League 2790 next check date to 22/10/2020 20:20:00
2020-10-22 21:15:11.0683 INFO SetNextResultCheckDateTime - Set League 2794 next check date to 22/10/2020 20:20:00
2020-10-22 21:15:11.0683 INFO SetCachedItem = setting cache for NextFixtureCheckDateTime
2020-10-22 21:18:46.5821 INFO Default Quartz.NET properties loaded from embedded resource file
2020-10-22 21:18:46.6399 INFO Initialized Scheduler Signaller of type: Quartz.Core.SchedulerSignalerImpl
2020-10-22 21:18:46.6658 INFO Quartz Scheduler v.3.2.2.0 created.
2020-10-22 21:18:46.6968 INFO JobFactory set to: Quartz.Simpl.PropertySettingJobFactory
2020-10-22 21:18:46.7217 INFO RAMJobStore initialized.
2020-10-22 21:18:46.7386 INFO Scheduler meta-data: Quartz Scheduler (v3.2.2.0) 'DefaultQuartzScheduler' with instanceId 'NON_CLUSTERED'
  Scheduler class: 'Quartz.Core.QuartzScheduler' - running locally.
  NOT STARTED.
  Currently in standby mode.
  Number of jobs executed: 0
  Using thread pool 'Quartz.Simpl.DefaultThreadPool' - with 10 threads.
  Using job-store 'Quartz.Simpl.RAMJobStore' - which does not support persistence. and is not clustered.

2020-10-22 21:18:46.7386 INFO Quartz scheduler 'DefaultQuartzScheduler' initialized
2020-10-22 21:18:46.7386 INFO Quartz scheduler version: 3.2.2.0
2020-10-22 21:18:46.7386 INFO Scheduler DefaultQuartzScheduler_$_NON_CLUSTERED started.
2020-10-22 21:18:46.8942 INFO Startup Configuration - Start
2020-10-22 21:18:46.8942 INFO SetEventCache - Start
2020-10-22 21:18:46.9401 INFO SetCachedItem = setting cache for Events
2020-10-22 21:18:46.9401 INFO SetNextResultCheckDateTime - Start - roundUp = False
2020-10-22 21:18:46.9401 INFO SetNextResultCheckDateTime - rapidApiResultChecks == null
2020-10-22 21:18:46.9800 INFO SetNextResultCheckDateTime - Set League 2790 next check date to 22/10/2020 20:18:46
2020-10-22 21:18:46.9800 INFO SetNextResultCheckDateTime - Set League 2794 next check date to 22/10/2020 20:18:46
2020-10-22 21:18:46.9800 INFO SetCachedItem = setting cache for NextFixtureCheckDateTime
2020-10-22 21:18:47.6083 INFO GetRapidApiResults - Start
2020-10-22 21:18:47.6173 INFO GetRapidApiResults = rapidApiResultChecks has 2 items
2020-10-22 21:18:47.6273 INFO GetRapidApiResults = Getting results from RapidApi 2790
2020-10-22 21:18:48.4362 INFO GetRapidApiResults = Getting results from RapidApi 2794
2020-10-22 21:18:48.5988 INFO SetNextResultCheckDateTime - Start - roundUp = True
2020-10-22 21:18:48.5988 INFO SetNextResultCheckDateTime - Set League 2790 next check date to 22/10/2020 20:20:00
2020-10-22 21:18:48.5988 INFO SetNextResultCheckDateTime - Set League 2794 next check date to 22/10/2020 20:20:00
2020-10-22 21:18:48.5988 INFO SetCachedItem = setting cache for NextFixtureCheckDateTime
2020-10-22 21:31:03.8029 INFO Default Quartz.NET properties loaded from embedded resource file
2020-10-22 21:31:03.8648 INFO Initialized Scheduler Signaller of type: Quartz.Core.SchedulerSignalerImpl
2020-10-22 21:31:03.8837 INFO Quartz Scheduler v.3.2.2.0 created.
2020-10-22 21:31:03.9176 INFO JobFactory set to: Quartz.Simpl.PropertySettingJobFactory
2020-10-22 21:31:03.9366 INFO RAMJobStore initialized.
2020-10-22 21:31:03.9555 INFO Scheduler meta-data: Quartz Scheduler (v3.2.2.0) 'DefaultQuartzScheduler' with instanceId 'NON_CLUSTERED'
  Scheduler class: 'Quartz.Core.QuartzScheduler' - running locally.
  NOT STARTED.
  Currently in standby mode.
  Number of jobs executed: 0
  Using thread pool 'Quartz.Simpl.DefaultThreadPool' - with 10 threads.
  Using job-store 'Quartz.Simpl.RAMJobStore' - which does not support persistence. and is not clustered.

2020-10-22 21:31:03.9555 INFO Quartz scheduler 'DefaultQuartzScheduler' initialized
2020-10-22 21:31:03.9555 INFO Quartz scheduler version: 3.2.2.0
2020-10-22 21:31:03.9555 INFO Scheduler DefaultQuartzScheduler_$_NON_CLUSTERED started.
2020-10-22 21:31:04.0951 INFO Startup Configuration - Start
2020-10-22 21:31:04.0961 INFO SetEventCache - Start
2020-10-22 21:31:04.1440 INFO SetCachedItem = setting cache for Events
2020-10-22 21:31:04.1440 INFO SetNextResultCheckDateTime - Start - roundUp = False
2020-10-22 21:31:04.1440 INFO SetNextResultCheckDateTime - rapidApiResultChecks == null
2020-10-22 21:31:04.1859 INFO SetNextResultCheckDateTime - Set League 2790 next check date to 22/10/2020 20:31:04
2020-10-22 21:31:04.1859 INFO SetNextResultCheckDateTime - Set League 2794 next check date to 22/10/2020 20:31:04
2020-10-22 21:31:04.1859 INFO SetCachedItem = setting cache for NextFixtureCheckDateTime
2020-10-22 21:31:24.7081 INFO GetRapidApiResults - Start
2020-10-22 21:31:31.9636 INFO GetRapidApiResults = rapidApiResultChecks has 2 items
2020-10-22 21:33:55.7570 INFO Default Quartz.NET properties loaded from embedded resource file
2020-10-22 21:33:55.8298 INFO Initialized Scheduler Signaller of type: Quartz.Core.SchedulerSignalerImpl
2020-10-22 21:33:55.8577 INFO Quartz Scheduler v.3.2.2.0 created.
2020-10-22 21:33:55.8786 INFO JobFactory set to: Quartz.Simpl.PropertySettingJobFactory
2020-10-22 21:33:55.8946 INFO RAMJobStore initialized.
2020-10-22 21:33:55.8946 INFO Scheduler meta-data: Quartz Scheduler (v3.2.2.0) 'DefaultQuartzScheduler' with instanceId 'NON_CLUSTERED'
  Scheduler class: 'Quartz.Core.QuartzScheduler' - running locally.
  NOT STARTED.
  Currently in standby mode.
  Number of jobs executed: 0
  Using thread pool 'Quartz.Simpl.DefaultThreadPool' - with 10 threads.
  Using job-store 'Quartz.Simpl.RAMJobStore' - which does not support persistence. and is not clustered.

2020-10-22 21:33:55.8946 INFO Quartz scheduler 'DefaultQuartzScheduler' initialized
2020-10-22 21:33:55.8946 INFO Quartz scheduler version: 3.2.2.0
2020-10-22 21:33:55.9136 INFO Scheduler DefaultQuartzScheduler_$_NON_CLUSTERED started.
2020-10-22 21:33:56.5246 INFO Startup Configuration - Start
2020-10-22 21:33:56.5246 INFO SetEventCache - Start
2020-10-22 21:33:56.5715 INFO SetCachedItem = setting cache for Events
2020-10-22 21:33:56.5715 INFO SetNextResultCheckDateTime - Start - roundUp = False
2020-10-22 21:33:56.5715 INFO SetNextResultCheckDateTime - rapidApiResultChecks == null
2020-10-22 21:33:56.6075 INFO SetNextResultCheckDateTime - Set League 2790 next check date to 22/10/2020 20:33:56
2020-10-22 21:33:56.6157 INFO SetNextResultCheckDateTime - Set League 2794 next check date to 22/10/2020 20:33:56
2020-10-22 21:33:56.6157 INFO SetCachedItem = setting cache for NextFixtureCheckDateTime
2020-10-22 21:34:03.8267 INFO GetRapidApiResults - Start
2020-10-22 21:35:44.8930 INFO Default Quartz.NET properties loaded from embedded resource file
2020-10-22 21:35:44.9578 INFO Initialized Scheduler Signaller of type: Quartz.Core.SchedulerSignalerImpl
2020-10-22 21:35:44.9817 INFO Quartz Scheduler v.3.2.2.0 created.
2020-10-22 21:35:45.0126 INFO JobFactory set to: Quartz.Simpl.PropertySettingJobFactory
2020-10-22 21:35:45.0286 INFO RAMJobStore initialized.
2020-10-22 21:35:45.0286 INFO Scheduler meta-data: Quartz Scheduler (v3.2.2.0) 'DefaultQuartzScheduler' with instanceId 'NON_CLUSTERED'
  Scheduler class: 'Quartz.Core.QuartzScheduler' - running locally.
  NOT STARTED.
  Currently in standby mode.
  Number of jobs executed: 0
  Using thread pool 'Quartz.Simpl.DefaultThreadPool' - with 10 threads.
  Using job-store 'Quartz.Simpl.RAMJobStore' - which does not support persistence. and is not clustered.

2020-10-22 21:35:45.0336 INFO Quartz scheduler 'DefaultQuartzScheduler' initialized
2020-10-22 21:35:45.0336 INFO Quartz scheduler version: 3.2.2.0
2020-10-22 21:35:45.0336 INFO Scheduler DefaultQuartzScheduler_$_NON_CLUSTERED started.
2020-10-22 21:35:45.6725 INFO Startup Configuration - Start
2020-10-22 21:35:45.6725 INFO SetEventCache - Start
2020-10-22 21:35:45.7204 INFO SetCachedItem = setting cache for Events
2020-10-22 21:35:45.7234 INFO SetNextResultCheckDateTime - Start - roundUp = False
2020-10-22 21:35:45.7234 INFO SetNextResultCheckDateTime - rapidApiResultChecks == null
2020-10-22 21:35:45.7577 INFO SetNextResultCheckDateTime - Set League 2790 next check date to 22/10/2020 20:35:45
2020-10-22 21:35:45.7577 INFO SetNextResultCheckDateTime - Set League 2794 next check date to 22/10/2020 20:35:45
2020-10-22 21:35:45.7577 INFO SetCachedItem = setting cache for NextFixtureCheckDateTime
2020-10-22 21:35:51.4344 INFO GetRapidApiResults - Start
2020-10-22 21:36:24.0100 INFO Default Quartz.NET properties loaded from embedded resource file
2020-10-22 21:36:24.0767 INFO Initialized Scheduler Signaller of type: Quartz.Core.SchedulerSignalerImpl
2020-10-22 21:36:24.1037 INFO Quartz Scheduler v.3.2.2.0 created.
2020-10-22 21:36:24.1336 INFO JobFactory set to: Quartz.Simpl.PropertySettingJobFactory
2020-10-22 21:36:24.1515 INFO RAMJobStore initialized.
2020-10-22 21:36:24.1515 INFO Scheduler meta-data: Quartz Scheduler (v3.2.2.0) 'DefaultQuartzScheduler' with instanceId 'NON_CLUSTERED'
  Scheduler class: 'Quartz.Core.QuartzScheduler' - running locally.
  NOT STARTED.
  Currently in standby mode.
  Number of jobs executed: 0
  Using thread pool 'Quartz.Simpl.DefaultThreadPool' - with 10 threads.
  Using job-store 'Quartz.Simpl.RAMJobStore' - which does not support persistence. and is not clustered.

2020-10-22 21:36:24.1585 INFO Quartz scheduler 'DefaultQuartzScheduler' initialized
2020-10-22 21:36:24.1585 INFO Quartz scheduler version: 3.2.2.0
2020-10-22 21:36:24.1585 INFO Scheduler DefaultQuartzScheduler_$_NON_CLUSTERED started.
2020-10-22 21:36:24.8008 INFO Startup Configuration - Start
2020-10-22 21:36:24.8008 INFO SetEventCache - Start
2020-10-22 21:36:24.8487 INFO SetCachedItem = setting cache for Events
2020-10-22 21:36:24.8487 INFO SetNextResultCheckDateTime - Start - roundUp = False
2020-10-22 21:36:24.8487 INFO SetNextResultCheckDateTime - rapidApiResultChecks == null
2020-10-22 21:36:24.8856 INFO SetNextResultCheckDateTime - Set League 2790 next check date to 22/10/2020 20:36:24
2020-10-22 21:36:24.8856 INFO SetNextResultCheckDateTime - Set League 2794 next check date to 22/10/2020 20:36:24
2020-10-22 21:36:24.8856 INFO SetCachedItem = setting cache for NextFixtureCheckDateTime
2020-10-22 21:36:29.8746 INFO GetRapidApiResults - Start
2020-10-22 21:40:36.7416 INFO GetRapidApiResults = rapidApiResultChecks has 2 items
2020-10-22 21:41:00.3458 INFO GetRapidApiResults = Getting results from RapidApi 2790
2020-10-22 21:41:24.2316 INFO GetRapidApiResults = Getting results from RapidApi 2794
2020-10-22 21:48:27.6249 INFO Default Quartz.NET properties loaded from embedded resource file
2020-10-22 21:48:27.6867 INFO Initialized Scheduler Signaller of type: Quartz.Core.SchedulerSignalerImpl
2020-10-22 21:48:27.7097 INFO Quartz Scheduler v.3.2.2.0 created.
2020-10-22 21:48:27.7426 INFO JobFactory set to: Quartz.Simpl.PropertySettingJobFactory
2020-10-22 21:48:27.7605 INFO RAMJobStore initialized.
2020-10-22 21:48:27.7605 INFO Scheduler meta-data: Quartz Scheduler (v3.2.2.0) 'DefaultQuartzScheduler' with instanceId 'NON_CLUSTERED'
  Scheduler class: 'Quartz.Core.QuartzScheduler' - running locally.
  NOT STARTED.
  Currently in standby mode.
  Number of jobs executed: 0
  Using thread pool 'Quartz.Simpl.DefaultThreadPool' - with 10 threads.
  Using job-store 'Quartz.Simpl.RAMJobStore' - which does not support persistence. and is not clustered.

2020-10-22 21:48:27.7605 INFO Quartz scheduler 'DefaultQuartzScheduler' initialized
2020-10-22 21:48:27.7605 INFO Quartz scheduler version: 3.2.2.0
2020-10-22 21:48:27.7775 INFO Scheduler DefaultQuartzScheduler_$_NON_CLUSTERED started.
2020-10-22 21:48:27.9072 INFO Startup Configuration - Start
2020-10-22 21:48:27.9072 INFO SetEventCache - Start
2020-10-22 21:48:27.9550 INFO SetCachedItem = setting cache for Events
2020-10-22 21:48:27.9580 INFO SetNextResultCheckDateTime - Start - roundUp = False
2020-10-22 21:48:27.9580 INFO SetNextResultCheckDateTime - rapidApiResultChecks == null
2020-10-22 21:48:27.9959 INFO SetNextResultCheckDateTime - Set League 2790 next check date to 22/10/2020 20:48:27
2020-10-22 21:48:27.9959 INFO SetNextResultCheckDateTime - Set League 2794 next check date to 22/10/2020 20:48:27
2020-10-22 21:48:27.9959 INFO SetCachedItem = setting cache for NextFixtureCheckDateTime
2020-10-22 21:48:32.5764 INFO GetRapidApiResults - Start
2020-10-22 21:48:46.7043 INFO GetRapidApiResults = rapidApiResultChecks has 2 items
2020-10-22 21:48:57.7062 INFO GetRapidApiResults = Getting results from RapidApi 2790
2020-10-22 21:53:54.7748 INFO GetRapidApiResults = Getting results from RapidApi 2794
2020-10-22 22:31:06.7134 INFO Default Quartz.NET properties loaded from embedded resource file
2020-10-22 22:31:06.7713 INFO Initialized Scheduler Signaller of type: Quartz.Core.SchedulerSignalerImpl
2020-10-22 22:31:06.7892 INFO Quartz Scheduler v.3.2.2.0 created.
2020-10-22 22:31:06.8281 INFO JobFactory set to: Quartz.Simpl.PropertySettingJobFactory
2020-10-22 22:31:06.8501 INFO RAMJobStore initialized.
2020-10-22 22:31:06.8670 INFO Scheduler meta-data: Quartz Scheduler (v3.2.2.0) 'DefaultQuartzScheduler' with instanceId 'NON_CLUSTERED'
  Scheduler class: 'Quartz.Core.QuartzScheduler' - running locally.
  NOT STARTED.
  Currently in standby mode.
  Number of jobs executed: 0
  Using thread pool 'Quartz.Simpl.DefaultThreadPool' - with 10 threads.
  Using job-store 'Quartz.Simpl.RAMJobStore' - which does not support persistence. and is not clustered.

2020-10-22 22:31:06.8670 INFO Quartz scheduler 'DefaultQuartzScheduler' initialized
2020-10-22 22:31:06.8670 INFO Quartz scheduler version: 3.2.2.0
2020-10-22 22:31:06.8670 INFO Scheduler DefaultQuartzScheduler_$_NON_CLUSTERED started.
2020-10-22 22:31:07.0206 INFO Startup Configuration - Start
2020-10-22 22:31:07.0206 INFO SetEventCache - Start
2020-10-22 22:31:07.0804 INFO SetCachedItem = setting cache for Events
2020-10-22 22:31:07.0804 INFO SetNextResultCheckDateTime - Start - roundUp = False
2020-10-22 22:31:07.0804 INFO SetNextResultCheckDateTime - rapidApiResultChecks == null
2020-10-22 22:31:07.1273 INFO SetNextResultCheckDateTime - Set League 2790 next check date to 17/10/2020 13:25:00
2020-10-22 22:31:07.1273 INFO SetNextResultCheckDateTime - Set League 2794 next check date to 18/10/2020 12:55:00
2020-10-22 22:31:07.1273 INFO SetCachedItem = setting cache for NextFixtureCheckDateTime
2020-10-22 22:31:11.4377 INFO GetRapidApiResults - Start
2020-10-22 22:31:11.4706 INFO GetRapidApiResults = rapidApiResultChecks has 2 items
2020-10-22 22:31:11.5036 INFO GetRapidApiResults = Getting results from RapidApi 2790
2020-10-22 22:31:16.1352 INFO SetEventCache - Start
2020-10-22 22:31:16.1352 INFO SetCachedItem = setting cache for Events
2020-10-22 22:31:16.1681 INFO SetCachedItem = setting cache for Events
2020-10-22 22:31:16.1681 INFO GetRapidApiResults = Getting results from RapidApi 2794
2020-10-22 22:31:21.0271 INFO SetEventCache - Start
2020-10-22 22:31:21.0271 INFO SetCachedItem = setting cache for Events
2020-10-22 22:31:21.0271 INFO SetNextResultCheckDateTime - Start - roundUp = True
2020-10-22 22:31:21.0410 INFO SetNextResultCheckDateTime - Set League 2790 next check date to 25/10/2020 18:25:00
2020-10-22 22:31:21.0410 INFO SetNextResultCheckDateTime - Set League 2794 next check date to 23/10/2020 20:40:00
2020-10-22 22:31:21.0410 INFO SetCachedItem = setting cache for NextFixtureCheckDateTime
2020-10-22 22:32:24.8296 INFO GetRapidApiResults - Start
2020-10-22 22:32:24.8316 INFO GetRapidApiResults = rapidApiResultChecks has 2 items
2020-10-22 22:32:24.8575 INFO GetRapidApiResults = Waiting for result. Time now is 22/10/2020 21:32:24, time to wait for is 25/10/2020 18:25:00
2020-10-22 22:32:24.8625 INFO GetRapidApiResults = Waiting for result. Time now is 22/10/2020 21:32:24, time to wait for is 23/10/2020 20:40:00
2020-10-22 23:00:46.6706 INFO Default Quartz.NET properties loaded from embedded resource file
2020-10-22 23:00:46.7274 INFO Initialized Scheduler Signaller of type: Quartz.Core.SchedulerSignalerImpl
2020-10-22 23:00:46.7593 INFO Quartz Scheduler v.3.2.2.0 created.
2020-10-22 23:00:46.7922 INFO JobFactory set to: Quartz.Simpl.PropertySettingJobFactory
2020-10-22 23:00:46.8102 INFO RAMJobStore initialized.
2020-10-22 23:00:46.8252 INFO Scheduler meta-data: Quartz Scheduler (v3.2.2.0) 'DefaultQuartzScheduler' with instanceId 'NON_CLUSTERED'
  Scheduler class: 'Quartz.Core.QuartzScheduler' - running locally.
  NOT STARTED.
  Currently in standby mode.
  Number of jobs executed: 0
  Using thread pool 'Quartz.Simpl.DefaultThreadPool' - with 10 threads.
  Using job-store 'Quartz.Simpl.RAMJobStore' - which does not support persistence. and is not clustered.

2020-10-22 23:00:46.8252 INFO Quartz scheduler 'DefaultQuartzScheduler' initialized
2020-10-22 23:00:46.8252 INFO Quartz scheduler version: 3.2.2.0
2020-10-22 23:00:46.8341 INFO Scheduler DefaultQuartzScheduler_$_NON_CLUSTERED started.
2020-10-22 23:00:46.9588 INFO Startup Configuration - Start
2020-10-22 23:00:46.9588 INFO SetEventCache - Start
2020-10-22 23:00:47.0066 INFO SetCachedItem = setting cache for Events
2020-10-22 23:00:47.0066 INFO SetCachedItem = setting cache for Events
2020-10-22 23:00:47.0066 INFO SetNextResultCheckDateTime - Start - roundUp = False
2020-10-22 23:00:47.0066 INFO SetNextResultCheckDateTime - rapidApiResultChecks == null
2020-10-22 23:00:47.0456 INFO SetNextResultCheckDateTime - Set League 2790 next check date to 25/10/2020 18:25:00
2020-10-22 23:00:47.0456 INFO SetNextResultCheckDateTime - Set League 2794 next check date to 23/10/2020 20:40:00
2020-10-22 23:00:47.0456 INFO SetCachedItem = setting cache for NextFixtureCheckDateTime
2020-10-22 23:00:47.0456 INFO SetCachedItem = setting cache for NextFixtureCheckDateTime
2020-10-22 23:00:47.5015 INFO GetRapidApiResults - Start
2020-10-22 23:00:47.5114 INFO GetRapidApiResults = rapidApiResultChecks has 2 items
2020-10-22 23:00:47.5204 INFO GetRapidApiResults = Waiting for result. Time now is 22/10/2020 22:00:47, time to wait for is 25/10/2020 18:25:00
2020-10-22 23:00:47.5204 INFO GetRapidApiResults = Waiting for result. Time now is 22/10/2020 22:00:47, time to wait for is 23/10/2020 20:40:00
2020-10-22 23:01:48.3627 INFO Default Quartz.NET properties loaded from embedded resource file
2020-10-22 23:01:48.4515 INFO Initialized Scheduler Signaller of type: Quartz.Core.SchedulerSignalerImpl
2020-10-22 23:01:48.4734 INFO Quartz Scheduler v.3.2.2.0 created.
2020-10-22 23:01:48.5054 INFO JobFactory set to: Quartz.Simpl.PropertySettingJobFactory
2020-10-22 23:01:48.5193 INFO RAMJobStore initialized.
2020-10-22 23:01:48.5193 INFO Scheduler meta-data: Quartz Scheduler (v3.2.2.0) 'DefaultQuartzScheduler' with instanceId 'NON_CLUSTERED'
  Scheduler class: 'Quartz.Core.QuartzScheduler' - running locally.
  NOT STARTED.
  Currently in standby mode.
  Number of jobs executed: 0
  Using thread pool 'Quartz.Simpl.DefaultThreadPool' - with 10 threads.
  Using job-store 'Quartz.Simpl.RAMJobStore' - which does not support persistence. and is not clustered.

2020-10-22 23:01:48.5193 INFO Quartz scheduler 'DefaultQuartzScheduler' initialized
2020-10-22 23:01:48.5193 INFO Quartz scheduler version: 3.2.2.0
2020-10-22 23:01:48.5353 INFO Scheduler DefaultQuartzScheduler_$_NON_CLUSTERED started.
2020-10-22 23:01:49.1628 INFO Startup Configuration - Start
2020-10-22 23:01:49.1628 INFO SetEventCache - Start
2020-10-22 23:01:49.2097 INFO SetCachedItem = setting cache for Events
2020-10-22 23:01:49.2097 INFO SetCachedItem = setting cache for Events
2020-10-22 23:01:49.2097 INFO SetNextResultCheckDateTime - Start - roundUp = False
2020-10-22 23:01:49.2097 INFO SetNextResultCheckDateTime - rapidApiResultChecks == null
2020-10-22 23:01:49.2486 INFO SetNextResultCheckDateTime - Set League 2790 next check date to 25/10/2020 18:25:00
2020-10-22 23:01:49.2486 INFO SetNextResultCheckDateTime - Set League 2794 next check date to 23/10/2020 20:40:00
2020-10-22 23:01:49.2486 INFO SetCachedItem = setting cache for NextFixtureCheckDateTime
2020-10-22 23:01:49.2486 INFO SetCachedItem = setting cache for NextFixtureCheckDateTime
2020-10-22 23:01:49.9826 INFO GetRapidApiResults - Start
2020-10-22 23:01:49.9926 INFO GetRapidApiResults = rapidApiResultChecks has 2 items
2020-10-22 23:01:49.9926 INFO GetRapidApiResults = Waiting for result. Time now is 22/10/2020 22:01:50, time to wait for is 25/10/2020 18:25:00
2020-10-22 23:01:50.0106 INFO GetRapidApiResults = Waiting for result. Time now is 22/10/2020 22:01:50, time to wait for is 23/10/2020 20:40:00
2020-10-22 23:03:27.5487 INFO Default Quartz.NET properties loaded from embedded resource file
2020-10-22 23:03:27.6066 INFO Initialized Scheduler Signaller of type: Quartz.Core.SchedulerSignalerImpl
2020-10-22 23:03:27.6285 INFO Quartz Scheduler v.3.2.2.0 created.
2020-10-22 23:03:27.6584 INFO JobFactory set to: Quartz.Simpl.PropertySettingJobFactory
2020-10-22 23:03:27.6794 INFO RAMJobStore initialized.
2020-10-22 23:03:27.6973 INFO Scheduler meta-data: Quartz Scheduler (v3.2.2.0) 'DefaultQuartzScheduler' with instanceId 'NON_CLUSTERED'
  Scheduler class: 'Quartz.Core.QuartzScheduler' - running locally.
  NOT STARTED.
  Currently in standby mode.
  Number of jobs executed: 0
  Using thread pool 'Quartz.Simpl.DefaultThreadPool' - with 10 threads.
  Using job-store 'Quartz.Simpl.RAMJobStore' - which does not support persistence. and is not clustered.

2020-10-22 23:03:27.6973 INFO Quartz scheduler 'DefaultQuartzScheduler' initialized
2020-10-22 23:03:27.6973 INFO Quartz scheduler version: 3.2.2.0
2020-10-22 23:03:27.7063 INFO Scheduler DefaultQuartzScheduler_$_NON_CLUSTERED started.
2020-10-22 23:03:27.8310 INFO Startup Configuration - Start
2020-10-22 23:03:27.8310 INFO SetEventCache - Start
2020-10-22 23:03:27.8798 INFO SetCachedItem = setting cache for Events
2020-10-22 23:03:27.8798 INFO SetCachedItem = setting cache for Events
2020-10-22 23:03:27.8798 INFO SetNextResultCheckDateTime - Start - roundUp = False
2020-10-22 23:03:27.8798 INFO SetNextResultCheckDateTime - rapidApiResultChecks == null
2020-10-22 23:03:27.9177 INFO SetNextResultCheckDateTime - Set League 2790 next check date to 25/10/2020 18:25:00
2020-10-22 23:03:27.9177 INFO SetNextResultCheckDateTime - Set League 2794 next check date to 23/10/2020 20:40:00
2020-10-22 23:03:27.9177 INFO SetCachedItem = setting cache for NextFixtureCheckDateTime
2020-10-22 23:03:27.9177 INFO SetCachedItem = setting cache for NextFixtureCheckDateTime
2020-10-22 23:03:52.5662 INFO GetRapidApiResults - Start
2020-10-22 23:03:52.5662 INFO GetRapidApiResults = rapidApiResultChecks has 2 items
2020-10-22 23:03:52.5891 INFO GetRapidApiResults = Waiting for result. Time now is 22/10/2020 22:03:52, time to wait for is 25/10/2020 18:25:00
2020-10-22 23:03:52.6130 INFO GetRapidApiResults = Waiting for result. Time now is 22/10/2020 22:03:52, time to wait for is 23/10/2020 20:40:00
2020-10-22 23:04:15.6031 INFO SetCachedItem = setting cache for ForceUpdate*98e74a4c-c944-451e-a4ba-c4fe99ed7e18*Predict.Models.Event
2020-10-22 23:04:15.6031 INFO SetCachedItem = setting cache for ForceUpdate*98e74a4c-c944-451e-a4ba-c4fe99ed7e18*Predict.Models.Event
2020-10-22 23:04:24.2913 INFO GetRapidApiResults - Start
2020-10-22 23:04:24.3002 INFO GetRapidApiResults = rapidApiResultChecks has 2 items
2020-10-22 23:04:24.3002 INFO GetRapidApiResults = Waiting for result. Time now is 22/10/2020 22:04:24, time to wait for is 25/10/2020 18:25:00
2020-10-22 23:04:24.3182 INFO GetRapidApiResults = Waiting for result. Time now is 22/10/2020 22:04:24, time to wait for is 23/10/2020 20:40:00
2020-10-22 23:04:57.4259 INFO SetCachedItem = setting cache for ForceUpdate*98e74a4c-c944-451e-a4ba-c4fe99ed7e18*Predict.Models.Event
2020-10-22 23:04:57.4259 INFO SetCachedItem = setting cache for ForceUpdate*98e74a4c-c944-451e-a4ba-c4fe99ed7e18*Predict.Models.Event
2020-10-22 23:05:04.7559 INFO GetRapidApiResults - Start
2020-10-22 23:05:04.7559 INFO GetRapidApiResults = rapidApiResultChecks has 2 items
2020-10-22 23:05:04.7689 INFO GetRapidApiResults = Waiting for result. Time now is 22/10/2020 22:05:04, time to wait for is 25/10/2020 18:25:00
2020-10-22 23:05:04.7689 INFO GetRapidApiResults = Waiting for result. Time now is 22/10/2020 22:05:04, time to wait for is 23/10/2020 20:40:00
2020-10-22 23:05:35.3847 INFO Account - Login (HttpPost) - pete@salsbury.co.uk logged in
2020-10-22 23:05:37.3382 INFO GetRapidApiResults - Start
2020-10-22 23:05:37.3502 INFO GetRapidApiResults = rapidApiResultChecks has 2 items
2020-10-22 23:05:37.3502 INFO GetRapidApiResults = Waiting for result. Time now is 22/10/2020 22:05:37, time to wait for is 25/10/2020 18:25:00
2020-10-22 23:05:37.3742 INFO GetRapidApiResults = Waiting for result. Time now is 22/10/2020 22:05:37, time to wait for is 23/10/2020 20:40:00
2020-10-22 23:07:09.1040 INFO Default Quartz.NET properties loaded from embedded resource file
2020-10-22 23:07:09.1639 INFO Initialized Scheduler Signaller of type: Quartz.Core.SchedulerSignalerImpl
2020-10-22 23:07:09.1788 INFO Quartz Scheduler v.3.2.2.0 created.
2020-10-22 23:07:09.1998 INFO JobFactory set to: Quartz.Simpl.PropertySettingJobFactory
2020-10-22 23:07:09.2247 INFO RAMJobStore initialized.
2020-10-22 23:07:09.2476 INFO Scheduler meta-data: Quartz Scheduler (v3.2.2.0) 'DefaultQuartzScheduler' with instanceId 'NON_CLUSTERED'
  Scheduler class: 'Quartz.Core.QuartzScheduler' - running locally.
  NOT STARTED.
  Currently in standby mode.
  Number of jobs executed: 0
  Using thread pool 'Quartz.Simpl.DefaultThreadPool' - with 10 threads.
  Using job-store 'Quartz.Simpl.RAMJobStore' - which does not support persistence. and is not clustered.

2020-10-22 23:07:09.2476 INFO Quartz scheduler 'DefaultQuartzScheduler' initialized
2020-10-22 23:07:09.2476 INFO Quartz scheduler version: 3.2.2.0
2020-10-22 23:07:09.2576 INFO Scheduler DefaultQuartzScheduler_$_NON_CLUSTERED started.
2020-10-22 23:07:09.3813 INFO Startup Configuration - Start
2020-10-22 23:07:09.3813 INFO SetEventCache - Start
2020-10-22 23:07:09.4272 INFO SetCachedItem = setting cache for Events
2020-10-22 23:07:09.4272 INFO SetCachedItem = setting cache for Events
2020-10-22 23:07:09.4272 INFO SetNextResultCheckDateTime - Start - roundUp = False
2020-10-22 23:07:09.4272 INFO SetNextResultCheckDateTime - rapidApiResultChecks == null
2020-10-22 23:07:09.4651 INFO SetNextResultCheckDateTime - Set League 2790 next check date to 25/10/2020 18:25:00
2020-10-22 23:07:09.4651 INFO SetNextResultCheckDateTime - Set League 2794 next check date to 23/10/2020 20:40:00
2020-10-22 23:07:09.4651 INFO SetCachedItem = setting cache for NextFixtureCheckDateTime
2020-10-22 23:07:09.4651 INFO SetCachedItem = setting cache for NextFixtureCheckDateTime
2020-10-22 23:07:23.4965 INFO GetRapidApiResults - Start
2020-10-22 23:07:23.4965 INFO GetRapidApiResults = rapidApiResultChecks has 2 items
2020-10-22 23:07:23.5524 INFO GetRapidApiResults = Waiting for result. Time now is 22/10/2020 22:07:23, time to wait for is 25/10/2020 18:25:00
2020-10-22 23:07:23.5693 INFO GetRapidApiResults = Waiting for result. Time now is 22/10/2020 22:07:23, time to wait for is 23/10/2020 20:40:00
2020-10-22 23:07:49.4004 INFO SetCachedItem = setting cache for ForceUpdate*98e74a4c-c944-451e-a4ba-c4fe99ed7e18*1
2020-10-22 23:07:49.4004 INFO SetCachedItem = setting cache for ForceUpdate*98e74a4c-c944-451e-a4ba-c4fe99ed7e18*1
2020-10-22 23:08:01.3533 INFO GetRapidApiResults - Start
2020-10-22 23:08:01.3653 INFO GetRapidApiResults = rapidApiResultChecks has 2 items
2020-10-22 23:08:01.3793 INFO GetRapidApiResults = Waiting for result. Time now is 22/10/2020 22:08:01, time to wait for is 25/10/2020 18:25:00
2020-10-22 23:08:01.3952 INFO GetRapidApiResults = Waiting for result. Time now is 22/10/2020 22:08:01, time to wait for is 23/10/2020 20:40:00
2020-10-22 23:09:13.9543 INFO Default Quartz.NET properties loaded from embedded resource file
2020-10-22 23:09:14.0131 INFO Initialized Scheduler Signaller of type: Quartz.Core.SchedulerSignalerImpl
2020-10-22 23:09:14.0341 INFO Quartz Scheduler v.3.2.2.0 created.
2020-10-22 23:09:14.0759 INFO JobFactory set to: Quartz.Simpl.PropertySettingJobFactory
2020-10-22 23:09:14.0969 INFO RAMJobStore initialized.
2020-10-22 23:09:14.1149 INFO Scheduler meta-data: Quartz Scheduler (v3.2.2.0) 'DefaultQuartzScheduler' with instanceId 'NON_CLUSTERED'
  Scheduler class: 'Quartz.Core.QuartzScheduler' - running locally.
  NOT STARTED.
  Currently in standby mode.
  Number of jobs executed: 0
  Using thread pool 'Quartz.Simpl.DefaultThreadPool' - with 10 threads.
  Using job-store 'Quartz.Simpl.RAMJobStore' - which does not support persistence. and is not clustered.

2020-10-22 23:09:14.1149 INFO Quartz scheduler 'DefaultQuartzScheduler' initialized
2020-10-22 23:09:14.1149 INFO Quartz scheduler version: 3.2.2.0
2020-10-22 23:09:14.1149 INFO Scheduler DefaultQuartzScheduler_$_NON_CLUSTERED started.
2020-10-22 23:09:14.2654 INFO Startup Configuration - Start
2020-10-22 23:09:14.2654 INFO SetEventCache - Start
2020-10-22 23:09:14.3133 INFO SetCachedItem = setting cache for Events
2020-10-22 23:09:14.3133 INFO SetCachedItem = setting cache for Events
2020-10-22 23:09:14.3163 INFO SetNextResultCheckDateTime - Start - roundUp = False
2020-10-22 23:09:14.3163 INFO SetNextResultCheckDateTime - rapidApiResultChecks == null
2020-10-22 23:09:14.3502 INFO SetNextResultCheckDateTime - Set League 2790 next check date to 25/10/2020 18:25:00
2020-10-22 23:09:14.3502 INFO SetNextResultCheckDateTime - Set League 2794 next check date to 23/10/2020 20:40:00
2020-10-22 23:09:14.3502 INFO SetCachedItem = setting cache for NextFixtureCheckDateTime
2020-10-22 23:09:14.3502 INFO SetCachedItem = setting cache for NextFixtureCheckDateTime
2020-10-22 23:09:14.9786 INFO GetRapidApiResults - Start
2020-10-22 23:09:14.9876 INFO GetRapidApiResults = rapidApiResultChecks has 2 items
2020-10-22 23:09:14.9876 INFO GetRapidApiResults = Waiting for result. Time now is 22/10/2020 22:09:14, time to wait for is 25/10/2020 18:25:00
2020-10-22 23:09:15.0055 INFO GetRapidApiResults = Waiting for result. Time now is 22/10/2020 22:09:15, time to wait for is 23/10/2020 20:40:00
2020-10-22 23:09:47.3887 INFO GetRapidApiResults - Start
2020-10-22 23:09:47.3887 INFO GetRapidApiResults = rapidApiResultChecks has 2 items
2020-10-22 23:09:47.3887 INFO GetRapidApiResults = Waiting for result. Time now is 22/10/2020 22:09:47, time to wait for is 25/10/2020 18:25:00
2020-10-22 23:09:47.3887 INFO GetRapidApiResults = Waiting for result. Time now is 22/10/2020 22:09:47, time to wait for is 23/10/2020 20:40:00
2020-10-22 23:10:05.4382 INFO SetCachedItem = setting cache for ForceUpdate*98e74a4c-c944-451e-a4ba-c4fe99ed7e18*1
2020-10-22 23:10:05.4382 INFO SetCachedItem = setting cache for ForceUpdate*98e74a4c-c944-451e-a4ba-c4fe99ed7e18*1
2020-10-22 23:10:09.3686 INFO GetRapidApiResults - Start
2020-10-22 23:10:09.3795 INFO GetRapidApiResults = rapidApiResultChecks has 2 items
2020-10-22 23:10:09.3795 INFO GetRapidApiResults = Waiting for result. Time now is 22/10/2020 22:10:09, time to wait for is 25/10/2020 18:25:00
2020-10-22 23:10:09.4025 INFO GetRapidApiResults = Waiting for result. Time now is 22/10/2020 22:10:09, time to wait for is 23/10/2020 20:40:00
2020-10-22 23:10:58.8452 INFO SetCachedItem = setting cache for ForceUpdate*98e74a4c-c944-451e-a4ba-c4fe99ed7e18*1
2020-10-22 23:10:58.8462 INFO SetCachedItem = setting cache for ForceUpdate*98e74a4c-c944-451e-a4ba-c4fe99ed7e18*1
2020-10-22 23:11:20.5446 INFO GetRapidApiResults - Start
2020-10-22 23:11:20.5446 INFO GetRapidApiResults = rapidApiResultChecks has 2 items
2020-10-22 23:11:20.5705 INFO GetRapidApiResults = Waiting for result. Time now is 22/10/2020 22:11:20, time to wait for is 25/10/2020 18:25:00
2020-10-22 23:11:20.5925 INFO GetRapidApiResults = Waiting for result. Time now is 22/10/2020 22:11:20, time to wait for is 23/10/2020 20:40:00
2020-10-22 23:12:30.7908 INFO GetRapidApiResults - Start
2020-10-22 23:12:30.7908 INFO GetRapidApiResults = rapidApiResultChecks has 2 items
2020-10-22 23:12:30.7908 INFO GetRapidApiResults = Waiting for result. Time now is 22/10/2020 22:12:30, time to wait for is 25/10/2020 18:25:00
2020-10-22 23:12:30.7908 INFO GetRapidApiResults = Waiting for result. Time now is 22/10/2020 22:12:30, time to wait for is 23/10/2020 20:40:00
2020-10-22 23:13:52.3032 INFO SetCachedItem = setting cache for ForceUpdate*98e74a4c-c944-451e-a4ba-c4fe99ed7e18*1
2020-10-22 23:13:52.3032 INFO SetCachedItem = setting cache for ForceUpdate*98e74a4c-c944-451e-a4ba-c4fe99ed7e18*1
2020-10-22 23:15:00.3542 INFO GetRapidApiResults - Start
2020-10-22 23:15:00.3542 INFO GetRapidApiResults = rapidApiResultChecks has 2 items
2020-10-22 23:15:00.3542 INFO GetRapidApiResults = Waiting for result. Time now is 22/10/2020 22:15:00, time to wait for is 25/10/2020 18:25:00
2020-10-22 23:15:00.3542 INFO GetRapidApiResults = Waiting for result. Time now is 22/10/2020 22:15:00, time to wait for is 23/10/2020 20:40:00
2020-10-22 23:15:28.2305 INFO SetCachedItem = setting cache for ForceUpdate*98e74a4c-c944-451e-a4ba-c4fe99ed7e18*1
2020-10-22 23:15:28.2305 INFO SetCachedItem = setting cache for ForceUpdate*98e74a4c-c944-451e-a4ba-c4fe99ed7e18*1
2020-10-22 23:15:32.1001 INFO GetRapidApiResults - Start
2020-10-22 23:15:32.1001 INFO GetRapidApiResults = rapidApiResultChecks has 2 items
2020-10-22 23:15:32.1250 INFO GetRapidApiResults = Waiting for result. Time now is 22/10/2020 22:15:32, time to wait for is 25/10/2020 18:25:00
2020-10-22 23:15:32.1390 INFO GetRapidApiResults = Waiting for result. Time now is 22/10/2020 22:15:32, time to wait for is 23/10/2020 20:40:00
2020-10-22 23:15:57.9690 INFO GetRapidApiResults - Start
2020-10-22 23:15:57.9690 INFO GetRapidApiResults = rapidApiResultChecks has 2 items
2020-10-22 23:15:57.9690 INFO GetRapidApiResults = Waiting for result. Time now is 22/10/2020 22:15:57, time to wait for is 25/10/2020 18:25:00
2020-10-22 23:15:57.9710 INFO GetRapidApiResults = Waiting for result. Time now is 22/10/2020 22:15:57, time to wait for is 23/10/2020 20:40:00
2020-10-22 23:16:22.3509 INFO GetRapidApiResults - Start
2020-10-22 23:16:22.3509 INFO GetRapidApiResults = rapidApiResultChecks has 2 items
2020-10-22 23:16:22.3509 INFO GetRapidApiResults = Waiting for result. Time now is 22/10/2020 22:16:22, time to wait for is 25/10/2020 18:25:00
2020-10-22 23:16:22.3509 INFO GetRapidApiResults = Waiting for result. Time now is 22/10/2020 22:16:22, time to wait for is 23/10/2020 20:40:00
2020-10-22 23:16:56.3907 INFO GetRapidApiResults - Start
2020-10-22 23:16:56.3907 INFO GetRapidApiResults = rapidApiResultChecks has 2 items
2020-10-22 23:16:56.3907 INFO GetRapidApiResults = Waiting for result. Time now is 22/10/2020 22:16:56, time to wait for is 25/10/2020 18:25:00
2020-10-22 23:16:56.3907 INFO GetRapidApiResults = Waiting for result. Time now is 22/10/2020 22:16:56, time to wait for is 23/10/2020 20:40:00
2020-10-22 23:17:52.7323 INFO Default Quartz.NET properties loaded from embedded resource file
2020-10-22 23:17:52.7932 INFO Initialized Scheduler Signaller of type: Quartz.Core.SchedulerSignalerImpl
2020-10-22 23:17:52.8171 INFO Quartz Scheduler v.3.2.2.0 created.
2020-10-22 23:17:52.8460 INFO JobFactory set to: Quartz.Simpl.PropertySettingJobFactory
2020-10-22 23:17:52.8660 INFO RAMJobStore initialized.
2020-10-22 23:17:52.8829 INFO Scheduler meta-data: Quartz Scheduler (v3.2.2.0) 'DefaultQuartzScheduler' with instanceId 'NON_CLUSTERED'
  Scheduler class: 'Quartz.Core.QuartzScheduler' - running locally.
  NOT STARTED.
  Currently in standby mode.
  Number of jobs executed: 0
  Using thread pool 'Quartz.Simpl.DefaultThreadPool' - with 10 threads.
  Using job-store 'Quartz.Simpl.RAMJobStore' - which does not support persistence. and is not clustered.

2020-10-22 23:17:52.8829 INFO Quartz scheduler 'DefaultQuartzScheduler' initialized
2020-10-22 23:17:52.8829 INFO Quartz scheduler version: 3.2.2.0
2020-10-22 23:17:52.8829 INFO Scheduler DefaultQuartzScheduler_$_NON_CLUSTERED started.
2020-10-22 23:17:53.0166 INFO Startup Configuration - Start
2020-10-22 23:17:53.0166 INFO SetEventCache - Start
2020-10-22 23:17:53.0635 INFO SetCachedItem = setting cache for Events
2020-10-22 23:17:53.0635 INFO SetCachedItem = setting cache for Events
2020-10-22 23:17:53.0675 INFO SetNextResultCheckDateTime - Start - roundUp = False
2020-10-22 23:17:53.0675 INFO SetNextResultCheckDateTime - rapidApiResultChecks == null
2020-10-22 23:17:53.1014 INFO SetNextResultCheckDateTime - Set League 2790 next check date to 25/10/2020 18:25:00
2020-10-22 23:17:53.1014 INFO SetNextResultCheckDateTime - Set League 2794 next check date to 23/10/2020 20:40:00
2020-10-22 23:17:53.1014 INFO SetCachedItem = setting cache for NextFixtureCheckDateTime
2020-10-22 23:17:53.1014 INFO SetCachedItem = setting cache for NextFixtureCheckDateTime
2020-10-22 23:17:53.7576 INFO GetRapidApiResults - Start
2020-10-22 23:17:53.7576 INFO GetRapidApiResults = rapidApiResultChecks has 2 items
2020-10-22 23:17:53.7746 INFO GetRapidApiResults = Waiting for result. Time now is 22/10/2020 22:17:53, time to wait for is 25/10/2020 18:25:00
2020-10-22 23:17:53.7836 INFO GetRapidApiResults = Waiting for result. Time now is 22/10/2020 22:17:53, time to wait for is 23/10/2020 20:40:00
2020-10-22 23:18:21.9199 INFO SetCachedItem = setting cache for ForceUpdate*98e74a4c-c944-451e-a4ba-c4fe99ed7e18*1
2020-10-22 23:18:21.9199 INFO SetCachedItem = setting cache for ForceUpdate*98e74a4c-c944-451e-a4ba-c4fe99ed7e18*1
2020-10-22 23:18:25.5617 INFO GetRapidApiResults - Start
2020-10-22 23:18:25.5617 INFO GetRapidApiResults = rapidApiResultChecks has 2 items
2020-10-22 23:18:25.5727 INFO GetRapidApiResults = Waiting for result. Time now is 22/10/2020 22:18:25, time to wait for is 25/10/2020 18:25:00
2020-10-22 23:18:25.5857 INFO GetRapidApiResults = Waiting for result. Time now is 22/10/2020 22:18:25, time to wait for is 23/10/2020 20:40:00
2020-10-22 23:18:42.6007 INFO GetRapidApiResults - Start
2020-10-22 23:18:42.6007 INFO GetRapidApiResults = rapidApiResultChecks has 2 items
2020-10-22 23:18:42.6007 INFO GetRapidApiResults = Waiting for result. Time now is 22/10/2020 22:18:42, time to wait for is 25/10/2020 18:25:00
2020-10-22 23:18:42.6007 INFO GetRapidApiResults = Waiting for result. Time now is 22/10/2020 22:18:42, time to wait for is 23/10/2020 20:40:00
2020-10-22 23:22:46.6785 INFO Default Quartz.NET properties loaded from embedded resource file
2020-10-22 23:22:46.7393 INFO Initialized Scheduler Signaller of type: Quartz.Core.SchedulerSignalerImpl
2020-10-22 23:22:46.7603 INFO Quartz Scheduler v.3.2.2.0 created.
2020-10-22 23:22:46.7902 INFO JobFactory set to: Quartz.Simpl.PropertySettingJobFactory
2020-10-22 23:22:46.8102 INFO RAMJobStore initialized.
2020-10-22 23:22:46.8151 INFO Scheduler meta-data: Quartz Scheduler (v3.2.2.0) 'DefaultQuartzScheduler' with instanceId 'NON_CLUSTERED'
  Scheduler class: 'Quartz.Core.QuartzScheduler' - running locally.
  NOT STARTED.
  Currently in standby mode.
  Number of jobs executed: 0
  Using thread pool 'Quartz.Simpl.DefaultThreadPool' - with 10 threads.
  Using job-store 'Quartz.Simpl.RAMJobStore' - which does not support persistence. and is not clustered.

2020-10-22 23:22:46.8151 INFO Quartz scheduler 'DefaultQuartzScheduler' initialized
2020-10-22 23:22:46.8151 INFO Quartz scheduler version: 3.2.2.0
2020-10-22 23:22:46.8151 INFO Scheduler DefaultQuartzScheduler_$_NON_CLUSTERED started.
2020-10-22 23:22:46.9588 INFO Startup Configuration - Start
2020-10-22 23:22:46.9588 INFO SetEventCache - Start
2020-10-22 23:22:47.0066 INFO SetCachedItem = setting cache for Events
2020-10-22 23:22:47.0066 INFO SetCachedItem = setting cache for Events
2020-10-22 23:22:47.0066 INFO SetNextResultCheckDateTime - Start - roundUp = False
2020-10-22 23:22:47.0066 INFO SetNextResultCheckDateTime - rapidApiResultChecks == null
2020-10-22 23:22:47.0465 INFO SetNextResultCheckDateTime - Set League 2790 next check date to 25/10/2020 18:25:00
2020-10-22 23:22:47.0465 INFO SetNextResultCheckDateTime - Set League 2794 next check date to 23/10/2020 20:40:00
2020-10-22 23:22:47.0465 INFO SetCachedItem = setting cache for NextFixtureCheckDateTime
2020-10-22 23:22:47.0465 INFO SetCachedItem = setting cache for NextFixtureCheckDateTime
2020-10-22 23:22:47.6898 INFO GetRapidApiResults - Start
2020-10-22 23:22:47.6898 INFO GetRapidApiResults = rapidApiResultChecks has 2 items
2020-10-22 23:22:47.7078 INFO GetRapidApiResults = Waiting for result. Time now is 22/10/2020 22:22:47, time to wait for is 25/10/2020 18:25:00
2020-10-22 23:22:47.7078 INFO GetRapidApiResults = Waiting for result. Time now is 22/10/2020 22:22:47, time to wait for is 23/10/2020 20:40:00
2020-10-22 23:23:13.7478 INFO SetCachedItem = setting cache for ForceUpdate*98e74a4c-c944-451e-a4ba-c4fe99ed7e18*1
2020-10-22 23:23:13.7478 INFO SetCachedItem = setting cache for ForceUpdate*98e74a4c-c944-451e-a4ba-c4fe99ed7e18*1
2020-10-22 23:23:17.8531 INFO GetRapidApiResults - Start
2020-10-22 23:23:17.8531 INFO GetRapidApiResults = rapidApiResultChecks has 2 items
2020-10-22 23:23:17.8531 INFO GetRapidApiResults = Waiting for result. Time now is 22/10/2020 22:23:17, time to wait for is 25/10/2020 18:25:00
2020-10-22 23:23:17.8531 INFO GetRapidApiResults = Waiting for result. Time now is 22/10/2020 22:23:17, time to wait for is 23/10/2020 20:40:00
2020-10-22 23:23:53.3417 INFO SetCachedItem = setting cache for ForceUpdate*98e74a4c-c944-451e-a4ba-c4fe99ed7e18*1
2020-10-22 23:23:53.3417 INFO SetCachedItem = setting cache for ForceUpdate*98e74a4c-c944-451e-a4ba-c4fe99ed7e18*1
2020-10-22 23:23:57.1837 INFO GetRapidApiResults - Start
2020-10-22 23:23:57.1837 INFO GetRapidApiResults = rapidApiResultChecks has 2 items
2020-10-22 23:23:57.1996 INFO GetRapidApiResults = Waiting for result. Time now is 22/10/2020 22:23:57, time to wait for is 25/10/2020 18:25:00
2020-10-22 23:23:57.2126 INFO GetRapidApiResults = Waiting for result. Time now is 22/10/2020 22:23:57, time to wait for is 23/10/2020 20:40:00
2020-10-22 23:24:09.0138 INFO GetRapidApiResults - Start
2020-10-22 23:24:09.0138 INFO GetRapidApiResults = rapidApiResultChecks has 2 items
2020-10-22 23:24:09.0138 INFO GetRapidApiResults = Waiting for result. Time now is 22/10/2020 22:24:09, time to wait for is 25/10/2020 18:25:00
2020-10-22 23:24:09.0138 INFO GetRapidApiResults = Waiting for result. Time now is 22/10/2020 22:24:09, time to wait for is 23/10/2020 20:40:00
2020-10-22 23:24:25.6018 INFO SetCachedItem = setting cache for ForceUpdate*98e74a4c-c944-451e-a4ba-c4fe99ed7e18*1
2020-10-22 23:24:25.6018 INFO SetCachedItem = setting cache for ForceUpdate*98e74a4c-c944-451e-a4ba-c4fe99ed7e18*1
2020-10-22 23:24:29.3667 INFO GetRapidApiResults - Start
2020-10-22 23:24:29.3667 INFO GetRapidApiResults = rapidApiResultChecks has 2 items
2020-10-22 23:24:29.3787 INFO GetRapidApiResults = Waiting for result. Time now is 22/10/2020 22:24:29, time to wait for is 25/10/2020 18:25:00
2020-10-22 23:24:29.3787 INFO GetRapidApiResults = Waiting for result. Time now is 22/10/2020 22:24:29, time to wait for is 23/10/2020 20:40:00
2020-10-22 23:24:36.1291 INFO GetRapidApiResults - Start
2020-10-22 23:24:36.1291 INFO GetRapidApiResults = rapidApiResultChecks has 2 items
2020-10-22 23:24:36.1291 INFO GetRapidApiResults = Waiting for result. Time now is 22/10/2020 22:24:36, time to wait for is 25/10/2020 18:25:00
2020-10-22 23:24:36.1291 INFO GetRapidApiResults = Waiting for result. Time now is 22/10/2020 22:24:36, time to wait for is 23/10/2020 20:40:00
