2020-11-23 21:51:06.5511 INFO Default Quartz.NET properties loaded from embedded resource file
2020-11-23 21:51:06.5910 INFO Initialized Scheduler Signaller of type: Quartz.Core.SchedulerSignalerImpl
2020-11-23 21:51:06.5910 INFO Quartz Scheduler v.3.2.2.0 created.
2020-11-23 21:51:06.5910 INFO JobFactory set to: Quartz.Simpl.PropertySettingJobFactory
2020-11-23 21:51:06.5910 INFO RAMJobStore initialized.
2020-11-23 21:51:06.5910 INFO Scheduler meta-data: Quartz Scheduler (v3.2.2.0) 'DefaultQuartzScheduler' with instanceId 'NON_CLUSTERED'
  Scheduler class: 'Quartz.Core.QuartzScheduler' - running locally.
  NOT STARTED.
  Currently in standby mode.
  Number of jobs executed: 0
  Using thread pool 'Quartz.Simpl.DefaultThreadPool' - with 10 threads.
  Using job-store 'Quartz.Simpl.RAMJobStore' - which does not support persistence. and is not clustered.

2020-11-23 21:51:06.5910 INFO Quartz scheduler 'DefaultQuartzScheduler' initialized
2020-11-23 21:51:06.5910 INFO Quartz scheduler version: 3.2.2.0
2020-11-23 21:51:06.5980 INFO Scheduler DefaultQuartzScheduler_$_NON_CLUSTERED started.
2020-11-23 21:51:07.2772 INFO Startup Configuration - Start
2020-11-23 21:51:07.2772 INFO SetEventCache - Start
2020-11-23 21:51:07.3101 INFO SetCachedItem = setting cache for Events
2020-11-23 21:51:07.3101 INFO SetCachedItem = setting cache for Events, with Expiry Date of 23/12/2020 21:51:07
2020-11-23 21:51:07.3141 INFO SetNextResultCheckDateTime - Start - roundUp = False
2020-11-23 21:51:07.3141 INFO SetNextResultCheckDateTime - rapidApiResultChecks == null
2020-11-23 21:51:07.3370 INFO SetNextResultCheckDateTime - Set League 1422 next check date to 18/11/2020 21:40:00
2020-11-23 21:51:07.3370 INFO SetCachedItem = setting cache for NextFixtureCheckDateTime
2020-11-23 21:51:07.3370 INFO SetCachedItem = setting cache for NextFixtureCheckDateTime, with Expiry Date of 23/12/2020 21:51:07
2020-11-23 21:51:19.2682 INFO Account - Login (HttpPost) - pete@salsbury.co.uk logged in
2020-11-23 21:52:00.0436 INFO GetRapidApiResults = Getting results from RapidApi 1422. FixtureDateTime = 18/11/2020 00:00:00, Now = 23/11/2020 21:52:00
2020-11-23 21:52:00.0436 INFO FixturesByLeague - League = 1422
2020-11-23 21:52:03.0932 INFO SetEventCache - Start
2020-11-23 21:52:03.0992 INFO SetCachedItem = setting cache for Events
2020-11-23 21:52:03.0992 INFO SetCachedItem = setting cache for Events, with Expiry Date of 23/12/2020 21:52:03
2020-11-23 21:52:03.0992 INFO SetNextResultCheckDateTime - Start - roundUp = True
2020-11-23 21:52:03.1113 INFO SetCachedItem = setting cache for NextFixtureCheckDateTime
2020-11-23 21:52:03.1113 INFO SetCachedItem = setting cache for NextFixtureCheckDateTime, with Expiry Date of 23/12/2020 21:52:03
2020-11-23 21:52:03.1113 INFO DailyRapidApiLeagueCheck --> lastDate = 18/11/2020 00:00:00, Now = 23/11/2020 00:00:00
2020-11-23 21:52:03.1273 INFO SetCachedItem = setting cache for DailyRapidApiLeagueCheck, with Expiry Date of 24/11/2020 00:00:00
2020-11-23 21:52:03.1273 INFO DailyRapidApiLeagueCheck --> Performing daily league update
2020-11-23 21:52:03.1273 INFO FixturesByLeague - League = 2790
2020-11-23 21:52:06.2198 INFO SetEventCache - Start
2020-11-23 21:52:06.2228 INFO SetCachedItem = setting cache for Events
2020-11-23 21:52:06.2228 INFO SetCachedItem = setting cache for Events, with Expiry Date of 23/12/2020 21:52:06
2020-11-23 21:52:06.2228 INFO FixturesByLeague - League = 2794
2020-11-23 21:52:11.1092 INFO SetEventCache - Start
2020-11-23 21:52:11.1122 INFO SetCachedItem = setting cache for Events
2020-11-23 21:52:11.1122 INFO SetCachedItem = setting cache for Events, with Expiry Date of 23/12/2020 21:52:11
2020-11-23 21:52:11.1122 INFO FixturesByLeague - League = 1422
2020-11-23 22:13:01.7775 INFO Default Quartz.NET properties loaded from embedded resource file
2020-11-23 22:13:01.8433 INFO Initialized Scheduler Signaller of type: Quartz.Core.SchedulerSignalerImpl
2020-11-23 22:13:01.8453 INFO Quartz Scheduler v.3.2.2.0 created.
2020-11-23 22:13:01.8453 INFO JobFactory set to: Quartz.Simpl.PropertySettingJobFactory
2020-11-23 22:13:01.8453 INFO RAMJobStore initialized.
2020-11-23 22:13:01.8623 INFO Scheduler meta-data: Quartz Scheduler (v3.2.2.0) 'DefaultQuartzScheduler' with instanceId 'NON_CLUSTERED'
  Scheduler class: 'Quartz.Core.QuartzScheduler' - running locally.
  NOT STARTED.
  Currently in standby mode.
  Number of jobs executed: 0
  Using thread pool 'Quartz.Simpl.DefaultThreadPool' - with 10 threads.
  Using job-store 'Quartz.Simpl.RAMJobStore' - which does not support persistence. and is not clustered.

2020-11-23 22:13:01.8623 INFO Quartz scheduler 'DefaultQuartzScheduler' initialized
2020-11-23 22:13:01.8762 INFO Quartz scheduler version: 3.2.2.0
2020-11-23 22:13:01.8922 INFO Scheduler DefaultQuartzScheduler_$_NON_CLUSTERED started.
2020-11-23 22:13:02.5075 INFO Startup Configuration - Start
2020-11-23 22:13:02.5075 INFO SetEventCache - Start
2020-11-23 22:13:02.5554 INFO SetCachedItem = setting cache for Events
2020-11-23 22:13:02.5554 INFO SetCachedItem = setting cache for Events, with Expiry Date of 23/12/2020 22:13:02
2020-11-23 22:13:02.5554 INFO SetNextResultCheckDateTime - Start - roundUp = False
2020-11-23 22:13:02.5554 INFO SetNextResultCheckDateTime - rapidApiResultChecks == null
2020-11-23 22:13:02.5883 INFO SetCachedItem = setting cache for NextFixtureCheckDateTime
2020-11-23 22:13:02.5883 INFO SetCachedItem = setting cache for NextFixtureCheckDateTime, with Expiry Date of 23/12/2020 22:13:02
2020-11-23 22:14:00.1367 INFO SetCachedItem = setting cache for DailyRapidApiLeagueCheck, with Expiry Date of 24/11/2020 00:00:00
2020-11-23 22:25:51.8351 INFO Default Quartz.NET properties loaded from embedded resource file
2020-11-23 22:25:51.8950 INFO Initialized Scheduler Signaller of type: Quartz.Core.SchedulerSignalerImpl
2020-11-23 22:25:51.9219 INFO Quartz Scheduler v.3.2.2.0 created.
2020-11-23 22:25:51.9568 INFO JobFactory set to: Quartz.Simpl.PropertySettingJobFactory
2020-11-23 22:25:51.9757 INFO RAMJobStore initialized.
2020-11-23 22:25:51.9757 INFO Scheduler meta-data: Quartz Scheduler (v3.2.2.0) 'DefaultQuartzScheduler' with instanceId 'NON_CLUSTERED'
  Scheduler class: 'Quartz.Core.QuartzScheduler' - running locally.
  NOT STARTED.
  Currently in standby mode.
  Number of jobs executed: 0
  Using thread pool 'Quartz.Simpl.DefaultThreadPool' - with 10 threads.
  Using job-store 'Quartz.Simpl.RAMJobStore' - which does not support persistence. and is not clustered.

2020-11-23 22:25:51.9757 INFO Quartz scheduler 'DefaultQuartzScheduler' initialized
2020-11-23 22:25:51.9757 INFO Quartz scheduler version: 3.2.2.0
2020-11-23 22:25:51.9917 INFO Scheduler DefaultQuartzScheduler_$_NON_CLUSTERED started.
2020-11-23 22:25:52.1313 INFO Startup Configuration - Start
2020-11-23 22:25:52.1313 INFO SetEventCache - Start
2020-11-23 22:25:52.1782 INFO SetCachedItem = setting cache for Events
2020-11-23 22:25:52.1782 INFO SetCachedItem = setting cache for Events, with Expiry Date of 23/12/2020 22:25:52
2020-11-23 22:25:52.1782 INFO SetNextResultCheckDateTime - Start - roundUp = False
2020-11-23 22:25:52.1782 INFO SetNextResultCheckDateTime - rapidApiResultChecks == null
2020-11-23 22:25:52.2161 INFO SetCachedItem = setting cache for NextFixtureCheckDateTime
2020-11-23 22:25:52.2161 INFO SetCachedItem = setting cache for NextFixtureCheckDateTime, with Expiry Date of 23/12/2020 22:25:52
2020-11-23 22:26:00.0539 INFO SetCachedItem = setting cache for DailyRapidApiLeagueCheck, with Expiry Date of 24/11/2020 00:00:00
2020-11-23 22:29:36.8910 INFO Default Quartz.NET properties loaded from embedded resource file
2020-11-23 22:29:36.9479 INFO Initialized Scheduler Signaller of type: Quartz.Core.SchedulerSignalerImpl
2020-11-23 22:29:36.9828 INFO Quartz Scheduler v.3.2.2.0 created.
2020-11-23 22:29:37.0157 INFO JobFactory set to: Quartz.Simpl.PropertySettingJobFactory
2020-11-23 22:29:37.0306 INFO RAMJobStore initialized.
2020-11-23 22:29:37.0346 INFO Scheduler meta-data: Quartz Scheduler (v3.2.2.0) 'DefaultQuartzScheduler' with instanceId 'NON_CLUSTERED'
  Scheduler class: 'Quartz.Core.QuartzScheduler' - running locally.
  NOT STARTED.
  Currently in standby mode.
  Number of jobs executed: 0
  Using thread pool 'Quartz.Simpl.DefaultThreadPool' - with 10 threads.
  Using job-store 'Quartz.Simpl.RAMJobStore' - which does not support persistence. and is not clustered.

2020-11-23 22:29:37.0346 INFO Quartz scheduler 'DefaultQuartzScheduler' initialized
2020-11-23 22:29:37.0346 INFO Quartz scheduler version: 3.2.2.0
2020-11-23 22:29:37.0346 INFO Scheduler DefaultQuartzScheduler_$_NON_CLUSTERED started.
2020-11-23 22:29:37.1703 INFO Startup Configuration - Start
2020-11-23 22:29:37.1703 INFO SetEventCache - Start
2020-11-23 22:29:37.2172 INFO SetCachedItem = setting cache for Events
2020-11-23 22:29:37.2172 INFO SetCachedItem = setting cache for Events, with Expiry Date of 23/12/2020 22:29:37
2020-11-23 22:29:37.2221 INFO SetNextResultCheckDateTime - Start - roundUp = False
2020-11-23 22:29:37.2221 INFO SetNextResultCheckDateTime - rapidApiResultChecks == null
2020-11-23 22:29:37.2571 INFO SetCachedItem = setting cache for NextFixtureCheckDateTime
2020-11-23 22:29:37.2571 INFO SetCachedItem = setting cache for NextFixtureCheckDateTime, with Expiry Date of 23/12/2020 22:29:37
2020-11-23 22:30:00.1672 INFO SetCachedItem = setting cache for DailyRapidApiLeagueCheck, with Expiry Date of 24/11/2020 00:00:00
2020-11-23 22:35:00.6478 INFO Default Quartz.NET properties loaded from embedded resource file
2020-11-23 22:35:00.7067 INFO Initialized Scheduler Signaller of type: Quartz.Core.SchedulerSignalerImpl
2020-11-23 22:35:00.7236 INFO Quartz Scheduler v.3.2.2.0 created.
2020-11-23 22:35:00.7556 INFO JobFactory set to: Quartz.Simpl.PropertySettingJobFactory
2020-11-23 22:35:00.7745 INFO RAMJobStore initialized.
2020-11-23 22:35:00.7745 INFO Scheduler meta-data: Quartz Scheduler (v3.2.2.0) 'DefaultQuartzScheduler' with instanceId 'NON_CLUSTERED'
  Scheduler class: 'Quartz.Core.QuartzScheduler' - running locally.
  NOT STARTED.
  Currently in standby mode.
  Number of jobs executed: 0
  Using thread pool 'Quartz.Simpl.DefaultThreadPool' - with 10 threads.
  Using job-store 'Quartz.Simpl.RAMJobStore' - which does not support persistence. and is not clustered.

2020-11-23 22:35:00.7745 INFO Quartz scheduler 'DefaultQuartzScheduler' initialized
2020-11-23 22:35:00.7745 INFO Quartz scheduler version: 3.2.2.0
2020-11-23 22:35:00.7915 INFO Scheduler DefaultQuartzScheduler_$_NON_CLUSTERED started.
2020-11-23 22:35:00.8772 INFO SetNextResultCheckDateTime - Start - roundUp = False
2020-11-23 22:35:00.8772 INFO SetNextResultCheckDateTime - rapidApiResultChecks == null
2020-11-23 22:35:00.9141 INFO SetCachedItem = setting cache for NextFixtureCheckDateTime
2020-11-23 22:35:00.9141 INFO SetCachedItem = setting cache for NextFixtureCheckDateTime, with Expiry Date of 23/12/2020 22:35:00
2020-11-23 22:35:00.9391 INFO SetCachedItem = setting cache for DailyRapidApiLeagueCheck, with Expiry Date of 24/11/2020 00:00:00
2020-11-23 22:35:00.9391 INFO Startup Configuration - Start
2020-11-23 22:35:00.9391 INFO SetEventCache - Start
2020-11-23 22:35:00.9810 INFO SetCachedItem = setting cache for Events
2020-11-23 22:35:00.9810 INFO SetCachedItem = setting cache for Events, with Expiry Date of 23/12/2020 22:35:00
2020-11-23 22:35:00.9810 INFO SetNextResultCheckDateTime - Start - roundUp = False
2020-11-23 22:55:37.2681 INFO Default Quartz.NET properties loaded from embedded resource file
2020-11-23 22:55:37.3249 INFO Initialized Scheduler Signaller of type: Quartz.Core.SchedulerSignalerImpl
2020-11-23 22:55:37.3398 INFO Quartz Scheduler v.3.2.2.0 created.
2020-11-23 22:55:37.3688 INFO JobFactory set to: Quartz.Simpl.PropertySettingJobFactory
2020-11-23 22:55:37.3937 INFO RAMJobStore initialized.
2020-11-23 22:55:37.3937 INFO Scheduler meta-data: Quartz Scheduler (v3.2.2.0) 'DefaultQuartzScheduler' with instanceId 'NON_CLUSTERED'
  Scheduler class: 'Quartz.Core.QuartzScheduler' - running locally.
  NOT STARTED.
  Currently in standby mode.
  Number of jobs executed: 0
  Using thread pool 'Quartz.Simpl.DefaultThreadPool' - with 10 threads.
  Using job-store 'Quartz.Simpl.RAMJobStore' - which does not support persistence. and is not clustered.

2020-11-23 22:55:37.3937 INFO Quartz scheduler 'DefaultQuartzScheduler' initialized
2020-11-23 22:55:37.3937 INFO Quartz scheduler version: 3.2.2.0
2020-11-23 22:55:37.4117 INFO Scheduler DefaultQuartzScheduler_$_NON_CLUSTERED started.
2020-11-23 22:55:37.5553 INFO Startup Configuration - Start
2020-11-23 22:55:37.5553 INFO SetEventCache - Start
2020-11-23 22:55:37.6022 INFO SetCachedItem = setting cache for Events
2020-11-23 22:55:37.6022 INFO SetCachedItem = setting cache for Events, with Expiry Date of 23/12/2020 22:55:37
2020-11-23 22:55:37.6022 INFO SetNextResultCheckDateTime - Start - roundUp = False
2020-11-23 22:55:37.6022 INFO SetNextResultCheckDateTime - rapidApiResultChecks == null
2020-11-23 22:55:37.6401 INFO SetCachedItem = setting cache for NextFixtureCheckDateTime
2020-11-23 22:55:37.6401 INFO SetCachedItem = setting cache for NextFixtureCheckDateTime, with Expiry Date of 23/12/2020 22:55:37
2020-11-23 22:56:00.0480 INFO SetCachedItem = setting cache for DailyRapidApiLeagueCheck, with Expiry Date of 24/11/2020 00:00:00
