2020-12-27 14:16:33.8608 INFO Default Quartz.NET properties loaded from embedded resource file
2020-12-27 14:16:33.9206 INFO Initialized Scheduler Signaller of type: Quartz.Core.SchedulerSignalerImpl
2020-12-27 14:16:33.9226 INFO Quartz Scheduler v.3.2.2.0 created.
2020-12-27 14:16:33.9226 INFO JobFactory set to: Quartz.Simpl.PropertySettingJobFactory
2020-12-27 14:16:33.9226 INFO RAMJobStore initialized.
2020-12-27 14:16:33.9226 INFO Scheduler meta-data: Quartz Scheduler (v3.2.2.0) 'DefaultQuartzScheduler' with instanceId 'NON_CLUSTERED'
  Scheduler class: 'Quartz.Core.QuartzScheduler' - running locally.
  NOT STARTED.
  Currently in standby mode.
  Number of jobs executed: 0
  Using thread pool 'Quartz.Simpl.DefaultThreadPool' - with 10 threads.
  Using job-store 'Quartz.Simpl.RAMJobStore' - which does not support persistence. and is not clustered.

2020-12-27 14:16:33.9226 INFO Quartz scheduler 'DefaultQuartzScheduler' initialized
2020-12-27 14:16:33.9226 INFO Quartz scheduler version: 3.2.2.0
2020-12-27 14:16:33.9406 INFO Scheduler DefaultQuartzScheduler_$_NON_CLUSTERED started.
2020-12-27 14:16:34.0663 INFO Startup Configuration - Start
2020-12-27 14:16:34.0663 INFO SetEventCache - Start
2020-12-27 14:16:34.2029 INFO SetCachedItem = setting cache for Events
2020-12-27 14:16:34.2039 INFO SetCachedItem = setting cache for Events, with Expiry Date of 26/01/2021 14:16:34
2020-12-27 14:16:34.2039 INFO SetNextResultCheckDateTime - Start - roundUp = False
2020-12-27 14:16:34.2039 INFO SetNextResultCheckDateTime - rapidApiResultChecks == null
2020-12-27 14:16:34.2488 INFO SetNextResultCheckDateTime - Set League 2790 next check date to 26/12/2020 14:25:00
2020-12-27 14:16:34.2488 INFO SetCachedItem = setting cache for NextFixtureCheckDateTime
2020-12-27 14:16:34.2488 INFO SetCachedItem = setting cache for NextFixtureCheckDateTime, with Expiry Date of 26/01/2021 14:16:34
2020-12-27 14:17:00.0319 INFO GetRapidApiResults = Getting results from RapidApi 2790. FixtureDateTime = 26/12/2020 00:00:00, Now = 27/12/2020 14:17:00
2020-12-27 14:17:00.0319 INFO FixturesByLeague - League = 2790
2020-12-27 14:17:03.6521 INFO Account - Login (HttpPost) - p_salsbury@yahoo.co.uk logged in
2020-12-27 14:17:04.3123 INFO SetEventCache - Start
2020-12-27 14:17:04.3173 INFO SetCachedItem = setting cache for Events
2020-12-27 14:17:04.3173 INFO SetCachedItem = setting cache for Events, with Expiry Date of 26/01/2021 14:17:04
2020-12-27 14:17:04.3173 INFO SetNextResultCheckDateTime - Start - roundUp = True
2020-12-27 14:17:04.3283 INFO SetNextResultCheckDateTime - Set League 2790 next check date to 27/12/2020 16:10:00
2020-12-27 14:17:04.3283 INFO SetCachedItem = setting cache for NextFixtureCheckDateTime
2020-12-27 14:17:04.3283 INFO SetCachedItem = setting cache for NextFixtureCheckDateTime, with Expiry Date of 26/01/2021 14:17:04
2020-12-27 14:17:04.3283 INFO DailyRapidApiLeagueCheck --> lastDate = 21/12/2020 00:00:00, Now = 27/12/2020 00:00:00
2020-12-27 14:17:04.3462 INFO SetCachedItem = setting cache for DailyRapidApiLeagueCheck, with Expiry Date of 28/12/2020 00:00:00
2020-12-27 14:17:04.3462 INFO DailyRapidApiLeagueCheck --> Performing daily league update
2020-12-27 14:17:04.5138 INFO SetEventCache - Start
2020-12-27 14:17:04.5178 INFO SetCachedItem = setting cache for Events
2020-12-27 14:17:04.5178 INFO SetCachedItem = setting cache for Events, with Expiry Date of 26/01/2021 14:17:04
2020-12-27 14:24:24.1043 INFO Default Quartz.NET properties loaded from embedded resource file
2020-12-27 14:24:24.1612 INFO Initialized Scheduler Signaller of type: Quartz.Core.SchedulerSignalerImpl
2020-12-27 14:24:24.1781 INFO Quartz Scheduler v.3.2.2.0 created.
2020-12-27 14:24:24.1911 INFO JobFactory set to: Quartz.Simpl.PropertySettingJobFactory
2020-12-27 14:24:24.1911 INFO RAMJobStore initialized.
2020-12-27 14:24:24.2041 INFO Scheduler meta-data: Quartz Scheduler (v3.2.2.0) 'DefaultQuartzScheduler' with instanceId 'NON_CLUSTERED'
  Scheduler class: 'Quartz.Core.QuartzScheduler' - running locally.
  NOT STARTED.
  Currently in standby mode.
  Number of jobs executed: 0
  Using thread pool 'Quartz.Simpl.DefaultThreadPool' - with 10 threads.
  Using job-store 'Quartz.Simpl.RAMJobStore' - which does not support persistence. and is not clustered.

2020-12-27 14:24:24.2041 INFO Quartz scheduler 'DefaultQuartzScheduler' initialized
2020-12-27 14:24:24.2041 INFO Quartz scheduler version: 3.2.2.0
2020-12-27 14:24:24.2041 INFO Scheduler DefaultQuartzScheduler_$_NON_CLUSTERED started.
2020-12-27 14:24:24.3626 INFO Startup Configuration - Start
2020-12-27 14:24:24.3626 INFO SetEventCache - Start
2020-12-27 14:24:24.4305 INFO SetCachedItem = setting cache for Events
2020-12-27 14:24:24.4305 INFO SetCachedItem = setting cache for Events, with Expiry Date of 26/01/2021 14:24:24
2020-12-27 14:24:24.4305 INFO SetNextResultCheckDateTime - Start - roundUp = False
2020-12-27 14:24:24.4305 INFO SetNextResultCheckDateTime - rapidApiResultChecks == null
2020-12-27 14:24:24.4753 INFO SetNextResultCheckDateTime - Set League 2790 next check date to 27/12/2020 16:10:00
2020-12-27 14:24:24.4753 INFO SetCachedItem = setting cache for NextFixtureCheckDateTime
2020-12-27 14:24:24.4753 INFO SetCachedItem = setting cache for NextFixtureCheckDateTime, with Expiry Date of 26/01/2021 14:24:24
2020-12-27 14:25:00.0484 INFO SetCachedItem = setting cache for DailyRapidApiLeagueCheck, with Expiry Date of 28/12/2020 00:00:00
2020-12-27 14:50:19.3682 INFO Default Quartz.NET properties loaded from embedded resource file
2020-12-27 14:50:19.4260 INFO Initialized Scheduler Signaller of type: Quartz.Core.SchedulerSignalerImpl
2020-12-27 14:50:19.4380 INFO Quartz Scheduler v.3.2.2.0 created.
2020-12-27 14:50:19.4380 INFO JobFactory set to: Quartz.Simpl.PropertySettingJobFactory
2020-12-27 14:50:19.4619 INFO RAMJobStore initialized.
2020-12-27 14:50:19.4619 INFO Scheduler meta-data: Quartz Scheduler (v3.2.2.0) 'DefaultQuartzScheduler' with instanceId 'NON_CLUSTERED'
  Scheduler class: 'Quartz.Core.QuartzScheduler' - running locally.
  NOT STARTED.
  Currently in standby mode.
  Number of jobs executed: 0
  Using thread pool 'Quartz.Simpl.DefaultThreadPool' - with 10 threads.
  Using job-store 'Quartz.Simpl.RAMJobStore' - which does not support persistence. and is not clustered.

2020-12-27 14:50:19.4619 INFO Quartz scheduler 'DefaultQuartzScheduler' initialized
2020-12-27 14:50:19.4619 INFO Quartz scheduler version: 3.2.2.0
2020-12-27 14:50:19.4769 INFO Scheduler DefaultQuartzScheduler_$_NON_CLUSTERED started.
2020-12-27 14:50:19.6574 INFO Startup Configuration - Start
2020-12-27 14:50:19.6574 INFO SetEventCache - Start
2020-12-27 14:50:19.7302 INFO SetCachedItem = setting cache for Events
2020-12-27 14:50:19.7302 INFO SetCachedItem = setting cache for Events, with Expiry Date of 26/01/2021 14:50:19
2020-12-27 14:50:19.7352 INFO SetNextResultCheckDateTime - Start - roundUp = False
2020-12-27 14:50:19.7352 INFO SetNextResultCheckDateTime - rapidApiResultChecks == null
2020-12-27 14:50:19.7841 INFO SetNextResultCheckDateTime - Set League 2790 next check date to 27/12/2020 16:10:00
2020-12-27 14:50:19.7841 INFO SetCachedItem = setting cache for NextFixtureCheckDateTime
2020-12-27 14:50:19.7841 INFO SetCachedItem = setting cache for NextFixtureCheckDateTime, with Expiry Date of 26/01/2021 14:50:19
2020-12-27 14:51:00.2058 INFO SetCachedItem = setting cache for DailyRapidApiLeagueCheck, with Expiry Date of 28/12/2020 00:00:00
2020-12-27 15:41:37.9297 INFO Default Quartz.NET properties loaded from embedded resource file
2020-12-27 15:41:37.9855 INFO Initialized Scheduler Signaller of type: Quartz.Core.SchedulerSignalerImpl
2020-12-27 15:41:37.9855 INFO Quartz Scheduler v.3.2.2.0 created.
2020-12-27 15:41:38.0114 INFO JobFactory set to: Quartz.Simpl.PropertySettingJobFactory
2020-12-27 15:41:38.0214 INFO RAMJobStore initialized.
2020-12-27 15:41:38.0214 INFO Scheduler meta-data: Quartz Scheduler (v3.2.2.0) 'DefaultQuartzScheduler' with instanceId 'NON_CLUSTERED'
  Scheduler class: 'Quartz.Core.QuartzScheduler' - running locally.
  NOT STARTED.
  Currently in standby mode.
  Number of jobs executed: 0
  Using thread pool 'Quartz.Simpl.DefaultThreadPool' - with 10 threads.
  Using job-store 'Quartz.Simpl.RAMJobStore' - which does not support persistence. and is not clustered.

2020-12-27 15:41:38.0214 INFO Quartz scheduler 'DefaultQuartzScheduler' initialized
2020-12-27 15:41:38.0214 INFO Quartz scheduler version: 3.2.2.0
2020-12-27 15:41:38.0334 INFO Scheduler DefaultQuartzScheduler_$_NON_CLUSTERED started.
2020-12-27 15:41:38.1750 INFO Startup Configuration - Start
2020-12-27 15:41:38.1750 INFO SetEventCache - Start
2020-12-27 15:41:38.2458 INFO SetCachedItem = setting cache for Events
2020-12-27 15:41:38.2458 INFO SetCachedItem = setting cache for Events, with Expiry Date of 26/01/2021 15:41:38
2020-12-27 15:41:38.2508 INFO SetNextResultCheckDateTime - Start - roundUp = False
2020-12-27 15:41:38.2508 INFO SetNextResultCheckDateTime - rapidApiResultChecks == null
2020-12-27 15:41:38.2957 INFO SetNextResultCheckDateTime - Set League 2790 next check date to 27/12/2020 16:10:00
2020-12-27 15:41:38.2957 INFO SetCachedItem = setting cache for NextFixtureCheckDateTime
2020-12-27 15:41:38.2957 INFO SetCachedItem = setting cache for NextFixtureCheckDateTime, with Expiry Date of 26/01/2021 15:41:38
2020-12-27 15:44:09.9553 INFO Default Quartz.NET properties loaded from embedded resource file
2020-12-27 15:44:10.0121 INFO Initialized Scheduler Signaller of type: Quartz.Core.SchedulerSignalerImpl
2020-12-27 15:44:10.0231 INFO Quartz Scheduler v.3.2.2.0 created.
2020-12-27 15:44:10.0371 INFO JobFactory set to: Quartz.Simpl.PropertySettingJobFactory
2020-12-27 15:44:10.0471 INFO RAMJobStore initialized.
2020-12-27 15:44:10.0471 INFO Scheduler meta-data: Quartz Scheduler (v3.2.2.0) 'DefaultQuartzScheduler' with instanceId 'NON_CLUSTERED'
  Scheduler class: 'Quartz.Core.QuartzScheduler' - running locally.
  NOT STARTED.
  Currently in standby mode.
  Number of jobs executed: 0
  Using thread pool 'Quartz.Simpl.DefaultThreadPool' - with 10 threads.
  Using job-store 'Quartz.Simpl.RAMJobStore' - which does not support persistence. and is not clustered.

2020-12-27 15:44:10.0471 INFO Quartz scheduler 'DefaultQuartzScheduler' initialized
2020-12-27 15:44:10.0471 INFO Quartz scheduler version: 3.2.2.0
2020-12-27 15:44:10.0471 INFO Scheduler DefaultQuartzScheduler_$_NON_CLUSTERED started.
2020-12-27 15:44:10.1847 INFO Startup Configuration - Start
2020-12-27 15:44:10.1897 INFO SetEventCache - Start
2020-12-27 15:44:10.2934 INFO SetCachedItem = setting cache for Events
2020-12-27 15:44:10.2934 INFO SetCachedItem = setting cache for Events, with Expiry Date of 26/01/2021 15:44:10
2020-12-27 15:44:10.2994 INFO SetNextResultCheckDateTime - Start - roundUp = False
2020-12-27 15:44:10.2994 INFO SetNextResultCheckDateTime - rapidApiResultChecks == null
2020-12-27 15:44:10.3373 INFO SetNextResultCheckDateTime - Set League 2790 next check date to 27/12/2020 16:10:00
2020-12-27 15:44:10.3373 INFO SetCachedItem = setting cache for NextFixtureCheckDateTime
2020-12-27 15:44:10.3373 INFO SetCachedItem = setting cache for NextFixtureCheckDateTime, with Expiry Date of 26/01/2021 15:44:10
2020-12-27 15:44:54.2401 INFO Account - Login (HttpPost) - pete@salsbury.co.uk logged in
2020-12-27 15:45:00.0655 INFO SetCachedItem = setting cache for DailyRapidApiLeagueCheck, with Expiry Date of 28/12/2020 00:00:00
2020-12-27 15:50:41.0142 INFO Account - Login (HttpPost) - pete@salsbury.co.uk logged in
2020-12-27 16:04:16.3937 INFO Default Quartz.NET properties loaded from embedded resource file
2020-12-27 16:04:16.4546 INFO Initialized Scheduler Signaller of type: Quartz.Core.SchedulerSignalerImpl
2020-12-27 16:04:16.4705 INFO Quartz Scheduler v.3.2.2.0 created.
2020-12-27 16:04:16.4865 INFO JobFactory set to: Quartz.Simpl.PropertySettingJobFactory
2020-12-27 16:04:16.4865 INFO RAMJobStore initialized.
2020-12-27 16:04:16.5025 INFO Scheduler meta-data: Quartz Scheduler (v3.2.2.0) 'DefaultQuartzScheduler' with instanceId 'NON_CLUSTERED'
  Scheduler class: 'Quartz.Core.QuartzScheduler' - running locally.
  NOT STARTED.
  Currently in standby mode.
  Number of jobs executed: 0
  Using thread pool 'Quartz.Simpl.DefaultThreadPool' - with 10 threads.
  Using job-store 'Quartz.Simpl.RAMJobStore' - which does not support persistence. and is not clustered.

2020-12-27 16:04:16.5025 INFO Quartz scheduler 'DefaultQuartzScheduler' initialized
2020-12-27 16:04:16.5025 INFO Quartz scheduler version: 3.2.2.0
2020-12-27 16:04:16.5025 INFO Scheduler DefaultQuartzScheduler_$_NON_CLUSTERED started.
2020-12-27 16:04:16.6710 INFO Startup Configuration - Start
2020-12-27 16:04:16.6720 INFO SetEventCache - Start
2020-12-27 16:04:16.7627 INFO SetCachedItem = setting cache for Events
2020-12-27 16:04:16.7627 INFO SetCachedItem = setting cache for Events, with Expiry Date of 26/01/2021 16:04:16
2020-12-27 16:04:16.7677 INFO SetNextResultCheckDateTime - Start - roundUp = False
2020-12-27 16:04:16.7677 INFO SetNextResultCheckDateTime - rapidApiResultChecks == null
2020-12-27 16:04:16.8066 INFO SetNextResultCheckDateTime - Set League 2790 next check date to 27/12/2020 16:10:00
2020-12-27 16:04:16.8066 INFO SetCachedItem = setting cache for NextFixtureCheckDateTime
2020-12-27 16:04:16.8066 INFO SetCachedItem = setting cache for NextFixtureCheckDateTime, with Expiry Date of 26/01/2021 16:04:16
2020-12-27 16:05:00.0757 INFO SetCachedItem = setting cache for DailyRapidApiLeagueCheck, with Expiry Date of 28/12/2020 00:00:00
2020-12-27 16:09:31.5395 INFO Default Quartz.NET properties loaded from embedded resource file
2020-12-27 16:09:31.6113 INFO Initialized Scheduler Signaller of type: Quartz.Core.SchedulerSignalerImpl
2020-12-27 16:09:31.6113 INFO Quartz Scheduler v.3.2.2.0 created.
2020-12-27 16:09:31.6432 INFO JobFactory set to: Quartz.Simpl.PropertySettingJobFactory
2020-12-27 16:09:31.6432 INFO RAMJobStore initialized.
2020-12-27 16:09:31.6601 INFO Scheduler meta-data: Quartz Scheduler (v3.2.2.0) 'DefaultQuartzScheduler' with instanceId 'NON_CLUSTERED'
  Scheduler class: 'Quartz.Core.QuartzScheduler' - running locally.
  NOT STARTED.
  Currently in standby mode.
  Number of jobs executed: 0
  Using thread pool 'Quartz.Simpl.DefaultThreadPool' - with 10 threads.
  Using job-store 'Quartz.Simpl.RAMJobStore' - which does not support persistence. and is not clustered.

2020-12-27 16:09:31.6601 INFO Quartz scheduler 'DefaultQuartzScheduler' initialized
2020-12-27 16:09:31.6601 INFO Quartz scheduler version: 3.2.2.0
2020-12-27 16:09:31.6601 INFO Scheduler DefaultQuartzScheduler_$_NON_CLUSTERED started.
2020-12-27 16:09:31.8496 INFO Startup Configuration - Start
2020-12-27 16:09:31.8496 INFO SetEventCache - Start
2020-12-27 16:09:31.9893 INFO SetCachedItem = setting cache for Events
2020-12-27 16:09:31.9893 INFO SetCachedItem = setting cache for Events, with Expiry Date of 26/01/2021 16:09:31
2020-12-27 16:09:31.9893 INFO SetNextResultCheckDateTime - Start - roundUp = False
2020-12-27 16:09:31.9893 INFO SetNextResultCheckDateTime - rapidApiResultChecks == null
2020-12-27 16:09:32.0391 INFO SetNextResultCheckDateTime - Set League 2790 next check date to 27/12/2020 16:10:00
2020-12-27 16:09:32.0391 INFO SetCachedItem = setting cache for NextFixtureCheckDateTime
2020-12-27 16:09:32.0391 INFO SetCachedItem = setting cache for NextFixtureCheckDateTime, with Expiry Date of 26/01/2021 16:09:32
2020-12-27 16:10:00.0491 INFO GetRapidApiResults = Getting results from RapidApi 2790. FixtureDateTime = 27/12/2020 00:00:00, Now = 27/12/2020 16:10:00
2020-12-27 16:10:00.0491 INFO FixturesByLeagueByDate - League = {0}, Date = {2}
2020-12-27 16:10:01.0758 INFO SetEventCache - Start
2020-12-27 16:10:01.0888 INFO SetCachedItem = setting cache for Events
2020-12-27 16:10:01.0967 INFO SetCachedItem = setting cache for Events, with Expiry Date of 26/01/2021 16:10:01
2020-12-27 16:10:01.0967 INFO SetNextResultCheckDateTime - Start - roundUp = True
2020-12-27 16:10:01.1135 INFO SetNextResultCheckDateTime - Set League 2790 next check date to 27/12/2020 18:25:00
2020-12-27 16:10:01.1135 INFO SetCachedItem = setting cache for NextFixtureCheckDateTime
2020-12-27 16:10:01.1135 INFO SetCachedItem = setting cache for NextFixtureCheckDateTime, with Expiry Date of 26/01/2021 16:10:01
2020-12-27 16:10:01.1135 INFO SetCachedItem = setting cache for DailyRapidApiLeagueCheck, with Expiry Date of 28/12/2020 00:00:00
2020-12-27 16:29:56.3270 INFO Default Quartz.NET properties loaded from embedded resource file
2020-12-27 16:29:56.3909 INFO Initialized Scheduler Signaller of type: Quartz.Core.SchedulerSignalerImpl
2020-12-27 16:29:56.3909 INFO Quartz Scheduler v.3.2.2.0 created.
2020-12-27 16:29:56.4228 INFO JobFactory set to: Quartz.Simpl.PropertySettingJobFactory
2020-12-27 16:29:56.4228 INFO RAMJobStore initialized.
2020-12-27 16:29:56.4388 INFO Scheduler meta-data: Quartz Scheduler (v3.2.2.0) 'DefaultQuartzScheduler' with instanceId 'NON_CLUSTERED'
  Scheduler class: 'Quartz.Core.QuartzScheduler' - running locally.
  NOT STARTED.
  Currently in standby mode.
  Number of jobs executed: 0
  Using thread pool 'Quartz.Simpl.DefaultThreadPool' - with 10 threads.
  Using job-store 'Quartz.Simpl.RAMJobStore' - which does not support persistence. and is not clustered.

2020-12-27 16:29:56.4388 INFO Quartz scheduler 'DefaultQuartzScheduler' initialized
2020-12-27 16:29:56.4388 INFO Quartz scheduler version: 3.2.2.0
2020-12-27 16:29:56.4388 INFO Scheduler DefaultQuartzScheduler_$_NON_CLUSTERED started.
2020-12-27 16:29:56.6512 INFO Startup Configuration - Start
2020-12-27 16:29:56.6671 INFO SetEventCache - Start
2020-12-27 16:29:56.7968 INFO SetCachedItem = setting cache for Events
2020-12-27 16:29:56.7978 INFO SetCachedItem = setting cache for Events, with Expiry Date of 26/01/2021 16:29:56
2020-12-27 16:29:56.7978 INFO SetNextResultCheckDateTime - Start - roundUp = False
2020-12-27 16:29:56.7978 INFO SetNextResultCheckDateTime - rapidApiResultChecks == null
2020-12-27 16:29:56.8456 INFO SetNextResultCheckDateTime - Set League 2790 next check date to 27/12/2020 18:25:00
2020-12-27 16:29:56.8456 INFO SetCachedItem = setting cache for NextFixtureCheckDateTime
2020-12-27 16:29:56.8456 INFO SetCachedItem = setting cache for NextFixtureCheckDateTime, with Expiry Date of 26/01/2021 16:29:56
2020-12-27 16:33:37.1840 INFO Default Quartz.NET properties loaded from embedded resource file
2020-12-27 16:33:37.2688 INFO Initialized Scheduler Signaller of type: Quartz.Core.SchedulerSignalerImpl
2020-12-27 16:33:37.2837 INFO Quartz Scheduler v.3.2.2.0 created.
2020-12-27 16:33:37.3017 INFO JobFactory set to: Quartz.Simpl.PropertySettingJobFactory
2020-12-27 16:33:37.3177 INFO RAMJobStore initialized.
2020-12-27 16:33:37.3177 INFO Scheduler meta-data: Quartz Scheduler (v3.2.2.0) 'DefaultQuartzScheduler' with instanceId 'NON_CLUSTERED'
  Scheduler class: 'Quartz.Core.QuartzScheduler' - running locally.
  NOT STARTED.
  Currently in standby mode.
  Number of jobs executed: 0
  Using thread pool 'Quartz.Simpl.DefaultThreadPool' - with 10 threads.
  Using job-store 'Quartz.Simpl.RAMJobStore' - which does not support persistence. and is not clustered.

2020-12-27 16:33:37.3177 INFO Quartz scheduler 'DefaultQuartzScheduler' initialized
2020-12-27 16:33:37.3177 INFO Quartz scheduler version: 3.2.2.0
2020-12-27 16:33:37.3336 INFO Scheduler DefaultQuartzScheduler_$_NON_CLUSTERED started.
2020-12-27 16:33:37.5450 INFO Startup Configuration - Start
2020-12-27 16:33:37.5520 INFO SetEventCache - Start
2020-12-27 16:33:37.6847 INFO SetCachedItem = setting cache for Events
2020-12-27 16:33:37.6847 INFO SetCachedItem = setting cache for Events, with Expiry Date of 26/01/2021 16:33:37
2020-12-27 16:33:37.6907 INFO SetNextResultCheckDateTime - Start - roundUp = False
2020-12-27 16:33:37.6907 INFO SetNextResultCheckDateTime - rapidApiResultChecks == null
2020-12-27 16:33:37.7425 INFO SetNextResultCheckDateTime - Set League 2790 next check date to 27/12/2020 18:25:00
2020-12-27 16:33:37.7425 INFO SetCachedItem = setting cache for NextFixtureCheckDateTime
2020-12-27 16:33:37.7425 INFO SetCachedItem = setting cache for NextFixtureCheckDateTime, with Expiry Date of 26/01/2021 16:33:37
2020-12-27 16:34:00.0771 INFO SetCachedItem = setting cache for DailyRapidApiLeagueCheck, with Expiry Date of 28/12/2020 00:00:00
2020-12-27 16:40:26.4009 INFO Default Quartz.NET properties loaded from embedded resource file
2020-12-27 16:40:26.5156 INFO Initialized Scheduler Signaller of type: Quartz.Core.SchedulerSignalerImpl
2020-12-27 16:40:26.5365 INFO Quartz Scheduler v.3.2.2.0 created.
2020-12-27 16:40:26.5595 INFO JobFactory set to: Quartz.Simpl.PropertySettingJobFactory
2020-12-27 16:40:26.5764 INFO RAMJobStore initialized.
2020-12-27 16:40:26.5814 INFO Scheduler meta-data: Quartz Scheduler (v3.2.2.0) 'DefaultQuartzScheduler' with instanceId 'NON_CLUSTERED'
  Scheduler class: 'Quartz.Core.QuartzScheduler' - running locally.
  NOT STARTED.
  Currently in standby mode.
  Number of jobs executed: 0
  Using thread pool 'Quartz.Simpl.DefaultThreadPool' - with 10 threads.
  Using job-store 'Quartz.Simpl.RAMJobStore' - which does not support persistence. and is not clustered.

2020-12-27 16:40:26.5814 INFO Quartz scheduler 'DefaultQuartzScheduler' initialized
2020-12-27 16:40:26.5814 INFO Quartz scheduler version: 3.2.2.0
2020-12-27 16:40:26.5984 INFO Scheduler DefaultQuartzScheduler_$_NON_CLUSTERED started.
2020-12-27 16:40:27.8979 INFO Startup Configuration - Start
2020-12-27 16:40:27.8979 INFO SetEventCache - Start
2020-12-27 16:40:27.9976 INFO SetCachedItem = setting cache for Events
2020-12-27 16:40:28.0126 INFO SetCachedItem = setting cache for Events, with Expiry Date of 26/01/2021 16:40:28
2020-12-27 16:40:28.0286 INFO SetNextResultCheckDateTime - Start - roundUp = False
2020-12-27 16:40:28.0286 INFO SetNextResultCheckDateTime - rapidApiResultChecks == null
2020-12-27 16:40:28.0864 INFO SetNextResultCheckDateTime - Set League 2790 next check date to 27/12/2020 18:25:00
2020-12-27 16:40:28.0864 INFO SetCachedItem = setting cache for NextFixtureCheckDateTime
2020-12-27 16:40:28.0864 INFO SetCachedItem = setting cache for NextFixtureCheckDateTime, with Expiry Date of 26/01/2021 16:40:28
2020-12-27 16:41:00.0623 INFO SetCachedItem = setting cache for DailyRapidApiLeagueCheck, with Expiry Date of 28/12/2020 00:00:00
2020-12-27 16:46:17.4373 INFO Default Quartz.NET properties loaded from embedded resource file
2020-12-27 16:46:17.5569 INFO Initialized Scheduler Signaller of type: Quartz.Core.SchedulerSignalerImpl
2020-12-27 16:46:17.5779 INFO Quartz Scheduler v.3.2.2.0 created.
2020-12-27 16:46:17.6098 INFO JobFactory set to: Quartz.Simpl.PropertySettingJobFactory
2020-12-27 16:46:17.6427 INFO RAMJobStore initialized.
2020-12-27 16:46:17.6427 INFO Scheduler meta-data: Quartz Scheduler (v3.2.2.0) 'DefaultQuartzScheduler' with instanceId 'NON_CLUSTERED'
  Scheduler class: 'Quartz.Core.QuartzScheduler' - running locally.
  NOT STARTED.
  Currently in standby mode.
  Number of jobs executed: 0
  Using thread pool 'Quartz.Simpl.DefaultThreadPool' - with 10 threads.
  Using job-store 'Quartz.Simpl.RAMJobStore' - which does not support persistence. and is not clustered.

2020-12-27 16:46:17.6427 INFO Quartz scheduler 'DefaultQuartzScheduler' initialized
2020-12-27 16:46:17.6427 INFO Quartz scheduler version: 3.2.2.0
2020-12-27 16:46:17.6706 INFO Scheduler DefaultQuartzScheduler_$_NON_CLUSTERED started.
2020-12-27 16:46:17.9838 INFO Startup Configuration - Start
2020-12-27 16:46:17.9858 INFO SetEventCache - Start
2020-12-27 16:46:18.1424 INFO SetCachedItem = setting cache for Events
2020-12-27 16:46:18.1424 INFO SetCachedItem = setting cache for Events, with Expiry Date of 26/01/2021 16:46:18
2020-12-27 16:46:18.1424 INFO SetNextResultCheckDateTime - Start - roundUp = False
2020-12-27 16:46:18.1424 INFO SetNextResultCheckDateTime - rapidApiResultChecks == null
2020-12-27 16:46:18.2222 INFO SetNextResultCheckDateTime - Set League 2790 next check date to 27/12/2020 18:25:00
2020-12-27 16:46:18.2222 INFO SetCachedItem = setting cache for NextFixtureCheckDateTime
2020-12-27 16:46:18.2222 INFO SetCachedItem = setting cache for NextFixtureCheckDateTime, with Expiry Date of 26/01/2021 16:46:18
2020-12-27 16:47:00.0978 INFO SetCachedItem = setting cache for DailyRapidApiLeagueCheck, with Expiry Date of 28/12/2020 00:00:00
