2020-10-18 10:35:09.2851 INFO Startup Configuration - Start
2020-10-18 10:35:09.3160 INFO SetEventCache - Start
2020-10-18 10:35:09.3968 INFO SetCachedItem = setting cache for Events
2020-10-18 10:35:09.4745 INFO SetNextResultCheckDateTime - Start - roundUp = False
2020-10-18 10:35:09.4745 INFO SetNextResultCheckDateTime - rapidApiResultChecks == null
2020-10-18 10:35:09.5294 INFO SetNextResultCheckDateTime - Set League 2790 next check date to 18/10/2020 09:35:09
2020-10-18 10:35:09.5294 INFO SetCachedItem = setting cache for NextFixtureCheckDateTime
2020-10-18 10:35:41.1713 INFO GetRapidApiResults - Start
2020-10-18 10:35:41.1713 INFO GetRapidApiResults = rapidApiResultChecks has 1 items
2020-10-18 10:35:41.1713 INFO GetRapidApiResults = Getting results from RapidApi 2790
2020-10-18 10:35:41.8056 INFO SetNextResultCheckDateTime - Start - roundUp = True
2020-10-18 10:35:41.8126 INFO SetNextResultCheckDateTime - Set League 2790 next check date to 18/10/2020 09:40:00
2020-10-18 10:35:41.8126 INFO SetCachedItem = setting cache for NextFixtureCheckDateTime
2020-10-18 10:35:54.3014 INFO GetRapidApiResults - Start
2020-10-18 10:35:54.3014 INFO GetRapidApiResults = rapidApiResultChecks has 1 items
2020-10-18 10:35:54.3014 INFO GetRapidApiResults = Waiting for result. Time now is 18/10/2020 09:35:54, time to wait for is 18/10/2020 09:40:00
2020-10-18 10:36:01.9785 INFO GetRapidApiResults - Start
2020-10-18 10:36:01.9785 INFO GetRapidApiResults = rapidApiResultChecks has 1 items
2020-10-18 10:36:01.9785 INFO GetRapidApiResults = Waiting for result. Time now is 18/10/2020 09:36:01, time to wait for is 18/10/2020 09:40:00
2020-10-18 10:36:08.3734 INFO GetRapidApiResults - Start
2020-10-18 10:36:08.3734 INFO GetRapidApiResults = rapidApiResultChecks has 1 items
2020-10-18 10:36:08.3734 INFO GetRapidApiResults = Waiting for result. Time now is 18/10/2020 09:36:08, time to wait for is 18/10/2020 09:40:00
2020-10-18 10:36:40.6960 INFO Account - Login (HttpPost) - pete@salsbury.co.uk logged in
2020-10-18 10:36:40.7249 INFO GetRapidApiResults - Start
2020-10-18 10:36:40.7249 INFO GetRapidApiResults = rapidApiResultChecks has 1 items
2020-10-18 10:36:40.7249 INFO GetRapidApiResults = Waiting for result. Time now is 18/10/2020 09:36:40, time to wait for is 18/10/2020 09:40:00
2020-10-18 10:36:52.6410 INFO SetEventCache - Start
2020-10-18 10:36:52.6410 INFO SetCachedItem = setting cache for Events
2020-10-18 10:37:29.3475 INFO SetCachedItem = setting cache for Events
2020-10-18 10:45:55.3782 INFO Startup Configuration - Start
2020-10-18 10:45:55.4041 INFO SetEventCache - Start
2020-10-18 10:45:55.4589 INFO SetCachedItem = setting cache for Events
2020-10-18 10:45:55.4838 INFO SetNextResultCheckDateTime - Start - roundUp = False
2020-10-18 10:45:55.4968 INFO SetNextResultCheckDateTime - rapidApiResultChecks == null
2020-10-18 10:45:55.5477 INFO SetNextResultCheckDateTime - Set League 2790 next check date to 18/10/2020 09:45:55
2020-10-18 10:45:55.5477 INFO SetNextResultCheckDateTime - Set League 2794 next check date to 18/10/2020 12:55:00
2020-10-18 10:45:55.5477 INFO SetCachedItem = setting cache for NextFixtureCheckDateTime
2020-10-18 10:45:56.1496 INFO GetRapidApiResults - Start
2020-10-18 10:45:56.1536 INFO GetRapidApiResults = rapidApiResultChecks has 2 items
2020-10-18 10:45:56.1536 INFO GetRapidApiResults = Getting results from RapidApi 2790
2020-10-18 10:45:57.0153 INFO GetRapidApiResults = Waiting for result. Time now is 18/10/2020 09:45:57, time to wait for is 18/10/2020 12:55:00
2020-10-18 10:45:57.0153 INFO SetNextResultCheckDateTime - Start - roundUp = True
2020-10-18 10:45:57.0452 INFO SetNextResultCheckDateTime - Set League 2790 next check date to 18/10/2020 09:50:00
2020-10-18 10:45:57.0632 INFO SetNextResultCheckDateTime - Set League 2794 next check date to 18/10/2020 12:55:00
2020-10-18 10:45:57.0632 INFO SetCachedItem = setting cache for NextFixtureCheckDateTime
2020-10-18 10:46:18.3813 INFO Account - Login (HttpPost) - a@a.a logged in
2020-10-18 10:46:18.4279 INFO GetRapidApiResults - Start
2020-10-18 10:46:18.4409 INFO GetRapidApiResults = rapidApiResultChecks has 2 items
2020-10-18 10:46:18.4409 INFO GetRapidApiResults = Waiting for result. Time now is 18/10/2020 09:46:18, time to wait for is 18/10/2020 09:50:00
2020-10-18 10:46:18.4409 INFO GetRapidApiResults = Waiting for result. Time now is 18/10/2020 09:46:18, time to wait for is 18/10/2020 12:55:00
2020-10-18 10:46:27.6609 INFO GetRapidApiResults - Start
2020-10-18 10:46:27.6609 INFO GetRapidApiResults = rapidApiResultChecks has 2 items
2020-10-18 10:46:27.6609 INFO GetRapidApiResults = Waiting for result. Time now is 18/10/2020 09:46:27, time to wait for is 18/10/2020 09:50:00
2020-10-18 10:46:27.6609 INFO GetRapidApiResults = Waiting for result. Time now is 18/10/2020 09:46:27, time to wait for is 18/10/2020 12:55:00
2020-10-18 10:47:03.6141 INFO GetRapidApiResults - Start
2020-10-18 10:47:03.6141 INFO GetRapidApiResults = rapidApiResultChecks has 2 items
2020-10-18 10:47:03.6141 INFO GetRapidApiResults = Waiting for result. Time now is 18/10/2020 09:47:03, time to wait for is 18/10/2020 09:50:00
2020-10-18 10:47:03.6141 INFO GetRapidApiResults = Waiting for result. Time now is 18/10/2020 09:47:03, time to wait for is 18/10/2020 12:55:00
2020-10-18 10:47:48.9992 INFO GetRapidApiResults - Start
2020-10-18 10:47:48.9992 INFO GetRapidApiResults = rapidApiResultChecks has 2 items
2020-10-18 10:47:48.9992 INFO GetRapidApiResults = Waiting for result. Time now is 18/10/2020 09:47:49, time to wait for is 18/10/2020 09:50:00
2020-10-18 10:47:48.9992 INFO GetRapidApiResults = Waiting for result. Time now is 18/10/2020 09:47:49, time to wait for is 18/10/2020 12:55:00
2020-10-18 10:48:03.8221 INFO GetRapidApiResults - Start
2020-10-18 10:48:03.8221 INFO GetRapidApiResults = rapidApiResultChecks has 2 items
2020-10-18 10:48:03.8221 INFO GetRapidApiResults = Waiting for result. Time now is 18/10/2020 09:48:03, time to wait for is 18/10/2020 09:50:00
2020-10-18 10:48:03.8221 INFO GetRapidApiResults = Waiting for result. Time now is 18/10/2020 09:48:03, time to wait for is 18/10/2020 12:55:00
2020-10-18 10:48:17.3242 INFO GetRapidApiResults - Start
2020-10-18 10:48:17.3242 INFO GetRapidApiResults = rapidApiResultChecks has 2 items
2020-10-18 10:48:17.3252 INFO GetRapidApiResults = Waiting for result. Time now is 18/10/2020 09:48:17, time to wait for is 18/10/2020 09:50:00
2020-10-18 10:48:17.3252 INFO GetRapidApiResults = Waiting for result. Time now is 18/10/2020 09:48:17, time to wait for is 18/10/2020 12:55:00
2020-10-18 10:49:59.6066 INFO Startup Configuration - Start
2020-10-18 10:49:59.6315 INFO SetEventCache - Start
2020-10-18 10:49:59.6864 INFO SetCachedItem = setting cache for Events
2020-10-18 10:49:59.7113 INFO SetNextResultCheckDateTime - Start - roundUp = False
2020-10-18 10:49:59.7203 INFO SetNextResultCheckDateTime - rapidApiResultChecks == null
2020-10-18 10:49:59.7752 INFO SetNextResultCheckDateTime - Set League 2790 next check date to 18/10/2020 09:49:59
2020-10-18 10:49:59.7752 INFO SetNextResultCheckDateTime - Set League 2794 next check date to 18/10/2020 12:55:00
2020-10-18 10:49:59.7752 INFO SetCachedItem = setting cache for NextFixtureCheckDateTime
2020-10-18 10:50:21.8553 INFO Account - Login (HttpPost) - a@a.a logged in
2020-10-18 10:50:22.0897 INFO GetRapidApiResults - Start
2020-10-18 10:50:22.0937 INFO GetRapidApiResults = rapidApiResultChecks has 2 items
2020-10-18 10:50:22.0937 INFO GetRapidApiResults = Getting results from RapidApi 2790
2020-10-18 10:50:22.8852 INFO GetRapidApiResults = Waiting for result. Time now is 18/10/2020 09:50:22, time to wait for is 18/10/2020 12:55:00
2020-10-18 10:50:22.8852 INFO SetNextResultCheckDateTime - Start - roundUp = True
2020-10-18 10:50:22.8972 INFO SetNextResultCheckDateTime - Set League 2790 next check date to 18/10/2020 09:55:00
2020-10-18 10:50:22.8972 INFO SetNextResultCheckDateTime - Set League 2794 next check date to 18/10/2020 12:55:00
2020-10-18 10:50:22.8972 INFO SetCachedItem = setting cache for NextFixtureCheckDateTime
2020-10-18 10:51:20.3346 INFO Account - Login (HttpPost) - a@a.a logged in
2020-10-18 10:51:20.3526 INFO GetRapidApiResults - Start
2020-10-18 10:51:20.3526 INFO GetRapidApiResults = rapidApiResultChecks has 2 items
2020-10-18 10:51:20.3526 INFO GetRapidApiResults = Waiting for result. Time now is 18/10/2020 09:51:20, time to wait for is 18/10/2020 09:55:00
2020-10-18 10:51:20.3526 INFO GetRapidApiResults = Waiting for result. Time now is 18/10/2020 09:51:20, time to wait for is 18/10/2020 12:55:00
2020-10-18 10:52:35.5521 INFO Account - Login (HttpPost) - pete@salsbury.co.uk logged in
2020-10-18 10:52:35.5731 INFO GetRapidApiResults - Start
2020-10-18 10:52:35.5731 INFO GetRapidApiResults = rapidApiResultChecks has 2 items
2020-10-18 10:52:35.5731 INFO GetRapidApiResults = Waiting for result. Time now is 18/10/2020 09:52:35, time to wait for is 18/10/2020 09:55:00
2020-10-18 10:52:35.5731 INFO GetRapidApiResults = Waiting for result. Time now is 18/10/2020 09:52:35, time to wait for is 18/10/2020 12:55:00
2020-10-18 10:55:36.3316 INFO SetEventCache - Start
2020-10-18 10:55:36.3316 INFO SetCachedItem = setting cache for Events
2020-10-18 10:56:20.0100 INFO SetCachedItem = setting cache for Events
2020-10-18 10:57:08.0434 INFO Account - Login (HttpPost) - a@a.a logged in
2020-10-18 10:57:08.0624 INFO GetRapidApiResults - Start
2020-10-18 10:57:08.0624 INFO GetRapidApiResults = rapidApiResultChecks has 2 items
2020-10-18 10:57:08.0624 INFO GetRapidApiResults = Getting results from RapidApi 2790
2020-10-18 10:57:08.4284 INFO GetRapidApiResults = Waiting for result. Time now is 18/10/2020 09:57:08, time to wait for is 18/10/2020 12:55:00
2020-10-18 10:57:08.4284 INFO SetNextResultCheckDateTime - Start - roundUp = True
2020-10-18 10:57:08.4384 INFO SetNextResultCheckDateTime - Set League 2790 next check date to 18/10/2020 10:00:00
2020-10-18 10:57:08.4384 INFO SetNextResultCheckDateTime - Set League 2794 next check date to 18/10/2020 12:55:00
2020-10-18 10:57:08.4384 INFO SetCachedItem = setting cache for NextFixtureCheckDateTime
2020-10-18 10:57:51.7635 INFO GetRapidApiResults - Start
2020-10-18 10:57:51.7635 INFO GetRapidApiResults = rapidApiResultChecks has 2 items
2020-10-18 10:57:51.7635 INFO GetRapidApiResults = Waiting for result. Time now is 18/10/2020 09:57:51, time to wait for is 18/10/2020 10:00:00
2020-10-18 10:57:51.7635 INFO GetRapidApiResults = Waiting for result. Time now is 18/10/2020 09:57:51, time to wait for is 18/10/2020 12:55:00
2020-10-18 10:58:15.0230 INFO GetRapidApiResults - Start
2020-10-18 10:58:15.0230 INFO GetRapidApiResults = rapidApiResultChecks has 2 items
2020-10-18 10:58:15.0230 INFO GetRapidApiResults = Waiting for result. Time now is 18/10/2020 09:58:15, time to wait for is 18/10/2020 10:00:00
2020-10-18 10:58:15.0230 INFO GetRapidApiResults = Waiting for result. Time now is 18/10/2020 09:58:15, time to wait for is 18/10/2020 12:55:00
2020-10-18 10:58:28.5139 INFO GetRapidApiResults - Start
2020-10-18 10:58:28.5139 INFO GetRapidApiResults = rapidApiResultChecks has 2 items
2020-10-18 10:58:28.5139 INFO GetRapidApiResults = Waiting for result. Time now is 18/10/2020 09:58:28, time to wait for is 18/10/2020 10:00:00
2020-10-18 10:58:28.5139 INFO GetRapidApiResults = Waiting for result. Time now is 18/10/2020 09:58:28, time to wait for is 18/10/2020 12:55:00
2020-10-18 10:58:46.4463 INFO GetRapidApiResults - Start
2020-10-18 10:58:46.4463 INFO GetRapidApiResults = rapidApiResultChecks has 2 items
2020-10-18 10:58:46.4463 INFO GetRapidApiResults = Waiting for result. Time now is 18/10/2020 09:58:46, time to wait for is 18/10/2020 10:00:00
2020-10-18 10:58:46.4463 INFO GetRapidApiResults = Waiting for result. Time now is 18/10/2020 09:58:46, time to wait for is 18/10/2020 12:55:00
2020-10-18 11:03:59.4174 INFO Startup Configuration - Start
2020-10-18 11:03:59.4424 INFO SetEventCache - Start
2020-10-18 11:03:59.4962 INFO SetCachedItem = setting cache for Events
2020-10-18 11:03:59.5132 INFO SetNextResultCheckDateTime - Start - roundUp = False
2020-10-18 11:03:59.5321 INFO SetNextResultCheckDateTime - rapidApiResultChecks == null
2020-10-18 11:03:59.5830 INFO SetNextResultCheckDateTime - Set League 2790 next check date to 18/10/2020 10:03:59
2020-10-18 11:03:59.5830 INFO SetCachedItem = setting cache for NextFixtureCheckDateTime
2020-10-18 11:04:14.6323 INFO Account - Login (HttpPost) - pete@salsbury.co.uk logged in
2020-10-18 11:04:14.8997 INFO GetRapidApiResults - Start
2020-10-18 11:04:14.8997 INFO GetRapidApiResults = rapidApiResultChecks has 1 items
2020-10-18 11:04:14.9056 INFO GetRapidApiResults = Getting results from RapidApi 2790
2020-10-18 11:04:15.8305 INFO SetNextResultCheckDateTime - Start - roundUp = True
2020-10-18 11:04:15.8305 INFO SetNextResultCheckDateTime - Set League 2790 next check date to 18/10/2020 10:05:00
2020-10-18 11:04:15.8305 INFO SetCachedItem = setting cache for NextFixtureCheckDateTime
2020-10-18 11:04:29.3329 INFO SetEventCache - Start
2020-10-18 11:04:29.3329 INFO SetCachedItem = setting cache for Events
2020-10-18 11:04:58.3683 INFO SetCachedItem = setting cache for Events
2020-10-18 11:06:05.7841 INFO Account - Login (HttpPost) - a@a.a logged in
2020-10-18 11:06:05.8030 INFO GetRapidApiResults - Start
2020-10-18 11:06:05.8030 INFO GetRapidApiResults = rapidApiResultChecks has 1 items
2020-10-18 11:06:05.8030 INFO GetRapidApiResults = Getting results from RapidApi 2790
2020-10-18 11:06:06.1770 INFO SetNextResultCheckDateTime - Start - roundUp = True
2020-10-18 11:06:06.1870 INFO SetNextResultCheckDateTime - Set League 2790 next check date to 18/10/2020 10:10:00
2020-10-18 11:06:06.1870 INFO SetNextResultCheckDateTime - Set League 2794 next check date to 18/10/2020 12:55:00
2020-10-18 11:06:06.1870 INFO SetCachedItem = setting cache for NextFixtureCheckDateTime
2020-10-18 11:06:36.7691 INFO GetRapidApiResults - Start
2020-10-18 11:06:36.7691 INFO GetRapidApiResults = rapidApiResultChecks has 2 items
2020-10-18 11:06:36.7691 INFO GetRapidApiResults = Waiting for result. Time now is 18/10/2020 10:06:36, time to wait for is 18/10/2020 10:10:00
2020-10-18 11:06:36.7691 INFO GetRapidApiResults = Waiting for result. Time now is 18/10/2020 10:06:36, time to wait for is 18/10/2020 12:55:00
2020-10-18 11:07:27.2374 INFO GetRapidApiResults - Start
2020-10-18 11:07:27.2374 INFO GetRapidApiResults = rapidApiResultChecks has 2 items
2020-10-18 11:07:27.2374 INFO GetRapidApiResults = Waiting for result. Time now is 18/10/2020 10:07:27, time to wait for is 18/10/2020 10:10:00
2020-10-18 11:07:27.2374 INFO GetRapidApiResults = Waiting for result. Time now is 18/10/2020 10:07:27, time to wait for is 18/10/2020 12:55:00
2020-10-18 11:08:48.9145 INFO GetRapidApiResults - Start
2020-10-18 11:08:48.9145 INFO GetRapidApiResults = rapidApiResultChecks has 2 items
2020-10-18 11:08:48.9145 INFO GetRapidApiResults = Waiting for result. Time now is 18/10/2020 10:08:48, time to wait for is 18/10/2020 10:10:00
2020-10-18 11:08:48.9145 INFO GetRapidApiResults = Waiting for result. Time now is 18/10/2020 10:08:48, time to wait for is 18/10/2020 12:55:00
2020-10-18 11:09:40.6178 INFO GetRapidApiResults - Start
2020-10-18 11:09:40.6178 INFO GetRapidApiResults = rapidApiResultChecks has 2 items
2020-10-18 11:09:40.6178 INFO GetRapidApiResults = Waiting for result. Time now is 18/10/2020 10:09:40, time to wait for is 18/10/2020 10:10:00
2020-10-18 11:09:40.6178 INFO GetRapidApiResults = Waiting for result. Time now is 18/10/2020 10:09:40, time to wait for is 18/10/2020 12:55:00
2020-10-18 11:15:22.6053 INFO Startup Configuration - Start
2020-10-18 11:15:22.6303 INFO SetEventCache - Start
2020-10-18 11:15:22.6836 INFO SetCachedItem = setting cache for Events
2020-10-18 11:15:22.7026 INFO SetNextResultCheckDateTime - Start - roundUp = False
2020-10-18 11:15:22.7026 INFO SetNextResultCheckDateTime - rapidApiResultChecks == null
2020-10-18 11:15:22.7684 INFO SetNextResultCheckDateTime - Set League 2790 next check date to 18/10/2020 10:15:22
2020-10-18 11:15:22.7684 INFO SetNextResultCheckDateTime - Set League 2794 next check date to 18/10/2020 12:55:00
2020-10-18 11:15:22.7684 INFO SetCachedItem = setting cache for NextFixtureCheckDateTime
2020-10-18 11:15:52.1685 INFO Account - Login (HttpPost) - a@a.a logged in
2020-10-18 11:15:52.4128 INFO GetRapidApiResults - Start
2020-10-18 11:15:52.4128 INFO GetRapidApiResults = rapidApiResultChecks has 2 items
2020-10-18 11:15:52.4188 INFO GetRapidApiResults = Getting results from RapidApi 2790
2020-10-18 11:15:53.2298 INFO GetRapidApiResults = Waiting for result. Time now is 18/10/2020 10:15:53, time to wait for is 18/10/2020 12:55:00
2020-10-18 11:15:53.2298 INFO SetNextResultCheckDateTime - Start - roundUp = True
2020-10-18 11:15:53.2417 INFO SetNextResultCheckDateTime - Set League 2790 next check date to 18/10/2020 10:20:00
2020-10-18 11:15:53.2417 INFO SetNextResultCheckDateTime - Set League 2794 next check date to 18/10/2020 12:55:00
2020-10-18 11:15:53.2417 INFO SetCachedItem = setting cache for NextFixtureCheckDateTime
2020-10-18 11:16:02.5106 INFO GetRapidApiResults - Start
2020-10-18 11:16:02.5106 INFO GetRapidApiResults = rapidApiResultChecks has 2 items
2020-10-18 11:16:02.5106 INFO GetRapidApiResults = Waiting for result. Time now is 18/10/2020 10:16:02, time to wait for is 18/10/2020 10:20:00
2020-10-18 11:16:02.5106 INFO GetRapidApiResults = Waiting for result. Time now is 18/10/2020 10:16:02, time to wait for is 18/10/2020 12:55:00
2020-10-18 11:16:17.5378 INFO GetRapidApiResults - Start
2020-10-18 11:16:17.5378 INFO GetRapidApiResults = rapidApiResultChecks has 2 items
2020-10-18 11:16:17.5378 INFO GetRapidApiResults = Waiting for result. Time now is 18/10/2020 10:16:17, time to wait for is 18/10/2020 10:20:00
2020-10-18 11:16:17.5378 INFO GetRapidApiResults = Waiting for result. Time now is 18/10/2020 10:16:17, time to wait for is 18/10/2020 12:55:00
