2020-11-17 17:05:32.9281 INFO Default Quartz.NET properties loaded from embedded resource file
2020-11-17 17:05:32.9850 INFO Initialized Scheduler Signaller of type: Quartz.Core.SchedulerSignalerImpl
2020-11-17 17:05:32.9929 INFO Quartz Scheduler v.3.2.2.0 created.
2020-11-17 17:05:32.9929 INFO JobFactory set to: Quartz.Simpl.PropertySettingJobFactory
2020-11-17 17:05:32.9929 INFO RAMJobStore initialized.
2020-11-17 17:05:33.0049 INFO Scheduler meta-data: Quartz Scheduler (v3.2.2.0) 'DefaultQuartzScheduler' with instanceId 'NON_CLUSTERED'
  Scheduler class: 'Quartz.Core.QuartzScheduler' - running locally.
  NOT STARTED.
  Currently in standby mode.
  Number of jobs executed: 0
  Using thread pool 'Quartz.Simpl.DefaultThreadPool' - with 10 threads.
  Using job-store 'Quartz.Simpl.RAMJobStore' - which does not support persistence. and is not clustered.

2020-11-17 17:05:33.0049 INFO Quartz scheduler 'DefaultQuartzScheduler' initialized
2020-11-17 17:05:33.0049 INFO Quartz scheduler version: 3.2.2.0
2020-11-17 17:05:33.0677 INFO Scheduler DefaultQuartzScheduler_$_NON_CLUSTERED started.
2020-11-17 17:05:33.2034 INFO Startup Configuration - Start
2020-11-17 17:05:33.2044 INFO SetEventCache - Start
2020-11-17 17:05:33.2533 INFO SetCachedItem = setting cache for Events
2020-11-17 17:05:33.2533 INFO SetCachedItem = setting cache for Events, with Expiry Date of 17/12/2020 17:05:33
2020-11-17 17:05:33.2533 INFO SetNextResultCheckDateTime - Start - roundUp = False
2020-11-17 17:05:33.2533 INFO SetNextResultCheckDateTime - rapidApiResultChecks == null
2020-11-17 17:05:33.2971 INFO SetNextResultCheckDateTime - Set League 1422 next check date to 15/11/2020 15:55:00
2020-11-17 17:05:33.2971 INFO SetCachedItem = setting cache for NextFixtureCheckDateTime
2020-11-17 17:05:33.2981 INFO SetCachedItem = setting cache for NextFixtureCheckDateTime, with Expiry Date of 17/12/2020 17:05:33
2020-11-17 17:05:58.9607 INFO Account - Login (HttpPost) - pete@salsbury.co.uk logged in
2020-11-17 17:06:00.0550 INFO GetRapidApiResults = Getting results from RapidApi 1422. FixtureDateTime = 15/11/2020 00:00:00, Now = 17/11/2020 17:06:00
2020-11-17 17:06:00.0550 INFO FixturesByLeague - League = 1422
2020-11-17 17:06:02.5763 INFO SetEventCache - Start
2020-11-17 17:06:02.5813 INFO SetCachedItem = setting cache for Events
2020-11-17 17:06:02.5813 INFO SetCachedItem = setting cache for Events, with Expiry Date of 17/12/2020 17:06:02
2020-11-17 17:06:02.5813 INFO SetNextResultCheckDateTime - Start - roundUp = True
2020-11-17 17:06:02.5813 INFO SetNextResultCheckDateTime - Set League 1422 next check date to 18/11/2020 21:40:00
2020-11-17 17:06:02.5813 INFO SetCachedItem = setting cache for NextFixtureCheckDateTime
2020-11-17 17:06:02.5813 INFO SetCachedItem = setting cache for NextFixtureCheckDateTime, with Expiry Date of 17/12/2020 17:06:02
2020-11-17 17:06:02.5813 INFO DailyRapidApiLeagueCheck --> lastDate = 02/11/2020 00:00:00, Now = 17/11/2020 00:00:00
2020-11-17 17:06:02.6032 INFO SetCachedItem = setting cache for DailyRapidApiLeagueCheck, with Expiry Date of 18/11/2020 00:00:00
2020-11-17 17:06:02.6032 INFO DailyRapidApiLeagueCheck --> Performing daily league update
2020-11-17 17:06:02.6032 INFO FixturesByLeague - League = 2790
2020-11-17 17:06:05.8356 INFO SetEventCache - Start
2020-11-17 17:06:05.8356 INFO SetCachedItem = setting cache for Events
2020-11-17 17:06:05.8356 INFO SetCachedItem = setting cache for Events, with Expiry Date of 17/12/2020 17:06:05
2020-11-17 17:06:05.8356 INFO FixturesByLeague - League = 2794
2020-11-17 17:06:10.3245 INFO SetEventCache - Start
2020-11-17 17:06:10.3245 INFO SetCachedItem = setting cache for Events
2020-11-17 17:06:10.3245 INFO SetCachedItem = setting cache for Events, with Expiry Date of 17/12/2020 17:06:10
2020-11-17 17:06:10.3245 INFO FixturesByLeague - League = 1422
2020-11-17 17:44:49.2969 INFO Default Quartz.NET properties loaded from embedded resource file
2020-11-17 17:44:49.3937 INFO Initialized Scheduler Signaller of type: Quartz.Core.SchedulerSignalerImpl
2020-11-17 17:44:49.4385 INFO Quartz Scheduler v.3.2.2.0 created.
2020-11-17 17:44:49.4605 INFO JobFactory set to: Quartz.Simpl.PropertySettingJobFactory
2020-11-17 17:44:49.4605 INFO RAMJobStore initialized.
2020-11-17 17:44:49.4605 INFO Scheduler meta-data: Quartz Scheduler (v3.2.2.0) 'DefaultQuartzScheduler' with instanceId 'NON_CLUSTERED'
  Scheduler class: 'Quartz.Core.QuartzScheduler' - running locally.
  NOT STARTED.
  Currently in standby mode.
  Number of jobs executed: 0
  Using thread pool 'Quartz.Simpl.DefaultThreadPool' - with 10 threads.
  Using job-store 'Quartz.Simpl.RAMJobStore' - which does not support persistence. and is not clustered.

2020-11-17 17:44:49.4605 INFO Quartz scheduler 'DefaultQuartzScheduler' initialized
2020-11-17 17:44:49.4605 INFO Quartz scheduler version: 3.2.2.0
2020-11-17 17:44:49.4794 INFO Scheduler DefaultQuartzScheduler_$_NON_CLUSTERED started.
2020-11-17 17:44:50.1658 INFO Startup Configuration - Start
2020-11-17 17:44:50.1658 INFO SetEventCache - Start
2020-11-17 17:44:50.2137 INFO SetCachedItem = setting cache for Events
2020-11-17 17:44:50.2137 INFO SetCachedItem = setting cache for Events, with Expiry Date of 17/12/2020 17:44:50
2020-11-17 17:44:50.2137 INFO SetNextResultCheckDateTime - Start - roundUp = False
2020-11-17 17:44:50.2207 INFO SetNextResultCheckDateTime - rapidApiResultChecks == null
2020-11-17 17:44:50.2576 INFO SetNextResultCheckDateTime - Set League 1422 next check date to 18/11/2020 21:40:00
2020-11-17 17:44:50.2576 INFO SetCachedItem = setting cache for NextFixtureCheckDateTime
2020-11-17 17:44:50.2576 INFO SetCachedItem = setting cache for NextFixtureCheckDateTime, with Expiry Date of 17/12/2020 17:44:50
2020-11-17 17:45:00.0515 INFO SetCachedItem = setting cache for DailyRapidApiLeagueCheck, with Expiry Date of 18/11/2020 00:00:00
2020-11-17 18:03:58.2531 INFO Default Quartz.NET properties loaded from embedded resource file
2020-11-17 18:03:58.3219 INFO Initialized Scheduler Signaller of type: Quartz.Core.SchedulerSignalerImpl
2020-11-17 18:03:58.3398 INFO Quartz Scheduler v.3.2.2.0 created.
2020-11-17 18:03:58.3697 INFO JobFactory set to: Quartz.Simpl.PropertySettingJobFactory
2020-11-17 18:03:58.3837 INFO RAMJobStore initialized.
2020-11-17 18:03:58.3837 INFO Scheduler meta-data: Quartz Scheduler (v3.2.2.0) 'DefaultQuartzScheduler' with instanceId 'NON_CLUSTERED'
  Scheduler class: 'Quartz.Core.QuartzScheduler' - running locally.
  NOT STARTED.
  Currently in standby mode.
  Number of jobs executed: 0
  Using thread pool 'Quartz.Simpl.DefaultThreadPool' - with 10 threads.
  Using job-store 'Quartz.Simpl.RAMJobStore' - which does not support persistence. and is not clustered.

2020-11-17 18:03:58.3837 INFO Quartz scheduler 'DefaultQuartzScheduler' initialized
2020-11-17 18:03:58.3837 INFO Quartz scheduler version: 3.2.2.0
2020-11-17 18:03:58.4026 INFO Scheduler DefaultQuartzScheduler_$_NON_CLUSTERED started.
2020-11-17 18:03:58.9737 INFO Startup Configuration - Start
2020-11-17 18:03:58.9737 INFO SetEventCache - Start
2020-11-17 18:03:59.0435 INFO SetCachedItem = setting cache for Events
2020-11-17 18:03:59.0539 INFO SetCachedItem = setting cache for Events, with Expiry Date of 17/12/2020 18:03:59
2020-11-17 18:03:59.0650 INFO SetNextResultCheckDateTime - Start - roundUp = False
2020-11-17 18:03:59.0650 INFO SetNextResultCheckDateTime - rapidApiResultChecks == null
2020-11-17 18:03:59.0959 INFO SetNextResultCheckDateTime - Set League 1422 next check date to 18/11/2020 21:40:00
2020-11-17 18:03:59.0959 INFO SetCachedItem = setting cache for NextFixtureCheckDateTime
2020-11-17 18:03:59.0959 INFO SetCachedItem = setting cache for NextFixtureCheckDateTime, with Expiry Date of 17/12/2020 18:03:59
2020-11-17 18:04:00.0535 INFO SetCachedItem = setting cache for DailyRapidApiLeagueCheck, with Expiry Date of 18/11/2020 00:00:00
