2020-10-09 18:13:47.3985 INFO Startup Configuration - Start
2020-10-09 18:13:47.4254 INFO SetEventCache - Start
2020-10-09 18:13:47.4822 INFO SetCachedItem = setting cache for Events
2020-10-09 18:13:47.4822 INFO SetNextResultCheckDateTime - Start - roundUp = False
2020-10-09 18:13:47.4822 INFO SetNextResultCheckDateTime - rapidApiResultChecks == null
2020-10-09 18:13:47.5960 INFO SetNextResultCheckDateTime - Set League 2790 next check date to 17/10/2020 13:25:00
2020-10-09 18:13:47.5960 INFO SetCachedItem = setting cache for NextFixtureCheckDateTime
2020-10-09 18:14:01.2591 INFO Account - Login (HttpPost) - pete@salsbury.co.uk logged in
2020-10-09 18:14:01.5424 INFO GetRapidApiResults - Start
2020-10-09 18:14:01.5424 INFO GetRapidApiResults = rapidApiResultChecks has 1 items
2020-10-09 18:14:01.5424 INFO GetRapidApiResults = Waiting for result. Time now is 09/10/2020 17:14:01, time to wait for is 17/10/2020 13:25:00
2020-10-09 18:14:10.3864 INFO GetRapidApiResults - Start
2020-10-09 18:14:10.3864 INFO GetRapidApiResults = rapidApiResultChecks has 1 items
2020-10-09 18:14:10.3894 INFO GetRapidApiResults = Waiting for result. Time now is 09/10/2020 17:14:10, time to wait for is 17/10/2020 13:25:00
2020-10-09 18:14:43.8758 INFO GetRapidApiResults - Start
2020-10-09 18:14:43.8758 INFO GetRapidApiResults = rapidApiResultChecks has 1 items
2020-10-09 18:14:43.8758 INFO GetRapidApiResults = Waiting for result. Time now is 09/10/2020 17:14:43, time to wait for is 17/10/2020 13:25:00
2020-10-09 18:14:50.4228 INFO GetRapidApiResults - Start
2020-10-09 18:14:50.4228 INFO GetRapidApiResults = rapidApiResultChecks has 1 items
2020-10-09 18:14:50.4228 INFO GetRapidApiResults = Waiting for result. Time now is 09/10/2020 17:14:50, time to wait for is 17/10/2020 13:25:00
2020-10-09 18:14:55.9315 INFO GetRapidApiResults - Start
2020-10-09 18:14:55.9315 INFO GetRapidApiResults = rapidApiResultChecks has 1 items
2020-10-09 18:14:55.9315 INFO GetRapidApiResults = Waiting for result. Time now is 09/10/2020 17:14:55, time to wait for is 17/10/2020 13:25:00
2020-10-09 18:15:00.5721 INFO GetRapidApiResults - Start
2020-10-09 18:15:00.5721 INFO GetRapidApiResults = rapidApiResultChecks has 1 items
2020-10-09 18:15:00.5721 INFO GetRapidApiResults = Waiting for result. Time now is 09/10/2020 17:15:00, time to wait for is 17/10/2020 13:25:00
2020-10-09 18:15:18.9037 INFO GetRapidApiResults - Start
2020-10-09 18:15:18.9037 INFO GetRapidApiResults = rapidApiResultChecks has 1 items
2020-10-09 18:15:18.9047 INFO GetRapidApiResults = Waiting for result. Time now is 09/10/2020 17:15:18, time to wait for is 17/10/2020 13:25:00
2020-10-09 18:15:26.1168 INFO GetRapidApiResults - Start
2020-10-09 18:15:26.1168 INFO GetRapidApiResults = rapidApiResultChecks has 1 items
2020-10-09 18:15:26.1168 INFO GetRapidApiResults = Waiting for result. Time now is 09/10/2020 17:15:26, time to wait for is 17/10/2020 13:25:00
2020-10-09 18:16:32.0387 INFO GetRapidApiResults - Start
2020-10-09 18:16:32.0387 INFO GetRapidApiResults = rapidApiResultChecks has 1 items
2020-10-09 18:16:32.0387 INFO GetRapidApiResults = Waiting for result. Time now is 09/10/2020 17:16:32, time to wait for is 17/10/2020 13:25:00
2020-10-09 18:16:42.3335 INFO GetRapidApiResults - Start
2020-10-09 18:16:42.3335 INFO GetRapidApiResults = rapidApiResultChecks has 1 items
2020-10-09 18:16:42.3335 INFO GetRapidApiResults = Waiting for result. Time now is 09/10/2020 17:16:42, time to wait for is 17/10/2020 13:25:00
2020-10-09 18:16:53.1469 INFO GetRapidApiResults - Start
2020-10-09 18:16:53.1469 INFO GetRapidApiResults = rapidApiResultChecks has 1 items
2020-10-09 18:16:53.1469 INFO GetRapidApiResults = Waiting for result. Time now is 09/10/2020 17:16:53, time to wait for is 17/10/2020 13:25:00
2020-10-09 18:17:22.7115 INFO GetRapidApiResults - Start
2020-10-09 18:17:22.7115 INFO GetRapidApiResults = rapidApiResultChecks has 1 items
2020-10-09 18:17:22.7115 INFO GetRapidApiResults = Waiting for result. Time now is 09/10/2020 17:17:22, time to wait for is 17/10/2020 13:25:00
2020-10-09 18:22:08.2138 INFO GetRapidApiResults - Start
2020-10-09 18:22:08.2138 INFO GetRapidApiResults = rapidApiResultChecks has 1 items
2020-10-09 18:22:08.2168 INFO GetRapidApiResults = Waiting for result. Time now is 09/10/2020 17:22:08, time to wait for is 17/10/2020 13:25:00
2020-10-09 18:22:40.1261 INFO GetRapidApiResults - Start
2020-10-09 18:22:40.1261 INFO GetRapidApiResults = rapidApiResultChecks has 1 items
2020-10-09 18:22:40.1261 INFO GetRapidApiResults = Waiting for result. Time now is 09/10/2020 17:22:40, time to wait for is 17/10/2020 13:25:00
2020-10-09 18:22:56.7942 INFO GetRapidApiResults - Start
2020-10-09 18:22:56.7942 INFO GetRapidApiResults = rapidApiResultChecks has 1 items
2020-10-09 18:22:56.7952 INFO GetRapidApiResults = Waiting for result. Time now is 09/10/2020 17:22:56, time to wait for is 17/10/2020 13:25:00
2020-10-09 18:23:54.6631 INFO GetRapidApiResults - Start
2020-10-09 18:23:54.6631 INFO GetRapidApiResults = rapidApiResultChecks has 1 items
2020-10-09 18:23:54.6631 INFO GetRapidApiResults = Waiting for result. Time now is 09/10/2020 17:23:54, time to wait for is 17/10/2020 13:25:00
2020-10-09 18:24:05.3988 INFO GetRapidApiResults - Start
2020-10-09 18:24:05.3988 INFO GetRapidApiResults = rapidApiResultChecks has 1 items
2020-10-09 18:24:05.3988 INFO GetRapidApiResults = Waiting for result. Time now is 09/10/2020 17:24:05, time to wait for is 17/10/2020 13:25:00
2020-10-09 18:24:21.2100 INFO Startup Configuration - Start
2020-10-09 18:24:21.2349 INFO SetEventCache - Start
2020-10-09 18:24:21.2888 INFO SetCachedItem = setting cache for Events
2020-10-09 18:24:21.2977 INFO SetNextResultCheckDateTime - Start - roundUp = False
2020-10-09 18:24:21.2977 INFO SetNextResultCheckDateTime - rapidApiResultChecks == null
2020-10-09 18:24:21.3725 INFO SetNextResultCheckDateTime - Set League 2790 next check date to 17/10/2020 13:25:00
2020-10-09 18:24:21.3735 INFO SetCachedItem = setting cache for NextFixtureCheckDateTime
2020-10-09 18:24:21.7635 INFO GetRapidApiResults - Start
2020-10-09 18:24:21.7635 INFO GetRapidApiResults = rapidApiResultChecks has 1 items
2020-10-09 18:24:21.7635 INFO GetRapidApiResults = Waiting for result. Time now is 09/10/2020 17:24:21, time to wait for is 17/10/2020 13:25:00
2020-10-09 18:24:22.1376 INFO GetRapidApiResults - Start
2020-10-09 18:24:22.1386 INFO GetRapidApiResults = rapidApiResultChecks has 1 items
2020-10-09 18:24:22.1386 INFO GetRapidApiResults = Waiting for result. Time now is 09/10/2020 17:24:22, time to wait for is 17/10/2020 13:25:00
2020-10-09 18:24:31.5638 INFO GetRapidApiResults - Start
2020-10-09 18:24:31.5638 INFO GetRapidApiResults = rapidApiResultChecks has 1 items
2020-10-09 18:24:31.5638 INFO GetRapidApiResults = Waiting for result. Time now is 09/10/2020 17:24:31, time to wait for is 17/10/2020 13:25:00
2020-10-09 18:24:38.7881 INFO GetRapidApiResults - Start
2020-10-09 18:24:38.7881 INFO GetRapidApiResults = rapidApiResultChecks has 1 items
2020-10-09 18:24:38.7881 INFO GetRapidApiResults = Waiting for result. Time now is 09/10/2020 17:24:38, time to wait for is 17/10/2020 13:25:00
2020-10-09 18:25:48.8788 INFO GetRapidApiResults - Start
2020-10-09 18:25:48.8788 INFO GetRapidApiResults = rapidApiResultChecks has 1 items
2020-10-09 18:25:48.8788 INFO GetRapidApiResults = Waiting for result. Time now is 09/10/2020 17:25:48, time to wait for is 17/10/2020 13:25:00
2020-10-09 18:26:15.7899 INFO GetRapidApiResults - Start
2020-10-09 18:26:15.7899 INFO GetRapidApiResults = rapidApiResultChecks has 1 items
2020-10-09 18:26:15.7899 INFO GetRapidApiResults = Waiting for result. Time now is 09/10/2020 17:26:15, time to wait for is 17/10/2020 13:25:00
2020-10-09 18:28:48.1358 INFO GetRapidApiResults - Start
2020-10-09 18:28:48.1358 INFO GetRapidApiResults = rapidApiResultChecks has 1 items
2020-10-09 18:28:48.1388 INFO GetRapidApiResults = Waiting for result. Time now is 09/10/2020 17:28:48, time to wait for is 17/10/2020 13:25:00
2020-10-09 18:28:50.0097 INFO GetRapidApiResults - Start
2020-10-09 18:28:50.0097 INFO GetRapidApiResults = rapidApiResultChecks has 1 items
2020-10-09 18:28:50.0097 INFO GetRapidApiResults = Waiting for result. Time now is 09/10/2020 17:28:50, time to wait for is 17/10/2020 13:25:00
2020-10-09 18:28:59.7021 INFO GetRapidApiResults - Start
2020-10-09 18:28:59.7021 INFO GetRapidApiResults = rapidApiResultChecks has 1 items
2020-10-09 18:28:59.7021 INFO GetRapidApiResults = Waiting for result. Time now is 09/10/2020 17:28:59, time to wait for is 17/10/2020 13:25:00
2020-10-09 18:29:05.1334 INFO GetRapidApiResults - Start
2020-10-09 18:29:05.1334 INFO GetRapidApiResults = rapidApiResultChecks has 1 items
2020-10-09 18:29:05.1334 INFO GetRapidApiResults = Waiting for result. Time now is 09/10/2020 17:29:05, time to wait for is 17/10/2020 13:25:00
