2020-12-21 08:49:35.7023 INFO Default Quartz.NET properties loaded from embedded resource file
2020-12-21 08:49:35.7671 INFO Initialized Scheduler Signaller of type: Quartz.Core.SchedulerSignalerImpl
2020-12-21 08:49:35.7671 INFO Quartz Scheduler v.3.2.2.0 created.
2020-12-21 08:49:35.8300 INFO JobFactory set to: Quartz.Simpl.PropertySettingJobFactory
2020-12-21 08:49:35.8300 INFO RAMJobStore initialized.
2020-12-21 08:49:35.8499 INFO Scheduler meta-data: Quartz Scheduler (v3.2.2.0) 'DefaultQuartzScheduler' with instanceId 'NON_CLUSTERED'
  Scheduler class: 'Quartz.Core.QuartzScheduler' - running locally.
  NOT STARTED.
  Currently in standby mode.
  Number of jobs executed: 0
  Using thread pool 'Quartz.Simpl.DefaultThreadPool' - with 10 threads.
  Using job-store 'Quartz.Simpl.RAMJobStore' - which does not support persistence. and is not clustered.

2020-12-21 08:49:35.8609 INFO Quartz scheduler 'DefaultQuartzScheduler' initialized
2020-12-21 08:49:35.8609 INFO Quartz scheduler version: 3.2.2.0
2020-12-21 08:49:35.8609 INFO Scheduler DefaultQuartzScheduler_$_NON_CLUSTERED started.
2020-12-21 08:49:36.0155 INFO Startup Configuration - Start
2020-12-21 08:49:36.0155 INFO SetEventCache - Start
2020-12-21 08:49:36.0643 INFO SetCachedItem = setting cache for Events
2020-12-21 08:49:36.0643 INFO SetCachedItem = setting cache for Events, with Expiry Date of 20/01/2021 08:49:36
2020-12-21 08:49:36.0643 INFO SetNextResultCheckDateTime - Start - roundUp = False
2020-12-21 08:49:36.0643 INFO SetNextResultCheckDateTime - rapidApiResultChecks == null
2020-12-21 08:49:36.1072 INFO SetNextResultCheckDateTime - Set League 2790 next check date to 12/12/2020 16:55:00
2020-12-21 08:49:36.1072 INFO SetCachedItem = setting cache for NextFixtureCheckDateTime
2020-12-21 08:49:36.1072 INFO SetCachedItem = setting cache for NextFixtureCheckDateTime, with Expiry Date of 20/01/2021 08:49:36
2020-12-21 08:50:00.0301 INFO GetRapidApiResults = Getting results from RapidApi 2790. FixtureDateTime = 12/12/2020 00:00:00, Now = 21/12/2020 08:50:00
2020-12-21 08:50:00.0301 INFO FixturesByLeague - League = 2790
2020-12-21 08:50:04.7116 INFO SetEventCache - Start
2020-12-21 08:50:04.7116 INFO SetCachedItem = setting cache for Events
2020-12-21 08:50:04.7116 INFO SetCachedItem = setting cache for Events, with Expiry Date of 20/01/2021 08:50:04
2020-12-21 08:50:04.7116 INFO SetNextResultCheckDateTime - Start - roundUp = True
2020-12-21 08:50:04.7236 INFO SetNextResultCheckDateTime - Set League 2790 next check date to 21/12/2020 19:25:00
2020-12-21 08:50:04.7236 INFO SetCachedItem = setting cache for NextFixtureCheckDateTime
2020-12-21 08:50:04.7236 INFO SetCachedItem = setting cache for NextFixtureCheckDateTime, with Expiry Date of 20/01/2021 08:50:04
2020-12-21 08:50:04.7236 INFO DailyRapidApiLeagueCheck --> lastDate = 12/12/2020 00:00:00, Now = 21/12/2020 00:00:00
2020-12-21 08:50:04.7395 INFO SetCachedItem = setting cache for DailyRapidApiLeagueCheck, with Expiry Date of 22/12/2020 00:00:00
2020-12-21 08:50:04.7395 INFO DailyRapidApiLeagueCheck --> Performing daily league update
2020-12-21 08:50:04.7395 INFO FixturesByLeague - League = 2790
2020-12-21 08:50:07.4563 INFO FixturesByLeague - League = 2794
2020-12-21 08:50:12.0046 INFO SetEventCache - Start
2020-12-21 08:50:12.0046 INFO SetCachedItem = setting cache for Events
2020-12-21 08:50:12.0046 INFO SetCachedItem = setting cache for Events, with Expiry Date of 20/01/2021 08:50:12
2020-12-21 08:50:12.0046 INFO FixturesByLeague - League = 1422
2020-12-21 09:05:05.4345 INFO Default Quartz.NET properties loaded from embedded resource file
2020-12-21 09:05:05.4933 INFO Initialized Scheduler Signaller of type: Quartz.Core.SchedulerSignalerImpl
2020-12-21 09:05:05.5113 INFO Quartz Scheduler v.3.2.2.0 created.
2020-12-21 09:05:05.5512 INFO JobFactory set to: Quartz.Simpl.PropertySettingJobFactory
2020-12-21 09:05:05.5671 INFO RAMJobStore initialized.
2020-12-21 09:05:05.5671 INFO Scheduler meta-data: Quartz Scheduler (v3.2.2.0) 'DefaultQuartzScheduler' with instanceId 'NON_CLUSTERED'
  Scheduler class: 'Quartz.Core.QuartzScheduler' - running locally.
  NOT STARTED.
  Currently in standby mode.
  Number of jobs executed: 0
  Using thread pool 'Quartz.Simpl.DefaultThreadPool' - with 10 threads.
  Using job-store 'Quartz.Simpl.RAMJobStore' - which does not support persistence. and is not clustered.

2020-12-21 09:05:05.5671 INFO Quartz scheduler 'DefaultQuartzScheduler' initialized
2020-12-21 09:05:05.5671 INFO Quartz scheduler version: 3.2.2.0
2020-12-21 09:05:05.5841 INFO Scheduler DefaultQuartzScheduler_$_NON_CLUSTERED started.
2020-12-21 09:05:05.7038 INFO Startup Configuration - Start
2020-12-21 09:05:05.7038 INFO SetEventCache - Start
2020-12-21 09:05:05.7516 INFO SetCachedItem = setting cache for Events
2020-12-21 09:05:05.7516 INFO SetCachedItem = setting cache for Events, with Expiry Date of 20/01/2021 09:05:05
2020-12-21 09:05:05.7516 INFO SetNextResultCheckDateTime - Start - roundUp = False
2020-12-21 09:05:05.7516 INFO SetNextResultCheckDateTime - rapidApiResultChecks == null
2020-12-21 09:05:05.8005 INFO SetNextResultCheckDateTime - Set League 2790 next check date to 21/12/2020 19:25:00
2020-12-21 09:05:05.8005 INFO SetCachedItem = setting cache for NextFixtureCheckDateTime
2020-12-21 09:05:05.8005 INFO SetCachedItem = setting cache for NextFixtureCheckDateTime, with Expiry Date of 20/01/2021 09:05:05
2020-12-21 09:05:31.4478 INFO Account - Login (HttpPost) - p_salsbury@yahoo.co.uk logged in
2020-12-21 17:36:52.8073 INFO Default Quartz.NET properties loaded from embedded resource file
2020-12-21 17:36:52.8915 INFO Initialized Scheduler Signaller of type: Quartz.Core.SchedulerSignalerImpl
2020-12-21 17:36:52.9144 INFO Quartz Scheduler v.3.2.2.0 created.
2020-12-21 17:36:52.9453 INFO JobFactory set to: Quartz.Simpl.PropertySettingJobFactory
2020-12-21 17:36:52.9453 INFO RAMJobStore initialized.
2020-12-21 17:36:52.9453 INFO Scheduler meta-data: Quartz Scheduler (v3.2.2.0) 'DefaultQuartzScheduler' with instanceId 'NON_CLUSTERED'
  Scheduler class: 'Quartz.Core.QuartzScheduler' - running locally.
  NOT STARTED.
  Currently in standby mode.
  Number of jobs executed: 0
  Using thread pool 'Quartz.Simpl.DefaultThreadPool' - with 10 threads.
  Using job-store 'Quartz.Simpl.RAMJobStore' - which does not support persistence. and is not clustered.

2020-12-21 17:36:52.9533 INFO Quartz scheduler 'DefaultQuartzScheduler' initialized
2020-12-21 17:36:52.9533 INFO Quartz scheduler version: 3.2.2.0
2020-12-21 17:36:52.9533 INFO Scheduler DefaultQuartzScheduler_$_NON_CLUSTERED started.
2020-12-21 17:36:53.1079 INFO Startup Configuration - Start
2020-12-21 17:36:53.1079 INFO SetEventCache - Start
2020-12-21 17:36:53.1568 INFO SetCachedItem = setting cache for Events
2020-12-21 17:36:53.1568 INFO SetCachedItem = setting cache for Events, with Expiry Date of 20/01/2021 17:36:53
2020-12-21 17:36:53.1568 INFO SetNextResultCheckDateTime - Start - roundUp = False
2020-12-21 17:36:53.1568 INFO SetNextResultCheckDateTime - rapidApiResultChecks == null
2020-12-21 17:36:53.1967 INFO SetNextResultCheckDateTime - Set League 2790 next check date to 21/12/2020 19:25:00
2020-12-21 17:36:53.1967 INFO SetCachedItem = setting cache for NextFixtureCheckDateTime
2020-12-21 17:36:53.1967 INFO SetCachedItem = setting cache for NextFixtureCheckDateTime, with Expiry Date of 20/01/2021 17:36:53
2020-12-21 17:37:00.0546 INFO DailyRapidApiLeagueCheck --> lastDate = 20/12/2020 00:00:00, Now = 21/12/2020 00:00:00
2020-12-21 17:37:03.4879 INFO SetCachedItem = setting cache for DailyRapidApiLeagueCheck, with Expiry Date of 22/12/2020 00:00:00
2020-12-21 17:37:05.0230 INFO DailyRapidApiLeagueCheck --> Performing daily league update
2020-12-21 17:37:25.4723 INFO FixturesByLeague - League = 2790
2020-12-21 17:38:25.7597 INFO Default Quartz.NET properties loaded from embedded resource file
2020-12-21 17:38:25.8295 INFO Initialized Scheduler Signaller of type: Quartz.Core.SchedulerSignalerImpl
2020-12-21 17:38:25.8524 INFO Quartz Scheduler v.3.2.2.0 created.
2020-12-21 17:38:25.8784 INFO JobFactory set to: Quartz.Simpl.PropertySettingJobFactory
2020-12-21 17:38:25.8993 INFO RAMJobStore initialized.
2020-12-21 17:38:25.8993 INFO Scheduler meta-data: Quartz Scheduler (v3.2.2.0) 'DefaultQuartzScheduler' with instanceId 'NON_CLUSTERED'
  Scheduler class: 'Quartz.Core.QuartzScheduler' - running locally.
  NOT STARTED.
  Currently in standby mode.
  Number of jobs executed: 0
  Using thread pool 'Quartz.Simpl.DefaultThreadPool' - with 10 threads.
  Using job-store 'Quartz.Simpl.RAMJobStore' - which does not support persistence. and is not clustered.

2020-12-21 17:38:25.8993 INFO Quartz scheduler 'DefaultQuartzScheduler' initialized
2020-12-21 17:38:25.8993 INFO Quartz scheduler version: 3.2.2.0
2020-12-21 17:38:25.9163 INFO Scheduler DefaultQuartzScheduler_$_NON_CLUSTERED started.
2020-12-21 17:38:26.5406 INFO Startup Configuration - Start
2020-12-21 17:38:26.5406 INFO SetEventCache - Start
2020-12-21 17:38:26.5895 INFO SetCachedItem = setting cache for Events
2020-12-21 17:38:26.5895 INFO SetCachedItem = setting cache for Events, with Expiry Date of 20/01/2021 17:38:26
2020-12-21 17:38:26.5895 INFO SetNextResultCheckDateTime - Start - roundUp = False
2020-12-21 17:38:26.5944 INFO SetNextResultCheckDateTime - rapidApiResultChecks == null
2020-12-21 17:38:26.6274 INFO SetNextResultCheckDateTime - Set League 2790 next check date to 21/12/2020 19:25:00
2020-12-21 17:38:26.6274 INFO SetCachedItem = setting cache for NextFixtureCheckDateTime
2020-12-21 17:38:26.6274 INFO SetCachedItem = setting cache for NextFixtureCheckDateTime, with Expiry Date of 20/01/2021 17:38:26
2020-12-21 17:40:08.8356 INFO Default Quartz.NET properties loaded from embedded resource file
2020-12-21 17:40:08.8935 INFO Initialized Scheduler Signaller of type: Quartz.Core.SchedulerSignalerImpl
2020-12-21 17:40:08.9124 INFO Quartz Scheduler v.3.2.2.0 created.
2020-12-21 17:40:08.9523 INFO JobFactory set to: Quartz.Simpl.PropertySettingJobFactory
2020-12-21 17:40:08.9742 INFO RAMJobStore initialized.
2020-12-21 17:40:08.9742 INFO Scheduler meta-data: Quartz Scheduler (v3.2.2.0) 'DefaultQuartzScheduler' with instanceId 'NON_CLUSTERED'
  Scheduler class: 'Quartz.Core.QuartzScheduler' - running locally.
  NOT STARTED.
  Currently in standby mode.
  Number of jobs executed: 0
  Using thread pool 'Quartz.Simpl.DefaultThreadPool' - with 10 threads.
  Using job-store 'Quartz.Simpl.RAMJobStore' - which does not support persistence. and is not clustered.

2020-12-21 17:40:08.9742 INFO Quartz scheduler 'DefaultQuartzScheduler' initialized
2020-12-21 17:40:08.9742 INFO Quartz scheduler version: 3.2.2.0
2020-12-21 17:40:08.9912 INFO Scheduler DefaultQuartzScheduler_$_NON_CLUSTERED started.
2020-12-21 17:40:09.1319 INFO Startup Configuration - Start
2020-12-21 17:40:09.1319 INFO SetEventCache - Start
2020-12-21 17:40:09.1797 INFO SetCachedItem = setting cache for Events
2020-12-21 17:40:09.1797 INFO SetCachedItem = setting cache for Events, with Expiry Date of 20/01/2021 17:40:09
2020-12-21 17:40:09.1797 INFO SetNextResultCheckDateTime - Start - roundUp = False
2020-12-21 17:40:09.1797 INFO SetNextResultCheckDateTime - rapidApiResultChecks == null
2020-12-21 17:40:09.2206 INFO SetNextResultCheckDateTime - Set League 2790 next check date to 21/12/2020 19:25:00
2020-12-21 17:40:09.2206 INFO SetCachedItem = setting cache for NextFixtureCheckDateTime
2020-12-21 17:40:09.2206 INFO SetCachedItem = setting cache for NextFixtureCheckDateTime, with Expiry Date of 20/01/2021 17:40:09
2020-12-21 17:41:26.9980 INFO DailyRapidApiLeagueCheck --> lastDate = 20/12/2020 00:00:00, Now = 21/12/2020 00:00:00
2020-12-21 17:41:30.3098 INFO SetCachedItem = setting cache for DailyRapidApiLeagueCheck, with Expiry Date of 22/12/2020 00:00:00
2020-12-21 17:41:32.5984 INFO DailyRapidApiLeagueCheck --> Performing daily league update
2020-12-21 17:41:37.5992 INFO FixturesByLeague - League = 2790
2020-12-21 17:42:56.4982 INFO Default Quartz.NET properties loaded from embedded resource file
2020-12-21 17:42:56.5670 INFO Initialized Scheduler Signaller of type: Quartz.Core.SchedulerSignalerImpl
2020-12-21 17:42:56.5979 INFO Quartz Scheduler v.3.2.2.0 created.
2020-12-21 17:42:56.6388 INFO JobFactory set to: Quartz.Simpl.PropertySettingJobFactory
2020-12-21 17:42:56.6557 INFO RAMJobStore initialized.
2020-12-21 17:42:56.6607 INFO Scheduler meta-data: Quartz Scheduler (v3.2.2.0) 'DefaultQuartzScheduler' with instanceId 'NON_CLUSTERED'
  Scheduler class: 'Quartz.Core.QuartzScheduler' - running locally.
  NOT STARTED.
  Currently in standby mode.
  Number of jobs executed: 0
  Using thread pool 'Quartz.Simpl.DefaultThreadPool' - with 10 threads.
  Using job-store 'Quartz.Simpl.RAMJobStore' - which does not support persistence. and is not clustered.

2020-12-21 17:42:56.6607 INFO Quartz scheduler 'DefaultQuartzScheduler' initialized
2020-12-21 17:42:56.6607 INFO Quartz scheduler version: 3.2.2.0
2020-12-21 17:42:56.6607 INFO Scheduler DefaultQuartzScheduler_$_NON_CLUSTERED started.
2020-12-21 17:42:57.2731 INFO Startup Configuration - Start
2020-12-21 17:42:57.2731 INFO SetEventCache - Start
2020-12-21 17:42:57.3180 INFO SetCachedItem = setting cache for Events
2020-12-21 17:42:57.3180 INFO SetCachedItem = setting cache for Events, with Expiry Date of 20/01/2021 17:42:57
2020-12-21 17:42:57.3180 INFO SetNextResultCheckDateTime - Start - roundUp = False
2020-12-21 17:42:57.3180 INFO SetNextResultCheckDateTime - rapidApiResultChecks == null
2020-12-21 17:42:57.3569 INFO SetNextResultCheckDateTime - Set League 2790 next check date to 21/12/2020 19:25:00
2020-12-21 17:42:57.3569 INFO SetCachedItem = setting cache for NextFixtureCheckDateTime
2020-12-21 17:42:57.3569 INFO SetCachedItem = setting cache for NextFixtureCheckDateTime, with Expiry Date of 20/01/2021 17:42:57
2020-12-21 17:43:28.7037 INFO DailyRapidApiLeagueCheck --> lastDate = 20/12/2020 00:00:00, Now = 21/12/2020 00:00:00
2020-12-21 17:43:33.9562 INFO SetCachedItem = setting cache for DailyRapidApiLeagueCheck, with Expiry Date of 22/12/2020 00:00:00
2020-12-21 17:43:36.4054 INFO DailyRapidApiLeagueCheck --> Performing daily league update
2020-12-21 17:43:45.7770 INFO FixturesByLeague - League = 2790
2020-12-21 17:47:11.4214 INFO Default Quartz.NET properties loaded from embedded resource file
2020-12-21 17:47:11.4803 INFO Initialized Scheduler Signaller of type: Quartz.Core.SchedulerSignalerImpl
2020-12-21 17:47:11.4912 INFO Quartz Scheduler v.3.2.2.0 created.
2020-12-21 17:47:11.5301 INFO JobFactory set to: Quartz.Simpl.PropertySettingJobFactory
2020-12-21 17:47:11.5501 INFO RAMJobStore initialized.
2020-12-21 17:47:11.5501 INFO Scheduler meta-data: Quartz Scheduler (v3.2.2.0) 'DefaultQuartzScheduler' with instanceId 'NON_CLUSTERED'
  Scheduler class: 'Quartz.Core.QuartzScheduler' - running locally.
  NOT STARTED.
  Currently in standby mode.
  Number of jobs executed: 0
  Using thread pool 'Quartz.Simpl.DefaultThreadPool' - with 10 threads.
  Using job-store 'Quartz.Simpl.RAMJobStore' - which does not support persistence. and is not clustered.

2020-12-21 17:47:11.5501 INFO Quartz scheduler 'DefaultQuartzScheduler' initialized
2020-12-21 17:47:11.5501 INFO Quartz scheduler version: 3.2.2.0
2020-12-21 17:47:11.5670 INFO Scheduler DefaultQuartzScheduler_$_NON_CLUSTERED started.
2020-12-21 17:47:11.6877 INFO Startup Configuration - Start
2020-12-21 17:47:11.6877 INFO SetEventCache - Start
2020-12-21 17:47:11.7356 INFO SetCachedItem = setting cache for Events
2020-12-21 17:47:11.7356 INFO SetCachedItem = setting cache for Events, with Expiry Date of 20/01/2021 17:47:11
2020-12-21 17:47:11.7356 INFO SetNextResultCheckDateTime - Start - roundUp = False
2020-12-21 17:47:11.7356 INFO SetNextResultCheckDateTime - rapidApiResultChecks == null
2020-12-21 17:47:11.7755 INFO SetNextResultCheckDateTime - Set League 2790 next check date to 21/12/2020 19:25:00
2020-12-21 17:47:11.7755 INFO SetCachedItem = setting cache for NextFixtureCheckDateTime
2020-12-21 17:47:11.7755 INFO SetCachedItem = setting cache for NextFixtureCheckDateTime, with Expiry Date of 20/01/2021 17:47:11
2020-12-21 17:48:24.1083 INFO SetCachedItem = setting cache for DailyRapidApiLeagueCheck, with Expiry Date of 22/12/2020 00:00:00
2020-12-21 17:49:01.3729 INFO Default Quartz.NET properties loaded from embedded resource file
2020-12-21 17:49:01.4377 INFO Initialized Scheduler Signaller of type: Quartz.Core.SchedulerSignalerImpl
2020-12-21 17:49:01.4676 INFO Quartz Scheduler v.3.2.2.0 created.
2020-12-21 17:49:01.4996 INFO JobFactory set to: Quartz.Simpl.PropertySettingJobFactory
2020-12-21 17:49:01.5145 INFO RAMJobStore initialized.
2020-12-21 17:49:01.5185 INFO Scheduler meta-data: Quartz Scheduler (v3.2.2.0) 'DefaultQuartzScheduler' with instanceId 'NON_CLUSTERED'
  Scheduler class: 'Quartz.Core.QuartzScheduler' - running locally.
  NOT STARTED.
  Currently in standby mode.
  Number of jobs executed: 0
  Using thread pool 'Quartz.Simpl.DefaultThreadPool' - with 10 threads.
  Using job-store 'Quartz.Simpl.RAMJobStore' - which does not support persistence. and is not clustered.

2020-12-21 17:49:01.5185 INFO Quartz scheduler 'DefaultQuartzScheduler' initialized
2020-12-21 17:49:01.5185 INFO Quartz scheduler version: 3.2.2.0
2020-12-21 17:49:01.5185 INFO Scheduler DefaultQuartzScheduler_$_NON_CLUSTERED started.
2020-12-21 17:49:02.1788 INFO Startup Configuration - Start
2020-12-21 17:49:02.1788 INFO SetEventCache - Start
2020-12-21 17:49:02.2296 INFO SetCachedItem = setting cache for Events
2020-12-21 17:49:02.2296 INFO SetCachedItem = setting cache for Events, with Expiry Date of 20/01/2021 17:49:02
2020-12-21 17:49:02.2296 INFO SetNextResultCheckDateTime - Start - roundUp = False
2020-12-21 17:49:02.2346 INFO SetNextResultCheckDateTime - rapidApiResultChecks == null
2020-12-21 17:49:02.2685 INFO SetNextResultCheckDateTime - Set League 2790 next check date to 21/12/2020 19:25:00
2020-12-21 17:49:02.2685 INFO SetCachedItem = setting cache for NextFixtureCheckDateTime
2020-12-21 17:49:02.2685 INFO SetCachedItem = setting cache for NextFixtureCheckDateTime, with Expiry Date of 20/01/2021 17:49:02
2020-12-21 17:50:10.9853 INFO DailyRapidApiLeagueCheck --> lastDate = 20/12/2020 00:00:00, Now = 21/12/2020 00:00:00
2020-12-21 17:50:14.5807 INFO SetCachedItem = setting cache for DailyRapidApiLeagueCheck, with Expiry Date of 22/12/2020 00:00:00
2020-12-21 17:50:16.6049 INFO DailyRapidApiLeagueCheck --> Performing daily league update
2020-12-21 17:50:20.3714 INFO FixturesByLeague - League = 2790
2020-12-21 17:53:11.0142 INFO Default Quartz.NET properties loaded from embedded resource file
2020-12-21 17:53:11.0731 INFO Initialized Scheduler Signaller of type: Quartz.Core.SchedulerSignalerImpl
2020-12-21 17:53:11.0940 INFO Quartz Scheduler v.3.2.2.0 created.
2020-12-21 17:53:11.1289 INFO JobFactory set to: Quartz.Simpl.PropertySettingJobFactory
2020-12-21 17:53:11.1469 INFO RAMJobStore initialized.
2020-12-21 17:53:11.1469 INFO Scheduler meta-data: Quartz Scheduler (v3.2.2.0) 'DefaultQuartzScheduler' with instanceId 'NON_CLUSTERED'
  Scheduler class: 'Quartz.Core.QuartzScheduler' - running locally.
  NOT STARTED.
  Currently in standby mode.
  Number of jobs executed: 0
  Using thread pool 'Quartz.Simpl.DefaultThreadPool' - with 10 threads.
  Using job-store 'Quartz.Simpl.RAMJobStore' - which does not support persistence. and is not clustered.

2020-12-21 17:53:11.1469 INFO Quartz scheduler 'DefaultQuartzScheduler' initialized
2020-12-21 17:53:11.1469 INFO Quartz scheduler version: 3.2.2.0
2020-12-21 17:53:11.1628 INFO Scheduler DefaultQuartzScheduler_$_NON_CLUSTERED started.
2020-12-21 17:53:11.2905 INFO Startup Configuration - Start
2020-12-21 17:53:11.2905 INFO SetEventCache - Start
2020-12-21 17:53:11.3384 INFO SetCachedItem = setting cache for Events
2020-12-21 17:53:11.3384 INFO SetCachedItem = setting cache for Events, with Expiry Date of 20/01/2021 17:53:11
2020-12-21 17:53:11.3384 INFO SetNextResultCheckDateTime - Start - roundUp = False
2020-12-21 17:53:11.3384 INFO SetNextResultCheckDateTime - rapidApiResultChecks == null
2020-12-21 17:53:11.3773 INFO SetNextResultCheckDateTime - Set League 2790 next check date to 21/12/2020 19:25:00
2020-12-21 17:53:11.3773 INFO SetCachedItem = setting cache for NextFixtureCheckDateTime
2020-12-21 17:53:11.3773 INFO SetCachedItem = setting cache for NextFixtureCheckDateTime, with Expiry Date of 20/01/2021 17:53:11
2020-12-21 17:54:09.6700 INFO DailyRapidApiLeagueCheck --> lastDate = 20/12/2020 00:00:00, Now = 21/12/2020 00:00:00
2020-12-21 17:54:12.2510 INFO SetCachedItem = setting cache for DailyRapidApiLeagueCheck, with Expiry Date of 22/12/2020 00:00:00
2020-12-21 17:54:14.9248 INFO DailyRapidApiLeagueCheck --> Performing daily league update
2020-12-21 17:54:18.4932 INFO FixturesByLeague - League = 2790
2020-12-21 18:00:30.6326 INFO Default Quartz.NET properties loaded from embedded resource file
2020-12-21 18:00:30.6914 INFO Initialized Scheduler Signaller of type: Quartz.Core.SchedulerSignalerImpl
2020-12-21 18:00:30.7163 INFO Quartz Scheduler v.3.2.2.0 created.
2020-12-21 18:00:30.7443 INFO JobFactory set to: Quartz.Simpl.PropertySettingJobFactory
2020-12-21 18:00:30.7692 INFO RAMJobStore initialized.
2020-12-21 18:00:30.7692 INFO Scheduler meta-data: Quartz Scheduler (v3.2.2.0) 'DefaultQuartzScheduler' with instanceId 'NON_CLUSTERED'
  Scheduler class: 'Quartz.Core.QuartzScheduler' - running locally.
  NOT STARTED.
  Currently in standby mode.
  Number of jobs executed: 0
  Using thread pool 'Quartz.Simpl.DefaultThreadPool' - with 10 threads.
  Using job-store 'Quartz.Simpl.RAMJobStore' - which does not support persistence. and is not clustered.

2020-12-21 18:00:30.7692 INFO Quartz scheduler 'DefaultQuartzScheduler' initialized
2020-12-21 18:00:30.7692 INFO Quartz scheduler version: 3.2.2.0
2020-12-21 18:00:30.7871 INFO Scheduler DefaultQuartzScheduler_$_NON_CLUSTERED started.
2020-12-21 18:00:30.9098 INFO Startup Configuration - Start
2020-12-21 18:00:30.9098 INFO SetEventCache - Start
2020-12-21 18:00:30.9587 INFO SetCachedItem = setting cache for Events
2020-12-21 18:00:30.9587 INFO SetCachedItem = setting cache for Events, with Expiry Date of 20/01/2021 18:00:30
2020-12-21 18:00:30.9587 INFO SetNextResultCheckDateTime - Start - roundUp = False
2020-12-21 18:00:30.9587 INFO SetNextResultCheckDateTime - rapidApiResultChecks == null
2020-12-21 18:00:30.9996 INFO SetNextResultCheckDateTime - Set League 2790 next check date to 21/12/2020 19:25:00
2020-12-21 18:00:30.9996 INFO SetCachedItem = setting cache for NextFixtureCheckDateTime
2020-12-21 18:00:31.0006 INFO SetCachedItem = setting cache for NextFixtureCheckDateTime, with Expiry Date of 20/01/2021 18:00:31
2020-12-21 18:01:08.2331 INFO DailyRapidApiLeagueCheck --> lastDate = 20/12/2020 00:00:00, Now = 21/12/2020 00:00:00
2020-12-21 18:01:11.1178 INFO SetCachedItem = setting cache for DailyRapidApiLeagueCheck, with Expiry Date of 22/12/2020 00:00:00
2020-12-21 18:01:12.8310 INFO DailyRapidApiLeagueCheck --> Performing daily league update
2020-12-21 18:01:16.6989 INFO FixturesByLeague - League = 2790
2020-12-21 18:01:30.3531 INFO FixturesByLeague - League = 2794
2020-12-21 18:01:40.7489 INFO FixturesByLeague - League = 1422
2020-12-21 18:02:52.7249 INFO Default Quartz.NET properties loaded from embedded resource file
2020-12-21 18:02:52.7947 INFO Initialized Scheduler Signaller of type: Quartz.Core.SchedulerSignalerImpl
2020-12-21 18:02:52.8246 INFO Quartz Scheduler v.3.2.2.0 created.
2020-12-21 18:02:52.8605 INFO JobFactory set to: Quartz.Simpl.PropertySettingJobFactory
2020-12-21 18:02:52.8605 INFO RAMJobStore initialized.
2020-12-21 18:02:52.8795 INFO Scheduler meta-data: Quartz Scheduler (v3.2.2.0) 'DefaultQuartzScheduler' with instanceId 'NON_CLUSTERED'
  Scheduler class: 'Quartz.Core.QuartzScheduler' - running locally.
  NOT STARTED.
  Currently in standby mode.
  Number of jobs executed: 0
  Using thread pool 'Quartz.Simpl.DefaultThreadPool' - with 10 threads.
  Using job-store 'Quartz.Simpl.RAMJobStore' - which does not support persistence. and is not clustered.

2020-12-21 18:02:52.8795 INFO Quartz scheduler 'DefaultQuartzScheduler' initialized
2020-12-21 18:02:52.8795 INFO Quartz scheduler version: 3.2.2.0
2020-12-21 18:02:52.8795 INFO Scheduler DefaultQuartzScheduler_$_NON_CLUSTERED started.
2020-12-21 18:02:53.4979 INFO Startup Configuration - Start
2020-12-21 18:02:53.4979 INFO SetEventCache - Start
2020-12-21 18:02:53.5437 INFO SetCachedItem = setting cache for Events
2020-12-21 18:02:53.5437 INFO SetCachedItem = setting cache for Events, with Expiry Date of 20/01/2021 18:02:53
2020-12-21 18:02:53.5477 INFO SetNextResultCheckDateTime - Start - roundUp = False
2020-12-21 18:02:53.5477 INFO SetNextResultCheckDateTime - rapidApiResultChecks == null
2020-12-21 18:02:53.5806 INFO SetNextResultCheckDateTime - Set League 2790 next check date to 21/12/2020 19:25:00
2020-12-21 18:02:53.5806 INFO SetCachedItem = setting cache for NextFixtureCheckDateTime
2020-12-21 18:02:53.5806 INFO SetCachedItem = setting cache for NextFixtureCheckDateTime, with Expiry Date of 20/01/2021 18:02:53
2020-12-21 18:03:00.1707 INFO DailyRapidApiLeagueCheck --> lastDate = 20/12/2020 00:00:00, Now = 21/12/2020 00:00:00
2020-12-21 18:03:00.4599 INFO SetCachedItem = setting cache for DailyRapidApiLeagueCheck, with Expiry Date of 22/12/2020 00:00:00
2020-12-21 18:03:00.4689 INFO DailyRapidApiLeagueCheck --> Performing daily league update
2020-12-21 18:03:00.4998 INFO FixturesByLeague - League = 2790
2020-12-21 18:03:08.4310 INFO FixturesByLeague - League = 2794
2020-12-21 18:03:14.2203 INFO FixturesByLeague - League = 1422
2020-12-21 18:07:26.8112 INFO Default Quartz.NET properties loaded from embedded resource file
2020-12-21 18:07:26.8690 INFO Initialized Scheduler Signaller of type: Quartz.Core.SchedulerSignalerImpl
2020-12-21 18:07:26.8880 INFO Quartz Scheduler v.3.2.2.0 created.
2020-12-21 18:07:26.9259 INFO JobFactory set to: Quartz.Simpl.PropertySettingJobFactory
2020-12-21 18:07:26.9448 INFO RAMJobStore initialized.
2020-12-21 18:07:26.9448 INFO Scheduler meta-data: Quartz Scheduler (v3.2.2.0) 'DefaultQuartzScheduler' with instanceId 'NON_CLUSTERED'
  Scheduler class: 'Quartz.Core.QuartzScheduler' - running locally.
  NOT STARTED.
  Currently in standby mode.
  Number of jobs executed: 0
  Using thread pool 'Quartz.Simpl.DefaultThreadPool' - with 10 threads.
  Using job-store 'Quartz.Simpl.RAMJobStore' - which does not support persistence. and is not clustered.

2020-12-21 18:07:26.9448 INFO Quartz scheduler 'DefaultQuartzScheduler' initialized
2020-12-21 18:07:26.9448 INFO Quartz scheduler version: 3.2.2.0
2020-12-21 18:07:26.9618 INFO Scheduler DefaultQuartzScheduler_$_NON_CLUSTERED started.
2020-12-21 18:07:27.0845 INFO Startup Configuration - Start
2020-12-21 18:07:27.0845 INFO SetEventCache - Start
2020-12-21 18:07:27.1323 INFO SetCachedItem = setting cache for Events
2020-12-21 18:07:27.1323 INFO SetCachedItem = setting cache for Events, with Expiry Date of 20/01/2021 18:07:27
2020-12-21 18:07:27.1323 INFO SetNextResultCheckDateTime - Start - roundUp = False
2020-12-21 18:07:27.1323 INFO SetNextResultCheckDateTime - rapidApiResultChecks == null
2020-12-21 18:07:27.1712 INFO SetNextResultCheckDateTime - Set League 2790 next check date to 21/12/2020 19:25:00
2020-12-21 18:07:27.1712 INFO SetCachedItem = setting cache for NextFixtureCheckDateTime
2020-12-21 18:07:27.1722 INFO SetCachedItem = setting cache for NextFixtureCheckDateTime, with Expiry Date of 20/01/2021 18:07:27
2020-12-21 18:08:00.1337 INFO DailyRapidApiLeagueCheck --> lastDate = 20/12/2020 00:00:00, Now = 21/12/2020 00:00:00
2020-12-21 18:08:00.3810 INFO SetCachedItem = setting cache for DailyRapidApiLeagueCheck, with Expiry Date of 22/12/2020 00:00:00
2020-12-21 18:08:00.3810 INFO DailyRapidApiLeagueCheck --> Performing daily league update
2020-12-21 18:09:58.3304 INFO Default Quartz.NET properties loaded from embedded resource file
2020-12-21 18:09:58.3883 INFO Initialized Scheduler Signaller of type: Quartz.Core.SchedulerSignalerImpl
2020-12-21 18:09:58.4062 INFO Quartz Scheduler v.3.2.2.0 created.
2020-12-21 18:09:58.4461 INFO JobFactory set to: Quartz.Simpl.PropertySettingJobFactory
2020-12-21 18:09:58.4690 INFO RAMJobStore initialized.
2020-12-21 18:09:58.4690 INFO Scheduler meta-data: Quartz Scheduler (v3.2.2.0) 'DefaultQuartzScheduler' with instanceId 'NON_CLUSTERED'
  Scheduler class: 'Quartz.Core.QuartzScheduler' - running locally.
  NOT STARTED.
  Currently in standby mode.
  Number of jobs executed: 0
  Using thread pool 'Quartz.Simpl.DefaultThreadPool' - with 10 threads.
  Using job-store 'Quartz.Simpl.RAMJobStore' - which does not support persistence. and is not clustered.

2020-12-21 18:09:58.4690 INFO Quartz scheduler 'DefaultQuartzScheduler' initialized
2020-12-21 18:09:58.4690 INFO Quartz scheduler version: 3.2.2.0
2020-12-21 18:09:58.4850 INFO Scheduler DefaultQuartzScheduler_$_NON_CLUSTERED started.
2020-12-21 18:09:58.6057 INFO Startup Configuration - Start
2020-12-21 18:09:58.6057 INFO SetEventCache - Start
2020-12-21 18:09:58.6526 INFO SetCachedItem = setting cache for Events
2020-12-21 18:09:58.6526 INFO SetCachedItem = setting cache for Events, with Expiry Date of 20/01/2021 18:09:58
2020-12-21 18:09:58.6566 INFO SetNextResultCheckDateTime - Start - roundUp = False
2020-12-21 18:09:58.6566 INFO SetNextResultCheckDateTime - rapidApiResultChecks == null
2020-12-21 18:09:58.6904 INFO SetNextResultCheckDateTime - Set League 2790 next check date to 21/12/2020 19:25:00
2020-12-21 18:09:58.6904 INFO SetCachedItem = setting cache for NextFixtureCheckDateTime
2020-12-21 18:09:58.6904 INFO SetCachedItem = setting cache for NextFixtureCheckDateTime, with Expiry Date of 20/01/2021 18:09:58
2020-12-21 18:10:00.0538 INFO DailyRapidApiLeagueCheck --> lastDate = 20/12/2020 00:00:00, Now = 21/12/2020 00:00:00
2020-12-21 18:10:00.2602 INFO SetCachedItem = setting cache for DailyRapidApiLeagueCheck, with Expiry Date of 22/12/2020 00:00:00
2020-12-21 18:10:00.2693 INFO DailyRapidApiLeagueCheck --> Performing daily league update
