2020-10-17 12:52:00.5480 INFO Startup Configuration - Start
2020-10-17 12:52:00.5799 INFO SetEventCache - Start
2020-10-17 12:52:00.6348 INFO SetCachedItem = setting cache for Events
2020-10-17 12:52:00.6448 INFO SetNextResultCheckDateTime - Start - roundUp = False
2020-10-17 12:52:00.6448 INFO SetNextResultCheckDateTime - rapidApiResultChecks == null
2020-10-17 12:52:00.7395 INFO SetNextResultCheckDateTime - Set League 2790 next check date to 17/10/2020 13:25:00
2020-10-17 12:52:00.7395 INFO SetCachedItem = setting cache for NextFixtureCheckDateTime
2020-10-17 12:52:15.2874 INFO Account - Login (HttpPost) - pete@salsbury.co.uk logged in
2020-10-17 12:52:15.5617 INFO GetRapidApiResults - Start
2020-10-17 12:52:15.5617 INFO GetRapidApiResults = rapidApiResultChecks has 1 items
2020-10-17 12:52:15.5617 INFO GetRapidApiResults = Waiting for result. Time now is 17/10/2020 11:52:15, time to wait for is 17/10/2020 13:25:00
2020-10-17 13:16:51.8241 INFO Startup Configuration - Start
2020-10-17 13:16:51.8501 INFO SetEventCache - Start
2020-10-17 13:16:51.9089 INFO SetCachedItem = setting cache for Events
2020-10-17 13:16:51.9318 INFO SetNextResultCheckDateTime - Start - roundUp = False
2020-10-17 13:16:51.9398 INFO SetNextResultCheckDateTime - rapidApiResultChecks == null
2020-10-17 13:16:52.0027 INFO SetNextResultCheckDateTime - Set League 2790 next check date to 17/10/2020 13:25:00
2020-10-17 13:16:52.0027 INFO SetCachedItem = setting cache for NextFixtureCheckDateTime
2020-10-17 13:16:52.6270 INFO GetRapidApiResults - Start
2020-10-17 13:16:52.6270 INFO GetRapidApiResults = rapidApiResultChecks has 1 items
2020-10-17 13:16:52.6270 INFO GetRapidApiResults = Waiting for result. Time now is 17/10/2020 12:16:52, time to wait for is 17/10/2020 13:25:00
2020-10-17 13:17:05.4291 INFO GetRapidApiResults - Start
2020-10-17 13:17:05.4291 INFO GetRapidApiResults = rapidApiResultChecks has 1 items
2020-10-17 13:17:05.4291 INFO GetRapidApiResults = Waiting for result. Time now is 17/10/2020 12:17:05, time to wait for is 17/10/2020 13:25:00
