2020-10-20 16:33:27.0517 INFO Default Quartz.NET properties loaded from embedded resource file
2020-10-20 16:33:27.1095 INFO Initialized Scheduler Signaller of type: Quartz.Core.SchedulerSignalerImpl
2020-10-20 16:33:27.1125 INFO Quartz Scheduler v.3.2.2.0 created.
2020-10-20 16:33:27.1125 INFO JobFactory set to: Quartz.Simpl.PropertySettingJobFactory
2020-10-20 16:33:27.1125 INFO RAMJobStore initialized.
2020-10-20 16:33:27.1125 INFO Scheduler meta-data: Quartz Scheduler (v3.2.2.0) 'DefaultQuartzScheduler' with instanceId 'NON_CLUSTERED'
  Scheduler class: 'Quartz.Core.QuartzScheduler' - running locally.
  NOT STARTED.
  Currently in standby mode.
  Number of jobs executed: 0
  Using thread pool 'Quartz.Simpl.DefaultThreadPool' - with 10 threads.
  Using job-store 'Quartz.Simpl.RAMJobStore' - which does not support persistence. and is not clustered.

2020-10-20 16:33:27.1315 INFO Quartz scheduler 'DefaultQuartzScheduler' initialized
2020-10-20 16:33:27.1315 INFO Quartz scheduler version: 3.2.2.0
2020-10-20 16:33:27.1315 INFO Scheduler DefaultQuartzScheduler_$_NON_CLUSTERED started.
2020-10-20 16:33:27.2682 INFO Startup Configuration - Start
2020-10-20 16:33:27.2682 INFO SetEventCache - Start
2020-10-20 16:33:27.3160 INFO SetCachedItem = setting cache for Events
2020-10-20 16:33:27.3160 INFO SetNextResultCheckDateTime - Start - roundUp = False
2020-10-20 16:33:27.3160 INFO SetNextResultCheckDateTime - rapidApiResultChecks == null
2020-10-20 16:33:27.4297 INFO SetNextResultCheckDateTime - Set League 2790 next check date to 20/10/2020 15:33:27
2020-10-20 16:33:27.4297 INFO SetNextResultCheckDateTime - Set League 2794 next check date to 20/10/2020 15:33:27
2020-10-20 16:33:27.4297 INFO SetCachedItem = setting cache for NextFixtureCheckDateTime
2020-10-20 16:33:42.2746 INFO Account - Login (HttpPost) - pete@salsbury.co.uk logged in
2020-10-20 16:33:42.4661 INFO GetRapidApiResults - Start
2020-10-20 16:33:42.4661 INFO GetRapidApiResults = rapidApiResultChecks has 2 items
2020-10-20 16:33:42.4661 INFO GetRapidApiResults = Getting results from RapidApi 2790
2020-10-20 16:33:43.1973 INFO GetRapidApiResults = Getting results from RapidApi 2794
2020-10-20 16:33:43.5434 INFO SetNextResultCheckDateTime - Start - roundUp = True
2020-10-20 16:33:43.5514 INFO SetNextResultCheckDateTime - Set League 2790 next check date to 20/10/2020 15:35:00
2020-10-20 16:33:43.5514 INFO SetNextResultCheckDateTime - Set League 2794 next check date to 20/10/2020 15:35:00
2020-10-20 16:33:43.5514 INFO SetCachedItem = setting cache for NextFixtureCheckDateTime
2020-10-20 16:37:39.1648 INFO GetRapidApiResults - Start
2020-10-20 16:37:39.1648 INFO GetRapidApiResults = rapidApiResultChecks has 2 items
2020-10-20 16:37:39.1648 INFO GetRapidApiResults = Getting results from RapidApi 2790
2020-10-20 16:37:39.5648 INFO GetRapidApiResults = Getting results from RapidApi 2794
2020-10-20 16:37:39.7682 INFO SetNextResultCheckDateTime - Start - roundUp = True
2020-10-20 16:37:39.7682 INFO SetNextResultCheckDateTime - Set League 2790 next check date to 20/10/2020 15:40:00
2020-10-20 16:37:39.7682 INFO SetNextResultCheckDateTime - Set League 2794 next check date to 20/10/2020 15:40:00
2020-10-20 16:37:39.7682 INFO SetCachedItem = setting cache for NextFixtureCheckDateTime
2020-10-20 16:54:36.3160 INFO Default Quartz.NET properties loaded from embedded resource file
2020-10-20 16:54:36.3759 INFO Initialized Scheduler Signaller of type: Quartz.Core.SchedulerSignalerImpl
2020-10-20 16:54:36.3858 INFO Quartz Scheduler v.3.2.2.0 created.
2020-10-20 16:54:36.4008 INFO JobFactory set to: Quartz.Simpl.PropertySettingJobFactory
2020-10-20 16:54:36.4098 INFO RAMJobStore initialized.
2020-10-20 16:54:36.4098 INFO Scheduler meta-data: Quartz Scheduler (v3.2.2.0) 'DefaultQuartzScheduler' with instanceId 'NON_CLUSTERED'
  Scheduler class: 'Quartz.Core.QuartzScheduler' - running locally.
  NOT STARTED.
  Currently in standby mode.
  Number of jobs executed: 0
  Using thread pool 'Quartz.Simpl.DefaultThreadPool' - with 10 threads.
  Using job-store 'Quartz.Simpl.RAMJobStore' - which does not support persistence. and is not clustered.

2020-10-20 16:54:36.4098 INFO Quartz scheduler 'DefaultQuartzScheduler' initialized
2020-10-20 16:54:36.4098 INFO Quartz scheduler version: 3.2.2.0
2020-10-20 16:54:36.4317 INFO Scheduler DefaultQuartzScheduler_$_NON_CLUSTERED started.
2020-10-20 16:54:36.6043 INFO Startup Configuration - Start
2020-10-20 16:54:36.6043 INFO SetEventCache - Start
2020-10-20 16:54:36.6581 INFO SetCachedItem = setting cache for Events
2020-10-20 16:54:36.6760 INFO SetNextResultCheckDateTime - Start - roundUp = False
2020-10-20 16:54:36.6760 INFO SetNextResultCheckDateTime - rapidApiResultChecks == null
2020-10-20 16:54:36.7419 INFO SetNextResultCheckDateTime - Set League 2790 next check date to 20/10/2020 15:54:36
2020-10-20 16:54:36.7419 INFO SetNextResultCheckDateTime - Set League 2794 next check date to 20/10/2020 15:54:36
2020-10-20 16:54:36.7419 INFO SetCachedItem = setting cache for NextFixtureCheckDateTime
2020-10-20 16:54:37.3871 INFO GetRapidApiResults - Start
2020-10-20 16:54:37.4010 INFO GetRapidApiResults = rapidApiResultChecks has 2 items
2020-10-20 16:54:37.4100 INFO GetRapidApiResults = Getting results from RapidApi 2790
2020-10-20 16:54:38.2035 INFO GetRapidApiResults = Getting results from RapidApi 2794
2020-10-20 16:54:38.5585 INFO SetNextResultCheckDateTime - Start - roundUp = True
2020-10-20 16:54:38.5774 INFO SetNextResultCheckDateTime - Set League 2790 next check date to 20/10/2020 15:55:00
2020-10-20 16:54:38.5884 INFO SetNextResultCheckDateTime - Set League 2794 next check date to 20/10/2020 15:55:00
2020-10-20 16:54:38.5984 INFO SetCachedItem = setting cache for NextFixtureCheckDateTime
2020-10-20 17:17:04.0107 INFO Default Quartz.NET properties loaded from embedded resource file
2020-10-20 17:17:04.0685 INFO Initialized Scheduler Signaller of type: Quartz.Core.SchedulerSignalerImpl
2020-10-20 17:17:04.0805 INFO Quartz Scheduler v.3.2.2.0 created.
2020-10-20 17:17:04.0805 INFO JobFactory set to: Quartz.Simpl.PropertySettingJobFactory
2020-10-20 17:17:04.0805 INFO RAMJobStore initialized.
2020-10-20 17:17:04.0984 INFO Scheduler meta-data: Quartz Scheduler (v3.2.2.0) 'DefaultQuartzScheduler' with instanceId 'NON_CLUSTERED'
  Scheduler class: 'Quartz.Core.QuartzScheduler' - running locally.
  NOT STARTED.
  Currently in standby mode.
  Number of jobs executed: 0
  Using thread pool 'Quartz.Simpl.DefaultThreadPool' - with 10 threads.
  Using job-store 'Quartz.Simpl.RAMJobStore' - which does not support persistence. and is not clustered.

2020-10-20 17:17:04.0984 INFO Quartz scheduler 'DefaultQuartzScheduler' initialized
2020-10-20 17:17:04.0984 INFO Quartz scheduler version: 3.2.2.0
2020-10-20 17:17:04.0984 INFO Scheduler DefaultQuartzScheduler_$_NON_CLUSTERED started.
2020-10-20 17:17:04.2321 INFO Startup Configuration - Start
2020-10-20 17:17:04.2321 INFO SetEventCache - Start
2020-10-20 17:17:04.2799 INFO SetCachedItem = setting cache for Events
2020-10-20 17:17:04.2799 INFO SetNextResultCheckDateTime - Start - roundUp = False
2020-10-20 17:17:04.2799 INFO SetNextResultCheckDateTime - rapidApiResultChecks == null
2020-10-20 17:17:04.3218 INFO SetNextResultCheckDateTime - Set League 2790 next check date to 20/10/2020 16:17:04
2020-10-20 17:17:04.3218 INFO SetNextResultCheckDateTime - Set League 2794 next check date to 20/10/2020 16:17:04
2020-10-20 17:17:04.3218 INFO SetCachedItem = setting cache for NextFixtureCheckDateTime
2020-10-20 17:17:05.2496 INFO GetRapidApiResults - Start
2020-10-20 17:17:05.2586 INFO GetRapidApiResults = rapidApiResultChecks has 2 items
2020-10-20 17:17:05.2586 INFO GetRapidApiResults = Getting results from RapidApi 2790
2020-10-20 17:17:06.1008 INFO GetRapidApiResults = Getting results from RapidApi 2794
2020-10-20 17:17:06.4050 INFO SetNextResultCheckDateTime - Start - roundUp = True
2020-10-20 17:17:06.4209 INFO SetNextResultCheckDateTime - Set League 2790 next check date to 20/10/2020 16:20:00
2020-10-20 17:17:06.4309 INFO SetNextResultCheckDateTime - Set League 2794 next check date to 20/10/2020 16:20:00
2020-10-20 17:17:06.4309 INFO SetCachedItem = setting cache for NextFixtureCheckDateTime
2020-10-20 21:14:28.7757 INFO Default Quartz.NET properties loaded from embedded resource file
2020-10-20 21:14:28.8436 INFO Initialized Scheduler Signaller of type: Quartz.Core.SchedulerSignalerImpl
2020-10-20 21:14:28.8546 INFO Quartz Scheduler v.3.2.2.0 created.
2020-10-20 21:14:28.8676 INFO JobFactory set to: Quartz.Simpl.PropertySettingJobFactory
2020-10-20 21:14:28.8676 INFO RAMJobStore initialized.
2020-10-20 21:14:28.8676 INFO Scheduler meta-data: Quartz Scheduler (v3.2.2.0) 'DefaultQuartzScheduler' with instanceId 'NON_CLUSTERED'
  Scheduler class: 'Quartz.Core.QuartzScheduler' - running locally.
  NOT STARTED.
  Currently in standby mode.
  Number of jobs executed: 0
  Using thread pool 'Quartz.Simpl.DefaultThreadPool' - with 10 threads.
  Using job-store 'Quartz.Simpl.RAMJobStore' - which does not support persistence. and is not clustered.

2020-10-20 21:14:28.8676 INFO Quartz scheduler 'DefaultQuartzScheduler' initialized
2020-10-20 21:14:28.8676 INFO Quartz scheduler version: 3.2.2.0
2020-10-20 21:14:28.8806 INFO Scheduler DefaultQuartzScheduler_$_NON_CLUSTERED started.
2020-10-20 21:14:29.0172 INFO Startup Configuration - Start
2020-10-20 21:14:29.0192 INFO SetEventCache - Start
2020-10-20 21:14:29.0651 INFO SetCachedItem = setting cache for Events
2020-10-20 21:14:29.0651 INFO SetNextResultCheckDateTime - Start - roundUp = False
2020-10-20 21:14:29.0651 INFO SetNextResultCheckDateTime - rapidApiResultChecks == null
2020-10-20 21:14:29.1768 INFO SetNextResultCheckDateTime - Set League 2790 next check date to 20/10/2020 20:14:29
2020-10-20 21:14:29.1768 INFO SetNextResultCheckDateTime - Set League 2794 next check date to 20/10/2020 20:14:29
2020-10-20 21:14:29.1768 INFO SetCachedItem = setting cache for NextFixtureCheckDateTime
2020-10-20 21:15:13.5487 INFO Account - Login (HttpPost) - pete@salsbury.co.uk logged in
2020-10-20 21:15:13.7502 INFO GetRapidApiResults - Start
2020-10-20 21:15:13.7592 INFO GetRapidApiResults = rapidApiResultChecks has 2 items
2020-10-20 21:15:13.7592 INFO GetRapidApiResults = Getting results from RapidApi 2790
2020-10-20 21:15:14.4534 INFO GetRapidApiResults = Getting results from RapidApi 2794
2020-10-20 21:15:14.6880 INFO SetNextResultCheckDateTime - Start - roundUp = True
2020-10-20 21:15:14.7069 INFO SetNextResultCheckDateTime - Set League 2790 next check date to 20/10/2020 20:20:00
2020-10-20 21:15:14.7069 INFO SetNextResultCheckDateTime - Set League 2794 next check date to 20/10/2020 20:20:00
2020-10-20 21:15:14.7269 INFO SetCachedItem = setting cache for NextFixtureCheckDateTime
2020-10-20 21:15:28.8988 INFO GetRapidApiResults - Start
2020-10-20 21:15:28.8988 INFO GetRapidApiResults = rapidApiResultChecks has 2 items
2020-10-20 21:15:28.8988 INFO GetRapidApiResults = Waiting for result. Time now is 20/10/2020 20:15:28, time to wait for is 20/10/2020 20:20:00
2020-10-20 21:15:28.8988 INFO GetRapidApiResults = Waiting for result. Time now is 20/10/2020 20:15:28, time to wait for is 20/10/2020 20:20:00
2020-10-20 21:17:21.8630 INFO GetRapidApiResults - Start
2020-10-20 21:17:21.8630 INFO GetRapidApiResults = rapidApiResultChecks has 2 items
2020-10-20 21:17:21.8630 INFO GetRapidApiResults = Waiting for result. Time now is 20/10/2020 20:17:21, time to wait for is 20/10/2020 20:20:00
2020-10-20 21:17:21.8630 INFO GetRapidApiResults = Waiting for result. Time now is 20/10/2020 20:17:21, time to wait for is 20/10/2020 20:20:00
2020-10-20 21:17:32.0042 INFO GetRapidApiResults - Start
2020-10-20 21:17:32.0042 INFO GetRapidApiResults = rapidApiResultChecks has 2 items
2020-10-20 21:17:32.0042 INFO GetRapidApiResults = Waiting for result. Time now is 20/10/2020 20:17:32, time to wait for is 20/10/2020 20:20:00
2020-10-20 21:17:32.0042 INFO GetRapidApiResults = Waiting for result. Time now is 20/10/2020 20:17:32, time to wait for is 20/10/2020 20:20:00
2020-10-20 21:22:45.1659 INFO Default Quartz.NET properties loaded from embedded resource file
2020-10-20 21:22:45.2297 INFO Initialized Scheduler Signaller of type: Quartz.Core.SchedulerSignalerImpl
2020-10-20 21:22:45.2387 INFO Quartz Scheduler v.3.2.2.0 created.
2020-10-20 21:22:45.2527 INFO JobFactory set to: Quartz.Simpl.PropertySettingJobFactory
2020-10-20 21:22:45.2527 INFO RAMJobStore initialized.
2020-10-20 21:22:45.2527 INFO Scheduler meta-data: Quartz Scheduler (v3.2.2.0) 'DefaultQuartzScheduler' with instanceId 'NON_CLUSTERED'
  Scheduler class: 'Quartz.Core.QuartzScheduler' - running locally.
  NOT STARTED.
  Currently in standby mode.
  Number of jobs executed: 0
  Using thread pool 'Quartz.Simpl.DefaultThreadPool' - with 10 threads.
  Using job-store 'Quartz.Simpl.RAMJobStore' - which does not support persistence. and is not clustered.

2020-10-20 21:22:45.2527 INFO Quartz scheduler 'DefaultQuartzScheduler' initialized
2020-10-20 21:22:45.2527 INFO Quartz scheduler version: 3.2.2.0
2020-10-20 21:22:45.2726 INFO Scheduler DefaultQuartzScheduler_$_NON_CLUSTERED started.
2020-10-20 21:22:45.3963 INFO Startup Configuration - Start
2020-10-20 21:22:45.3963 INFO SetEventCache - Start
2020-10-20 21:22:45.4451 INFO SetCachedItem = setting cache for Events
2020-10-20 21:22:45.4451 INFO SetNextResultCheckDateTime - Start - roundUp = False
2020-10-20 21:22:45.4451 INFO SetNextResultCheckDateTime - rapidApiResultChecks == null
2020-10-20 21:22:45.4880 INFO SetNextResultCheckDateTime - Set League 2790 next check date to 20/10/2020 20:22:45
2020-10-20 21:22:45.4880 INFO SetNextResultCheckDateTime - Set League 2794 next check date to 20/10/2020 20:22:45
2020-10-20 21:22:45.4880 INFO SetCachedItem = setting cache for NextFixtureCheckDateTime
2020-10-20 21:22:46.1892 INFO GetRapidApiResults - Start
2020-10-20 21:22:46.1982 INFO GetRapidApiResults = rapidApiResultChecks has 2 items
2020-10-20 21:22:46.2071 INFO GetRapidApiResults = Getting results from RapidApi 2790
2020-10-20 21:22:47.0318 INFO GetRapidApiResults = Getting results from RapidApi 2794
2020-10-20 21:22:47.2841 INFO SetNextResultCheckDateTime - Start - roundUp = True
2020-10-20 21:22:47.3101 INFO SetNextResultCheckDateTime - Set League 2790 next check date to 20/10/2020 20:25:00
2020-10-20 21:22:47.3260 INFO SetNextResultCheckDateTime - Set League 2794 next check date to 20/10/2020 20:25:00
2020-10-20 21:22:47.3530 INFO SetCachedItem = setting cache for NextFixtureCheckDateTime
2020-10-20 21:22:59.9790 INFO GetRapidApiResults - Start
2020-10-20 21:22:59.9790 INFO GetRapidApiResults = rapidApiResultChecks has 2 items
2020-10-20 21:22:59.9790 INFO GetRapidApiResults = Waiting for result. Time now is 20/10/2020 20:22:59, time to wait for is 20/10/2020 20:25:00
2020-10-20 21:22:59.9790 INFO GetRapidApiResults = Waiting for result. Time now is 20/10/2020 20:22:59, time to wait for is 20/10/2020 20:25:00
2020-10-20 21:23:29.1893 INFO GetRapidApiResults - Start
2020-10-20 21:23:29.1903 INFO GetRapidApiResults = rapidApiResultChecks has 2 items
2020-10-20 21:23:29.1903 INFO GetRapidApiResults = Waiting for result. Time now is 20/10/2020 20:23:29, time to wait for is 20/10/2020 20:25:00
2020-10-20 21:23:29.1903 INFO GetRapidApiResults = Waiting for result. Time now is 20/10/2020 20:23:29, time to wait for is 20/10/2020 20:25:00
2020-10-20 21:42:29.6635 INFO Default Quartz.NET properties loaded from embedded resource file
2020-10-20 21:42:29.7263 INFO Initialized Scheduler Signaller of type: Quartz.Core.SchedulerSignalerImpl
2020-10-20 21:42:29.7383 INFO Quartz Scheduler v.3.2.2.0 created.
2020-10-20 21:42:29.7523 INFO JobFactory set to: Quartz.Simpl.PropertySettingJobFactory
2020-10-20 21:42:29.7523 INFO RAMJobStore initialized.
2020-10-20 21:42:29.7702 INFO Scheduler meta-data: Quartz Scheduler (v3.2.2.0) 'DefaultQuartzScheduler' with instanceId 'NON_CLUSTERED'
  Scheduler class: 'Quartz.Core.QuartzScheduler' - running locally.
  NOT STARTED.
  Currently in standby mode.
  Number of jobs executed: 0
  Using thread pool 'Quartz.Simpl.DefaultThreadPool' - with 10 threads.
  Using job-store 'Quartz.Simpl.RAMJobStore' - which does not support persistence. and is not clustered.

2020-10-20 21:42:29.7702 INFO Quartz scheduler 'DefaultQuartzScheduler' initialized
2020-10-20 21:42:29.7702 INFO Quartz scheduler version: 3.2.2.0
2020-10-20 21:42:29.7702 INFO Scheduler DefaultQuartzScheduler_$_NON_CLUSTERED started.
2020-10-20 21:42:29.9089 INFO Startup Configuration - Start
2020-10-20 21:42:29.9089 INFO SetEventCache - Start
2020-10-20 21:42:29.9577 INFO SetCachedItem = setting cache for Events
2020-10-20 21:42:29.9577 INFO SetNextResultCheckDateTime - Start - roundUp = False
2020-10-20 21:42:29.9577 INFO SetNextResultCheckDateTime - rapidApiResultChecks == null
2020-10-20 21:42:30.0076 INFO SetNextResultCheckDateTime - Set League 2790 next check date to 20/10/2020 20:42:30
2020-10-20 21:42:30.0076 INFO SetNextResultCheckDateTime - Set League 2794 next check date to 20/10/2020 20:42:30
2020-10-20 21:42:30.0076 INFO SetCachedItem = setting cache for NextFixtureCheckDateTime
2020-10-20 21:42:30.7127 INFO GetRapidApiResults - Start
2020-10-20 21:42:30.7277 INFO GetRapidApiResults = rapidApiResultChecks has 2 items
2020-10-20 21:42:30.7366 INFO GetRapidApiResults = Getting results from RapidApi 2790
2020-10-20 21:42:31.5285 INFO GetRapidApiResults = Getting results from RapidApi 2794
2020-10-20 21:42:32.0482 INFO SetEventCache - Start
2020-10-20 21:42:32.0612 INFO SetCachedItem = setting cache for Events
2020-10-20 21:42:32.0701 INFO SetNextResultCheckDateTime - Start - roundUp = True
2020-10-20 21:42:32.0891 INFO SetNextResultCheckDateTime - Set League 2790 next check date to 20/10/2020 20:45:00
2020-10-20 21:42:32.0891 INFO SetNextResultCheckDateTime - Set League 2794 next check date to 20/10/2020 20:45:00
2020-10-20 21:42:32.0891 INFO SetCachedItem = setting cache for NextFixtureCheckDateTime
2020-10-20 22:00:20.5497 INFO Default Quartz.NET properties loaded from embedded resource file
2020-10-20 22:00:20.6065 INFO Initialized Scheduler Signaller of type: Quartz.Core.SchedulerSignalerImpl
2020-10-20 22:00:20.6165 INFO Quartz Scheduler v.3.2.2.0 created.
2020-10-20 22:00:20.6294 INFO JobFactory set to: Quartz.Simpl.PropertySettingJobFactory
2020-10-20 22:00:20.6294 INFO RAMJobStore initialized.
2020-10-20 22:00:20.6294 INFO Scheduler meta-data: Quartz Scheduler (v3.2.2.0) 'DefaultQuartzScheduler' with instanceId 'NON_CLUSTERED'
  Scheduler class: 'Quartz.Core.QuartzScheduler' - running locally.
  NOT STARTED.
  Currently in standby mode.
  Number of jobs executed: 0
  Using thread pool 'Quartz.Simpl.DefaultThreadPool' - with 10 threads.
  Using job-store 'Quartz.Simpl.RAMJobStore' - which does not support persistence. and is not clustered.

2020-10-20 22:00:20.6294 INFO Quartz scheduler 'DefaultQuartzScheduler' initialized
2020-10-20 22:00:20.6294 INFO Quartz scheduler version: 3.2.2.0
2020-10-20 22:00:20.6494 INFO Scheduler DefaultQuartzScheduler_$_NON_CLUSTERED started.
2020-10-20 22:00:20.7751 INFO Startup Configuration - Start
2020-10-20 22:00:20.7751 INFO SetEventCache - Start
2020-10-20 22:00:20.8219 INFO SetCachedItem = setting cache for Events
2020-10-20 22:00:20.8219 INFO SetNextResultCheckDateTime - Start - roundUp = False
2020-10-20 22:00:20.8219 INFO SetNextResultCheckDateTime - rapidApiResultChecks == null
2020-10-20 22:00:20.9117 INFO SetNextResultCheckDateTime - Set League 2790 next check date to 20/10/2020 21:00:20
2020-10-20 22:00:20.9117 INFO SetNextResultCheckDateTime - Set League 2794 next check date to 20/10/2020 21:00:20
2020-10-20 22:00:20.9117 INFO SetCachedItem = setting cache for NextFixtureCheckDateTime
2020-10-20 22:04:42.4175 INFO GetRapidApiResults - Start
2020-10-20 22:04:42.4175 INFO GetRapidApiResults = rapidApiResultChecks has 2 items
2020-10-20 22:04:42.4175 INFO GetRapidApiResults = Getting results from RapidApi 2790
2020-10-20 22:04:42.9900 INFO GetRapidApiResults = Getting results from RapidApi 2794
2020-10-20 22:04:43.3241 INFO SetEventCache - Start
2020-10-20 22:04:43.3371 INFO SetCachedItem = setting cache for Events
2020-10-20 22:04:43.3461 INFO SetNextResultCheckDateTime - Start - roundUp = True
2020-10-20 22:04:43.3660 INFO SetNextResultCheckDateTime - Set League 2790 next check date to 20/10/2020 21:05:00
2020-10-20 22:04:43.3660 INFO SetNextResultCheckDateTime - Set League 2794 next check date to 20/10/2020 21:05:00
2020-10-20 22:04:43.3660 INFO SetCachedItem = setting cache for NextFixtureCheckDateTime
2020-10-20 22:18:55.5852 INFO Default Quartz.NET properties loaded from embedded resource file
2020-10-20 22:18:55.6430 INFO Initialized Scheduler Signaller of type: Quartz.Core.SchedulerSignalerImpl
2020-10-20 22:18:55.6430 INFO Quartz Scheduler v.3.2.2.0 created.
2020-10-20 22:18:55.6670 INFO JobFactory set to: Quartz.Simpl.PropertySettingJobFactory
2020-10-20 22:18:55.6759 INFO RAMJobStore initialized.
2020-10-20 22:18:55.6759 INFO Scheduler meta-data: Quartz Scheduler (v3.2.2.0) 'DefaultQuartzScheduler' with instanceId 'NON_CLUSTERED'
  Scheduler class: 'Quartz.Core.QuartzScheduler' - running locally.
  NOT STARTED.
  Currently in standby mode.
  Number of jobs executed: 0
  Using thread pool 'Quartz.Simpl.DefaultThreadPool' - with 10 threads.
  Using job-store 'Quartz.Simpl.RAMJobStore' - which does not support persistence. and is not clustered.

2020-10-20 22:18:55.6759 INFO Quartz scheduler 'DefaultQuartzScheduler' initialized
2020-10-20 22:18:55.6759 INFO Quartz scheduler version: 3.2.2.0
2020-10-20 22:18:55.6759 INFO Scheduler DefaultQuartzScheduler_$_NON_CLUSTERED started.
2020-10-20 22:18:55.8156 INFO Startup Configuration - Start
2020-10-20 22:18:55.8156 INFO SetEventCache - Start
2020-10-20 22:18:55.8734 INFO SetCachedItem = setting cache for Events
2020-10-20 22:18:55.8774 INFO SetNextResultCheckDateTime - Start - roundUp = False
2020-10-20 22:18:55.8774 INFO SetNextResultCheckDateTime - rapidApiResultChecks == null
2020-10-20 22:18:55.9861 INFO SetNextResultCheckDateTime - Set League 2790 next check date to 20/10/2020 21:18:55
2020-10-20 22:18:55.9871 INFO SetNextResultCheckDateTime - Set League 2794 next check date to 20/10/2020 21:18:55
2020-10-20 22:18:55.9871 INFO SetCachedItem = setting cache for NextFixtureCheckDateTime
2020-10-20 22:18:56.6553 INFO GetRapidApiResults - Start
2020-10-20 22:18:56.6653 INFO GetRapidApiResults = rapidApiResultChecks has 2 items
2020-10-20 22:18:56.6653 INFO GetRapidApiResults = Getting results from RapidApi 2790
2020-10-20 22:18:57.4482 INFO GetRapidApiResults = Getting results from RapidApi 2794
2020-10-20 22:18:57.7943 INFO SetNextResultCheckDateTime - Start - roundUp = True
2020-10-20 22:18:57.8122 INFO SetNextResultCheckDateTime - Set League 2790 next check date to 20/10/2020 21:20:00
2020-10-20 22:18:57.8212 INFO SetNextResultCheckDateTime - Set League 2794 next check date to 20/10/2020 21:20:00
2020-10-20 22:18:57.8302 INFO SetCachedItem = setting cache for NextFixtureCheckDateTime
2020-10-20 22:23:37.2005 INFO GetRapidApiResults - Start
2020-10-20 22:23:37.2005 INFO GetRapidApiResults = rapidApiResultChecks has 2 items
2020-10-20 22:23:37.2005 INFO GetRapidApiResults = Getting results from RapidApi 2790
2020-10-20 22:23:37.5406 INFO GetRapidApiResults = Getting results from RapidApi 2794
2020-10-20 22:23:37.7730 INFO SetNextResultCheckDateTime - Start - roundUp = True
2020-10-20 22:23:37.7950 INFO SetNextResultCheckDateTime - Set League 2790 next check date to 20/10/2020 21:25:00
2020-10-20 22:23:37.8039 INFO SetNextResultCheckDateTime - Set League 2794 next check date to 20/10/2020 21:25:00
2020-10-20 22:23:37.8039 INFO SetCachedItem = setting cache for NextFixtureCheckDateTime
