2020-11-02 09:41:10.6597 INFO Default Quartz.NET properties loaded from embedded resource file
2020-11-02 09:41:10.8083 INFO Initialized Scheduler Signaller of type: Quartz.Core.SchedulerSignalerImpl
2020-11-02 09:41:10.8083 INFO Quartz Scheduler v.3.2.2.0 created.
2020-11-02 09:41:10.8203 INFO JobFactory set to: Quartz.Simpl.PropertySettingJobFactory
2020-11-02 09:41:10.8203 INFO RAMJobStore initialized.
2020-11-02 09:41:10.8203 INFO Scheduler meta-data: Quartz Scheduler (v3.2.2.0) 'DefaultQuartzScheduler' with instanceId 'NON_CLUSTERED'
  Scheduler class: 'Quartz.Core.QuartzScheduler' - running locally.
  NOT STARTED.
  Currently in standby mode.
  Number of jobs executed: 0
  Using thread pool 'Quartz.Simpl.DefaultThreadPool' - with 10 threads.
  Using job-store 'Quartz.Simpl.RAMJobStore' - which does not support persistence. and is not clustered.

2020-11-02 09:41:10.8342 INFO Quartz scheduler 'DefaultQuartzScheduler' initialized
2020-11-02 09:41:10.8342 INFO Quartz scheduler version: 3.2.2.0
2020-11-02 09:41:10.8342 INFO Scheduler DefaultQuartzScheduler_$_NON_CLUSTERED started.
2020-11-02 09:41:11.5071 INFO Startup Configuration - Start
2020-11-02 09:41:11.5071 INFO SetEventCache - Start
2020-11-02 09:41:11.5560 INFO SetCachedItem = setting cache for Events
2020-11-02 09:41:11.5560 INFO SetCachedItem = setting cache for Events, with Expiry Date of 02/12/2020 09:41:11
2020-11-02 09:41:11.5560 INFO SetNextResultCheckDateTime - Start - roundUp = False
2020-11-02 09:41:11.5560 INFO SetNextResultCheckDateTime - rapidApiResultChecks == null
2020-11-02 09:41:11.5979 INFO SetNextResultCheckDateTime - Set League 2790 next check date to 31/10/2020 16:55:00
2020-11-02 09:41:11.5979 INFO SetNextResultCheckDateTime - Set League 2794 next check date to 31/10/2020 16:55:00
2020-11-02 09:41:11.5979 INFO SetCachedItem = setting cache for NextFixtureCheckDateTime
2020-11-02 09:41:11.5979 INFO SetCachedItem = setting cache for NextFixtureCheckDateTime, with Expiry Date of 02/12/2020 09:41:11
2020-11-02 09:41:20.0657 INFO Account - Login (HttpPost) - pete@salsbury.co.uk logged in
2020-11-02 09:41:38.7383 INFO SetEventCache - Start
2020-11-02 09:41:38.7383 INFO SetCachedItem = setting cache for Events
2020-11-02 09:41:38.7383 INFO SetCachedItem = setting cache for Events, with Expiry Date of 02/12/2020 09:41:38
2020-11-02 09:42:00.0921 INFO GetRapidApiResults = Getting results from RapidApi 2790. FixtureDateTime = 31/10/2020 00:00:00, Now = 02/11/2020 09:42:00
2020-11-02 09:42:00.0921 INFO FixturesByLeague - League = 2790
2020-11-02 09:42:03.6359 INFO SetEventCache - Start
2020-11-02 09:42:03.6359 INFO SetCachedItem = setting cache for Events
2020-11-02 09:42:03.6359 INFO SetCachedItem = setting cache for Events, with Expiry Date of 02/12/2020 09:42:03
2020-11-02 09:42:03.6359 INFO GetRapidApiResults = Getting results from RapidApi 2794. FixtureDateTime = 31/10/2020 00:00:00, Now = 02/11/2020 09:42:03
2020-11-02 09:42:03.6359 INFO FixturesByLeague - League = 2794
2020-11-02 09:42:07.7539 INFO SetEventCache - Start
2020-11-02 09:42:07.7539 INFO SetCachedItem = setting cache for Events
2020-11-02 09:42:07.7539 INFO SetCachedItem = setting cache for Events, with Expiry Date of 02/12/2020 09:42:07
2020-11-02 09:42:07.7539 INFO SetNextResultCheckDateTime - Start - roundUp = True
2020-11-02 09:42:07.7539 INFO SetCachedItem = setting cache for NextFixtureCheckDateTime
2020-11-02 09:42:07.7539 INFO SetCachedItem = setting cache for NextFixtureCheckDateTime, with Expiry Date of 02/12/2020 09:42:07
2020-11-02 09:42:07.7729 INFO DailyRapidApiLeagueCheck --> lastDate = 26/10/2020 00:00:00, Now = 02/11/2020 00:00:00
2020-11-02 09:42:07.7729 INFO SetCachedItem = setting cache for DailyRapidApiLeagueCheck, with Expiry Date of 03/11/2020 00:00:00
2020-11-02 09:42:07.7729 INFO DailyRapidApiLeagueCheck --> Performing daily league update
2020-11-02 09:42:07.7729 INFO FixturesByLeague - League = 2790
2020-11-02 09:42:10.3479 INFO FixturesByLeague - League = 2794
2020-11-02 09:42:14.0327 INFO FixturesByLeague - League = 1422
2020-11-02 09:42:51.0004 INFO SetCachedItem = setting cache for Events
2020-11-02 09:42:51.0004 INFO SetCachedItem = setting cache for Events, with Expiry Date of 02/12/2020 09:42:51
