2020-12-07 17:31:12.1436 INFO Default Quartz.NET properties loaded from embedded resource file
2020-12-07 17:31:12.2024 INFO Initialized Scheduler Signaller of type: Quartz.Core.SchedulerSignalerImpl
2020-12-07 17:31:12.2024 INFO Quartz Scheduler v.3.2.2.0 created.
2020-12-07 17:31:12.2134 INFO JobFactory set to: Quartz.Simpl.PropertySettingJobFactory
2020-12-07 17:31:12.2134 INFO RAMJobStore initialized.
2020-12-07 17:31:12.2293 INFO Scheduler meta-data: Quartz Scheduler (v3.2.2.0) 'DefaultQuartzScheduler' with instanceId 'NON_CLUSTERED'
  Scheduler class: 'Quartz.Core.QuartzScheduler' - running locally.
  NOT STARTED.
  Currently in standby mode.
  Number of jobs executed: 0
  Using thread pool 'Quartz.Simpl.DefaultThreadPool' - with 10 threads.
  Using job-store 'Quartz.Simpl.RAMJobStore' - which does not support persistence. and is not clustered.

2020-12-07 17:31:12.2592 INFO Quartz scheduler 'DefaultQuartzScheduler' initialized
2020-12-07 17:31:12.2592 INFO Quartz scheduler version: 3.2.2.0
2020-12-07 17:31:12.2822 INFO Scheduler DefaultQuartzScheduler_$_NON_CLUSTERED started.
2020-12-07 17:31:12.4188 INFO Startup Configuration - Start
2020-12-07 17:31:12.4188 INFO SetEventCache - Start
2020-12-07 17:31:12.4677 INFO SetCachedItem = setting cache for Events
2020-12-07 17:31:12.4677 INFO SetCachedItem = setting cache for Events, with Expiry Date of 06/01/2021 17:31:12
2020-12-07 17:31:12.4677 INFO SetNextResultCheckDateTime - Start - roundUp = False
2020-12-07 17:31:12.4677 INFO SetNextResultCheckDateTime - rapidApiResultChecks == null
2020-12-07 17:31:12.5126 INFO SetCachedItem = setting cache for NextFixtureCheckDateTime
2020-12-07 17:31:12.5126 INFO SetCachedItem = setting cache for NextFixtureCheckDateTime, with Expiry Date of 06/01/2021 17:31:12
2020-12-07 17:31:27.1188 INFO Account - Login (HttpPost) - pete@salsbury.co.uk logged in
2020-12-07 17:32:00.0468 INFO DailyRapidApiLeagueCheck --> lastDate = 26/11/2020 00:00:00, Now = 07/12/2020 00:00:00
2020-12-07 17:32:00.2822 INFO SetCachedItem = setting cache for DailyRapidApiLeagueCheck, with Expiry Date of 08/12/2020 00:00:00
2020-12-07 17:32:00.2822 INFO DailyRapidApiLeagueCheck --> Performing daily league update
2020-12-07 17:32:00.2941 INFO FixturesByLeague - League = 2790
2020-12-07 17:32:04.7038 INFO SetEventCache - Start
2020-12-07 17:32:04.7038 INFO SetCachedItem = setting cache for Events
2020-12-07 17:32:04.7038 INFO SetCachedItem = setting cache for Events, with Expiry Date of 06/01/2021 17:32:04
2020-12-07 17:32:04.7088 INFO FixturesByLeague - League = 2794
2020-12-07 17:32:09.8291 INFO SetEventCache - Start
2020-12-07 17:32:09.8291 INFO SetCachedItem = setting cache for Events
2020-12-07 17:32:09.8291 INFO SetCachedItem = setting cache for Events, with Expiry Date of 06/01/2021 17:32:09
2020-12-07 17:32:09.8341 INFO FixturesByLeague - League = 1422
2020-12-07 17:32:31.4151 INFO Default Quartz.NET properties loaded from embedded resource file
2020-12-07 17:32:31.4830 INFO Initialized Scheduler Signaller of type: Quartz.Core.SchedulerSignalerImpl
2020-12-07 17:32:31.5129 INFO Quartz Scheduler v.3.2.2.0 created.
2020-12-07 17:32:31.5438 INFO JobFactory set to: Quartz.Simpl.PropertySettingJobFactory
2020-12-07 17:32:31.5588 INFO RAMJobStore initialized.
2020-12-07 17:32:31.5588 INFO Scheduler meta-data: Quartz Scheduler (v3.2.2.0) 'DefaultQuartzScheduler' with instanceId 'NON_CLUSTERED'
  Scheduler class: 'Quartz.Core.QuartzScheduler' - running locally.
  NOT STARTED.
  Currently in standby mode.
  Number of jobs executed: 0
  Using thread pool 'Quartz.Simpl.DefaultThreadPool' - with 10 threads.
  Using job-store 'Quartz.Simpl.RAMJobStore' - which does not support persistence. and is not clustered.

2020-12-07 17:32:31.5588 INFO Quartz scheduler 'DefaultQuartzScheduler' initialized
2020-12-07 17:32:31.5588 INFO Quartz scheduler version: 3.2.2.0
2020-12-07 17:32:31.5747 INFO Scheduler DefaultQuartzScheduler_$_NON_CLUSTERED started.
2020-12-07 17:32:32.1899 INFO Startup Configuration - Start
2020-12-07 17:32:32.1899 INFO SetEventCache - Start
2020-12-07 17:32:32.2348 INFO SetCachedItem = setting cache for Events
2020-12-07 17:32:32.2348 INFO SetCachedItem = setting cache for Events, with Expiry Date of 06/01/2021 17:32:32
2020-12-07 17:32:32.2398 INFO SetNextResultCheckDateTime - Start - roundUp = False
2020-12-07 17:32:32.2398 INFO SetNextResultCheckDateTime - rapidApiResultChecks == null
2020-12-07 17:32:32.2727 INFO SetCachedItem = setting cache for NextFixtureCheckDateTime
2020-12-07 17:32:32.2727 INFO SetCachedItem = setting cache for NextFixtureCheckDateTime, with Expiry Date of 06/01/2021 17:32:32
2020-12-07 17:33:00.0897 INFO SetCachedItem = setting cache for DailyRapidApiLeagueCheck, with Expiry Date of 08/12/2020 00:00:00
2020-12-07 18:09:08.5736 INFO Default Quartz.NET properties loaded from embedded resource file
2020-12-07 18:09:08.6325 INFO Initialized Scheduler Signaller of type: Quartz.Core.SchedulerSignalerImpl
2020-12-07 18:09:08.6554 INFO Quartz Scheduler v.3.2.2.0 created.
2020-12-07 18:09:08.6963 INFO JobFactory set to: Quartz.Simpl.PropertySettingJobFactory
2020-12-07 18:09:08.7152 INFO RAMJobStore initialized.
2020-12-07 18:09:08.7152 INFO Scheduler meta-data: Quartz Scheduler (v3.2.2.0) 'DefaultQuartzScheduler' with instanceId 'NON_CLUSTERED'
  Scheduler class: 'Quartz.Core.QuartzScheduler' - running locally.
  NOT STARTED.
  Currently in standby mode.
  Number of jobs executed: 0
  Using thread pool 'Quartz.Simpl.DefaultThreadPool' - with 10 threads.
  Using job-store 'Quartz.Simpl.RAMJobStore' - which does not support persistence. and is not clustered.

2020-12-07 18:09:08.7152 INFO Quartz scheduler 'DefaultQuartzScheduler' initialized
2020-12-07 18:09:08.7152 INFO Quartz scheduler version: 3.2.2.0
2020-12-07 18:09:08.7292 INFO Scheduler DefaultQuartzScheduler_$_NON_CLUSTERED started.
2020-12-07 18:09:08.8519 INFO Startup Configuration - Start
2020-12-07 18:09:08.8519 INFO SetEventCache - Start
2020-12-07 18:09:08.9097 INFO SetCachedItem = setting cache for Events
2020-12-07 18:09:08.9097 INFO SetCachedItem = setting cache for Events, with Expiry Date of 06/01/2021 18:09:08
2020-12-07 18:09:08.9147 INFO SetNextResultCheckDateTime - Start - roundUp = False
2020-12-07 18:09:08.9147 INFO SetNextResultCheckDateTime - rapidApiResultChecks == null
2020-12-07 18:09:08.9496 INFO SetCachedItem = setting cache for NextFixtureCheckDateTime
2020-12-07 18:09:08.9496 INFO SetCachedItem = setting cache for NextFixtureCheckDateTime, with Expiry Date of 06/01/2021 18:09:08
2020-12-07 18:11:51.8333 INFO Default Quartz.NET properties loaded from embedded resource file
2020-12-07 18:11:51.8901 INFO Initialized Scheduler Signaller of type: Quartz.Core.SchedulerSignalerImpl
2020-12-07 18:11:51.9091 INFO Quartz Scheduler v.3.2.2.0 created.
2020-12-07 18:11:51.9519 INFO JobFactory set to: Quartz.Simpl.PropertySettingJobFactory
2020-12-07 18:11:51.9689 INFO RAMJobStore initialized.
2020-12-07 18:11:51.9739 INFO Scheduler meta-data: Quartz Scheduler (v3.2.2.0) 'DefaultQuartzScheduler' with instanceId 'NON_CLUSTERED'
  Scheduler class: 'Quartz.Core.QuartzScheduler' - running locally.
  NOT STARTED.
  Currently in standby mode.
  Number of jobs executed: 0
  Using thread pool 'Quartz.Simpl.DefaultThreadPool' - with 10 threads.
  Using job-store 'Quartz.Simpl.RAMJobStore' - which does not support persistence. and is not clustered.

2020-12-07 18:11:51.9739 INFO Quartz scheduler 'DefaultQuartzScheduler' initialized
2020-12-07 18:11:51.9739 INFO Quartz scheduler version: 3.2.2.0
2020-12-07 18:11:51.9739 INFO Scheduler DefaultQuartzScheduler_$_NON_CLUSTERED started.
2020-12-07 18:11:52.1085 INFO Startup Configuration - Start
2020-12-07 18:11:52.1085 INFO SetEventCache - Start
2020-12-07 18:11:52.1554 INFO SetCachedItem = setting cache for Events
2020-12-07 18:11:52.1554 INFO SetCachedItem = setting cache for Events, with Expiry Date of 06/01/2021 18:11:52
2020-12-07 18:11:52.1554 INFO SetNextResultCheckDateTime - Start - roundUp = False
2020-12-07 18:11:52.1554 INFO SetNextResultCheckDateTime - rapidApiResultChecks == null
2020-12-07 18:11:52.2053 INFO SetCachedItem = setting cache for NextFixtureCheckDateTime
2020-12-07 18:11:52.2053 INFO SetCachedItem = setting cache for NextFixtureCheckDateTime, with Expiry Date of 06/01/2021 18:11:52
2020-12-07 18:12:00.1007 INFO SetCachedItem = setting cache for DailyRapidApiLeagueCheck, with Expiry Date of 08/12/2020 00:00:00
