2020-12-08 21:19:47.7140 INFO Default Quartz.NET properties loaded from embedded resource file
2020-12-08 21:19:47.7769 INFO Initialized Scheduler Signaller of type: Quartz.Core.SchedulerSignalerImpl
2020-12-08 21:19:47.7769 INFO Quartz Scheduler v.3.2.2.0 created.
2020-12-08 21:19:47.7908 INFO JobFactory set to: Quartz.Simpl.PropertySettingJobFactory
2020-12-08 21:19:47.7908 INFO RAMJobStore initialized.
2020-12-08 21:19:47.7908 INFO Scheduler meta-data: Quartz Scheduler (v3.2.2.0) 'DefaultQuartzScheduler' with instanceId 'NON_CLUSTERED'
  Scheduler class: 'Quartz.Core.QuartzScheduler' - running locally.
  NOT STARTED.
  Currently in standby mode.
  Number of jobs executed: 0
  Using thread pool 'Quartz.Simpl.DefaultThreadPool' - with 10 threads.
  Using job-store 'Quartz.Simpl.RAMJobStore' - which does not support persistence. and is not clustered.

2020-12-08 21:19:47.8527 INFO Quartz scheduler 'DefaultQuartzScheduler' initialized
2020-12-08 21:19:47.8527 INFO Quartz scheduler version: 3.2.2.0
2020-12-08 21:19:47.8676 INFO Scheduler DefaultQuartzScheduler_$_NON_CLUSTERED started.
2020-12-08 21:19:48.0312 INFO Startup Configuration - Start
2020-12-08 21:19:48.0312 INFO SetEventCache - Start
2020-12-08 21:19:48.0801 INFO SetCachedItem = setting cache for Events
2020-12-08 21:19:48.0801 INFO SetCachedItem = setting cache for Events, with Expiry Date of 07/01/2021 21:19:48
2020-12-08 21:19:48.0851 INFO SetNextResultCheckDateTime - Start - roundUp = False
2020-12-08 21:19:48.0851 INFO SetNextResultCheckDateTime - rapidApiResultChecks == null
2020-12-08 21:19:48.1220 INFO SetCachedItem = setting cache for NextFixtureCheckDateTime
2020-12-08 21:19:48.1220 INFO SetCachedItem = setting cache for NextFixtureCheckDateTime, with Expiry Date of 07/01/2021 21:19:48
2020-12-08 21:20:00.0693 INFO DailyRapidApiLeagueCheck --> lastDate = 07/12/2020 00:00:00, Now = 08/12/2020 00:00:00
2020-12-08 21:20:00.3386 INFO SetCachedItem = setting cache for DailyRapidApiLeagueCheck, with Expiry Date of 09/12/2020 00:00:00
2020-12-08 21:20:00.3386 INFO DailyRapidApiLeagueCheck --> Performing daily league update
2020-12-08 21:20:00.3595 INFO FixturesByLeague - League = 2790
2020-12-08 21:20:03.8777 INFO SetEventCache - Start
2020-12-08 21:20:03.8807 INFO SetCachedItem = setting cache for Events
2020-12-08 21:20:03.8807 INFO SetCachedItem = setting cache for Events, with Expiry Date of 07/01/2021 21:20:03
2020-12-08 21:20:03.8807 INFO FixturesByLeague - League = 2794
2020-12-08 21:20:07.9338 INFO FixturesByLeague - League = 1422
2020-12-08 21:20:36.0301 INFO Account - Login (HttpPost) - pete@salsbury.co.uk logged in
