2020-11-26 17:56:05.2603 INFO Default Quartz.NET properties loaded from embedded resource file
2020-11-26 17:56:05.3590 INFO Initialized Scheduler Signaller of type: Quartz.Core.SchedulerSignalerImpl
2020-11-26 17:56:05.3590 INFO Quartz Scheduler v.3.2.2.0 created.
2020-11-26 17:56:05.3730 INFO JobFactory set to: Quartz.Simpl.PropertySettingJobFactory
2020-11-26 17:56:05.3730 INFO RAMJobStore initialized.
2020-11-26 17:56:05.3830 INFO Scheduler meta-data: Quartz Scheduler (v3.2.2.0) 'DefaultQuartzScheduler' with instanceId 'NON_CLUSTERED'
  Scheduler class: 'Quartz.Core.QuartzScheduler' - running locally.
  NOT STARTED.
  Currently in standby mode.
  Number of jobs executed: 0
  Using thread pool 'Quartz.Simpl.DefaultThreadPool' - with 10 threads.
  Using job-store 'Quartz.Simpl.RAMJobStore' - which does not support persistence. and is not clustered.

2020-11-26 17:56:05.4378 INFO Quartz scheduler 'DefaultQuartzScheduler' initialized
2020-11-26 17:56:05.4378 INFO Quartz scheduler version: 3.2.2.0
2020-11-26 17:56:05.4508 INFO Scheduler DefaultQuartzScheduler_$_NON_CLUSTERED started.
2020-11-26 17:56:06.3713 INFO Startup Configuration - Start
2020-11-26 17:56:06.3713 INFO SetEventCache - Start
2020-11-26 17:56:06.4362 INFO SetCachedItem = setting cache for Events
2020-11-26 17:56:06.4362 INFO SetCachedItem = setting cache for Events, with Expiry Date of 26/12/2020 17:56:06
2020-11-26 17:56:06.4422 INFO SetNextResultCheckDateTime - Start - roundUp = False
2020-11-26 17:56:06.4422 INFO SetNextResultCheckDateTime - rapidApiResultChecks == null
2020-11-26 17:56:06.4910 INFO SetCachedItem = setting cache for NextFixtureCheckDateTime
2020-11-26 17:56:06.4910 INFO SetCachedItem = setting cache for NextFixtureCheckDateTime, with Expiry Date of 26/12/2020 17:56:06
2020-11-26 17:56:52.9123 INFO Default Quartz.NET properties loaded from embedded resource file
2020-11-26 17:56:52.9751 INFO Initialized Scheduler Signaller of type: Quartz.Core.SchedulerSignalerImpl
2020-11-26 17:56:52.9751 INFO Quartz Scheduler v.3.2.2.0 created.
2020-11-26 17:56:52.9751 INFO JobFactory set to: Quartz.Simpl.PropertySettingJobFactory
2020-11-26 17:56:52.9751 INFO RAMJobStore initialized.
2020-11-26 17:56:52.9901 INFO Scheduler meta-data: Quartz Scheduler (v3.2.2.0) 'DefaultQuartzScheduler' with instanceId 'NON_CLUSTERED'
  Scheduler class: 'Quartz.Core.QuartzScheduler' - running locally.
  NOT STARTED.
  Currently in standby mode.
  Number of jobs executed: 0
  Using thread pool 'Quartz.Simpl.DefaultThreadPool' - with 10 threads.
  Using job-store 'Quartz.Simpl.RAMJobStore' - which does not support persistence. and is not clustered.

2020-11-26 17:56:52.9901 INFO Quartz scheduler 'DefaultQuartzScheduler' initialized
2020-11-26 17:56:52.9901 INFO Quartz scheduler version: 3.2.2.0
2020-11-26 17:56:53.0080 INFO Scheduler DefaultQuartzScheduler_$_NON_CLUSTERED started.
2020-11-26 17:56:53.1706 INFO Startup Configuration - Start
2020-11-26 17:56:53.1706 INFO SetEventCache - Start
2020-11-26 17:56:53.2175 INFO SetCachedItem = setting cache for Events
2020-11-26 17:56:53.2175 INFO SetCachedItem = setting cache for Events, with Expiry Date of 26/12/2020 17:56:53
2020-11-26 17:56:53.2175 INFO SetNextResultCheckDateTime - Start - roundUp = False
2020-11-26 17:56:53.2175 INFO SetNextResultCheckDateTime - rapidApiResultChecks == null
2020-11-26 17:56:53.2514 INFO SetCachedItem = setting cache for NextFixtureCheckDateTime
2020-11-26 17:56:53.2514 INFO SetCachedItem = setting cache for NextFixtureCheckDateTime, with Expiry Date of 26/12/2020 17:56:53
2020-11-26 17:57:00.0538 INFO DailyRapidApiLeagueCheck --> lastDate = 23/11/2020 00:00:00, Now = 26/11/2020 00:00:00
2020-11-26 17:57:00.3470 INFO SetCachedItem = setting cache for DailyRapidApiLeagueCheck, with Expiry Date of 27/11/2020 00:00:00
2020-11-26 17:57:00.3480 INFO DailyRapidApiLeagueCheck --> Performing daily league update
2020-11-26 17:57:00.3669 INFO FixturesByLeague - League = 2790
2020-11-26 17:57:02.4754 INFO Account - Login (HttpPost) - pete@salsbury.co.uk logged in
2020-11-26 17:57:04.6735 INFO SetEventCache - Start
2020-11-26 17:57:04.6785 INFO SetCachedItem = setting cache for Events
2020-11-26 17:57:04.6785 INFO SetCachedItem = setting cache for Events, with Expiry Date of 26/12/2020 17:57:04
2020-11-26 17:57:04.6785 INFO FixturesByLeague - League = 2794
2020-11-26 17:57:09.7703 INFO SetEventCache - Start
2020-11-26 17:57:09.7703 INFO SetCachedItem = setting cache for Events
2020-11-26 17:57:09.7703 INFO SetCachedItem = setting cache for Events, with Expiry Date of 26/12/2020 17:57:09
2020-11-26 17:57:09.7703 INFO FixturesByLeague - League = 1422
