2021-05-28 00:00:00.0422 INFO DailyRapidApiLeagueCheck --> lastDate = 5/27/2021 12:00:00 AM, Now = 5/28/2021 12:00:00 AM
2021-05-28 00:00:00.3391 INFO SetCachedItem = setting cache for DailyRapidApiLeagueCheck, with Expiry Date of 5/29/2021 12:00:00 AM
2021-05-28 00:00:00.3391 INFO DailyRapidApiLeagueCheck --> Performing daily league update
2021-05-28 00:00:00.4953 INFO FixturesByLeague - League = 403, EarliestDate = 6/15/2021 12:00:00 AM
2021-05-28 00:00:01.3703 INFO FixturesByOdds - League = 403
2021-05-28 00:00:01.5619 INFO OddsByLeagueAndBookmaker - League = 403, pageNbr = 0
2021-05-28 00:00:01.5734 INFO FixturesByLeague - League = 2790, EarliestDate = 5/28/2021 12:00:00 AM
2021-05-28 00:00:02.1681 INFO FixturesByOdds - League = 2790
2021-05-28 00:00:05.3078 INFO OddsByLeagueAndBookmaker - League = 2790, pageNbr = 2
2021-05-28 00:00:09.5422 INFO OddsByLeagueAndBookmaker - League = 2790, pageNbr = 3
2021-05-28 00:00:13.0423 INFO OddsByLeagueAndBookmaker - League = 2790, pageNbr = 4
2021-05-28 00:00:15.4017 INFO OddsByLeagueAndBookmaker - League = 2790, pageNbr = 0
2021-05-28 00:25:15.5107 INFO ninaskuse@yahoo.co.uk has registered
2021-05-28 00:25:15.6044 INFO {
  "success": true,
  "challenge_ts": "2021-05-28T07:24:30Z",
  "hostname": "predictioncomp.com"
}
2021-05-28 00:25:15.7450 INFO ninaskuse@yahoo.co.uk Event id = 1
2021-05-28 00:25:15.7450 INFO ninaskuse@yahoo.co.uk Adding player, Display name = Ninanastiquera
2021-05-28 00:25:15.7607 INFO ninaskuse@yahoo.co.uk player saved ok
2021-05-28 00:25:15.8544 INFO ninaskuse@yahoo.co.uk role saved ok
2021-05-28 00:25:15.9013 INFO ninaskuse@yahoo.co.uk changes saved to database ok
2021-05-28 00:25:15.9013 INFO ninaskuse@yahoo.co.uk confirm email address = True
2021-05-28 00:28:07.7900 INFO {
  "success": true,
  "challenge_ts": "2021-05-28T07:27:36Z",
  "hostname": "predictioncomp.com"
}
2021-05-28 00:28:07.8213 INFO Account - Login (HttpPost) - Ninaskuse@yahoo.co.uk logged in
2021-05-28 00:29:42.4144 INFO SetCachedItem = setting cache for ForceUpdate*64cfb645-aabb-4c47-915d-ead02dec5dad*1
2021-05-28 00:29:42.4144 INFO SetCachedItem = setting cache for ForceUpdate*64cfb645-aabb-4c47-915d-ead02dec5dad*1, with Expiry Date of 6/27/2021 7:29:42 AM
2021-05-28 00:43:12.3385 INFO samantha.lawless@portableoffices.co.uk has registered
2021-05-28 00:43:12.3698 INFO {
  "success": true,
  "challenge_ts": "2021-05-28T07:41:41Z",
  "hostname": "predictioncomp.com"
}
2021-05-28 00:44:08.4171 INFO samantha.lawless1@gmail.com has registered
2021-05-28 00:44:08.4327 INFO {
  "success": true,
  "challenge_ts": "2021-05-28T07:43:12Z",
  "hostname": "predictioncomp.com"
}
2021-05-28 00:44:08.4640 INFO samantha.lawless1@gmail.com Event id = 1
2021-05-28 00:44:08.4640 INFO samantha.lawless1@gmail.com Adding player, Display name = Absolutely Flawless
2021-05-28 00:44:08.4796 INFO samantha.lawless1@gmail.com player saved ok
2021-05-28 00:44:08.5108 INFO samantha.lawless1@gmail.com role saved ok
2021-05-28 00:44:08.5265 INFO samantha.lawless1@gmail.com changes saved to database ok
2021-05-28 00:44:08.5265 INFO samantha.lawless1@gmail.com confirm email address = True
2021-05-28 00:45:59.5119 INFO {
  "success": true,
  "challenge_ts": "2021-05-28T07:45:48Z",
  "hostname": "predictioncomp.com"
}
2021-05-28 00:45:59.5432 INFO Account - Login (HttpPost) - samantha.lawless1@gmail.com logged in
2021-05-28 00:46:25.9028 INFO {
  "success": false,
  "error-codes": [
    "invalid-input-response"
  ]
}
2021-05-28 00:46:29.7154 INFO {
  "success": true,
  "challenge_ts": "2021-05-28T07:46:26Z",
  "hostname": "predictioncomp.com"
}
2021-05-28 00:46:29.7622 INFO Account - Login (HttpPost) - colin.pearce@portableoffices.co.uk logged in
2021-05-28 00:48:45.1383 INFO vinnieom1@gmail.com has registered
2021-05-28 00:48:45.1696 INFO {
  "success": true,
  "challenge_ts": "2021-05-28T07:47:56Z",
  "hostname": "www.predictioncomp.com"
}
2021-05-28 00:48:45.2164 INFO vinnieom1@gmail.com Event id = 1
2021-05-28 00:48:45.2164 INFO vinnieom1@gmail.com Adding player, Display name = Vin. 
2021-05-28 00:48:45.2164 INFO vinnieom1@gmail.com player saved ok
2021-05-28 00:48:45.2477 INFO vinnieom1@gmail.com role saved ok
2021-05-28 00:48:45.2946 INFO vinnieom1@gmail.com changes saved to database ok
2021-05-28 00:48:45.2946 INFO vinnieom1@gmail.com confirm email address = True
2021-05-28 00:50:08.7796 INFO {
  "success": false,
  "error-codes": [
    "invalid-input-response"
  ]
}
2021-05-28 00:50:50.0456 INFO {
  "success": true,
  "challenge_ts": "2021-05-28T07:50:16Z",
  "hostname": "www.predictioncomp.com"
}
2021-05-28 00:50:50.0925 INFO Account - Login (HttpPost) - vinnieom1@gmail.com logged in
2021-05-28 00:51:11.3896 INFO mkwpritchard@sky.com has registered
2021-05-28 00:51:11.4052 INFO {
  "success": true,
  "challenge_ts": "2021-05-28T07:49:00Z",
  "hostname": "predictioncomp.com"
}
2021-05-28 00:51:11.4364 INFO mkwpritchard@sky.com Event id = 1
2021-05-28 00:51:11.4364 INFO mkwpritchard@sky.com Adding player, Display name = Mark Pritchard
2021-05-28 00:51:11.4520 INFO mkwpritchard@sky.com player saved ok
2021-05-28 00:51:11.4677 INFO mkwpritchard@sky.com role saved ok
2021-05-28 00:51:11.4833 INFO mkwpritchard@sky.com changes saved to database ok
2021-05-28 00:51:11.4833 INFO mkwpritchard@sky.com confirm email address = True
2021-05-28 00:53:23.8121 INFO colpearce@hotmail.co.uk has registered
2021-05-28 00:53:23.8434 INFO {
  "success": true,
  "challenge_ts": "2021-05-28T07:52:18Z",
  "hostname": "predictioncomp.com"
}
2021-05-28 00:53:23.8903 INFO colpearce@hotmail.co.uk Event id = 1
2021-05-28 00:53:23.8903 INFO colpearce@hotmail.co.uk Adding player, Display name = Rob Dyke
2021-05-28 00:53:23.8903 INFO colpearce@hotmail.co.uk player saved ok
2021-05-28 00:53:23.9371 INFO colpearce@hotmail.co.uk role saved ok
2021-05-28 00:53:23.9684 INFO colpearce@hotmail.co.uk changes saved to database ok
2021-05-28 00:53:23.9684 INFO colpearce@hotmail.co.uk confirm email address = True
2021-05-28 00:54:02.2658 INFO {
  "success": false,
  "error-codes": [
    "invalid-input-response"
  ]
}
2021-05-28 00:54:23.2504 INFO {
  "success": true,
  "challenge_ts": "2021-05-28T07:54:02Z",
  "hostname": "predictioncomp.com"
}
2021-05-28 00:54:23.2819 INFO Account - Login (HttpPost) - clevelandwpc@btinternet.com logged in
2021-05-28 00:55:17.4541 INFO {
  "success": false,
  "error-codes": [
    "invalid-input-response"
  ]
}
2021-05-28 00:55:24.1104 INFO {
  "success": true,
  "challenge_ts": "2021-05-28T07:55:17Z",
  "hostname": "predictioncomp.com"
}
2021-05-28 00:55:24.1886 INFO Account - Login (HttpPost) - mkwpritchard@sky.com logged in
2021-05-28 00:59:09.7218 INFO colpearce@hotmail.co.uk has registered
2021-05-28 00:59:09.8155 INFO {
  "success": true,
  "challenge_ts": "2021-05-28T07:58:14Z",
  "hostname": "predictioncomp.com"
}
2021-05-28 00:59:28.2376 INFO colpearce@hotmail.co.uk has registered
2021-05-28 00:59:28.2689 INFO {
  "success": true,
  "challenge_ts": "2021-05-28T07:59:10Z",
  "hostname": "predictioncomp.com"
}
2021-05-28 01:02:01.9419 INFO {
  "success": true,
  "challenge_ts": "2021-05-28T08:01:02Z",
  "hostname": "predictioncomp.com"
}
2021-05-28 01:02:01.9888 INFO Account - Login (HttpPost) - mkwpritchard@sky.com logged in
2021-05-28 01:03:04.0047 INFO {
  "success": true,
  "challenge_ts": "2021-05-28T08:02:46Z",
  "hostname": "predictioncomp.com"
}
2021-05-28 01:03:04.0516 INFO Account - Login (HttpPost) - colpearce@hotmail.co.uk logged in
2021-05-28 01:05:59.4913 INFO {
  "success": false,
  "error-codes": [
    "invalid-input-response"
  ]
}
2021-05-28 01:06:09.5848 INFO {
  "success": true,
  "challenge_ts": "2021-05-28T08:06:00Z",
  "hostname": "predictioncomp.com"
}
2021-05-28 01:06:09.6630 INFO Account - Login (HttpPost) - colpearce@hotmail.co.uk logged in
2021-05-28 01:37:20.4162 INFO {
  "success": true,
  "challenge_ts": "2021-05-28T08:37:00Z",
  "hostname": "predictioncomp.com"
}
2021-05-28 01:37:20.4787 INFO Account - Login (HttpPost) - angela.sanders@portableoffices.co.uk logged in
2021-05-28 02:12:53.2256 INFO neil.owen@portableoffices.co.uk has registered
2021-05-28 02:12:53.4444 INFO {
  "success": true,
  "challenge_ts": "2021-05-28T09:12:20Z",
  "hostname": "predictioncomp.com"
}
2021-05-28 02:13:08.6476 INFO neil.owen@portableoffices.co.uk has registered
2021-05-28 02:13:08.6633 INFO {
  "success": false,
  "error-codes": [
    "invalid-input-response"
  ]
}
2021-05-28 02:13:20.4447 INFO neil.owen@portableoffices.co.uk has registered
2021-05-28 02:13:20.4603 INFO {
  "success": true,
  "challenge_ts": "2021-05-28T09:13:09Z",
  "hostname": "predictioncomp.com"
}
2021-05-28 02:13:42.2575 INFO neil.owen@portableoffices.co.uk has registered
2021-05-28 02:13:42.2887 INFO {
  "success": true,
  "challenge_ts": "2021-05-28T09:13:20Z",
  "hostname": "predictioncomp.com"
}
2021-05-28 02:14:37.3984 INFO {
  "success": true,
  "challenge_ts": "2021-05-28T09:14:12Z",
  "hostname": "predictioncomp.com"
}
2021-05-28 02:22:21.5877 INFO kleith463@gmail.com has registered
2021-05-28 02:22:21.6190 INFO {
  "success": true,
  "challenge_ts": "2021-05-28T09:20:49Z",
  "hostname": "predictioncomp.com"
}
2021-05-28 02:22:21.6502 INFO kleith463@gmail.com Event id = 1
2021-05-28 02:22:21.6658 INFO kleith463@gmail.com Adding player, Display name = GingaNinja
2021-05-28 02:22:21.6658 INFO kleith463@gmail.com player saved ok
2021-05-28 02:22:21.7127 INFO kleith463@gmail.com role saved ok
2021-05-28 02:22:21.7283 INFO kleith463@gmail.com changes saved to database ok
2021-05-28 02:22:21.7283 INFO kleith463@gmail.com confirm email address = True
2021-05-28 02:24:50.6365 INFO {
  "success": true,
  "challenge_ts": "2021-05-28T09:24:21Z",
  "hostname": "predictioncomp.com"
}
2021-05-28 02:25:26.1213 INFO {
  "success": true,
  "challenge_ts": "2021-05-28T09:24:50Z",
  "hostname": "predictioncomp.com"
}
2021-05-28 02:25:26.1526 INFO Account - Login (HttpPost) - kleith463@gmail.com logged in
2021-05-28 02:28:11.3423 INFO SetCachedItem = setting cache for ForceUpdate*ed660c87-e719-48f3-a110-4b75426e6dbe*1
2021-05-28 02:28:11.3423 INFO SetCachedItem = setting cache for ForceUpdate*ed660c87-e719-48f3-a110-4b75426e6dbe*1, with Expiry Date of 6/27/2021 9:28:11 AM
2021-05-28 02:59:43.5270 INFO marksinclair100294@yahoo.co.uk has registered
2021-05-28 02:59:43.5582 INFO {
  "success": true,
  "challenge_ts": "2021-05-28T09:59:17Z",
  "hostname": "www.predictioncomp.com"
}
2021-05-28 02:59:43.6051 INFO marksinclair100294@yahoo.co.uk Event id = 1
2021-05-28 02:59:43.6051 INFO marksinclair100294@yahoo.co.uk Adding player, Display name = Mark Sinclair
2021-05-28 02:59:43.6051 INFO marksinclair100294@yahoo.co.uk player saved ok
2021-05-28 02:59:43.6520 INFO marksinclair100294@yahoo.co.uk role saved ok
2021-05-28 02:59:43.6676 INFO marksinclair100294@yahoo.co.uk changes saved to database ok
2021-05-28 02:59:43.6676 INFO marksinclair100294@yahoo.co.uk confirm email address = True
2021-05-28 03:08:22.9213 INFO dannycanning1@hotmail.co.uk has registered
2021-05-28 03:08:22.9370 INFO {
  "success": true,
  "challenge_ts": "2021-05-28T10:08:04Z",
  "hostname": "www.predictioncomp.com"
}
2021-05-28 03:08:22.9995 INFO dannycanning1@hotmail.co.uk Event id = 1
2021-05-28 03:08:22.9995 INFO dannycanning1@hotmail.co.uk Adding player, Display name = Daniel Canning
2021-05-28 03:08:22.9995 INFO dannycanning1@hotmail.co.uk player saved ok
2021-05-28 03:08:23.0307 INFO dannycanning1@hotmail.co.uk role saved ok
2021-05-28 03:08:23.0463 INFO dannycanning1@hotmail.co.uk changes saved to database ok
2021-05-28 03:08:23.0463 INFO dannycanning1@hotmail.co.uk confirm email address = True
2021-05-28 03:10:11.7815 INFO jayhall1979@googlemail.com has registered
2021-05-28 03:10:11.8284 INFO {
  "success": true,
  "challenge_ts": "2021-05-28T10:09:27Z",
  "hostname": "predictioncomp.com"
}
2021-05-28 03:10:28.9223 INFO jayhall1979@googlemail.com has registered
2021-05-28 03:10:29.0161 INFO {
  "success": true,
  "challenge_ts": "2021-05-28T10:10:12Z",
  "hostname": "predictioncomp.com"
}
2021-05-28 03:10:29.0473 INFO jayhall1979@googlemail.com Event id = 1
2021-05-28 03:10:29.0473 INFO jayhall1979@googlemail.com Adding player, Display name = Jay
2021-05-28 03:10:29.0473 INFO jayhall1979@googlemail.com player saved ok
2021-05-28 03:10:29.0786 INFO jayhall1979@googlemail.com role saved ok
2021-05-28 03:10:29.0786 INFO jayhall1979@googlemail.com changes saved to database ok
2021-05-28 03:10:29.0786 INFO jayhall1979@googlemail.com confirm email address = True
2021-05-28 03:10:58.9068 INFO SetCachedItem = setting cache for ForceUpdate*963686dd-7528-401a-b71f-1a105fba1809*1
2021-05-28 03:10:58.9068 INFO SetCachedItem = setting cache for ForceUpdate*963686dd-7528-401a-b71f-1a105fba1809*1, with Expiry Date of 6/27/2021 10:10:58 AM
2021-05-28 03:12:27.7204 INFO {
  "success": false,
  "error-codes": [
    "invalid-input-response"
  ]
}
2021-05-28 03:12:42.1269 INFO {
  "success": true,
  "challenge_ts": "2021-05-28T10:12:30Z",
  "hostname": "predictioncomp.com"
}
2021-05-28 03:12:42.1737 INFO Account - Login (HttpPost) - jayhall1979@googlemail.com logged in
2021-05-28 03:14:21.5191 INFO {
  "success": false,
  "error-codes": [
    "invalid-input-response"
  ]
}
2021-05-28 03:14:31.7845 INFO {
  "success": true,
  "challenge_ts": "2021-05-28T10:14:21Z",
  "hostname": "www.predictioncomp.com"
}
2021-05-28 03:14:31.8314 INFO Account - Login (HttpPost) - dannycanning1@hotmail.co.uk logged in
2021-05-28 03:15:49.9885 INFO SetCachedItem = setting cache for ForceUpdate*0a59f93e-b5d2-4786-ba88-8e495e9063d5*1
2021-05-28 03:15:49.9885 INFO SetCachedItem = setting cache for ForceUpdate*0a59f93e-b5d2-4786-ba88-8e495e9063d5*1, with Expiry Date of 6/27/2021 10:15:49 AM
2021-05-28 03:24:18.1328 INFO {
  "success": true,
  "challenge_ts": "2021-05-28T10:24:07Z",
  "hostname": "predictioncomp.com"
}
2021-05-28 03:25:08.9601 INFO neiljamesowen@me.com has registered
2021-05-28 03:25:08.9913 INFO {
  "success": true,
  "challenge_ts": "2021-05-28T10:24:44Z",
  "hostname": "predictioncomp.com"
}
2021-05-28 03:25:27.8505 INFO neiljamesowen@me.com has registered
2021-05-28 03:25:27.8661 INFO {
  "success": true,
  "challenge_ts": "2021-05-28T10:25:09Z",
  "hostname": "predictioncomp.com"
}
2021-05-28 03:25:27.9130 INFO neiljamesowen@me.com Event id = 1
2021-05-28 03:25:27.9130 INFO neiljamesowen@me.com Adding player, Display name = NeilOwen
2021-05-28 03:25:27.9130 INFO neiljamesowen@me.com player saved ok
2021-05-28 03:25:27.9598 INFO neiljamesowen@me.com role saved ok
2021-05-28 03:25:27.9598 INFO neiljamesowen@me.com changes saved to database ok
2021-05-28 03:25:27.9598 INFO neiljamesowen@me.com confirm email address = True
2021-05-28 03:27:35.7257 INFO {
  "success": true,
  "challenge_ts": "2021-05-28T10:27:19Z",
  "hostname": "predictioncomp.com"
}
2021-05-28 03:27:35.7727 INFO Account - Login (HttpPost) - neiljamesowen@me.com logged in
2021-05-28 03:32:49.8378 INFO marksinclair100294@yahoo.co.uk has registered
2021-05-28 03:32:49.8690 INFO {
  "success": true,
  "challenge_ts": "2021-05-28T10:32:19Z",
  "hostname": "www.predictioncomp.com"
}
2021-05-28 03:33:15.9474 INFO {
  "success": true,
  "challenge_ts": "2021-05-28T10:32:54Z",
  "hostname": "www.predictioncomp.com"
}
2021-05-28 05:24:50.9995 INFO {
  "success": true,
  "challenge_ts": "2021-05-28T12:24:28Z",
  "hostname": "predictioncomp.com"
}
2021-05-28 05:25:18.2811 INFO {
  "success": true,
  "challenge_ts": "2021-05-28T12:24:51Z",
  "hostname": "predictioncomp.com"
}
2021-05-28 05:25:18.3436 INFO Account - Login (HttpPost) - bonett78@gmail.com logged in
2021-05-28 05:28:14.5486 INFO {
  "success": true,
  "challenge_ts": "2021-05-28T12:27:57Z",
  "hostname": "www.predictioncomp.com"
}
2021-05-28 05:28:14.5954 INFO Account - Login (HttpPost) - marksinclair100294@yahoo.co.uk logged in
2021-05-28 05:34:58.3333 INFO Default Quartz.NET properties loaded from embedded resource file
2021-05-28 05:34:58.4271 INFO Initialized Scheduler Signaller of type: Quartz.Core.SchedulerSignalerImpl
2021-05-28 05:34:58.4271 INFO Quartz Scheduler v.3.2.2.0 created.
2021-05-28 05:34:58.4427 INFO JobFactory set to: Quartz.Simpl.PropertySettingJobFactory
2021-05-28 05:34:58.4427 INFO RAMJobStore initialized.
2021-05-28 05:34:58.4427 INFO Scheduler meta-data: Quartz Scheduler (v3.2.2.0) 'DefaultQuartzScheduler' with instanceId 'NON_CLUSTERED'
  Scheduler class: 'Quartz.Core.QuartzScheduler' - running locally.
  NOT STARTED.
  Currently in standby mode.
  Number of jobs executed: 0
  Using thread pool 'Quartz.Simpl.DefaultThreadPool' - with 10 threads.
  Using job-store 'Quartz.Simpl.RAMJobStore' - which does not support persistence. and is not clustered.

2021-05-28 05:34:58.4427 INFO Quartz scheduler 'DefaultQuartzScheduler' initialized
2021-05-28 05:34:58.4427 INFO Quartz scheduler version: 3.2.2.0
2021-05-28 05:34:58.4583 INFO Scheduler DefaultQuartzScheduler_$_NON_CLUSTERED started.
2021-05-28 05:34:59.0677 INFO Startup Configuration - Start
2021-05-28 05:34:59.0677 INFO SetEventCache - Start
2021-05-28 05:34:59.1304 INFO SetCachedItem = setting cache for Events
2021-05-28 05:34:59.1304 INFO SetCachedItem = setting cache for Events, with Expiry Date of 6/27/2021 12:34:59 PM
2021-05-28 05:34:59.1458 INFO SetNextResultCheckDateTime - Start - roundUp = False
2021-05-28 05:34:59.1458 INFO SetNextResultCheckDateTime - rapidApiResultChecks == null
2021-05-28 05:34:59.1931 INFO SetNextResultCheckDateTime - Set League 403 next check date to 6/11/2021 9:55:00 PM
2021-05-28 05:34:59.1931 INFO SetCachedItem = setting cache for NextFixtureCheckDateTime
2021-05-28 05:34:59.1931 INFO SetCachedItem = setting cache for NextFixtureCheckDateTime, with Expiry Date of 6/27/2021 12:34:59 PM
2021-05-28 05:35:00.0833 INFO SetCachedItem = setting cache for DailyRapidApiLeagueCheck, with Expiry Date of 5/29/2021 12:00:00 AM
2021-05-28 05:35:10.8334 INFO {
  "success": false,
  "error-codes": [
    "invalid-input-response"
  ]
}
2021-05-28 05:35:17.4272 INFO {
  "success": true,
  "challenge_ts": "2021-05-28T12:35:11Z",
  "hostname": "www.predictioncomp.com"
}
2021-05-28 05:35:17.8647 INFO Account - Login (HttpPost) - pnw72@aol.com logged in
2021-05-28 05:39:13.3980 INFO {
  "success": false,
  "error-codes": [
    "invalid-input-response"
  ]
}
2021-05-28 05:39:37.6951 INFO {
  "success": true,
  "challenge_ts": "2021-05-28T12:39:13Z",
  "hostname": "www.predictioncomp.com"
}
2021-05-28 05:39:38.0076 INFO Account - Login (HttpPost) - marksinclair100294@yahoo.co.uk logged in
2021-05-28 05:40:33.8206 INFO SetCachedItem = setting cache for ForceUpdate*06301da0-8272-46e1-9652-f0ade29aa1db*1
2021-05-28 05:40:33.8206 INFO SetCachedItem = setting cache for ForceUpdate*06301da0-8272-46e1-9652-f0ade29aa1db*1, with Expiry Date of 6/27/2021 12:40:33 PM
2021-05-28 05:41:39.2899 INFO {
  "success": true,
  "challenge_ts": "2021-05-28T12:41:31Z",
  "hostname": "predictioncomp.com"
}
2021-05-28 05:41:39.3368 INFO Account - Login (HttpPost) - angela.sanders@portableoffices.co.uk logged in
2021-05-28 05:51:36.6697 INFO {
  "success": true,
  "challenge_ts": "2021-05-28T12:50:53Z",
  "hostname": "predictioncomp.com"
}
2021-05-28 05:51:48.4667 INFO {
  "success": false,
  "error-codes": [
    "invalid-input-response"
  ]
}
2021-05-28 05:51:57.3106 INFO {
  "success": true,
  "challenge_ts": "2021-05-28T12:51:51Z",
  "hostname": "predictioncomp.com"
}
2021-05-28 05:51:57.3887 INFO Account - Login (HttpPost) - jayhall1979@googlemail.com logged in
2021-05-28 05:52:03.5919 INFO {
  "success": true,
  "challenge_ts": "2021-05-28T12:51:38Z",
  "hostname": "predictioncomp.com"
}
2021-05-28 05:52:03.6544 INFO Account - Login (HttpPost) - stexforbes@hotmail.com logged in
2021-05-28 06:03:36.3169 INFO {
  "success": false,
  "error-codes": [
    "invalid-input-response"
  ]
}
2021-05-28 06:03:45.5358 INFO {
  "success": true,
  "challenge_ts": "2021-05-28T13:03:37Z",
  "hostname": "predictioncomp.com"
}
2021-05-28 06:03:45.6139 INFO Account - Login (HttpPost) - stuiewilliams@gmail.com logged in
2021-05-28 06:40:25.7812 INFO {
  "success": true,
  "challenge_ts": "2021-05-28T13:40:21Z",
  "hostname": "predictioncomp.com"
}
2021-05-28 06:40:25.8281 INFO Account - Login (HttpPost) - bonett78@gmail.com logged in
2021-05-28 07:46:10.3156 INFO markiemc122@yahoo.co.uk has registered
2021-05-28 07:46:10.5187 INFO {
  "success": true,
  "challenge_ts": "2021-05-28T14:45:33Z",
  "hostname": "www.predictioncomp.com"
}
2021-05-28 07:46:10.8468 INFO markiemc122@yahoo.co.uk Event id = 1
2021-05-28 07:46:10.8468 INFO markiemc122@yahoo.co.uk Adding player, Display name = Markie82
2021-05-28 07:46:10.8625 INFO markiemc122@yahoo.co.uk player saved ok
2021-05-28 07:46:11.0031 INFO markiemc122@yahoo.co.uk role saved ok
2021-05-28 07:46:11.0812 INFO markiemc122@yahoo.co.uk changes saved to database ok
2021-05-28 07:46:11.0812 INFO markiemc122@yahoo.co.uk confirm email address = True
2021-05-28 07:47:57.4881 INFO {
  "success": false,
  "error-codes": [
    "invalid-input-response"
  ]
}
2021-05-28 07:48:07.0976 INFO {
  "success": true,
  "challenge_ts": "2021-05-28T14:48:00Z",
  "hostname": "www.predictioncomp.com"
}
2021-05-28 07:48:18.5351 INFO {
  "success": true,
  "challenge_ts": "2021-05-28T14:48:07Z",
  "hostname": "www.predictioncomp.com"
}
2021-05-28 07:49:47.9420 INFO markiemc122@yahoo.co.uk has registered
2021-05-28 07:49:47.9576 INFO {
  "success": true,
  "challenge_ts": "2021-05-28T14:49:28Z",
  "hostname": "www.predictioncomp.com"
}
2021-05-28 07:56:39.7108 INFO {
  "success": false,
  "error-codes": [
    "invalid-input-response"
  ]
}
2021-05-28 07:56:51.9598 INFO {
  "success": false,
  "error-codes": [
    "invalid-input-response"
  ]
}
2021-05-28 07:57:00.3973 INFO {
  "success": true,
  "challenge_ts": "2021-05-28T14:56:52Z",
  "hostname": "predictioncomp.com"
}
2021-05-28 07:57:00.4598 INFO Account - Login (HttpPost) - gabriel.breen@gmail.com logged in
2021-05-28 08:13:31.4056 INFO staceyjhaynes@yahoo.co.uk has registered
2021-05-28 08:13:31.4369 INFO {
  "success": true,
  "challenge_ts": "2021-05-28T15:12:54Z",
  "hostname": "predictioncomp.com"
}
2021-05-28 08:13:31.5150 INFO staceyjhaynes@yahoo.co.uk Event id = 1
2021-05-28 08:13:31.5306 INFO staceyjhaynes@yahoo.co.uk Adding player, Display name = Staceykins
2021-05-28 08:13:31.5306 INFO staceyjhaynes@yahoo.co.uk player saved ok
2021-05-28 08:13:31.5619 INFO staceyjhaynes@yahoo.co.uk role saved ok
2021-05-28 08:13:31.5775 INFO staceyjhaynes@yahoo.co.uk changes saved to database ok
2021-05-28 08:13:31.5775 INFO staceyjhaynes@yahoo.co.uk confirm email address = True
2021-05-28 08:16:15.7977 INFO {
  "success": true,
  "challenge_ts": "2021-05-28T15:15:58Z",
  "hostname": "predictioncomp.com"
}
2021-05-28 08:16:15.8602 INFO Account - Login (HttpPost) - staceyjhaynes@yahoo.co.uk logged in
2021-05-28 08:22:20.1602 INFO {
  "success": true,
  "challenge_ts": "2021-05-28T15:22:14Z",
  "hostname": "predictioncomp.com"
}
2021-05-28 08:22:20.2071 INFO Account - Login (HttpPost) - pete@salsbury.co.uk logged in
2021-05-28 09:00:26.5300 INFO {
  "success": true,
  "challenge_ts": "2021-05-28T16:00:09Z",
  "hostname": "predictioncomp.com"
}
2021-05-28 09:00:26.6863 INFO Account - Login (HttpPost) - dcamillu@gmail.com logged in
2021-05-28 09:01:03.5772 INFO SetEventCache - Start
2021-05-28 09:01:03.5928 INFO SetCachedItem = setting cache for Events
2021-05-28 09:01:03.5928 INFO SetCachedItem = setting cache for Events, with Expiry Date of 6/27/2021 4:01:03 PM
2021-05-28 09:08:11.2848 INFO SetCachedItem = setting cache for ForceUpdate*4c7a2de3-108a-4c75-9f44-c86cf362ee48*1
2021-05-28 09:08:11.2848 INFO SetCachedItem = setting cache for ForceUpdate*4c7a2de3-108a-4c75-9f44-c86cf362ee48*1, with Expiry Date of 6/27/2021 4:08:11 PM
2021-05-28 09:22:57.2260 INFO {
  "success": true,
  "challenge_ts": "2021-05-28T16:22:54Z",
  "hostname": "predictioncomp.com"
}
2021-05-28 09:22:57.2885 INFO Account - Login (HttpPost) - pete@salsbury.co.uk logged in
2021-05-28 09:43:26.2860 INFO {
  "success": false,
  "error-codes": [
    "invalid-input-response"
  ]
}
2021-05-28 09:43:37.7705 INFO {
  "success": true,
  "challenge_ts": "2021-05-28T16:43:28Z",
  "hostname": "www.predictioncomp.com"
}
2021-05-28 09:44:50.8183 INFO markiemc122@yahoo.co.uk has registered
2021-05-28 09:44:50.8183 INFO {
  "success": true,
  "challenge_ts": "2021-05-28T16:44:26Z",
  "hostname": "www.predictioncomp.com"
}
2021-05-28 09:45:15.4593 INFO markiemc122@yahoo.co.uk has registered
2021-05-28 09:45:15.4749 INFO {
  "success": true,
  "challenge_ts": "2021-05-28T16:44:51Z",
  "hostname": "www.predictioncomp.com"
}
2021-05-28 10:32:00.0660 INFO cccullen1980@gmail.com has registered
2021-05-28 10:32:00.0973 INFO {
  "success": true,
  "challenge_ts": "2021-05-28T17:31:19Z",
  "hostname": "predictioncomp.com"
}
2021-05-28 10:32:00.1754 INFO cccullen1980@gmail.com Event id = 1
2021-05-28 10:32:00.1754 INFO cccullen1980@gmail.com Adding player, Display name = The Outsiders
2021-05-28 10:32:00.1754 INFO cccullen1980@gmail.com player saved ok
2021-05-28 10:32:00.2848 INFO cccullen1980@gmail.com role saved ok
2021-05-28 10:32:00.3160 INFO cccullen1980@gmail.com changes saved to database ok
2021-05-28 10:32:00.3160 INFO cccullen1980@gmail.com confirm email address = True
2021-05-28 10:34:47.8018 INFO {
  "success": true,
  "challenge_ts": "2021-05-28T17:34:20Z",
  "hostname": "predictioncomp.com"
}
2021-05-28 10:34:47.8486 INFO Account - Login (HttpPost) - cccullen1980@gmail.com logged in
2021-05-28 14:29:30.9607 INFO {
  "success": true,
  "challenge_ts": "2021-05-28T21:29:05Z",
  "hostname": "predictioncomp.com"
}
2021-05-28 14:32:01.9919 INFO Neall_04@hotmail.com  has registered
2021-05-28 14:32:02.1169 INFO {
  "success": true,
  "challenge_ts": "2021-05-28T21:31:09Z",
  "hostname": "predictioncomp.com"
}
2021-05-28 14:32:35.6323 INFO Neall_04@hotmail.com has registered
2021-05-28 14:32:35.6479 INFO {
  "success": true,
  "challenge_ts": "2021-05-28T21:32:03Z",
  "hostname": "predictioncomp.com"
}
2021-05-28 14:32:35.7417 INFO Neall_04@hotmail.com Event id = 1
2021-05-28 14:32:35.7573 INFO Neall_04@hotmail.com Adding player, Display name = Neall02059
2021-05-28 14:32:35.7573 INFO Neall_04@hotmail.com player saved ok
2021-05-28 14:32:35.8511 INFO Neall_04@hotmail.com role saved ok
2021-05-28 14:32:35.8979 INFO Neall_04@hotmail.com changes saved to database ok
2021-05-28 14:32:35.8979 INFO Neall_04@hotmail.com confirm email address = True
2021-05-28 14:45:17.9639 INFO {
  "success": false,
  "error-codes": [
    "invalid-input-response"
  ]
}
2021-05-28 14:45:22.7920 INFO {
  "success": true,
  "challenge_ts": "2021-05-28T21:45:18Z",
  "hostname": "www.predictioncomp.com"
}
2021-05-28 14:45:22.8389 INFO Account - Login (HttpPost) - irlphily@gmail.com logged in
2021-05-28 14:58:56.8304 INFO {
  "success": false,
  "error-codes": [
    "invalid-input-response"
  ]
}
2021-05-28 14:59:08.3304 INFO {
  "success": true,
  "challenge_ts": "2021-05-28T21:58:59Z",
  "hostname": "predictioncomp.com"
}
2021-05-28 14:59:08.3772 INFO Account - Login (HttpPost) - alasdairleith@yahoo.es logged in
2021-05-28 15:04:58.0233 INFO Default Quartz.NET properties loaded from embedded resource file
2021-05-28 15:04:58.1327 INFO Initialized Scheduler Signaller of type: Quartz.Core.SchedulerSignalerImpl
2021-05-28 15:04:58.1327 INFO Quartz Scheduler v.3.2.2.0 created.
2021-05-28 15:04:58.1327 INFO JobFactory set to: Quartz.Simpl.PropertySettingJobFactory
2021-05-28 15:04:58.1327 INFO RAMJobStore initialized.
2021-05-28 15:04:58.1483 INFO Scheduler meta-data: Quartz Scheduler (v3.2.2.0) 'DefaultQuartzScheduler' with instanceId 'NON_CLUSTERED'
  Scheduler class: 'Quartz.Core.QuartzScheduler' - running locally.
  NOT STARTED.
  Currently in standby mode.
  Number of jobs executed: 0
  Using thread pool 'Quartz.Simpl.DefaultThreadPool' - with 10 threads.
  Using job-store 'Quartz.Simpl.RAMJobStore' - which does not support persistence. and is not clustered.

2021-05-28 15:04:58.1483 INFO Quartz scheduler 'DefaultQuartzScheduler' initialized
2021-05-28 15:04:58.1483 INFO Quartz scheduler version: 3.2.2.0
2021-05-28 15:04:58.1639 INFO Scheduler DefaultQuartzScheduler_$_NON_CLUSTERED started.
2021-05-28 15:04:58.3202 INFO Startup Configuration - Start
2021-05-28 15:04:58.3202 INFO SetEventCache - Start
2021-05-28 15:04:58.3827 INFO SetCachedItem = setting cache for Events
2021-05-28 15:04:58.3827 INFO SetCachedItem = setting cache for Events, with Expiry Date of 6/27/2021 10:04:58 PM
2021-05-28 15:04:58.3827 INFO SetNextResultCheckDateTime - Start - roundUp = False
2021-05-28 15:04:58.3827 INFO SetNextResultCheckDateTime - rapidApiResultChecks == null
2021-05-28 15:04:58.4608 INFO SetNextResultCheckDateTime - Set League 403 next check date to 6/11/2021 9:55:00 PM
2021-05-28 15:04:58.4608 INFO SetCachedItem = setting cache for NextFixtureCheckDateTime
2021-05-28 15:04:58.4608 INFO SetCachedItem = setting cache for NextFixtureCheckDateTime, with Expiry Date of 6/27/2021 10:04:58 PM
2021-05-28 15:05:00.1014 INFO SetCachedItem = setting cache for DailyRapidApiLeagueCheck, with Expiry Date of 5/29/2021 12:00:00 AM
2021-05-28 15:10:43.3069 INFO Default Quartz.NET properties loaded from embedded resource file
2021-05-28 15:10:43.3850 INFO Initialized Scheduler Signaller of type: Quartz.Core.SchedulerSignalerImpl
2021-05-28 15:10:43.3850 INFO Quartz Scheduler v.3.2.2.0 created.
2021-05-28 15:10:43.4007 INFO JobFactory set to: Quartz.Simpl.PropertySettingJobFactory
2021-05-28 15:10:43.4007 INFO RAMJobStore initialized.
2021-05-28 15:10:43.4007 INFO Scheduler meta-data: Quartz Scheduler (v3.2.2.0) 'DefaultQuartzScheduler' with instanceId 'NON_CLUSTERED'
  Scheduler class: 'Quartz.Core.QuartzScheduler' - running locally.
  NOT STARTED.
  Currently in standby mode.
  Number of jobs executed: 0
  Using thread pool 'Quartz.Simpl.DefaultThreadPool' - with 10 threads.
  Using job-store 'Quartz.Simpl.RAMJobStore' - which does not support persistence. and is not clustered.

2021-05-28 15:10:43.4007 INFO Quartz scheduler 'DefaultQuartzScheduler' initialized
2021-05-28 15:10:43.4007 INFO Quartz scheduler version: 3.2.2.0
2021-05-28 15:10:43.4163 INFO Scheduler DefaultQuartzScheduler_$_NON_CLUSTERED started.
2021-05-28 15:10:43.5569 INFO Startup Configuration - Start
2021-05-28 15:10:43.5569 INFO SetEventCache - Start
2021-05-28 15:10:43.6038 INFO SetCachedItem = setting cache for Events
2021-05-28 15:10:43.6038 INFO SetCachedItem = setting cache for Events, with Expiry Date of 6/27/2021 10:10:43 PM
2021-05-28 15:10:43.6195 INFO SetNextResultCheckDateTime - Start - roundUp = False
2021-05-28 15:10:43.6195 INFO SetNextResultCheckDateTime - rapidApiResultChecks == null
2021-05-28 15:10:43.6819 INFO SetNextResultCheckDateTime - Set League 403 next check date to 6/11/2021 9:55:00 PM
2021-05-28 15:10:43.6819 INFO SetCachedItem = setting cache for NextFixtureCheckDateTime
2021-05-28 15:10:43.6819 INFO SetCachedItem = setting cache for NextFixtureCheckDateTime, with Expiry Date of 6/27/2021 10:10:43 PM
2021-05-28 15:11:00.0724 INFO SetCachedItem = setting cache for DailyRapidApiLeagueCheck, with Expiry Date of 5/29/2021 12:00:00 AM
2021-05-28 15:13:25.1359 INFO Default Quartz.NET properties loaded from embedded resource file
2021-05-28 15:13:25.2140 INFO Initialized Scheduler Signaller of type: Quartz.Core.SchedulerSignalerImpl
2021-05-28 15:13:25.2140 INFO Quartz Scheduler v.3.2.2.0 created.
2021-05-28 15:13:25.2297 INFO JobFactory set to: Quartz.Simpl.PropertySettingJobFactory
2021-05-28 15:13:25.2297 INFO RAMJobStore initialized.
2021-05-28 15:13:25.2297 INFO Scheduler meta-data: Quartz Scheduler (v3.2.2.0) 'DefaultQuartzScheduler' with instanceId 'NON_CLUSTERED'
  Scheduler class: 'Quartz.Core.QuartzScheduler' - running locally.
  NOT STARTED.
  Currently in standby mode.
  Number of jobs executed: 0
  Using thread pool 'Quartz.Simpl.DefaultThreadPool' - with 10 threads.
  Using job-store 'Quartz.Simpl.RAMJobStore' - which does not support persistence. and is not clustered.

2021-05-28 15:13:25.2297 INFO Quartz scheduler 'DefaultQuartzScheduler' initialized
2021-05-28 15:13:25.2297 INFO Quartz scheduler version: 3.2.2.0
2021-05-28 15:13:25.2453 INFO Scheduler DefaultQuartzScheduler_$_NON_CLUSTERED started.
2021-05-28 15:13:25.3703 INFO Startup Configuration - Start
2021-05-28 15:13:25.3703 INFO SetEventCache - Start
2021-05-28 15:13:25.4328 INFO SetCachedItem = setting cache for Events
2021-05-28 15:13:25.4328 INFO SetCachedItem = setting cache for Events, with Expiry Date of 6/27/2021 10:13:25 PM
2021-05-28 15:13:25.4328 INFO SetNextResultCheckDateTime - Start - roundUp = False
2021-05-28 15:13:25.4328 INFO SetNextResultCheckDateTime - rapidApiResultChecks == null
2021-05-28 15:13:25.5422 INFO SetNextResultCheckDateTime - Set League 403 next check date to 6/11/2021 9:55:00 PM
2021-05-28 15:13:25.5422 INFO SetCachedItem = setting cache for NextFixtureCheckDateTime
2021-05-28 15:13:25.5422 INFO SetCachedItem = setting cache for NextFixtureCheckDateTime, with Expiry Date of 6/27/2021 10:13:25 PM
2021-05-28 15:13:37.6985 INFO e77278d1-6026-43d7-9daf-aae9defc1065
2021-05-28 15:14:00.0737 INFO SetCachedItem = setting cache for DailyRapidApiLeagueCheck, with Expiry Date of 5/29/2021 12:00:00 AM
2021-05-28 15:14:17.6678 INFO e77278d1-6026-43d7-9daf-aae9defc1065
2021-05-28 15:17:09.7393 INFO e77278d1-6026-43d7-9daf-aae9defc1065
2021-05-28 15:17:12.4270 INFO <no-userid> is confirming email
2021-05-28 15:26:01.3176 INFO Default Quartz.NET properties loaded from embedded resource file
2021-05-28 15:26:01.3957 INFO Initialized Scheduler Signaller of type: Quartz.Core.SchedulerSignalerImpl
2021-05-28 15:26:01.3957 INFO Quartz Scheduler v.3.2.2.0 created.
2021-05-28 15:26:01.4113 INFO JobFactory set to: Quartz.Simpl.PropertySettingJobFactory
2021-05-28 15:26:01.4113 INFO RAMJobStore initialized.
2021-05-28 15:26:01.4113 INFO Scheduler meta-data: Quartz Scheduler (v3.2.2.0) 'DefaultQuartzScheduler' with instanceId 'NON_CLUSTERED'
  Scheduler class: 'Quartz.Core.QuartzScheduler' - running locally.
  NOT STARTED.
  Currently in standby mode.
  Number of jobs executed: 0
  Using thread pool 'Quartz.Simpl.DefaultThreadPool' - with 10 threads.
  Using job-store 'Quartz.Simpl.RAMJobStore' - which does not support persistence. and is not clustered.

2021-05-28 15:26:01.4113 INFO Quartz scheduler 'DefaultQuartzScheduler' initialized
2021-05-28 15:26:01.4113 INFO Quartz scheduler version: 3.2.2.0
2021-05-28 15:26:01.4270 INFO Scheduler DefaultQuartzScheduler_$_NON_CLUSTERED started.
2021-05-28 15:26:01.5520 INFO Startup Configuration - Start
2021-05-28 15:26:01.5520 INFO SetEventCache - Start
2021-05-28 15:26:01.6145 INFO SetCachedItem = setting cache for Events
2021-05-28 15:26:01.6145 INFO SetCachedItem = setting cache for Events, with Expiry Date of 6/27/2021 10:26:01 PM
2021-05-28 15:26:01.6145 INFO SetNextResultCheckDateTime - Start - roundUp = False
2021-05-28 15:26:01.6145 INFO SetNextResultCheckDateTime - rapidApiResultChecks == null
2021-05-28 15:26:01.6926 INFO SetNextResultCheckDateTime - Set League 403 next check date to 6/11/2021 9:55:00 PM
2021-05-28 15:26:01.6926 INFO SetCachedItem = setting cache for NextFixtureCheckDateTime
2021-05-28 15:26:01.6926 INFO SetCachedItem = setting cache for NextFixtureCheckDateTime, with Expiry Date of 6/27/2021 10:26:01 PM
2021-05-28 15:27:00.0570 INFO SetCachedItem = setting cache for DailyRapidApiLeagueCheck, with Expiry Date of 5/29/2021 12:00:00 AM
2021-05-28 15:27:04.6355 INFO e77278d1-6026-43d7-9daf-aae9defc1065
2021-05-28 15:27:04.9481 INFO e77278d1-6026-43d7-9daf-aae9defc1065
2021-05-28 15:27:09.9173 INFO e77278d1-6026-43d7-9daf-aae9defc1065
2021-05-28 15:27:09.9329 INFO e77278d1-6026-43d7-9daf-aae9defc1065
2021-05-28 15:27:43.4046 INFO e77278d1-6026-43d7-9daf-aae9defc1065
2021-05-28 15:27:43.4359 INFO e77278d1-6026-43d7-9daf-aae9defc1065
2021-05-28 15:27:45.7173 INFO e77278d1-6026-43d7-9daf-aae9defc1065
2021-05-28 15:27:45.7330 INFO e77278d1-6026-43d7-9daf-aae9defc1065
2021-05-28 15:28:24.5956 INFO e77278d1-6026-43d7-9daf-aae9defc1065
2021-05-28 15:28:24.6113 INFO e77278d1-6026-43d7-9daf-aae9defc1065
2021-05-28 15:32:16.9380 INFO Default Quartz.NET properties loaded from embedded resource file
2021-05-28 15:32:17.0162 INFO Initialized Scheduler Signaller of type: Quartz.Core.SchedulerSignalerImpl
2021-05-28 15:32:17.0162 INFO Quartz Scheduler v.3.2.2.0 created.
2021-05-28 15:32:17.0318 INFO JobFactory set to: Quartz.Simpl.PropertySettingJobFactory
2021-05-28 15:32:17.0318 INFO RAMJobStore initialized.
2021-05-28 15:32:17.0318 INFO Scheduler meta-data: Quartz Scheduler (v3.2.2.0) 'DefaultQuartzScheduler' with instanceId 'NON_CLUSTERED'
  Scheduler class: 'Quartz.Core.QuartzScheduler' - running locally.
  NOT STARTED.
  Currently in standby mode.
  Number of jobs executed: 0
  Using thread pool 'Quartz.Simpl.DefaultThreadPool' - with 10 threads.
  Using job-store 'Quartz.Simpl.RAMJobStore' - which does not support persistence. and is not clustered.

2021-05-28 15:32:17.0318 INFO Quartz scheduler 'DefaultQuartzScheduler' initialized
2021-05-28 15:32:17.0318 INFO Quartz scheduler version: 3.2.2.0
2021-05-28 15:32:17.0474 INFO Scheduler DefaultQuartzScheduler_$_NON_CLUSTERED started.
2021-05-28 15:32:17.2193 INFO Startup Configuration - Start
2021-05-28 15:32:17.2193 INFO SetEventCache - Start
2021-05-28 15:32:17.2818 INFO SetCachedItem = setting cache for Events
2021-05-28 15:32:17.2818 INFO SetCachedItem = setting cache for Events, with Expiry Date of 6/27/2021 10:32:17 PM
2021-05-28 15:32:17.2974 INFO SetNextResultCheckDateTime - Start - roundUp = False
2021-05-28 15:32:17.2974 INFO SetNextResultCheckDateTime - rapidApiResultChecks == null
2021-05-28 15:32:17.3599 INFO SetNextResultCheckDateTime - Set League 403 next check date to 6/11/2021 9:55:00 PM
2021-05-28 15:32:17.3599 INFO SetCachedItem = setting cache for NextFixtureCheckDateTime
2021-05-28 15:32:17.3599 INFO SetCachedItem = setting cache for NextFixtureCheckDateTime, with Expiry Date of 6/27/2021 10:32:17 PM
2021-05-28 15:32:26.4229 INFO confirming email starting
2021-05-28 15:32:26.4229 INFO e77278d1-6026-43d7-9daf-aae9defc1065
2021-05-28 15:32:26.7979 INFO e77278d1-6026-43d7-9daf-aae9defc1065
2021-05-28 15:33:00.0651 INFO SetCachedItem = setting cache for DailyRapidApiLeagueCheck, with Expiry Date of 5/29/2021 12:00:00 AM
2021-05-28 15:36:23.3546 INFO Default Quartz.NET properties loaded from embedded resource file
2021-05-28 15:36:23.4327 INFO Initialized Scheduler Signaller of type: Quartz.Core.SchedulerSignalerImpl
2021-05-28 15:36:23.4327 INFO Quartz Scheduler v.3.2.2.0 created.
2021-05-28 15:36:23.4327 INFO JobFactory set to: Quartz.Simpl.PropertySettingJobFactory
2021-05-28 15:36:23.4327 INFO RAMJobStore initialized.
2021-05-28 15:36:23.4483 INFO Scheduler meta-data: Quartz Scheduler (v3.2.2.0) 'DefaultQuartzScheduler' with instanceId 'NON_CLUSTERED'
  Scheduler class: 'Quartz.Core.QuartzScheduler' - running locally.
  NOT STARTED.
  Currently in standby mode.
  Number of jobs executed: 0
  Using thread pool 'Quartz.Simpl.DefaultThreadPool' - with 10 threads.
  Using job-store 'Quartz.Simpl.RAMJobStore' - which does not support persistence. and is not clustered.

2021-05-28 15:36:23.4483 INFO Quartz scheduler 'DefaultQuartzScheduler' initialized
2021-05-28 15:36:23.4483 INFO Quartz scheduler version: 3.2.2.0
2021-05-28 15:36:23.4639 INFO Scheduler DefaultQuartzScheduler_$_NON_CLUSTERED started.
2021-05-28 15:36:23.5890 INFO Startup Configuration - Start
2021-05-28 15:36:23.5890 INFO SetEventCache - Start
2021-05-28 15:36:23.6358 INFO SetCachedItem = setting cache for Events
2021-05-28 15:36:23.6358 INFO SetCachedItem = setting cache for Events, with Expiry Date of 6/27/2021 10:36:23 PM
2021-05-28 15:36:23.6515 INFO SetNextResultCheckDateTime - Start - roundUp = False
2021-05-28 15:36:23.6515 INFO SetNextResultCheckDateTime - rapidApiResultChecks == null
2021-05-28 15:36:23.6983 INFO SetNextResultCheckDateTime - Set League 403 next check date to 6/11/2021 9:55:00 PM
2021-05-28 15:36:23.7140 INFO SetCachedItem = setting cache for NextFixtureCheckDateTime
2021-05-28 15:36:23.7140 INFO SetCachedItem = setting cache for NextFixtureCheckDateTime, with Expiry Date of 6/27/2021 10:36:23 PM
2021-05-28 15:36:30.2298 INFO confirming email starting
2021-05-28 15:36:30.2298 INFO e77278d1-6026-43d7-9daf-aae9defc1065
2021-05-28 15:36:30.2767 INFO System.String[]
2021-05-28 15:37:00.0590 INFO SetCachedItem = setting cache for DailyRapidApiLeagueCheck, with Expiry Date of 5/29/2021 12:00:00 AM
2021-05-28 15:38:33.6245 INFO Default Quartz.NET properties loaded from embedded resource file
2021-05-28 15:38:33.7026 INFO Initialized Scheduler Signaller of type: Quartz.Core.SchedulerSignalerImpl
2021-05-28 15:38:33.7026 INFO Quartz Scheduler v.3.2.2.0 created.
2021-05-28 15:38:33.7026 INFO JobFactory set to: Quartz.Simpl.PropertySettingJobFactory
2021-05-28 15:38:33.7026 INFO RAMJobStore initialized.
2021-05-28 15:38:33.7026 INFO Scheduler meta-data: Quartz Scheduler (v3.2.2.0) 'DefaultQuartzScheduler' with instanceId 'NON_CLUSTERED'
  Scheduler class: 'Quartz.Core.QuartzScheduler' - running locally.
  NOT STARTED.
  Currently in standby mode.
  Number of jobs executed: 0
  Using thread pool 'Quartz.Simpl.DefaultThreadPool' - with 10 threads.
  Using job-store 'Quartz.Simpl.RAMJobStore' - which does not support persistence. and is not clustered.

2021-05-28 15:38:33.7026 INFO Quartz scheduler 'DefaultQuartzScheduler' initialized
2021-05-28 15:38:33.7182 INFO Quartz scheduler version: 3.2.2.0
2021-05-28 15:38:33.7182 INFO Scheduler DefaultQuartzScheduler_$_NON_CLUSTERED started.
2021-05-28 15:38:33.8432 INFO Startup Configuration - Start
2021-05-28 15:38:33.8432 INFO SetEventCache - Start
2021-05-28 15:38:33.9057 INFO SetCachedItem = setting cache for Events
2021-05-28 15:38:33.9057 INFO SetCachedItem = setting cache for Events, with Expiry Date of 6/27/2021 10:38:33 PM
2021-05-28 15:38:33.9057 INFO SetNextResultCheckDateTime - Start - roundUp = False
2021-05-28 15:38:33.9057 INFO SetNextResultCheckDateTime - rapidApiResultChecks == null
2021-05-28 15:38:33.9682 INFO SetNextResultCheckDateTime - Set League 403 next check date to 6/11/2021 9:55:00 PM
2021-05-28 15:38:33.9682 INFO SetCachedItem = setting cache for NextFixtureCheckDateTime
2021-05-28 15:38:33.9839 INFO SetCachedItem = setting cache for NextFixtureCheckDateTime, with Expiry Date of 6/27/2021 10:38:33 PM
2021-05-28 15:38:44.5779 INFO confirming email starting
2021-05-28 15:38:44.5779 INFO e77278d1-6026-43d7-9daf-aae9defc1065
2021-05-28 15:38:44.8591 INFO System.String[]
2021-05-28 15:39:00.0626 INFO SetCachedItem = setting cache for DailyRapidApiLeagueCheck, with Expiry Date of 5/29/2021 12:00:00 AM
2021-05-28 15:39:15.6568 INFO confirming email starting
2021-05-28 15:39:15.6568 INFO e77278d1-6026-43d7-9daf-aae9defc1065
2021-05-28 15:39:15.7037 INFO System.String[]
2021-05-28 15:39:21.2507 INFO confirming email starting
2021-05-28 15:39:21.2507 INFO eab1ba8d-d512-4a9e-9487-ee939d332c30
2021-05-28 15:39:21.2819 INFO System.String[]
2021-05-28 15:39:21.7507 INFO confirming email starting
2021-05-28 15:39:21.7507 INFO eab1ba8d-d512-4a9e-9487-ee939d332c30
2021-05-28 15:39:21.7663 INFO System.String[]
2021-05-28 15:39:34.1260 INFO confirming email starting
2021-05-28 15:39:34.1260 INFO <no-userid> is confirming email
2021-05-28 15:39:34.1416 INFO confirming email starting
2021-05-28 15:39:34.1416 INFO eab1ba8d-d512-4a9e-9487-ee939d332c30
2021-05-28 15:39:34.1729 INFO System.String[]
2021-05-28 15:39:48.4701 INFO confirming email starting
2021-05-28 15:39:48.4701 INFO eab1ba8d-d512-4a9e-9487-ee939d332c30
2021-05-28 15:39:48.4858 INFO System.String[]
2021-05-28 15:39:48.5951 INFO confirming email starting
2021-05-28 15:39:48.5951 INFO eab1ba8d-d512-4a9e-9487-ee939d332c30
2021-05-28 15:39:48.5951 INFO System.String[]
2021-05-28 15:39:59.0017 INFO confirming email starting
2021-05-28 15:39:59.0017 INFO eab1ba8d-d512-4a9e-9487-ee939d332c30
2021-05-28 15:39:59.0174 INFO System.String[]
2021-05-28 15:40:30.2842 INFO {
  "success": false,
  "error-codes": [
    "invalid-input-response"
  ]
}
2021-05-28 15:40:45.3785 INFO {
  "success": true,
  "challenge_ts": "2021-05-28T22:40:30Z",
  "hostname": "www.predictioncomp.com"
}
2021-05-28 15:41:27.3800 INFO Default Quartz.NET properties loaded from embedded resource file
2021-05-28 15:41:27.4582 INFO Initialized Scheduler Signaller of type: Quartz.Core.SchedulerSignalerImpl
2021-05-28 15:41:27.4582 INFO Quartz Scheduler v.3.2.2.0 created.
2021-05-28 15:41:27.4738 INFO JobFactory set to: Quartz.Simpl.PropertySettingJobFactory
2021-05-28 15:41:27.4738 INFO RAMJobStore initialized.
2021-05-28 15:41:27.4738 INFO Scheduler meta-data: Quartz Scheduler (v3.2.2.0) 'DefaultQuartzScheduler' with instanceId 'NON_CLUSTERED'
  Scheduler class: 'Quartz.Core.QuartzScheduler' - running locally.
  NOT STARTED.
  Currently in standby mode.
  Number of jobs executed: 0
  Using thread pool 'Quartz.Simpl.DefaultThreadPool' - with 10 threads.
  Using job-store 'Quartz.Simpl.RAMJobStore' - which does not support persistence. and is not clustered.

2021-05-28 15:41:27.4738 INFO Quartz scheduler 'DefaultQuartzScheduler' initialized
2021-05-28 15:41:27.4738 INFO Quartz scheduler version: 3.2.2.0
2021-05-28 15:41:27.4894 INFO Scheduler DefaultQuartzScheduler_$_NON_CLUSTERED started.
2021-05-28 15:41:27.6300 INFO Startup Configuration - Start
2021-05-28 15:41:27.6300 INFO SetEventCache - Start
2021-05-28 15:41:27.6769 INFO SetCachedItem = setting cache for Events
2021-05-28 15:41:27.6769 INFO SetCachedItem = setting cache for Events, with Expiry Date of 6/27/2021 10:41:27 PM
2021-05-28 15:41:27.6925 INFO SetNextResultCheckDateTime - Start - roundUp = False
2021-05-28 15:41:27.6925 INFO SetNextResultCheckDateTime - rapidApiResultChecks == null
2021-05-28 15:41:27.7238 INFO SetNextResultCheckDateTime - Set League 403 next check date to 6/11/2021 9:55:00 PM
2021-05-28 15:41:27.7394 INFO SetCachedItem = setting cache for NextFixtureCheckDateTime
2021-05-28 15:41:27.7394 INFO SetCachedItem = setting cache for NextFixtureCheckDateTime, with Expiry Date of 6/27/2021 10:41:27 PM
2021-05-28 15:41:28.1457 INFO confirming email starting
2021-05-28 15:41:28.1457 INFO confirming email starting
2021-05-28 15:41:28.1457 INFO eab1ba8d-d512-4a9e-9487-ee939d332c30
2021-05-28 15:41:28.1457 INFO eab1ba8d-d512-4a9e-9487-ee939d332c30
2021-05-28 15:41:28.4738 INFO System.String[]
2021-05-28 15:41:28.4738 INFO System.String[]
2021-05-28 15:41:38.1929 INFO confirming email starting
2021-05-28 15:41:38.2085 INFO e77278d1-6026-43d7-9daf-aae9defc1065
2021-05-28 15:41:38.2398 INFO System.String[]
2021-05-28 15:42:00.0530 INFO SetCachedItem = setting cache for DailyRapidApiLeagueCheck, with Expiry Date of 5/29/2021 12:00:00 AM
2021-05-28 15:46:34.3528 INFO Default Quartz.NET properties loaded from embedded resource file
2021-05-28 15:46:34.4466 INFO Initialized Scheduler Signaller of type: Quartz.Core.SchedulerSignalerImpl
2021-05-28 15:46:34.4466 INFO Quartz Scheduler v.3.2.2.0 created.
2021-05-28 15:46:34.4622 INFO JobFactory set to: Quartz.Simpl.PropertySettingJobFactory
2021-05-28 15:46:34.4622 INFO RAMJobStore initialized.
2021-05-28 15:46:34.4622 INFO Scheduler meta-data: Quartz Scheduler (v3.2.2.0) 'DefaultQuartzScheduler' with instanceId 'NON_CLUSTERED'
  Scheduler class: 'Quartz.Core.QuartzScheduler' - running locally.
  NOT STARTED.
  Currently in standby mode.
  Number of jobs executed: 0
  Using thread pool 'Quartz.Simpl.DefaultThreadPool' - with 10 threads.
  Using job-store 'Quartz.Simpl.RAMJobStore' - which does not support persistence. and is not clustered.

2021-05-28 15:46:34.4622 INFO Quartz scheduler 'DefaultQuartzScheduler' initialized
2021-05-28 15:46:34.4622 INFO Quartz scheduler version: 3.2.2.0
2021-05-28 15:46:34.4778 INFO Scheduler DefaultQuartzScheduler_$_NON_CLUSTERED started.
2021-05-28 15:46:34.6341 INFO Startup Configuration - Start
2021-05-28 15:46:34.6341 INFO SetEventCache - Start
2021-05-28 15:46:34.6810 INFO SetCachedItem = setting cache for Events
2021-05-28 15:46:34.6810 INFO SetCachedItem = setting cache for Events, with Expiry Date of 6/27/2021 10:46:34 PM
2021-05-28 15:46:34.6966 INFO SetNextResultCheckDateTime - Start - roundUp = False
2021-05-28 15:46:34.6966 INFO SetNextResultCheckDateTime - rapidApiResultChecks == null
2021-05-28 15:46:34.7435 INFO SetNextResultCheckDateTime - Set League 403 next check date to 6/11/2021 9:55:00 PM
2021-05-28 15:46:34.7435 INFO SetCachedItem = setting cache for NextFixtureCheckDateTime
2021-05-28 15:46:34.7435 INFO SetCachedItem = setting cache for NextFixtureCheckDateTime, with Expiry Date of 6/27/2021 10:46:34 PM
2021-05-28 15:46:48.1030 INFO confirming email starting
2021-05-28 15:46:48.1030 INFO userid --> e77278d1-6026-43d7-9daf-aae9defc1065
2021-05-28 15:46:48.1030 INFO code --> 3aCFh7oKbAsyiO/VfintgO9za9n++CL7AV6qdIgwzu6fABR5m/rTBiW7Zr1rb0ldKb4Sz+PV1qQIn2sf1TxlVl8vP/hL3cEES3DgbA5FDJ2Q1uEbgshmOIZG4O8FdCAxca0e/5Ph0PwAW3YO3VqRXuxq/kPky4br0hKX/tBRqvwbgaMfCpW1hFI2S1cHevxc
2021-05-28 15:46:48.1030 INFO both vars are not null
2021-05-28 15:46:48.3843 INFO email not confirmed
2021-05-28 15:47:00.0563 INFO SetCachedItem = setting cache for DailyRapidApiLeagueCheck, with Expiry Date of 5/29/2021 12:00:00 AM
2021-05-28 15:54:07.1564 INFO Default Quartz.NET properties loaded from embedded resource file
2021-05-28 15:54:07.2345 INFO Initialized Scheduler Signaller of type: Quartz.Core.SchedulerSignalerImpl
2021-05-28 15:54:07.2345 INFO Quartz Scheduler v.3.2.2.0 created.
2021-05-28 15:54:07.2501 INFO JobFactory set to: Quartz.Simpl.PropertySettingJobFactory
2021-05-28 15:54:07.2501 INFO RAMJobStore initialized.
2021-05-28 15:54:07.2501 INFO Scheduler meta-data: Quartz Scheduler (v3.2.2.0) 'DefaultQuartzScheduler' with instanceId 'NON_CLUSTERED'
  Scheduler class: 'Quartz.Core.QuartzScheduler' - running locally.
  NOT STARTED.
  Currently in standby mode.
  Number of jobs executed: 0
  Using thread pool 'Quartz.Simpl.DefaultThreadPool' - with 10 threads.
  Using job-store 'Quartz.Simpl.RAMJobStore' - which does not support persistence. and is not clustered.

2021-05-28 15:54:07.2501 INFO Quartz scheduler 'DefaultQuartzScheduler' initialized
2021-05-28 15:54:07.2501 INFO Quartz scheduler version: 3.2.2.0
2021-05-28 15:54:07.2657 INFO Scheduler DefaultQuartzScheduler_$_NON_CLUSTERED started.
2021-05-28 15:54:07.3908 INFO Startup Configuration - Start
2021-05-28 15:54:07.3908 INFO SetEventCache - Start
2021-05-28 15:54:07.4376 INFO SetCachedItem = setting cache for Events
2021-05-28 15:54:07.4533 INFO SetCachedItem = setting cache for Events, with Expiry Date of 6/27/2021 10:54:07 PM
2021-05-28 15:54:07.4533 INFO SetNextResultCheckDateTime - Start - roundUp = False
2021-05-28 15:54:07.4533 INFO SetNextResultCheckDateTime - rapidApiResultChecks == null
2021-05-28 15:54:07.5783 INFO SetNextResultCheckDateTime - Set League 403 next check date to 6/11/2021 9:55:00 PM
2021-05-28 15:54:07.5783 INFO SetCachedItem = setting cache for NextFixtureCheckDateTime
2021-05-28 15:54:07.5783 INFO SetCachedItem = setting cache for NextFixtureCheckDateTime, with Expiry Date of 6/27/2021 10:54:07 PM
2021-05-28 15:55:00.0480 INFO SetCachedItem = setting cache for DailyRapidApiLeagueCheck, with Expiry Date of 5/29/2021 12:00:00 AM
2021-05-28 15:55:36.1112 INFO confirming email starting
2021-05-28 15:55:36.1112 INFO userid --> e77278d1-6026-43d7-9daf-aae9defc1065
2021-05-28 15:55:36.1112 INFO code --> 3aCFh7oKbAsyiO/VfintgO9za9n++CL7AV6qdIgwzu6fABR5m/rTBiW7Zr1rb0ldKb4Sz+PV1qQIn2sf1TxlVl8vP/hL3cEES3DgbA5FDJ2Q1uEbgshmOIZG4O8FdCAxca0e/5Ph0PwAW3YO3VqRXuxq/kPky4br0hKX/tBRqvwbgaMfCpW1hFI2S1cHevxc
2021-05-28 15:55:36.1268 INFO both vars are not null
2021-05-28 15:55:36.4237 INFO email not confirmed
2021-05-28 15:55:36.4237 INFO Invalid token.
