2021-06-01 20:50:53.9016 INFO Default Quartz.NET properties loaded from embedded resource file
2021-06-01 20:50:53.9564 INFO Initialized Scheduler Signaller of type: Quartz.Core.SchedulerSignalerImpl
2021-06-01 20:50:53.9564 INFO Quartz Scheduler v.3.2.2.0 created.
2021-06-01 20:50:53.9724 INFO JobFactory set to: Quartz.Simpl.PropertySettingJobFactory
2021-06-01 20:50:53.9724 INFO RAMJobStore initialized.
2021-06-01 20:50:53.9774 INFO Scheduler meta-data: Quartz Scheduler (v3.2.2.0) 'DefaultQuartzScheduler' with instanceId 'NON_CLUSTERED'
  Scheduler class: 'Quartz.Core.QuartzScheduler' - running locally.
  NOT STARTED.
  Currently in standby mode.
  Number of jobs executed: 0
  Using thread pool 'Quartz.Simpl.DefaultThreadPool' - with 10 threads.
  Using job-store 'Quartz.Simpl.RAMJobStore' - which does not support persistence. and is not clustered.

2021-06-01 20:50:54.0242 INFO Quartz scheduler 'DefaultQuartzScheduler' initialized
2021-06-01 20:50:54.0242 INFO Quartz scheduler version: 3.2.2.0
2021-06-01 20:50:54.0242 INFO Scheduler DefaultQuartzScheduler_$_NON_CLUSTERED started.
2021-06-01 20:50:54.1639 INFO Startup Configuration - Start
2021-06-01 20:50:54.1649 INFO SetEventCache - Start
2021-06-01 20:50:54.2097 INFO SetCachedItem = setting cache for Events
2021-06-01 20:50:54.2097 INFO SetCachedItem = setting cache for Events, with Expiry Date of 01/07/2021 19:50:54
2021-06-01 20:50:54.2137 INFO SetNextResultCheckDateTime - Start - roundUp = False
2021-06-01 20:50:54.2137 INFO SetNextResultCheckDateTime - rapidApiResultChecks == null
2021-06-01 20:50:54.2476 INFO SetCachedItem = setting cache for NextFixtureCheckDateTime
2021-06-01 20:50:54.2476 INFO SetCachedItem = setting cache for NextFixtureCheckDateTime, with Expiry Date of 01/07/2021 19:50:54
2021-06-01 20:51:00.1454 INFO DailyRapidApiLeagueCheck --> lastDate = 31/05/2021 00:00:00, Now = 01/06/2021 00:00:00
2021-06-01 20:51:00.4017 INFO SetCachedItem = setting cache for DailyRapidApiLeagueCheck, with Expiry Date of 02/06/2021 00:00:00
2021-06-01 20:51:00.4017 INFO DailyRapidApiLeagueCheck --> Performing daily league update
2021-06-01 20:51:00.4596 INFO FixturesByLeague - League = 2790, EarliestDate = 01/06/2021 00:00:00
2021-06-01 20:51:01.3071 INFO FixturesByOdds - League = 2790
2021-06-01 20:51:03.2998 INFO OddsByLeagueAndBookmaker - League = 2790, pageNbr = 2
2021-06-01 20:51:05.1349 INFO OddsByLeagueAndBookmaker - League = 2790, pageNbr = 3
2021-06-01 20:51:06.4274 INFO OddsByLeagueAndBookmaker - League = 2790, pageNbr = 0
2021-06-01 21:02:31.1155 INFO Default Quartz.NET properties loaded from embedded resource file
2021-06-01 21:02:31.1703 INFO Initialized Scheduler Signaller of type: Quartz.Core.SchedulerSignalerImpl
2021-06-01 21:02:31.1803 INFO Quartz Scheduler v.3.2.2.0 created.
2021-06-01 21:02:31.2202 INFO JobFactory set to: Quartz.Simpl.PropertySettingJobFactory
2021-06-01 21:02:31.2411 INFO RAMJobStore initialized.
2021-06-01 21:02:31.2481 INFO Scheduler meta-data: Quartz Scheduler (v3.2.2.0) 'DefaultQuartzScheduler' with instanceId 'NON_CLUSTERED'
  Scheduler class: 'Quartz.Core.QuartzScheduler' - running locally.
  NOT STARTED.
  Currently in standby mode.
  Number of jobs executed: 0
  Using thread pool 'Quartz.Simpl.DefaultThreadPool' - with 10 threads.
  Using job-store 'Quartz.Simpl.RAMJobStore' - which does not support persistence. and is not clustered.

2021-06-01 21:02:31.2481 INFO Quartz scheduler 'DefaultQuartzScheduler' initialized
2021-06-01 21:02:31.2481 INFO Quartz scheduler version: 3.2.2.0
2021-06-01 21:02:31.2591 INFO Scheduler DefaultQuartzScheduler_$_NON_CLUSTERED started.
2021-06-01 21:02:31.3758 INFO Startup Configuration - Start
2021-06-01 21:02:31.3758 INFO SetEventCache - Start
2021-06-01 21:02:31.4316 INFO SetCachedItem = setting cache for Events
2021-06-01 21:02:31.4316 INFO SetCachedItem = setting cache for Events, with Expiry Date of 01/07/2021 20:02:31
2021-06-01 21:02:31.4316 INFO SetNextResultCheckDateTime - Start - roundUp = False
2021-06-01 21:02:31.4316 INFO SetNextResultCheckDateTime - rapidApiResultChecks == null
2021-06-01 21:02:31.4665 INFO SetCachedItem = setting cache for NextFixtureCheckDateTime
2021-06-01 21:02:31.4665 INFO SetCachedItem = setting cache for NextFixtureCheckDateTime, with Expiry Date of 01/07/2021 20:02:31
2021-06-01 21:03:28.6550 INFO SetCachedItem = setting cache for DailyRapidApiLeagueCheck, with Expiry Date of 02/06/2021 00:00:00
