2021-06-08 16:44:25.5855 INFO SetCachedItem = setting cache for DailyRapidApiLeagueCheck, with Expiry Date of 09/06/2021 00:00:00
2021-06-08 16:47:15.3576 INFO Default Quartz.NET properties loaded from embedded resource file
2021-06-08 16:47:15.4154 INFO Initialized Scheduler Signaller of type: Quartz.Core.SchedulerSignalerImpl
2021-06-08 16:47:15.4423 INFO Quartz Scheduler v.3.2.2.0 created.
2021-06-08 16:47:15.4812 INFO JobFactory set to: Quartz.Simpl.PropertySettingJobFactory
2021-06-08 16:47:15.5022 INFO RAMJobStore initialized.
2021-06-08 16:47:15.5022 INFO Scheduler meta-data: Quartz Scheduler (v3.2.2.0) 'DefaultQuartzScheduler' with instanceId 'NON_CLUSTERED'
  Scheduler class: 'Quartz.Core.QuartzScheduler' - running locally.
  NOT STARTED.
  Currently in standby mode.
  Number of jobs executed: 0
  Using thread pool 'Quartz.Simpl.DefaultThreadPool' - with 10 threads.
  Using job-store 'Quartz.Simpl.RAMJobStore' - which does not support persistence. and is not clustered.

2021-06-08 16:47:15.5151 INFO Quartz scheduler 'DefaultQuartzScheduler' initialized
2021-06-08 16:47:15.5151 INFO Quartz scheduler version: 3.2.2.0
2021-06-08 16:47:15.5151 INFO Scheduler DefaultQuartzScheduler_$_NON_CLUSTERED started.
2021-06-08 16:47:15.6727 INFO Startup Configuration - Start
2021-06-08 16:47:15.6727 INFO SetEventCache - Start
2021-06-08 16:47:15.7325 INFO SetCachedItem = setting cache for Events
2021-06-08 16:47:15.7335 INFO SetCachedItem = setting cache for Events, with Expiry Date of 08/07/2021 15:47:15
2021-06-08 16:47:15.7335 INFO SetNextResultCheckDateTime - Start - roundUp = False
2021-06-08 16:47:15.7335 INFO SetNextResultCheckDateTime - rapidApiResultChecks == null
2021-06-08 16:47:15.7764 INFO SetNextResultCheckDateTime - Set League 403 next check date to 13/06/2021 17:55:00
2021-06-08 16:47:15.7764 INFO SetCachedItem = setting cache for NextFixtureCheckDateTime
2021-06-08 16:47:15.7764 INFO SetCachedItem = setting cache for NextFixtureCheckDateTime, with Expiry Date of 08/07/2021 15:47:15
2021-06-08 16:48:00.0667 INFO SetCachedItem = setting cache for DailyRapidApiLeagueCheck, with Expiry Date of 09/06/2021 00:00:00
2021-06-08 16:48:24.3220 INFO SetEventCache - Start
2021-06-08 16:48:24.3385 INFO SetCachedItem = setting cache for Events
2021-06-08 16:48:24.3475 INFO SetCachedItem = setting cache for Events, with Expiry Date of 08/07/2021 15:48:24
2021-06-08 17:02:50.2126 INFO Default Quartz.NET properties loaded from embedded resource file
2021-06-08 17:02:50.2685 INFO Initialized Scheduler Signaller of type: Quartz.Core.SchedulerSignalerImpl
2021-06-08 17:02:50.2864 INFO Quartz Scheduler v.3.2.2.0 created.
2021-06-08 17:02:50.3263 INFO JobFactory set to: Quartz.Simpl.PropertySettingJobFactory
2021-06-08 17:02:50.3492 INFO RAMJobStore initialized.
2021-06-08 17:02:50.3492 INFO Scheduler meta-data: Quartz Scheduler (v3.2.2.0) 'DefaultQuartzScheduler' with instanceId 'NON_CLUSTERED'
  Scheduler class: 'Quartz.Core.QuartzScheduler' - running locally.
  NOT STARTED.
  Currently in standby mode.
  Number of jobs executed: 0
  Using thread pool 'Quartz.Simpl.DefaultThreadPool' - with 10 threads.
  Using job-store 'Quartz.Simpl.RAMJobStore' - which does not support persistence. and is not clustered.

2021-06-08 17:02:50.3492 INFO Quartz scheduler 'DefaultQuartzScheduler' initialized
2021-06-08 17:02:50.3492 INFO Quartz scheduler version: 3.2.2.0
2021-06-08 17:02:50.3662 INFO Scheduler DefaultQuartzScheduler_$_NON_CLUSTERED started.
2021-06-08 17:02:50.4889 INFO Startup Configuration - Start
2021-06-08 17:02:50.4889 INFO SetEventCache - Start
2021-06-08 17:02:50.5447 INFO SetCachedItem = setting cache for Events
2021-06-08 17:02:50.5447 INFO SetCachedItem = setting cache for Events, with Expiry Date of 08/07/2021 16:02:50
2021-06-08 17:02:50.5497 INFO SetNextResultCheckDateTime - Start - roundUp = False
2021-06-08 17:02:50.5497 INFO SetNextResultCheckDateTime - rapidApiResultChecks == null
2021-06-08 17:02:50.5986 INFO SetNextResultCheckDateTime - Set League 403 next check date to 13/06/2021 17:55:00
2021-06-08 17:02:50.5986 INFO SetCachedItem = setting cache for NextFixtureCheckDateTime
2021-06-08 17:02:50.5986 INFO SetCachedItem = setting cache for NextFixtureCheckDateTime, with Expiry Date of 08/07/2021 16:02:50
2021-06-08 17:03:00.0680 INFO SetCachedItem = setting cache for DailyRapidApiLeagueCheck, with Expiry Date of 09/06/2021 00:00:00
2021-06-08 22:24:32.9478 INFO Default Quartz.NET properties loaded from embedded resource file
2021-06-08 22:24:33.0166 INFO Initialized Scheduler Signaller of type: Quartz.Core.SchedulerSignalerImpl
2021-06-08 22:24:33.0375 INFO Quartz Scheduler v.3.2.2.0 created.
2021-06-08 22:24:33.0814 INFO JobFactory set to: Quartz.Simpl.PropertySettingJobFactory
2021-06-08 22:24:33.1073 INFO RAMJobStore initialized.
2021-06-08 22:24:33.1113 INFO Scheduler meta-data: Quartz Scheduler (v3.2.2.0) 'DefaultQuartzScheduler' with instanceId 'NON_CLUSTERED'
  Scheduler class: 'Quartz.Core.QuartzScheduler' - running locally.
  NOT STARTED.
  Currently in standby mode.
  Number of jobs executed: 0
  Using thread pool 'Quartz.Simpl.DefaultThreadPool' - with 10 threads.
  Using job-store 'Quartz.Simpl.RAMJobStore' - which does not support persistence. and is not clustered.

2021-06-08 22:24:33.1113 INFO Quartz scheduler 'DefaultQuartzScheduler' initialized
2021-06-08 22:24:33.1113 INFO Quartz scheduler version: 3.2.2.0
2021-06-08 22:24:33.1113 INFO Scheduler DefaultQuartzScheduler_$_NON_CLUSTERED started.
2021-06-08 22:24:33.2470 INFO Startup Configuration - Start
2021-06-08 22:24:33.2490 INFO SetEventCache - Start
2021-06-08 22:24:33.2938 INFO SetCachedItem = setting cache for Events
2021-06-08 22:24:33.2938 INFO SetCachedItem = setting cache for Events, with Expiry Date of 08/07/2021 21:24:33
2021-06-08 22:24:33.2978 INFO SetNextResultCheckDateTime - Start - roundUp = False
2021-06-08 22:24:33.2978 INFO SetNextResultCheckDateTime - rapidApiResultChecks == null
2021-06-08 22:24:33.3437 INFO SetNextResultCheckDateTime - Set League 403 next check date to 13/06/2021 17:55:00
2021-06-08 22:24:33.3437 INFO SetCachedItem = setting cache for NextFixtureCheckDateTime
2021-06-08 22:24:33.3437 INFO SetCachedItem = setting cache for NextFixtureCheckDateTime, with Expiry Date of 08/07/2021 21:24:33
2021-06-08 22:25:00.1458 INFO SetCachedItem = setting cache for DailyRapidApiLeagueCheck, with Expiry Date of 09/06/2021 00:00:00
2021-06-08 22:54:24.2439 INFO Default Quartz.NET properties loaded from embedded resource file
2021-06-08 22:54:24.2998 INFO Initialized Scheduler Signaller of type: Quartz.Core.SchedulerSignalerImpl
2021-06-08 22:54:24.3327 INFO Quartz Scheduler v.3.2.2.0 created.
2021-06-08 22:54:24.3815 INFO JobFactory set to: Quartz.Simpl.PropertySettingJobFactory
2021-06-08 22:54:24.4035 INFO RAMJobStore initialized.
2021-06-08 22:54:24.4085 INFO Scheduler meta-data: Quartz Scheduler (v3.2.2.0) 'DefaultQuartzScheduler' with instanceId 'NON_CLUSTERED'
  Scheduler class: 'Quartz.Core.QuartzScheduler' - running locally.
  NOT STARTED.
  Currently in standby mode.
  Number of jobs executed: 0
  Using thread pool 'Quartz.Simpl.DefaultThreadPool' - with 10 threads.
  Using job-store 'Quartz.Simpl.RAMJobStore' - which does not support persistence. and is not clustered.

2021-06-08 22:54:24.4085 INFO Quartz scheduler 'DefaultQuartzScheduler' initialized
2021-06-08 22:54:24.4085 INFO Quartz scheduler version: 3.2.2.0
2021-06-08 22:54:24.4085 INFO Scheduler DefaultQuartzScheduler_$_NON_CLUSTERED started.
2021-06-08 22:54:24.5411 INFO Startup Configuration - Start
2021-06-08 22:54:24.5411 INFO SetEventCache - Start
2021-06-08 22:54:24.5890 INFO SetCachedItem = setting cache for Events
2021-06-08 22:54:24.5890 INFO SetCachedItem = setting cache for Events, with Expiry Date of 08/07/2021 21:54:24
2021-06-08 22:54:24.5930 INFO SetNextResultCheckDateTime - Start - roundUp = False
2021-06-08 22:54:24.5930 INFO SetNextResultCheckDateTime - rapidApiResultChecks == null
2021-06-08 22:54:24.6289 INFO SetNextResultCheckDateTime - Set League 403 next check date to 13/06/2021 17:55:00
2021-06-08 22:54:24.6289 INFO SetCachedItem = setting cache for NextFixtureCheckDateTime
2021-06-08 22:54:24.6289 INFO SetCachedItem = setting cache for NextFixtureCheckDateTime, with Expiry Date of 08/07/2021 21:54:24
2021-06-08 22:55:31.1130 INFO SetCachedItem = setting cache for DailyRapidApiLeagueCheck, with Expiry Date of 09/06/2021 00:00:00
2021-06-08 22:58:53.5053 INFO Default Quartz.NET properties loaded from embedded resource file
2021-06-08 22:58:53.5591 INFO Initialized Scheduler Signaller of type: Quartz.Core.SchedulerSignalerImpl
2021-06-08 22:58:53.5770 INFO Quartz Scheduler v.3.2.2.0 created.
2021-06-08 22:58:53.6169 INFO JobFactory set to: Quartz.Simpl.PropertySettingJobFactory
2021-06-08 22:58:53.6389 INFO RAMJobStore initialized.
2021-06-08 22:58:53.6429 INFO Scheduler meta-data: Quartz Scheduler (v3.2.2.0) 'DefaultQuartzScheduler' with instanceId 'NON_CLUSTERED'
  Scheduler class: 'Quartz.Core.QuartzScheduler' - running locally.
  NOT STARTED.
  Currently in standby mode.
  Number of jobs executed: 0
  Using thread pool 'Quartz.Simpl.DefaultThreadPool' - with 10 threads.
  Using job-store 'Quartz.Simpl.RAMJobStore' - which does not support persistence. and is not clustered.

2021-06-08 22:58:53.6429 INFO Quartz scheduler 'DefaultQuartzScheduler' initialized
2021-06-08 22:58:53.6429 INFO Quartz scheduler version: 3.2.2.0
2021-06-08 22:58:53.6429 INFO Scheduler DefaultQuartzScheduler_$_NON_CLUSTERED started.
2021-06-08 22:58:53.7745 INFO Startup Configuration - Start
2021-06-08 22:58:53.7745 INFO SetEventCache - Start
2021-06-08 22:58:53.8294 INFO SetCachedItem = setting cache for Events
2021-06-08 22:58:53.8294 INFO SetCachedItem = setting cache for Events, with Expiry Date of 08/07/2021 21:58:53
2021-06-08 22:58:53.8294 INFO SetNextResultCheckDateTime - Start - roundUp = False
2021-06-08 22:58:53.8294 INFO SetNextResultCheckDateTime - rapidApiResultChecks == null
2021-06-08 22:58:53.8733 INFO SetNextResultCheckDateTime - Set League 403 next check date to 13/06/2021 17:55:00
2021-06-08 22:58:53.8733 INFO SetCachedItem = setting cache for NextFixtureCheckDateTime
2021-06-08 22:58:53.8742 INFO SetCachedItem = setting cache for NextFixtureCheckDateTime, with Expiry Date of 08/07/2021 21:58:53
2021-06-08 22:59:00.0524 INFO SetCachedItem = setting cache for DailyRapidApiLeagueCheck, with Expiry Date of 09/06/2021 00:00:00
2021-06-08 23:00:27.5927 INFO Default Quartz.NET properties loaded from embedded resource file
2021-06-08 23:00:27.6525 INFO Initialized Scheduler Signaller of type: Quartz.Core.SchedulerSignalerImpl
2021-06-08 23:00:27.6724 INFO Quartz Scheduler v.3.2.2.0 created.
2021-06-08 23:00:27.7063 INFO JobFactory set to: Quartz.Simpl.PropertySettingJobFactory
2021-06-08 23:00:27.7303 INFO RAMJobStore initialized.
2021-06-08 23:00:27.7363 INFO Scheduler meta-data: Quartz Scheduler (v3.2.2.0) 'DefaultQuartzScheduler' with instanceId 'NON_CLUSTERED'
  Scheduler class: 'Quartz.Core.QuartzScheduler' - running locally.
  NOT STARTED.
  Currently in standby mode.
  Number of jobs executed: 0
  Using thread pool 'Quartz.Simpl.DefaultThreadPool' - with 10 threads.
  Using job-store 'Quartz.Simpl.RAMJobStore' - which does not support persistence. and is not clustered.

2021-06-08 23:00:27.7363 INFO Quartz scheduler 'DefaultQuartzScheduler' initialized
2021-06-08 23:00:27.7363 INFO Quartz scheduler version: 3.2.2.0
2021-06-08 23:00:27.7492 INFO Scheduler DefaultQuartzScheduler_$_NON_CLUSTERED started.
2021-06-08 23:00:27.8689 INFO Startup Configuration - Start
2021-06-08 23:00:27.8689 INFO SetEventCache - Start
2021-06-08 23:00:27.9128 INFO SetCachedItem = setting cache for Events
2021-06-08 23:00:27.9128 INFO SetCachedItem = setting cache for Events, with Expiry Date of 08/07/2021 22:00:27
2021-06-08 23:00:27.9128 INFO SetNextResultCheckDateTime - Start - roundUp = False
2021-06-08 23:00:27.9128 INFO SetNextResultCheckDateTime - rapidApiResultChecks == null
2021-06-08 23:00:27.9507 INFO SetNextResultCheckDateTime - Set League 403 next check date to 13/06/2021 17:55:00
2021-06-08 23:00:27.9507 INFO SetCachedItem = setting cache for NextFixtureCheckDateTime
2021-06-08 23:00:27.9507 INFO SetCachedItem = setting cache for NextFixtureCheckDateTime, with Expiry Date of 08/07/2021 22:00:27
2021-06-08 23:01:00.0527 INFO SetCachedItem = setting cache for DailyRapidApiLeagueCheck, with Expiry Date of 09/06/2021 00:00:00
2021-06-08 23:06:00.6688 INFO Default Quartz.NET properties loaded from embedded resource file
2021-06-08 23:06:00.7368 INFO Initialized Scheduler Signaller of type: Quartz.Core.SchedulerSignalerImpl
2021-06-08 23:06:00.7607 INFO Quartz Scheduler v.3.2.2.0 created.
2021-06-08 23:06:00.7886 INFO JobFactory set to: Quartz.Simpl.PropertySettingJobFactory
2021-06-08 23:06:00.8086 INFO RAMJobStore initialized.
2021-06-08 23:06:00.8126 INFO Scheduler meta-data: Quartz Scheduler (v3.2.2.0) 'DefaultQuartzScheduler' with instanceId 'NON_CLUSTERED'
  Scheduler class: 'Quartz.Core.QuartzScheduler' - running locally.
  NOT STARTED.
  Currently in standby mode.
  Number of jobs executed: 0
  Using thread pool 'Quartz.Simpl.DefaultThreadPool' - with 10 threads.
  Using job-store 'Quartz.Simpl.RAMJobStore' - which does not support persistence. and is not clustered.

2021-06-08 23:06:00.8126 INFO Quartz scheduler 'DefaultQuartzScheduler' initialized
2021-06-08 23:06:00.8126 INFO Quartz scheduler version: 3.2.2.0
2021-06-08 23:06:00.8126 INFO Scheduler DefaultQuartzScheduler_$_NON_CLUSTERED started.
2021-06-08 23:06:00.8974 INFO SetNextResultCheckDateTime - Start - roundUp = False
2021-06-08 23:06:00.8974 INFO SetNextResultCheckDateTime - rapidApiResultChecks == null
2021-06-08 23:06:00.9353 INFO SetNextResultCheckDateTime - Set League 403 next check date to 13/06/2021 17:55:00
2021-06-08 23:06:00.9353 INFO SetCachedItem = setting cache for NextFixtureCheckDateTime
2021-06-08 23:06:00.9373 INFO SetCachedItem = setting cache for NextFixtureCheckDateTime, with Expiry Date of 08/07/2021 22:06:00
2021-06-08 23:06:00.9582 INFO Startup Configuration - Start
2021-06-08 23:06:00.9582 INFO SetEventCache - Start
2021-06-08 23:06:00.9582 INFO SetCachedItem = setting cache for DailyRapidApiLeagueCheck, with Expiry Date of 09/06/2021 00:00:00
2021-06-08 23:06:00.9991 INFO SetCachedItem = setting cache for Events
2021-06-08 23:06:00.9991 INFO SetCachedItem = setting cache for Events, with Expiry Date of 08/07/2021 22:06:00
2021-06-08 23:06:00.9991 INFO SetNextResultCheckDateTime - Start - roundUp = False
2021-06-08 23:12:52.9201 INFO Default Quartz.NET properties loaded from embedded resource file
2021-06-08 23:12:52.9819 INFO Initialized Scheduler Signaller of type: Quartz.Core.SchedulerSignalerImpl
2021-06-08 23:12:53.0068 INFO Quartz Scheduler v.3.2.2.0 created.
2021-06-08 23:12:53.0487 INFO JobFactory set to: Quartz.Simpl.PropertySettingJobFactory
2021-06-08 23:12:53.0657 INFO RAMJobStore initialized.
2021-06-08 23:12:53.0657 INFO Scheduler meta-data: Quartz Scheduler (v3.2.2.0) 'DefaultQuartzScheduler' with instanceId 'NON_CLUSTERED'
  Scheduler class: 'Quartz.Core.QuartzScheduler' - running locally.
  NOT STARTED.
  Currently in standby mode.
  Number of jobs executed: 0
  Using thread pool 'Quartz.Simpl.DefaultThreadPool' - with 10 threads.
  Using job-store 'Quartz.Simpl.RAMJobStore' - which does not support persistence. and is not clustered.

2021-06-08 23:12:53.0657 INFO Quartz scheduler 'DefaultQuartzScheduler' initialized
2021-06-08 23:12:53.0657 INFO Quartz scheduler version: 3.2.2.0
2021-06-08 23:12:53.0807 INFO Scheduler DefaultQuartzScheduler_$_NON_CLUSTERED started.
2021-06-08 23:12:53.1963 INFO Startup Configuration - Start
2021-06-08 23:12:53.1963 INFO SetEventCache - Start
2021-06-08 23:12:53.2412 INFO SetCachedItem = setting cache for Events
2021-06-08 23:12:53.2412 INFO SetCachedItem = setting cache for Events, with Expiry Date of 08/07/2021 22:12:53
2021-06-08 23:12:53.2412 INFO SetNextResultCheckDateTime - Start - roundUp = False
2021-06-08 23:12:53.2412 INFO SetNextResultCheckDateTime - rapidApiResultChecks == null
2021-06-08 23:12:53.2791 INFO SetNextResultCheckDateTime - Set League 403 next check date to 13/06/2021 17:55:00
2021-06-08 23:12:53.2791 INFO SetCachedItem = setting cache for NextFixtureCheckDateTime
2021-06-08 23:12:53.2791 INFO SetCachedItem = setting cache for NextFixtureCheckDateTime, with Expiry Date of 08/07/2021 22:12:53
2021-06-08 23:13:00.1209 INFO SetCachedItem = setting cache for DailyRapidApiLeagueCheck, with Expiry Date of 09/06/2021 00:00:00
2021-06-08 23:25:31.5359 INFO Default Quartz.NET properties loaded from embedded resource file
2021-06-08 23:25:31.5917 INFO Initialized Scheduler Signaller of type: Quartz.Core.SchedulerSignalerImpl
2021-06-08 23:25:31.6117 INFO Quartz Scheduler v.3.2.2.0 created.
2021-06-08 23:25:31.6396 INFO JobFactory set to: Quartz.Simpl.PropertySettingJobFactory
2021-06-08 23:25:31.6645 INFO RAMJobStore initialized.
2021-06-08 23:25:31.6645 INFO Scheduler meta-data: Quartz Scheduler (v3.2.2.0) 'DefaultQuartzScheduler' with instanceId 'NON_CLUSTERED'
  Scheduler class: 'Quartz.Core.QuartzScheduler' - running locally.
  NOT STARTED.
  Currently in standby mode.
  Number of jobs executed: 0
  Using thread pool 'Quartz.Simpl.DefaultThreadPool' - with 10 threads.
  Using job-store 'Quartz.Simpl.RAMJobStore' - which does not support persistence. and is not clustered.

2021-06-08 23:25:31.6645 INFO Quartz scheduler 'DefaultQuartzScheduler' initialized
2021-06-08 23:25:31.6645 INFO Quartz scheduler version: 3.2.2.0
2021-06-08 23:25:31.6805 INFO Scheduler DefaultQuartzScheduler_$_NON_CLUSTERED started.
2021-06-08 23:25:31.7992 INFO Startup Configuration - Start
2021-06-08 23:25:31.7992 INFO SetEventCache - Start
2021-06-08 23:25:31.8441 INFO SetCachedItem = setting cache for Events
2021-06-08 23:25:31.8441 INFO SetCachedItem = setting cache for Events, with Expiry Date of 08/07/2021 22:25:31
2021-06-08 23:25:31.8441 INFO SetNextResultCheckDateTime - Start - roundUp = False
2021-06-08 23:25:31.8441 INFO SetNextResultCheckDateTime - rapidApiResultChecks == null
2021-06-08 23:25:31.8810 INFO SetNextResultCheckDateTime - Set League 403 next check date to 13/06/2021 17:55:00
2021-06-08 23:25:31.8810 INFO SetCachedItem = setting cache for NextFixtureCheckDateTime
2021-06-08 23:25:31.8810 INFO SetCachedItem = setting cache for NextFixtureCheckDateTime, with Expiry Date of 08/07/2021 22:25:31
2021-06-08 23:26:00.0572 INFO SetCachedItem = setting cache for DailyRapidApiLeagueCheck, with Expiry Date of 09/06/2021 00:00:00
2021-06-08 23:54:20.8280 INFO Default Quartz.NET properties loaded from embedded resource file
2021-06-08 23:54:20.8839 INFO Initialized Scheduler Signaller of type: Quartz.Core.SchedulerSignalerImpl
2021-06-08 23:54:20.8839 INFO Quartz Scheduler v.3.2.2.0 created.
2021-06-08 23:54:20.8898 INFO JobFactory set to: Quartz.Simpl.PropertySettingJobFactory
2021-06-08 23:54:20.8898 INFO RAMJobStore initialized.
2021-06-08 23:54:20.8898 INFO Scheduler meta-data: Quartz Scheduler (v3.2.2.0) 'DefaultQuartzScheduler' with instanceId 'NON_CLUSTERED'
  Scheduler class: 'Quartz.Core.QuartzScheduler' - running locally.
  NOT STARTED.
  Currently in standby mode.
  Number of jobs executed: 0
  Using thread pool 'Quartz.Simpl.DefaultThreadPool' - with 10 threads.
  Using job-store 'Quartz.Simpl.RAMJobStore' - which does not support persistence. and is not clustered.

2021-06-08 23:54:20.8898 INFO Quartz scheduler 'DefaultQuartzScheduler' initialized
2021-06-08 23:54:20.8898 INFO Quartz scheduler version: 3.2.2.0
2021-06-08 23:54:20.8898 INFO Scheduler DefaultQuartzScheduler_$_NON_CLUSTERED started.
2021-06-08 23:54:21.0684 INFO Startup Configuration - Start
2021-06-08 23:54:21.0684 INFO SetEventCache - Start
2021-06-08 23:54:21.1242 INFO SetCachedItem = setting cache for Events
2021-06-08 23:54:21.1242 INFO SetCachedItem = setting cache for Events, with Expiry Date of 08/07/2021 22:54:21
2021-06-08 23:54:21.1242 INFO SetNextResultCheckDateTime - Start - roundUp = False
2021-06-08 23:54:21.1242 INFO SetNextResultCheckDateTime - rapidApiResultChecks == null
2021-06-08 23:54:21.1651 INFO SetNextResultCheckDateTime - Set League 403 next check date to 13/06/2021 17:55:00
2021-06-08 23:54:21.1651 INFO SetCachedItem = setting cache for NextFixtureCheckDateTime
2021-06-08 23:54:21.1651 INFO SetCachedItem = setting cache for NextFixtureCheckDateTime, with Expiry Date of 08/07/2021 22:54:21
2021-06-08 23:55:00.0797 INFO SetCachedItem = setting cache for DailyRapidApiLeagueCheck, with Expiry Date of 09/06/2021 00:00:00
