2021-06-11 08:33:51.7027 INFO Default Quartz.NET properties loaded from embedded resource file
2021-06-11 08:33:51.7884 INFO Initialized Scheduler Signaller of type: Quartz.Core.SchedulerSignalerImpl
2021-06-11 08:33:51.8283 INFO Quartz Scheduler v.3.2.2.0 created.
2021-06-11 08:33:51.8283 INFO JobFactory set to: Quartz.Simpl.PropertySettingJobFactory
2021-06-11 08:33:51.8283 INFO RAMJobStore initialized.
2021-06-11 08:33:51.8443 INFO Scheduler meta-data: Quartz Scheduler (v3.2.2.0) 'DefaultQuartzScheduler' with instanceId 'NON_CLUSTERED'
  Scheduler class: 'Quartz.Core.QuartzScheduler' - running locally.
  NOT STARTED.
  Currently in standby mode.
  Number of jobs executed: 0
  Using thread pool 'Quartz.Simpl.DefaultThreadPool' - with 10 threads.
  Using job-store 'Quartz.Simpl.RAMJobStore' - which does not support persistence. and is not clustered.

2021-06-11 08:33:51.8443 INFO Quartz scheduler 'DefaultQuartzScheduler' initialized
2021-06-11 08:33:51.8443 INFO Quartz scheduler version: 3.2.2.0
2021-06-11 08:33:51.8443 INFO Scheduler DefaultQuartzScheduler_$_NON_CLUSTERED started.
2021-06-11 08:33:52.0208 INFO Startup Configuration - Start
2021-06-11 08:33:52.0208 INFO SetEventCache - Start
2021-06-11 08:33:52.0757 INFO SetCachedItem = setting cache for Events
2021-06-11 08:33:52.0767 INFO SetCachedItem = setting cache for Events, with Expiry Date of 11/07/2021 07:33:52
2021-06-11 08:33:52.0767 INFO SetNextResultCheckDateTime - Start - roundUp = False
2021-06-11 08:33:52.0767 INFO SetNextResultCheckDateTime - rapidApiResultChecks == null
2021-06-11 08:33:52.1226 INFO SetNextResultCheckDateTime - Set League 403 next check date to 13/06/2021 17:55:00
2021-06-11 08:33:52.1226 INFO SetCachedItem = setting cache for NextFixtureCheckDateTime
2021-06-11 08:33:52.1236 INFO SetCachedItem = setting cache for NextFixtureCheckDateTime, with Expiry Date of 11/07/2021 07:33:52
2021-06-11 08:34:00.0744 INFO SetCachedItem = setting cache for DailyRapidApiLeagueCheck, with Expiry Date of 12/06/2021 00:00:00
2021-06-11 22:14:48.6383 INFO Default Quartz.NET properties loaded from embedded resource file
2021-06-11 22:14:48.7081 INFO Initialized Scheduler Signaller of type: Quartz.Core.SchedulerSignalerImpl
2021-06-11 22:14:48.7301 INFO Quartz Scheduler v.3.2.2.0 created.
2021-06-11 22:14:48.7670 INFO JobFactory set to: Quartz.Simpl.PropertySettingJobFactory
2021-06-11 22:14:48.7670 INFO RAMJobStore initialized.
2021-06-11 22:14:48.7670 INFO Scheduler meta-data: Quartz Scheduler (v3.2.2.0) 'DefaultQuartzScheduler' with instanceId 'NON_CLUSTERED'
  Scheduler class: 'Quartz.Core.QuartzScheduler' - running locally.
  NOT STARTED.
  Currently in standby mode.
  Number of jobs executed: 0
  Using thread pool 'Quartz.Simpl.DefaultThreadPool' - with 10 threads.
  Using job-store 'Quartz.Simpl.RAMJobStore' - which does not support persistence. and is not clustered.

2021-06-11 22:14:48.7670 INFO Quartz scheduler 'DefaultQuartzScheduler' initialized
2021-06-11 22:14:48.7670 INFO Quartz scheduler version: 3.2.2.0
2021-06-11 22:14:48.7929 INFO Scheduler DefaultQuartzScheduler_$_NON_CLUSTERED started.
2021-06-11 22:14:49.4608 INFO Startup Configuration - Start
2021-06-11 22:14:49.4708 INFO SetEventCache - Start
2021-06-11 22:14:49.5288 INFO SetCachedItem = setting cache for Events
2021-06-11 22:14:49.5298 INFO SetCachedItem = setting cache for Events, with Expiry Date of 11/07/2021 21:14:49
2021-06-11 22:14:49.5298 INFO SetNextResultCheckDateTime - Start - roundUp = False
2021-06-11 22:14:49.5298 INFO SetNextResultCheckDateTime - rapidApiResultChecks == null
2021-06-11 22:14:49.5742 INFO SetNextResultCheckDateTime - Set League 403 next check date to 13/06/2021 17:55:00
2021-06-11 22:14:49.5742 INFO SetCachedItem = setting cache for NextFixtureCheckDateTime
2021-06-11 22:14:49.5742 INFO SetCachedItem = setting cache for NextFixtureCheckDateTime, with Expiry Date of 11/07/2021 21:14:49
2021-06-11 22:15:00.0653 INFO SetCachedItem = setting cache for DailyRapidApiLeagueCheck, with Expiry Date of 12/06/2021 00:00:00
2021-06-11 22:19:38.5324 INFO Default Quartz.NET properties loaded from embedded resource file
2021-06-11 22:19:38.5972 INFO Initialized Scheduler Signaller of type: Quartz.Core.SchedulerSignalerImpl
2021-06-11 22:19:38.6261 INFO Quartz Scheduler v.3.2.2.0 created.
2021-06-11 22:19:38.6600 INFO JobFactory set to: Quartz.Simpl.PropertySettingJobFactory
2021-06-11 22:19:38.6790 INFO RAMJobStore initialized.
2021-06-11 22:19:38.6790 INFO Scheduler meta-data: Quartz Scheduler (v3.2.2.0) 'DefaultQuartzScheduler' with instanceId 'NON_CLUSTERED'
  Scheduler class: 'Quartz.Core.QuartzScheduler' - running locally.
  NOT STARTED.
  Currently in standby mode.
  Number of jobs executed: 0
  Using thread pool 'Quartz.Simpl.DefaultThreadPool' - with 10 threads.
  Using job-store 'Quartz.Simpl.RAMJobStore' - which does not support persistence. and is not clustered.

2021-06-11 22:19:38.6790 INFO Quartz scheduler 'DefaultQuartzScheduler' initialized
2021-06-11 22:19:38.6790 INFO Quartz scheduler version: 3.2.2.0
2021-06-11 22:19:38.6949 INFO Scheduler DefaultQuartzScheduler_$_NON_CLUSTERED started.
2021-06-11 22:19:39.3234 INFO Startup Configuration - Start
2021-06-11 22:19:39.3334 INFO SetEventCache - Start
2021-06-11 22:19:39.3862 INFO SetCachedItem = setting cache for Events
2021-06-11 22:19:39.3962 INFO SetCachedItem = setting cache for Events, with Expiry Date of 11/07/2021 21:19:39
2021-06-11 22:19:39.3962 INFO SetNextResultCheckDateTime - Start - roundUp = False
2021-06-11 22:19:39.3962 INFO SetNextResultCheckDateTime - rapidApiResultChecks == null
2021-06-11 22:19:39.4331 INFO SetNextResultCheckDateTime - Set League 403 next check date to 13/06/2021 17:55:00
2021-06-11 22:19:39.4331 INFO SetCachedItem = setting cache for NextFixtureCheckDateTime
2021-06-11 22:19:39.4331 INFO SetCachedItem = setting cache for NextFixtureCheckDateTime, with Expiry Date of 11/07/2021 21:19:39
2021-06-11 22:20:18.8768 INFO Default Quartz.NET properties loaded from embedded resource file
2021-06-11 22:20:18.9397 INFO Initialized Scheduler Signaller of type: Quartz.Core.SchedulerSignalerImpl
2021-06-11 22:20:18.9646 INFO Quartz Scheduler v.3.2.2.0 created.
2021-06-11 22:20:19.0065 INFO JobFactory set to: Quartz.Simpl.PropertySettingJobFactory
2021-06-11 22:20:19.0065 INFO RAMJobStore initialized.
2021-06-11 22:20:19.0204 INFO Scheduler meta-data: Quartz Scheduler (v3.2.2.0) 'DefaultQuartzScheduler' with instanceId 'NON_CLUSTERED'
  Scheduler class: 'Quartz.Core.QuartzScheduler' - running locally.
  NOT STARTED.
  Currently in standby mode.
  Number of jobs executed: 0
  Using thread pool 'Quartz.Simpl.DefaultThreadPool' - with 10 threads.
  Using job-store 'Quartz.Simpl.RAMJobStore' - which does not support persistence. and is not clustered.

2021-06-11 22:20:19.0204 INFO Quartz scheduler 'DefaultQuartzScheduler' initialized
2021-06-11 22:20:19.0204 INFO Quartz scheduler version: 3.2.2.0
2021-06-11 22:20:19.0324 INFO Scheduler DefaultQuartzScheduler_$_NON_CLUSTERED started.
2021-06-11 22:20:19.1491 INFO Startup Configuration - Start
2021-06-11 22:20:19.1491 INFO SetEventCache - Start
2021-06-11 22:20:19.1940 INFO SetCachedItem = setting cache for Events
2021-06-11 22:20:19.1940 INFO SetCachedItem = setting cache for Events, with Expiry Date of 11/07/2021 21:20:19
2021-06-11 22:20:19.1940 INFO SetNextResultCheckDateTime - Start - roundUp = False
2021-06-11 22:20:19.1940 INFO SetNextResultCheckDateTime - rapidApiResultChecks == null
2021-06-11 22:20:19.2279 INFO SetNextResultCheckDateTime - Set League 403 next check date to 13/06/2021 17:55:00
2021-06-11 22:20:19.2279 INFO SetCachedItem = setting cache for NextFixtureCheckDateTime
2021-06-11 22:20:19.2279 INFO SetCachedItem = setting cache for NextFixtureCheckDateTime, with Expiry Date of 11/07/2021 21:20:19
2021-06-11 22:21:52.9293 INFO Default Quartz.NET properties loaded from embedded resource file
2021-06-11 22:21:52.9901 INFO Initialized Scheduler Signaller of type: Quartz.Core.SchedulerSignalerImpl
2021-06-11 22:21:52.9901 INFO Quartz Scheduler v.3.2.2.0 created.
2021-06-11 22:21:53.0060 INFO JobFactory set to: Quartz.Simpl.PropertySettingJobFactory
2021-06-11 22:21:53.0060 INFO RAMJobStore initialized.
2021-06-11 22:21:53.0210 INFO Scheduler meta-data: Quartz Scheduler (v3.2.2.0) 'DefaultQuartzScheduler' with instanceId 'NON_CLUSTERED'
  Scheduler class: 'Quartz.Core.QuartzScheduler' - running locally.
  NOT STARTED.
  Currently in standby mode.
  Number of jobs executed: 0
  Using thread pool 'Quartz.Simpl.DefaultThreadPool' - with 10 threads.
  Using job-store 'Quartz.Simpl.RAMJobStore' - which does not support persistence. and is not clustered.

2021-06-11 22:21:53.0210 INFO Quartz scheduler 'DefaultQuartzScheduler' initialized
2021-06-11 22:21:53.0210 INFO Quartz scheduler version: 3.2.2.0
2021-06-11 22:21:53.0439 INFO Scheduler DefaultQuartzScheduler_$_NON_CLUSTERED started.
2021-06-11 22:21:53.6952 INFO Startup Configuration - Start
2021-06-11 22:21:53.6952 INFO SetEventCache - Start
2021-06-11 22:21:53.7421 INFO SetCachedItem = setting cache for Events
2021-06-11 22:21:53.7421 INFO SetCachedItem = setting cache for Events, with Expiry Date of 11/07/2021 21:21:53
2021-06-11 22:21:53.7421 INFO SetNextResultCheckDateTime - Start - roundUp = False
2021-06-11 22:21:53.7421 INFO SetNextResultCheckDateTime - rapidApiResultChecks == null
2021-06-11 22:21:53.7790 INFO SetNextResultCheckDateTime - Set League 403 next check date to 13/06/2021 17:55:00
2021-06-11 22:21:53.7790 INFO SetCachedItem = setting cache for NextFixtureCheckDateTime
2021-06-11 22:21:53.7790 INFO SetCachedItem = setting cache for NextFixtureCheckDateTime, with Expiry Date of 11/07/2021 21:21:53
2021-06-11 22:22:00.0628 INFO SetCachedItem = setting cache for DailyRapidApiLeagueCheck, with Expiry Date of 12/06/2021 00:00:00
2021-06-11 22:28:24.3758 INFO Default Quartz.NET properties loaded from embedded resource file
2021-06-11 22:28:24.4307 INFO Initialized Scheduler Signaller of type: Quartz.Core.SchedulerSignalerImpl
2021-06-11 22:28:24.4526 INFO Quartz Scheduler v.3.2.2.0 created.
2021-06-11 22:28:24.5035 INFO JobFactory set to: Quartz.Simpl.PropertySettingJobFactory
2021-06-11 22:28:24.5264 INFO RAMJobStore initialized.
2021-06-11 22:28:24.5294 INFO Scheduler meta-data: Quartz Scheduler (v3.2.2.0) 'DefaultQuartzScheduler' with instanceId 'NON_CLUSTERED'
  Scheduler class: 'Quartz.Core.QuartzScheduler' - running locally.
  NOT STARTED.
  Currently in standby mode.
  Number of jobs executed: 0
  Using thread pool 'Quartz.Simpl.DefaultThreadPool' - with 10 threads.
  Using job-store 'Quartz.Simpl.RAMJobStore' - which does not support persistence. and is not clustered.

2021-06-11 22:28:24.5294 INFO Quartz scheduler 'DefaultQuartzScheduler' initialized
2021-06-11 22:28:24.5294 INFO Quartz scheduler version: 3.2.2.0
2021-06-11 22:28:24.5294 INFO Scheduler DefaultQuartzScheduler_$_NON_CLUSTERED started.
2021-06-11 22:28:24.6730 INFO Startup Configuration - Start
2021-06-11 22:28:24.6730 INFO SetEventCache - Start
2021-06-11 22:28:24.7179 INFO SetCachedItem = setting cache for Events
2021-06-11 22:28:24.7179 INFO SetCachedItem = setting cache for Events, with Expiry Date of 11/07/2021 21:28:24
2021-06-11 22:28:24.7179 INFO SetNextResultCheckDateTime - Start - roundUp = False
2021-06-11 22:28:24.7179 INFO SetNextResultCheckDateTime - rapidApiResultChecks == null
2021-06-11 22:28:24.7558 INFO SetNextResultCheckDateTime - Set League 403 next check date to 13/06/2021 17:55:00
2021-06-11 22:28:24.7558 INFO SetCachedItem = setting cache for NextFixtureCheckDateTime
2021-06-11 22:28:24.7558 INFO SetCachedItem = setting cache for NextFixtureCheckDateTime, with Expiry Date of 11/07/2021 21:28:24
2021-06-11 22:29:00.0505 INFO SetCachedItem = setting cache for DailyRapidApiLeagueCheck, with Expiry Date of 12/06/2021 00:00:00
2021-06-11 22:42:43.2837 INFO Default Quartz.NET properties loaded from embedded resource file
2021-06-11 22:42:43.3395 INFO Initialized Scheduler Signaller of type: Quartz.Core.SchedulerSignalerImpl
2021-06-11 22:42:43.3584 INFO Quartz Scheduler v.3.2.2.0 created.
2021-06-11 22:42:43.3953 INFO JobFactory set to: Quartz.Simpl.PropertySettingJobFactory
2021-06-11 22:42:43.3953 INFO RAMJobStore initialized.
2021-06-11 22:42:43.4003 INFO Scheduler meta-data: Quartz Scheduler (v3.2.2.0) 'DefaultQuartzScheduler' with instanceId 'NON_CLUSTERED'
  Scheduler class: 'Quartz.Core.QuartzScheduler' - running locally.
  NOT STARTED.
  Currently in standby mode.
  Number of jobs executed: 0
  Using thread pool 'Quartz.Simpl.DefaultThreadPool' - with 10 threads.
  Using job-store 'Quartz.Simpl.RAMJobStore' - which does not support persistence. and is not clustered.

2021-06-11 22:42:43.4003 INFO Quartz scheduler 'DefaultQuartzScheduler' initialized
2021-06-11 22:42:43.4003 INFO Quartz scheduler version: 3.2.2.0
2021-06-11 22:42:43.4123 INFO Scheduler DefaultQuartzScheduler_$_NON_CLUSTERED started.
2021-06-11 22:42:43.5509 INFO Startup Configuration - Start
2021-06-11 22:42:43.5529 INFO SetEventCache - Start
2021-06-11 22:42:43.6128 INFO SetCachedItem = setting cache for Events
2021-06-11 22:42:43.6128 INFO SetCachedItem = setting cache for Events, with Expiry Date of 11/07/2021 21:42:43
2021-06-11 22:42:43.6178 INFO SetNextResultCheckDateTime - Start - roundUp = False
2021-06-11 22:42:43.6178 INFO SetNextResultCheckDateTime - rapidApiResultChecks == null
2021-06-11 22:42:43.6506 INFO SetNextResultCheckDateTime - Set League 403 next check date to 13/06/2021 17:55:00
2021-06-11 22:42:43.6506 INFO SetCachedItem = setting cache for NextFixtureCheckDateTime
2021-06-11 22:42:43.6506 INFO SetCachedItem = setting cache for NextFixtureCheckDateTime, with Expiry Date of 11/07/2021 21:42:43
2021-06-11 22:43:00.0884 INFO SetCachedItem = setting cache for DailyRapidApiLeagueCheck, with Expiry Date of 12/06/2021 00:00:00
2021-06-11 23:19:14.8750 INFO Default Quartz.NET properties loaded from embedded resource file
2021-06-11 23:19:14.9309 INFO Initialized Scheduler Signaller of type: Quartz.Core.SchedulerSignalerImpl
2021-06-11 23:19:14.9538 INFO Quartz Scheduler v.3.2.2.0 created.
2021-06-11 23:19:14.9877 INFO JobFactory set to: Quartz.Simpl.PropertySettingJobFactory
2021-06-11 23:19:15.0057 INFO RAMJobStore initialized.
2021-06-11 23:19:15.0057 INFO Scheduler meta-data: Quartz Scheduler (v3.2.2.0) 'DefaultQuartzScheduler' with instanceId 'NON_CLUSTERED'
  Scheduler class: 'Quartz.Core.QuartzScheduler' - running locally.
  NOT STARTED.
  Currently in standby mode.
  Number of jobs executed: 0
  Using thread pool 'Quartz.Simpl.DefaultThreadPool' - with 10 threads.
  Using job-store 'Quartz.Simpl.RAMJobStore' - which does not support persistence. and is not clustered.

2021-06-11 23:19:15.0106 INFO Quartz scheduler 'DefaultQuartzScheduler' initialized
2021-06-11 23:19:15.0106 INFO Quartz scheduler version: 3.2.2.0
2021-06-11 23:19:15.0106 INFO Scheduler DefaultQuartzScheduler_$_NON_CLUSTERED started.
2021-06-11 23:19:15.1413 INFO Startup Configuration - Start
2021-06-11 23:19:15.1413 INFO SetEventCache - Start
2021-06-11 23:19:15.1862 INFO SetCachedItem = setting cache for Events
2021-06-11 23:19:15.1862 INFO SetCachedItem = setting cache for Events, with Expiry Date of 11/07/2021 22:19:15
2021-06-11 23:19:15.1862 INFO SetNextResultCheckDateTime - Start - roundUp = False
2021-06-11 23:19:15.1862 INFO SetNextResultCheckDateTime - rapidApiResultChecks == null
2021-06-11 23:19:15.2360 INFO SetNextResultCheckDateTime - Set League 403 next check date to 13/06/2021 17:55:00
2021-06-11 23:19:15.2360 INFO SetCachedItem = setting cache for NextFixtureCheckDateTime
2021-06-11 23:19:15.2360 INFO SetCachedItem = setting cache for NextFixtureCheckDateTime, with Expiry Date of 11/07/2021 22:19:15
2021-06-11 23:20:00.1325 INFO SetCachedItem = setting cache for DailyRapidApiLeagueCheck, with Expiry Date of 12/06/2021 00:00:00
