2021-02-05 14:44:56.0493 INFO Default Quartz.NET properties loaded from embedded resource file
2021-02-05 14:44:56.1071 INFO Initialized Scheduler Signaller of type: Quartz.Core.SchedulerSignalerImpl
2021-02-05 14:44:56.1071 INFO Quartz Scheduler v.3.2.2.0 created.
2021-02-05 14:44:56.1071 INFO JobFactory set to: Quartz.Simpl.PropertySettingJobFactory
2021-02-05 14:44:56.1071 INFO RAMJobStore initialized.
2021-02-05 14:44:56.1071 INFO Scheduler meta-data: Quartz Scheduler (v3.2.2.0) 'DefaultQuartzScheduler' with instanceId 'NON_CLUSTERED'
  Scheduler class: 'Quartz.Core.QuartzScheduler' - running locally.
  NOT STARTED.
  Currently in standby mode.
  Number of jobs executed: 0
  Using thread pool 'Quartz.Simpl.DefaultThreadPool' - with 10 threads.
  Using job-store 'Quartz.Simpl.RAMJobStore' - which does not support persistence. and is not clustered.

2021-02-05 14:44:56.1071 INFO Quartz scheduler 'DefaultQuartzScheduler' initialized
2021-02-05 14:44:56.1071 INFO Quartz scheduler version: 3.2.2.0
2021-02-05 14:44:56.1291 INFO Scheduler DefaultQuartzScheduler_$_NON_CLUSTERED started.
2021-02-05 14:44:56.3285 INFO Startup Configuration - Start
2021-02-05 14:44:56.3285 INFO SetEventCache - Start
2021-02-05 14:44:56.3754 INFO SetCachedItem = setting cache for Events
2021-02-05 14:44:56.3754 INFO SetCachedItem = setting cache for Events, with Expiry Date of 07/03/2021 14:44:56
2021-02-05 14:44:56.3754 INFO SetNextResultCheckDateTime - Start - roundUp = False
2021-02-05 14:44:56.3754 INFO SetNextResultCheckDateTime - rapidApiResultChecks == null
2021-02-05 14:44:56.4143 INFO SetNextResultCheckDateTime - Set League 2790 next check date to 04/02/2021 21:55:00
2021-02-05 14:44:56.4143 INFO SetCachedItem = setting cache for NextFixtureCheckDateTime
2021-02-05 14:44:56.4143 INFO SetCachedItem = setting cache for NextFixtureCheckDateTime, with Expiry Date of 07/03/2021 14:44:56
2021-02-05 14:45:00.0378 INFO GetRapidApiResults = Getting results from RapidApi 2790. FixtureDateTime = 04/02/2021 00:00:00, Now = 05/02/2021 14:45:00
2021-02-05 14:45:00.0378 INFO FixturesByLeague - League = 2790, EarliestDate = 04/02/2021 00:00:00
2021-02-05 14:45:02.6065 INFO SetEventCache - Start
2021-02-05 14:45:02.6135 INFO SetCachedItem = setting cache for Events
2021-02-05 14:45:02.6135 INFO SetCachedItem = setting cache for Events, with Expiry Date of 07/03/2021 14:45:02
2021-02-05 14:45:02.6135 INFO SetNextResultCheckDateTime - Start - roundUp = True
2021-02-05 14:45:02.6135 INFO SetNextResultCheckDateTime - Set League 2790 next check date to 06/02/2021 14:25:00
2021-02-05 14:45:02.6135 INFO SetCachedItem = setting cache for NextFixtureCheckDateTime
2021-02-05 14:45:02.6135 INFO SetCachedItem = setting cache for NextFixtureCheckDateTime, with Expiry Date of 07/03/2021 14:45:02
2021-02-05 14:45:02.6294 INFO DailyRapidApiLeagueCheck --> lastDate = 04/02/2021 00:00:00, Now = 05/02/2021 00:00:00
2021-02-05 14:45:02.6394 INFO SetCachedItem = setting cache for DailyRapidApiLeagueCheck, with Expiry Date of 06/02/2021 00:00:00
2021-02-05 14:45:02.6394 INFO DailyRapidApiLeagueCheck --> Performing daily league update
2021-02-05 14:45:02.7471 INFO FixturesByLeague - League = 2790, EarliestDate = 06/02/2021 00:00:00
2021-02-05 14:45:04.8326 INFO FixturesByOdds - League = 2790
2021-02-05 14:45:07.6993 INFO OddsByLeagueAndBookmaker - League = 2790, pageNbr = 2
2021-02-05 14:45:10.8355 INFO OddsByLeagueAndBookmaker - League = 2790, pageNbr = 3
2021-02-05 14:45:12.4512 INFO OddsByLeagueAndBookmaker - League = 2790, pageNbr = 4
2021-02-05 14:45:13.9682 INFO Account - Login (HttpPost) - poopy@poopy.com logged in
2021-02-05 14:45:14.4539 INFO OddsByLeagueAndBookmaker - League = 2790, pageNbr = 5
2021-02-05 14:45:17.3961 INFO OddsByLeagueAndBookmaker - League = 2790, pageNbr = 6
2021-02-05 14:45:19.3270 INFO OddsByLeagueAndBookmaker - League = 2790, pageNbr = 0
2021-02-05 14:45:19.3270 INFO FixturesByLeague - League = 2794, EarliestDate = 05/02/2021 00:00:00
2021-02-05 14:45:22.4768 INFO FixturesByOdds - League = 2794
2021-02-05 14:45:24.7870 INFO OddsByLeagueAndBookmaker - League = 2794, pageNbr = 2
2021-02-05 14:45:26.0927 INFO Account - Login (HttpPost) - pete@salsbury.co.uk logged in
2021-02-05 14:45:27.4222 INFO OddsByLeagueAndBookmaker - League = 2794, pageNbr = 3
2021-02-05 14:45:29.4693 INFO OddsByLeagueAndBookmaker - League = 2794, pageNbr = 4
2021-02-05 14:45:31.3265 INFO OddsByLeagueAndBookmaker - League = 2794, pageNbr = 5
2021-02-05 14:45:34.2078 INFO OddsByLeagueAndBookmaker - League = 2794, pageNbr = 0
2021-02-05 14:49:12.4245 INFO Default Quartz.NET properties loaded from embedded resource file
2021-02-05 14:49:12.4823 INFO Initialized Scheduler Signaller of type: Quartz.Core.SchedulerSignalerImpl
2021-02-05 14:49:12.4823 INFO Quartz Scheduler v.3.2.2.0 created.
2021-02-05 14:49:12.5272 INFO JobFactory set to: Quartz.Simpl.PropertySettingJobFactory
2021-02-05 14:49:12.5491 INFO RAMJobStore initialized.
2021-02-05 14:49:12.5491 INFO Scheduler meta-data: Quartz Scheduler (v3.2.2.0) 'DefaultQuartzScheduler' with instanceId 'NON_CLUSTERED'
  Scheduler class: 'Quartz.Core.QuartzScheduler' - running locally.
  NOT STARTED.
  Currently in standby mode.
  Number of jobs executed: 0
  Using thread pool 'Quartz.Simpl.DefaultThreadPool' - with 10 threads.
  Using job-store 'Quartz.Simpl.RAMJobStore' - which does not support persistence. and is not clustered.

2021-02-05 14:49:12.5491 INFO Quartz scheduler 'DefaultQuartzScheduler' initialized
2021-02-05 14:49:12.5491 INFO Quartz scheduler version: 3.2.2.0
2021-02-05 14:49:12.5661 INFO Scheduler DefaultQuartzScheduler_$_NON_CLUSTERED started.
2021-02-05 14:49:12.6888 INFO Startup Configuration - Start
2021-02-05 14:49:12.6888 INFO SetEventCache - Start
2021-02-05 14:49:12.7366 INFO SetCachedItem = setting cache for Events
2021-02-05 14:49:12.7366 INFO SetCachedItem = setting cache for Events, with Expiry Date of 07/03/2021 14:49:12
2021-02-05 14:49:12.7366 INFO SetNextResultCheckDateTime - Start - roundUp = False
2021-02-05 14:49:12.7366 INFO SetNextResultCheckDateTime - rapidApiResultChecks == null
2021-02-05 14:49:12.7745 INFO SetNextResultCheckDateTime - Set League 2790 next check date to 06/02/2021 14:25:00
2021-02-05 14:49:12.7745 INFO SetCachedItem = setting cache for NextFixtureCheckDateTime
2021-02-05 14:49:12.7745 INFO SetCachedItem = setting cache for NextFixtureCheckDateTime, with Expiry Date of 07/03/2021 14:49:12
2021-02-05 14:50:00.1119 INFO SetCachedItem = setting cache for DailyRapidApiLeagueCheck, with Expiry Date of 06/02/2021 00:00:00
2021-02-05 15:06:29.3350 INFO Default Quartz.NET properties loaded from embedded resource file
2021-02-05 15:06:29.3988 INFO Initialized Scheduler Signaller of type: Quartz.Core.SchedulerSignalerImpl
2021-02-05 15:06:29.4267 INFO Quartz Scheduler v.3.2.2.0 created.
2021-02-05 15:06:29.4557 INFO JobFactory set to: Quartz.Simpl.PropertySettingJobFactory
2021-02-05 15:06:29.4716 INFO RAMJobStore initialized.
2021-02-05 15:06:29.4716 INFO Scheduler meta-data: Quartz Scheduler (v3.2.2.0) 'DefaultQuartzScheduler' with instanceId 'NON_CLUSTERED'
  Scheduler class: 'Quartz.Core.QuartzScheduler' - running locally.
  NOT STARTED.
  Currently in standby mode.
  Number of jobs executed: 0
  Using thread pool 'Quartz.Simpl.DefaultThreadPool' - with 10 threads.
  Using job-store 'Quartz.Simpl.RAMJobStore' - which does not support persistence. and is not clustered.

2021-02-05 15:06:29.4716 INFO Quartz scheduler 'DefaultQuartzScheduler' initialized
2021-02-05 15:06:29.4716 INFO Quartz scheduler version: 3.2.2.0
2021-02-05 15:06:29.4886 INFO Scheduler DefaultQuartzScheduler_$_NON_CLUSTERED started.
2021-02-05 15:06:30.0658 INFO Startup Configuration - Start
2021-02-05 15:06:30.0658 INFO SetEventCache - Start
2021-02-05 15:06:30.1274 INFO SetCachedItem = setting cache for Events
2021-02-05 15:06:30.1274 INFO SetCachedItem = setting cache for Events, with Expiry Date of 07/03/2021 15:06:30
2021-02-05 15:06:30.1403 INFO SetNextResultCheckDateTime - Start - roundUp = False
2021-02-05 15:06:30.1403 INFO SetNextResultCheckDateTime - rapidApiResultChecks == null
2021-02-05 15:06:30.1682 INFO SetNextResultCheckDateTime - Set League 2790 next check date to 06/02/2021 14:25:00
2021-02-05 15:06:30.1682 INFO SetCachedItem = setting cache for NextFixtureCheckDateTime
2021-02-05 15:06:30.1682 INFO SetCachedItem = setting cache for NextFixtureCheckDateTime, with Expiry Date of 07/03/2021 15:06:30
2021-02-05 15:07:00.1278 INFO SetCachedItem = setting cache for DailyRapidApiLeagueCheck, with Expiry Date of 06/02/2021 00:00:00
