2021-02-03 22:33:40.9458 INFO Default Quartz.NET properties loaded from embedded resource file
2021-02-03 22:33:41.0026 INFO Initialized Scheduler Signaller of type: Quartz.Core.SchedulerSignalerImpl
2021-02-03 22:33:41.0026 INFO Quartz Scheduler v.3.2.2.0 created.
2021-02-03 22:33:41.0136 INFO JobFactory set to: Quartz.Simpl.PropertySettingJobFactory
2021-02-03 22:33:41.0136 INFO RAMJobStore initialized.
2021-02-03 22:33:41.0794 INFO Scheduler meta-data: Quartz Scheduler (v3.2.2.0) 'DefaultQuartzScheduler' with instanceId 'NON_CLUSTERED'
  Scheduler class: 'Quartz.Core.QuartzScheduler' - running locally.
  NOT STARTED.
  Currently in standby mode.
  Number of jobs executed: 0
  Using thread pool 'Quartz.Simpl.DefaultThreadPool' - with 10 threads.
  Using job-store 'Quartz.Simpl.RAMJobStore' - which does not support persistence. and is not clustered.

2021-02-03 22:33:41.0794 INFO Quartz scheduler 'DefaultQuartzScheduler' initialized
2021-02-03 22:33:41.0794 INFO Quartz scheduler version: 3.2.2.0
2021-02-03 22:33:41.0924 INFO Scheduler DefaultQuartzScheduler_$_NON_CLUSTERED started.
2021-02-03 22:33:41.2181 INFO Startup Configuration - Start
2021-02-03 22:33:41.2181 INFO SetEventCache - Start
2021-02-03 22:33:41.2669 INFO SetCachedItem = setting cache for Events
2021-02-03 22:33:41.2669 INFO SetCachedItem = setting cache for Events, with Expiry Date of 05/03/2021 22:33:41
2021-02-03 22:33:41.2669 INFO SetNextResultCheckDateTime - Start - roundUp = False
2021-02-03 22:33:41.2669 INFO SetNextResultCheckDateTime - rapidApiResultChecks == null
2021-02-03 22:33:41.3108 INFO SetNextResultCheckDateTime - Set League 2790 next check date to 02/02/2021 19:55:00
2021-02-03 22:33:41.3108 INFO SetNextResultCheckDateTime - Set League 2794 next check date to 02/02/2021 20:55:00
2021-02-03 22:33:41.3108 INFO SetCachedItem = setting cache for NextFixtureCheckDateTime
2021-02-03 22:33:41.3108 INFO SetCachedItem = setting cache for NextFixtureCheckDateTime, with Expiry Date of 05/03/2021 22:33:41
2021-02-03 22:34:00.0568 INFO GetRapidApiResults = Getting results from RapidApi 2790. FixtureDateTime = 02/02/2021 00:00:00, Now = 03/02/2021 22:34:00
2021-02-03 22:34:00.0568 INFO FixturesByLeague - League = 2790, EarliestDate = 02/02/2021 00:00:00
2021-02-03 22:34:02.6612 INFO SetEventCache - Start
2021-02-03 22:34:02.6612 INFO SetCachedItem = setting cache for Events
2021-02-03 22:34:02.6612 INFO SetCachedItem = setting cache for Events, with Expiry Date of 05/03/2021 22:34:02
2021-02-03 22:34:02.6612 INFO GetRapidApiResults = Getting results from RapidApi 2794. FixtureDateTime = 02/02/2021 00:00:00, Now = 03/02/2021 22:34:02
2021-02-03 22:34:02.6612 INFO FixturesByLeague - League = 2794, EarliestDate = 02/02/2021 00:00:00
2021-02-03 22:34:05.0310 INFO SetEventCache - Start
2021-02-03 22:34:05.0310 INFO SetCachedItem = setting cache for Events
2021-02-03 22:34:05.0310 INFO SetCachedItem = setting cache for Events, with Expiry Date of 05/03/2021 22:34:05
2021-02-03 22:34:05.0310 INFO SetNextResultCheckDateTime - Start - roundUp = True
2021-02-03 22:34:05.0310 INFO SetNextResultCheckDateTime - Set League 2790 next check date to 04/02/2021 21:55:00
2021-02-03 22:34:05.0310 INFO SetCachedItem = setting cache for NextFixtureCheckDateTime
2021-02-03 22:34:05.0310 INFO SetCachedItem = setting cache for NextFixtureCheckDateTime, with Expiry Date of 05/03/2021 22:34:05
2021-02-03 22:34:05.0479 INFO DailyRapidApiLeagueCheck --> lastDate = 02/02/2021 00:00:00, Now = 03/02/2021 00:00:00
2021-02-03 22:34:05.0479 INFO SetCachedItem = setting cache for DailyRapidApiLeagueCheck, with Expiry Date of 04/02/2021 00:00:00
2021-02-03 22:34:05.0479 INFO DailyRapidApiLeagueCheck --> Performing daily league update
2021-02-03 22:34:05.1467 INFO FixturesByLeague - League = 2790, EarliestDate = 04/02/2021 00:00:00
2021-02-03 22:34:06.7347 INFO FixturesByOdds - League = 2790
2021-02-03 22:34:11.7739 INFO OddsByLeagueAndBookmaker - League = 2790, pageNbr = 2
2021-02-03 22:34:16.6200 INFO OddsByLeagueAndBookmaker - League = 2790, pageNbr = 3
2021-02-03 22:34:20.8918 INFO OddsByLeagueAndBookmaker - League = 2790, pageNbr = 4
2021-02-03 22:34:23.6278 INFO OddsByLeagueAndBookmaker - League = 2790, pageNbr = 5
2021-02-03 22:34:26.4638 INFO OddsByLeagueAndBookmaker - League = 2790, pageNbr = 0
2021-02-03 22:34:26.4768 INFO FixturesByLeague - League = 2794, EarliestDate = 05/02/2021 00:00:00
2021-02-03 22:34:28.7238 INFO FixturesByOdds - League = 2794
2021-02-03 22:34:32.9058 INFO OddsByLeagueAndBookmaker - League = 2794, pageNbr = 2
2021-02-03 22:34:37.4002 INFO OddsByLeagueAndBookmaker - League = 2794, pageNbr = 3
2021-02-03 22:34:41.6339 INFO OddsByLeagueAndBookmaker - League = 2794, pageNbr = 4
2021-02-03 22:34:45.4088 INFO OddsByLeagueAndBookmaker - League = 2794, pageNbr = 5
2021-02-03 22:34:48.0241 INFO OddsByLeagueAndBookmaker - League = 2794, pageNbr = 6
2021-02-03 22:34:49.7685 INFO OddsByLeagueAndBookmaker - League = 2794, pageNbr = 0
2021-02-03 22:55:05.3649 INFO Default Quartz.NET properties loaded from embedded resource file
2021-02-03 22:55:05.4347 INFO Initialized Scheduler Signaller of type: Quartz.Core.SchedulerSignalerImpl
2021-02-03 22:55:05.4367 INFO Quartz Scheduler v.3.2.2.0 created.
2021-02-03 22:55:05.4567 INFO JobFactory set to: Quartz.Simpl.PropertySettingJobFactory
2021-02-03 22:55:05.4567 INFO RAMJobStore initialized.
2021-02-03 22:55:05.4567 INFO Scheduler meta-data: Quartz Scheduler (v3.2.2.0) 'DefaultQuartzScheduler' with instanceId 'NON_CLUSTERED'
  Scheduler class: 'Quartz.Core.QuartzScheduler' - running locally.
  NOT STARTED.
  Currently in standby mode.
  Number of jobs executed: 0
  Using thread pool 'Quartz.Simpl.DefaultThreadPool' - with 10 threads.
  Using job-store 'Quartz.Simpl.RAMJobStore' - which does not support persistence. and is not clustered.

2021-02-03 22:55:05.4567 INFO Quartz scheduler 'DefaultQuartzScheduler' initialized
2021-02-03 22:55:05.4567 INFO Quartz scheduler version: 3.2.2.0
2021-02-03 22:55:05.4826 INFO Scheduler DefaultQuartzScheduler_$_NON_CLUSTERED started.
2021-02-03 22:55:06.0599 INFO Startup Configuration - Start
2021-02-03 22:55:06.0609 INFO SetEventCache - Start
2021-02-03 22:55:06.1088 INFO SetCachedItem = setting cache for Events
2021-02-03 22:55:06.1088 INFO SetCachedItem = setting cache for Events, with Expiry Date of 05/03/2021 22:55:06
2021-02-03 22:55:06.1088 INFO SetNextResultCheckDateTime - Start - roundUp = False
2021-02-03 22:55:06.1088 INFO SetNextResultCheckDateTime - rapidApiResultChecks == null
2021-02-03 22:55:06.1537 INFO SetNextResultCheckDateTime - Set League 2790 next check date to 04/02/2021 21:55:00
2021-02-03 22:55:06.1537 INFO SetCachedItem = setting cache for NextFixtureCheckDateTime
2021-02-03 22:55:06.1537 INFO SetCachedItem = setting cache for NextFixtureCheckDateTime, with Expiry Date of 05/03/2021 22:55:06
2021-02-03 22:56:00.1041 INFO SetCachedItem = setting cache for DailyRapidApiLeagueCheck, with Expiry Date of 04/02/2021 00:00:00
2021-02-03 23:15:57.3770 INFO Default Quartz.NET properties loaded from embedded resource file
2021-02-03 23:15:57.4807 INFO Initialized Scheduler Signaller of type: Quartz.Core.SchedulerSignalerImpl
2021-02-03 23:15:57.4837 INFO Quartz Scheduler v.3.2.2.0 created.
2021-02-03 23:15:57.4837 INFO JobFactory set to: Quartz.Simpl.PropertySettingJobFactory
2021-02-03 23:15:57.4837 INFO RAMJobStore initialized.
2021-02-03 23:15:57.5056 INFO Scheduler meta-data: Quartz Scheduler (v3.2.2.0) 'DefaultQuartzScheduler' with instanceId 'NON_CLUSTERED'
  Scheduler class: 'Quartz.Core.QuartzScheduler' - running locally.
  NOT STARTED.
  Currently in standby mode.
  Number of jobs executed: 0
  Using thread pool 'Quartz.Simpl.DefaultThreadPool' - with 10 threads.
  Using job-store 'Quartz.Simpl.RAMJobStore' - which does not support persistence. and is not clustered.

2021-02-03 23:15:57.5056 INFO Quartz scheduler 'DefaultQuartzScheduler' initialized
2021-02-03 23:15:57.5056 INFO Quartz scheduler version: 3.2.2.0
2021-02-03 23:15:57.5266 INFO Scheduler DefaultQuartzScheduler_$_NON_CLUSTERED started.
2021-02-03 23:15:58.3663 INFO Startup Configuration - Start
2021-02-03 23:15:58.3663 INFO SetEventCache - Start
2021-02-03 23:15:58.4282 INFO SetCachedItem = setting cache for Events
2021-02-03 23:15:58.4282 INFO SetCachedItem = setting cache for Events, with Expiry Date of 05/03/2021 23:15:58
2021-02-03 23:15:58.4371 INFO SetNextResultCheckDateTime - Start - roundUp = False
2021-02-03 23:15:58.4371 INFO SetNextResultCheckDateTime - rapidApiResultChecks == null
2021-02-03 23:15:58.4880 INFO SetNextResultCheckDateTime - Set League 2790 next check date to 04/02/2021 21:55:00
2021-02-03 23:15:58.4880 INFO SetCachedItem = setting cache for NextFixtureCheckDateTime
2021-02-03 23:15:58.4880 INFO SetCachedItem = setting cache for NextFixtureCheckDateTime, with Expiry Date of 05/03/2021 23:15:58
2021-02-03 23:16:00.0609 INFO SetCachedItem = setting cache for DailyRapidApiLeagueCheck, with Expiry Date of 04/02/2021 00:00:00
