2021-10-14 22:33:28.3128 INFO Default Quartz.NET properties loaded from embedded resource file
2021-10-14 22:33:28.3766 INFO Initialized Scheduler Signaller of type: Quartz.Core.SchedulerSignalerImpl
2021-10-14 22:33:28.3766 INFO Quartz Scheduler v.3.2.2.0 created.
2021-10-14 22:33:28.3766 INFO JobFactory set to: Quartz.Simpl.PropertySettingJobFactory
2021-10-14 22:33:28.3766 INFO RAMJobStore initialized.
2021-10-14 22:33:28.3986 INFO Scheduler meta-data: Quartz Scheduler (v3.2.2.0) 'DefaultQuartzScheduler' with instanceId 'NON_CLUSTERED'
  Scheduler class: 'Quartz.Core.QuartzScheduler' - running locally.
  NOT STARTED.
  Currently in standby mode.
  Number of jobs executed: 0
  Using thread pool 'Quartz.Simpl.DefaultThreadPool' - with 10 threads.
  Using job-store 'Quartz.Simpl.RAMJobStore' - which does not support persistence. and is not clustered.

2021-10-14 22:33:28.3986 INFO Quartz scheduler 'DefaultQuartzScheduler' initialized
2021-10-14 22:33:28.4265 INFO Quartz scheduler version: 3.2.2.0
2021-10-14 22:33:28.4504 INFO Scheduler DefaultQuartzScheduler_$_NON_CLUSTERED started.
2021-10-14 22:33:29.1885 INFO Startup Configuration - Start
2021-10-14 22:33:29.1895 INFO SetEventCache - Start
2021-10-14 22:33:29.2403 INFO SetCachedItem = setting cache for Events
2021-10-14 22:33:29.2403 INFO SetCachedItem = setting cache for Events, with Expiry Date of 13/11/2021 21:33:29
2021-10-14 22:33:29.2403 INFO SetNextResultCheckDateTime - Start - roundUp = False
2021-10-14 22:33:29.2403 INFO SetNextResultCheckDateTime - rapidApiResultChecks == null
2021-10-14 22:33:29.2792 INFO SetNextResultCheckDateTime - Set League 1422 next check date to 06/10/2021 20:40:00
2021-10-14 22:33:29.2792 INFO SetNextResultCheckDateTime - Set League 3448 next check date to 02/10/2021 15:55:00
2021-10-14 22:33:29.2792 INFO SetNextResultCheckDateTime - Set League 3456 next check date to 02/10/2021 13:25:00
2021-10-14 22:33:29.2792 INFO SetCachedItem = setting cache for NextFixtureCheckDateTime
2021-10-14 22:33:29.2792 INFO SetCachedItem = setting cache for NextFixtureCheckDateTime, with Expiry Date of 13/11/2021 21:33:29
2021-10-14 22:33:42.7255 INFO Account - Login (HttpPost) - pete@salsbury.co.uk logged in
2021-10-14 22:34:00.0381 INFO GetRapidApiResults = Getting results from RapidApi 1422. FixtureDateTime = 06/10/2021 00:00:00, Now = 14/10/2021 21:34:00
2021-10-14 22:34:00.0381 INFO FixturesByLeague - League = 1422, EarliestDate = 06/10/2021 00:00:00
2021-10-14 22:34:01.7286 INFO SetEventCache - Start
2021-10-14 22:34:01.7286 INFO SetCachedItem = setting cache for Events
2021-10-14 22:34:01.7286 INFO SetCachedItem = setting cache for Events, with Expiry Date of 13/11/2021 21:34:01
2021-10-14 22:34:01.7286 INFO GetRapidApiResults = Getting results from RapidApi 3448. FixtureDateTime = 02/10/2021 00:00:00, Now = 14/10/2021 21:34:01
2021-10-14 22:34:01.7286 INFO FixturesByLeague - League = 3448, EarliestDate = 02/10/2021 00:00:00
2021-10-14 22:34:04.4043 INFO SetEventCache - Start
2021-10-14 22:34:04.4093 INFO SetCachedItem = setting cache for Events
2021-10-14 22:34:04.4093 INFO SetCachedItem = setting cache for Events, with Expiry Date of 13/11/2021 21:34:04
2021-10-14 22:34:04.4093 INFO GetRapidApiResults = Getting results from RapidApi 3456. FixtureDateTime = 02/10/2021 00:00:00, Now = 14/10/2021 21:34:04
2021-10-14 22:34:04.4093 INFO FixturesByLeague - League = 3456, EarliestDate = 02/10/2021 00:00:00
2021-10-14 22:34:08.2002 INFO SetEventCache - Start
2021-10-14 22:34:08.2051 INFO SetCachedItem = setting cache for Events
2021-10-14 22:34:08.2051 INFO SetCachedItem = setting cache for Events, with Expiry Date of 13/11/2021 21:34:08
2021-10-14 22:34:08.2051 INFO SetNextResultCheckDateTime - Start - roundUp = True
2021-10-14 22:34:08.2211 INFO SetCachedItem = setting cache for NextFixtureCheckDateTime
2021-10-14 22:34:08.2211 INFO SetCachedItem = setting cache for NextFixtureCheckDateTime, with Expiry Date of 13/11/2021 21:34:08
2021-10-14 22:34:08.2211 INFO DailyRapidApiLeagueCheck --> lastDate = 27/09/2021 00:00:00, Now = 14/10/2021 00:00:00
2021-10-14 22:34:08.2410 INFO SetCachedItem = setting cache for DailyRapidApiLeagueCheck, with Expiry Date of 15/10/2021 00:00:00
2021-10-14 22:34:08.2410 INFO DailyRapidApiLeagueCheck --> performUpdate = True
2021-10-14 22:34:08.2410 INFO DailyRapidApiLeagueCheck --> Performing daily league update
2021-10-14 22:34:08.3906 INFO FixturesByLeague - League = 3448, EarliestDate = 16/10/2021 00:00:00
2021-10-14 22:34:10.2467 INFO FixturesByOdds - League = 3448
2021-10-14 22:34:13.3195 INFO OddsByLeagueAndBookmaker - League = 3448, pageNbr = 0
2021-10-14 22:34:13.3404 INFO FixturesByLeague - League = 3456, EarliestDate = 27/09/2021 00:00:00
2021-10-14 22:34:16.3693 INFO SetEventCache - Start
2021-10-14 22:34:16.3693 INFO SetCachedItem = setting cache for Events
2021-10-14 22:34:16.3693 INFO SetCachedItem = setting cache for Events, with Expiry Date of 13/11/2021 21:34:16
2021-10-14 22:34:16.3693 INFO FixturesByOdds - League = 3456
2021-10-14 22:34:24.5021 INFO OddsByLeagueAndBookmaker - League = 3456, pageNbr = 0
2021-10-14 22:34:24.5021 INFO FixturesByLeague - League = 1422, EarliestDate = 14/10/2021 00:00:00
2021-10-14 22:34:24.9818 INFO FixturesByOdds - League = 1422
2021-10-14 22:34:26.8618 INFO OddsByLeagueAndBookmaker - League = 1422, pageNbr = 0
2021-10-14 22:34:26.9785 INFO SetEventCache - Start
2021-10-14 22:34:26.9785 INFO SetCachedItem = setting cache for Events
2021-10-14 22:34:26.9785 INFO SetCachedItem = setting cache for Events, with Expiry Date of 13/11/2021 21:34:26
2021-10-14 22:34:27.1470 INFO SetEventCache - Start
2021-10-14 22:34:27.1470 INFO SetCachedItem = setting cache for Events
2021-10-14 22:34:27.1470 INFO SetCachedItem = setting cache for Events, with Expiry Date of 13/11/2021 21:34:27
