2021-02-04 16:17:38.0243 INFO Default Quartz.NET properties loaded from embedded resource file
2021-02-04 16:17:38.1549 INFO Initialized Scheduler Signaller of type: Quartz.Core.SchedulerSignalerImpl
2021-02-04 16:17:38.1549 INFO Quartz Scheduler v.3.2.2.0 created.
2021-02-04 16:17:38.1549 INFO JobFactory set to: Quartz.Simpl.PropertySettingJobFactory
2021-02-04 16:17:38.1549 INFO RAMJobStore initialized.
2021-02-04 16:17:38.1699 INFO Scheduler meta-data: Quartz Scheduler (v3.2.2.0) 'DefaultQuartzScheduler' with instanceId 'NON_CLUSTERED'
  Scheduler class: 'Quartz.Core.QuartzScheduler' - running locally.
  NOT STARTED.
  Currently in standby mode.
  Number of jobs executed: 0
  Using thread pool 'Quartz.Simpl.DefaultThreadPool' - with 10 threads.
  Using job-store 'Quartz.Simpl.RAMJobStore' - which does not support persistence. and is not clustered.

2021-02-04 16:17:38.1699 INFO Quartz scheduler 'DefaultQuartzScheduler' initialized
2021-02-04 16:17:38.1699 INFO Quartz scheduler version: 3.2.2.0
2021-02-04 16:17:38.1898 INFO Scheduler DefaultQuartzScheduler_$_NON_CLUSTERED started.
2021-02-04 16:17:38.8441 INFO Startup Configuration - Start
2021-02-04 16:17:38.8441 INFO SetEventCache - Start
2021-02-04 16:17:38.8911 INFO SetCachedItem = setting cache for Events
2021-02-04 16:17:38.8911 INFO SetCachedItem = setting cache for Events, with Expiry Date of 06/03/2021 16:17:38
2021-02-04 16:17:38.8911 INFO SetNextResultCheckDateTime - Start - roundUp = False
2021-02-04 16:17:38.8911 INFO SetNextResultCheckDateTime - rapidApiResultChecks == null
2021-02-04 16:17:38.9289 INFO SetNextResultCheckDateTime - Set League 2790 next check date to 04/02/2021 21:55:00
2021-02-04 16:17:38.9289 INFO SetCachedItem = setting cache for NextFixtureCheckDateTime
2021-02-04 16:17:38.9289 INFO SetCachedItem = setting cache for NextFixtureCheckDateTime, with Expiry Date of 06/03/2021 16:17:38
2021-02-04 16:18:00.0790 INFO DailyRapidApiLeagueCheck --> lastDate = 03/02/2021 00:00:00, Now = 04/02/2021 00:00:00
2021-02-04 16:18:00.3253 INFO SetCachedItem = setting cache for DailyRapidApiLeagueCheck, with Expiry Date of 05/02/2021 00:00:00
2021-02-04 16:18:00.3253 INFO DailyRapidApiLeagueCheck --> Performing daily league update
2021-02-04 16:18:00.3732 INFO FixturesByLeague - League = 2790, EarliestDate = 04/02/2021 00:00:00
2021-02-04 16:18:02.6601 INFO FixturesByOdds - League = 2790
2021-02-04 16:18:07.6295 INFO OddsByLeagueAndBookmaker - League = 2790, pageNbr = 2
2021-02-04 16:18:12.8727 INFO OddsByLeagueAndBookmaker - League = 2790, pageNbr = 3
2021-02-04 16:18:16.7100 INFO OddsByLeagueAndBookmaker - League = 2790, pageNbr = 4
2021-02-04 16:18:19.7528 INFO OddsByLeagueAndBookmaker - League = 2790, pageNbr = 5
2021-02-04 16:18:22.1011 INFO OddsByLeagueAndBookmaker - League = 2790, pageNbr = 6
2021-02-04 16:18:23.1056 INFO OddsByLeagueAndBookmaker - League = 2790, pageNbr = 0
2021-02-04 16:18:23.1162 INFO FixturesByLeague - League = 2794, EarliestDate = 05/02/2021 00:00:00
2021-02-04 16:18:26.6091 INFO FixturesByOdds - League = 2794
2021-02-04 16:18:30.4972 INFO OddsByLeagueAndBookmaker - League = 2794, pageNbr = 2
2021-02-04 16:18:34.8917 INFO OddsByLeagueAndBookmaker - League = 2794, pageNbr = 3
2021-02-04 16:18:39.0696 INFO OddsByLeagueAndBookmaker - League = 2794, pageNbr = 4
2021-02-04 16:18:43.6613 INFO OddsByLeagueAndBookmaker - League = 2794, pageNbr = 5
2021-02-04 16:18:46.9030 INFO OddsByLeagueAndBookmaker - League = 2794, pageNbr = 6
2021-02-04 16:18:49.1829 INFO OddsByLeagueAndBookmaker - League = 2794, pageNbr = 0
