2021-06-13 17:36:22.2971 INFO GetRapidApiResults = Getting results from RapidApi 403. FixtureDateTime = 11/06/2021 00:00:00, Now = 13/06/2021 16:36:22
2021-06-13 17:36:22.2971 INFO FixturesByLeague - League = 403, EarliestDate = 11/06/2021 00:00:00
2021-06-13 17:36:25.0700 INFO SetNextResultCheckDateTime - Start - roundUp = True
2021-06-13 17:36:25.0900 INFO SetNextResultCheckDateTime - Set League 403 next check date to 13/06/2021 17:55:00
2021-06-13 17:36:25.0900 INFO SetCachedItem = setting cache for NextFixtureCheckDateTime
2021-06-13 17:36:25.0900 INFO SetCachedItem = setting cache for NextFixtureCheckDateTime, with Expiry Date of 13/07/2021 16:36:25
2021-06-13 17:36:25.1063 INFO DailyRapidApiLeagueCheck --> lastDate = 02/06/2021 00:00:00, Now = 13/06/2021 00:00:00
2021-06-13 17:36:25.1855 INFO SetCachedItem = setting cache for DailyRapidApiLeagueCheck, with Expiry Date of 14/06/2021 00:00:00
2021-06-13 17:36:25.1855 INFO DailyRapidApiLeagueCheck --> Performing daily league update
2021-06-13 17:36:25.3311 INFO FixturesByLeague - League = 403, EarliestDate = 13/06/2021 00:00:00
2021-06-13 17:36:26.2460 INFO FixturesByOdds - League = 403
2021-06-13 17:36:28.3242 INFO OddsByLeagueAndBookmaker - League = 403, pageNbr = 0
2021-06-13 17:36:32.4615 INFO Account - Login (HttpPost) - pete@salsbury.co.uk logged in
2021-06-13 17:37:00.0072 INFO SetCachedItem = setting cache for DailyRapidApiLeagueCheck, with Expiry Date of 14/06/2021 00:00:00
2021-06-13 17:38:00.0035 INFO SetCachedItem = setting cache for DailyRapidApiLeagueCheck, with Expiry Date of 14/06/2021 00:00:00
2021-06-13 17:39:33.2010 INFO Default Quartz.NET properties loaded from embedded resource file
2021-06-13 17:39:33.2429 INFO Initialized Scheduler Signaller of type: Quartz.Core.SchedulerSignalerImpl
2021-06-13 17:39:33.2429 INFO Quartz Scheduler v.3.2.2.0 created.
2021-06-13 17:39:33.2479 INFO JobFactory set to: Quartz.Simpl.PropertySettingJobFactory
2021-06-13 17:39:33.2479 INFO RAMJobStore initialized.
2021-06-13 17:39:33.2479 INFO Scheduler meta-data: Quartz Scheduler (v3.2.2.0) 'DefaultQuartzScheduler' with instanceId 'NON_CLUSTERED'
  Scheduler class: 'Quartz.Core.QuartzScheduler' - running locally.
  NOT STARTED.
  Currently in standby mode.
  Number of jobs executed: 0
  Using thread pool 'Quartz.Simpl.DefaultThreadPool' - with 10 threads.
  Using job-store 'Quartz.Simpl.RAMJobStore' - which does not support persistence. and is not clustered.

2021-06-13 17:39:33.2479 INFO Quartz scheduler 'DefaultQuartzScheduler' initialized
2021-06-13 17:39:33.2479 INFO Quartz scheduler version: 3.2.2.0
2021-06-13 17:39:33.2609 INFO Scheduler DefaultQuartzScheduler_$_NON_CLUSTERED started.
2021-06-13 17:39:33.3716 INFO Startup Configuration - Start
2021-06-13 17:39:33.3716 INFO SetEventCache - Start
2021-06-13 17:39:33.4075 INFO SetCachedItem = setting cache for Events
2021-06-13 17:39:33.4075 INFO SetCachedItem = setting cache for Events, with Expiry Date of 13/07/2021 16:39:33
2021-06-13 17:39:33.4075 INFO SetNextResultCheckDateTime - Start - roundUp = False
2021-06-13 17:39:33.4075 INFO SetNextResultCheckDateTime - rapidApiResultChecks == null
2021-06-13 17:39:33.4344 INFO SetNextResultCheckDateTime - Set League 403 next check date to 13/06/2021 17:55:00
2021-06-13 17:39:33.4344 INFO SetCachedItem = setting cache for NextFixtureCheckDateTime
2021-06-13 17:39:33.4344 INFO SetCachedItem = setting cache for NextFixtureCheckDateTime, with Expiry Date of 13/07/2021 16:39:33
2021-06-13 17:39:45.9052 INFO Account - Login (HttpPost) - pete@salsbury.co.uk logged in
2021-06-13 17:40:18.3801 INFO Default Quartz.NET properties loaded from embedded resource file
2021-06-13 17:40:18.4280 INFO Initialized Scheduler Signaller of type: Quartz.Core.SchedulerSignalerImpl
2021-06-13 17:40:18.4330 INFO Quartz Scheduler v.3.2.2.0 created.
2021-06-13 17:40:18.4499 INFO JobFactory set to: Quartz.Simpl.PropertySettingJobFactory
2021-06-13 17:40:18.4499 INFO RAMJobStore initialized.
2021-06-13 17:40:18.4499 INFO Scheduler meta-data: Quartz Scheduler (v3.2.2.0) 'DefaultQuartzScheduler' with instanceId 'NON_CLUSTERED'
  Scheduler class: 'Quartz.Core.QuartzScheduler' - running locally.
  NOT STARTED.
  Currently in standby mode.
  Number of jobs executed: 0
  Using thread pool 'Quartz.Simpl.DefaultThreadPool' - with 10 threads.
  Using job-store 'Quartz.Simpl.RAMJobStore' - which does not support persistence. and is not clustered.

2021-06-13 17:40:18.4499 INFO Quartz scheduler 'DefaultQuartzScheduler' initialized
2021-06-13 17:40:18.4499 INFO Quartz scheduler version: 3.2.2.0
2021-06-13 17:40:18.4689 INFO Scheduler DefaultQuartzScheduler_$_NON_CLUSTERED started.
2021-06-13 17:40:18.5866 INFO Startup Configuration - Start
2021-06-13 17:40:18.5866 INFO SetEventCache - Start
2021-06-13 17:40:18.6205 INFO SetCachedItem = setting cache for Events
2021-06-13 17:40:18.6205 INFO SetCachedItem = setting cache for Events, with Expiry Date of 13/07/2021 16:40:18
2021-06-13 17:40:18.6205 INFO SetNextResultCheckDateTime - Start - roundUp = False
2021-06-13 17:40:18.6205 INFO SetNextResultCheckDateTime - rapidApiResultChecks == null
2021-06-13 17:40:18.6474 INFO SetNextResultCheckDateTime - Set League 403 next check date to 13/06/2021 17:55:00
2021-06-13 17:40:18.6474 INFO SetCachedItem = setting cache for NextFixtureCheckDateTime
2021-06-13 17:40:18.6474 INFO SetCachedItem = setting cache for NextFixtureCheckDateTime, with Expiry Date of 13/07/2021 16:40:18
2021-06-13 17:41:00.0479 INFO SetCachedItem = setting cache for DailyRapidApiLeagueCheck, with Expiry Date of 14/06/2021 00:00:00
2021-06-13 17:43:02.3385 INFO Default Quartz.NET properties loaded from embedded resource file
2021-06-13 17:43:02.3824 INFO Initialized Scheduler Signaller of type: Quartz.Core.SchedulerSignalerImpl
2021-06-13 17:43:02.3893 INFO Quartz Scheduler v.3.2.2.0 created.
2021-06-13 17:43:02.4103 INFO JobFactory set to: Quartz.Simpl.PropertySettingJobFactory
2021-06-13 17:43:02.4252 INFO RAMJobStore initialized.
2021-06-13 17:43:02.4252 INFO Scheduler meta-data: Quartz Scheduler (v3.2.2.0) 'DefaultQuartzScheduler' with instanceId 'NON_CLUSTERED'
  Scheduler class: 'Quartz.Core.QuartzScheduler' - running locally.
  NOT STARTED.
  Currently in standby mode.
  Number of jobs executed: 0
  Using thread pool 'Quartz.Simpl.DefaultThreadPool' - with 10 threads.
  Using job-store 'Quartz.Simpl.RAMJobStore' - which does not support persistence. and is not clustered.

2021-06-13 17:43:02.4252 INFO Quartz scheduler 'DefaultQuartzScheduler' initialized
2021-06-13 17:43:02.4252 INFO Quartz scheduler version: 3.2.2.0
2021-06-13 17:43:02.4392 INFO Scheduler DefaultQuartzScheduler_$_NON_CLUSTERED started.
2021-06-13 17:43:02.5469 INFO Startup Configuration - Start
2021-06-13 17:43:02.5469 INFO SetEventCache - Start
2021-06-13 17:43:02.5838 INFO SetCachedItem = setting cache for Events
2021-06-13 17:43:02.5838 INFO SetCachedItem = setting cache for Events, with Expiry Date of 13/07/2021 16:43:02
2021-06-13 17:43:02.5838 INFO SetNextResultCheckDateTime - Start - roundUp = False
2021-06-13 17:43:02.5838 INFO SetNextResultCheckDateTime - rapidApiResultChecks == null
2021-06-13 17:43:02.6127 INFO SetNextResultCheckDateTime - Set League 403 next check date to 13/06/2021 17:55:00
2021-06-13 17:43:02.6127 INFO SetCachedItem = setting cache for NextFixtureCheckDateTime
2021-06-13 17:43:02.6127 INFO SetCachedItem = setting cache for NextFixtureCheckDateTime, with Expiry Date of 13/07/2021 16:43:02
2021-06-13 17:44:00.0470 INFO SetCachedItem = setting cache for DailyRapidApiLeagueCheck, with Expiry Date of 14/06/2021 00:00:00
2021-06-13 17:44:40.2931 INFO Default Quartz.NET properties loaded from embedded resource file
2021-06-13 17:44:40.3459 INFO Initialized Scheduler Signaller of type: Quartz.Core.SchedulerSignalerImpl
2021-06-13 17:44:40.3459 INFO Quartz Scheduler v.3.2.2.0 created.
2021-06-13 17:44:40.3738 INFO JobFactory set to: Quartz.Simpl.PropertySettingJobFactory
2021-06-13 17:44:40.3738 INFO RAMJobStore initialized.
2021-06-13 17:44:40.3738 INFO Scheduler meta-data: Quartz Scheduler (v3.2.2.0) 'DefaultQuartzScheduler' with instanceId 'NON_CLUSTERED'
  Scheduler class: 'Quartz.Core.QuartzScheduler' - running locally.
  NOT STARTED.
  Currently in standby mode.
  Number of jobs executed: 0
  Using thread pool 'Quartz.Simpl.DefaultThreadPool' - with 10 threads.
  Using job-store 'Quartz.Simpl.RAMJobStore' - which does not support persistence. and is not clustered.

2021-06-13 17:44:40.3738 INFO Quartz scheduler 'DefaultQuartzScheduler' initialized
2021-06-13 17:44:40.3738 INFO Quartz scheduler version: 3.2.2.0
2021-06-13 17:44:40.3948 INFO Scheduler DefaultQuartzScheduler_$_NON_CLUSTERED started.
2021-06-13 17:44:40.5205 INFO Startup Configuration - Start
2021-06-13 17:44:40.5205 INFO SetEventCache - Start
2021-06-13 17:44:40.5673 INFO SetCachedItem = setting cache for Events
2021-06-13 17:44:40.5673 INFO SetCachedItem = setting cache for Events, with Expiry Date of 13/07/2021 16:44:40
2021-06-13 17:44:40.5673 INFO SetNextResultCheckDateTime - Start - roundUp = False
2021-06-13 17:44:40.5673 INFO SetNextResultCheckDateTime - rapidApiResultChecks == null
2021-06-13 17:44:40.6022 INFO SetNextResultCheckDateTime - Set League 403 next check date to 13/06/2021 17:55:00
2021-06-13 17:44:40.6022 INFO SetCachedItem = setting cache for NextFixtureCheckDateTime
2021-06-13 17:44:40.6022 INFO SetCachedItem = setting cache for NextFixtureCheckDateTime, with Expiry Date of 13/07/2021 16:44:40
2021-06-13 17:45:00.0500 INFO SetCachedItem = setting cache for DailyRapidApiLeagueCheck, with Expiry Date of 14/06/2021 00:00:00
2021-06-13 17:48:29.3882 INFO Default Quartz.NET properties loaded from embedded resource file
2021-06-13 17:48:29.4330 INFO Initialized Scheduler Signaller of type: Quartz.Core.SchedulerSignalerImpl
2021-06-13 17:48:29.4330 INFO Quartz Scheduler v.3.2.2.0 created.
2021-06-13 17:48:29.4570 INFO JobFactory set to: Quartz.Simpl.PropertySettingJobFactory
2021-06-13 17:48:29.4779 INFO RAMJobStore initialized.
2021-06-13 17:48:29.4809 INFO Scheduler meta-data: Quartz Scheduler (v3.2.2.0) 'DefaultQuartzScheduler' with instanceId 'NON_CLUSTERED'
  Scheduler class: 'Quartz.Core.QuartzScheduler' - running locally.
  NOT STARTED.
  Currently in standby mode.
  Number of jobs executed: 0
  Using thread pool 'Quartz.Simpl.DefaultThreadPool' - with 10 threads.
  Using job-store 'Quartz.Simpl.RAMJobStore' - which does not support persistence. and is not clustered.

2021-06-13 17:48:29.4809 INFO Quartz scheduler 'DefaultQuartzScheduler' initialized
2021-06-13 17:48:29.4809 INFO Quartz scheduler version: 3.2.2.0
2021-06-13 17:48:29.4809 INFO Scheduler DefaultQuartzScheduler_$_NON_CLUSTERED started.
2021-06-13 17:48:29.5916 INFO Startup Configuration - Start
2021-06-13 17:48:29.5916 INFO SetEventCache - Start
2021-06-13 17:48:29.6295 INFO SetCachedItem = setting cache for Events
2021-06-13 17:48:29.6295 INFO SetCachedItem = setting cache for Events, with Expiry Date of 13/07/2021 16:48:29
2021-06-13 17:48:29.6295 INFO SetNextResultCheckDateTime - Start - roundUp = False
2021-06-13 17:48:29.6295 INFO SetNextResultCheckDateTime - rapidApiResultChecks == null
2021-06-13 17:48:29.6574 INFO SetNextResultCheckDateTime - Set League 403 next check date to 13/06/2021 17:55:00
2021-06-13 17:48:29.6574 INFO SetCachedItem = setting cache for NextFixtureCheckDateTime
2021-06-13 17:48:29.6574 INFO SetCachedItem = setting cache for NextFixtureCheckDateTime, with Expiry Date of 13/07/2021 16:48:29
2021-06-13 17:54:48.7392 INFO Default Quartz.NET properties loaded from embedded resource file
2021-06-13 17:54:48.7821 INFO Initialized Scheduler Signaller of type: Quartz.Core.SchedulerSignalerImpl
2021-06-13 17:54:48.7821 INFO Quartz Scheduler v.3.2.2.0 created.
2021-06-13 17:54:48.8020 INFO JobFactory set to: Quartz.Simpl.PropertySettingJobFactory
2021-06-13 17:54:48.8210 INFO RAMJobStore initialized.
2021-06-13 17:54:48.8279 INFO Scheduler meta-data: Quartz Scheduler (v3.2.2.0) 'DefaultQuartzScheduler' with instanceId 'NON_CLUSTERED'
  Scheduler class: 'Quartz.Core.QuartzScheduler' - running locally.
  NOT STARTED.
  Currently in standby mode.
  Number of jobs executed: 0
  Using thread pool 'Quartz.Simpl.DefaultThreadPool' - with 10 threads.
  Using job-store 'Quartz.Simpl.RAMJobStore' - which does not support persistence. and is not clustered.

2021-06-13 17:54:48.8279 INFO Quartz scheduler 'DefaultQuartzScheduler' initialized
2021-06-13 17:54:48.8279 INFO Quartz scheduler version: 3.2.2.0
2021-06-13 17:54:48.8389 INFO Scheduler DefaultQuartzScheduler_$_NON_CLUSTERED started.
2021-06-13 17:54:48.9307 INFO Startup Configuration - Start
2021-06-13 17:54:48.9327 INFO SetEventCache - Start
2021-06-13 17:54:48.9676 INFO SetCachedItem = setting cache for Events
2021-06-13 17:54:48.9676 INFO SetCachedItem = setting cache for Events, with Expiry Date of 13/07/2021 16:54:48
2021-06-13 17:54:48.9676 INFO SetNextResultCheckDateTime - Start - roundUp = False
2021-06-13 17:54:48.9676 INFO SetNextResultCheckDateTime - rapidApiResultChecks == null
2021-06-13 17:54:48.9955 INFO SetNextResultCheckDateTime - Set League 403 next check date to 13/06/2021 17:55:00
2021-06-13 17:54:48.9955 INFO SetCachedItem = setting cache for NextFixtureCheckDateTime
2021-06-13 17:54:48.9955 INFO SetCachedItem = setting cache for NextFixtureCheckDateTime, with Expiry Date of 13/07/2021 16:54:48
2021-06-13 17:55:00.0472 INFO SetCachedItem = setting cache for DailyRapidApiLeagueCheck, with Expiry Date of 14/06/2021 00:00:00
2021-06-13 17:56:00.0041 INFO SetCachedItem = setting cache for DailyRapidApiLeagueCheck, with Expiry Date of 14/06/2021 00:00:00
2021-06-13 17:57:00.0032 INFO SetCachedItem = setting cache for DailyRapidApiLeagueCheck, with Expiry Date of 14/06/2021 00:00:00
2021-06-13 17:58:00.0284 INFO SetCachedItem = setting cache for DailyRapidApiLeagueCheck, with Expiry Date of 14/06/2021 00:00:00
2021-06-13 17:59:00.0101 INFO SetCachedItem = setting cache for DailyRapidApiLeagueCheck, with Expiry Date of 14/06/2021 00:00:00
2021-06-13 12:38:48.2830 INFO Default Quartz.NET properties loaded from embedded resource file
2021-06-13 12:38:48.3398 INFO Initialized Scheduler Signaller of type: Quartz.Core.SchedulerSignalerImpl
2021-06-13 12:38:48.3468 INFO Quartz Scheduler v.3.2.2.0 created.
2021-06-13 12:38:48.3767 INFO JobFactory set to: Quartz.Simpl.PropertySettingJobFactory
2021-06-13 12:38:48.3907 INFO RAMJobStore initialized.
2021-06-13 12:38:48.3957 INFO Scheduler meta-data: Quartz Scheduler (v3.2.2.0) 'DefaultQuartzScheduler' with instanceId 'NON_CLUSTERED'
  Scheduler class: 'Quartz.Core.QuartzScheduler' - running locally.
  NOT STARTED.
  Currently in standby mode.
  Number of jobs executed: 0
  Using thread pool 'Quartz.Simpl.DefaultThreadPool' - with 10 threads.
  Using job-store 'Quartz.Simpl.RAMJobStore' - which does not support persistence. and is not clustered.

2021-06-13 12:38:48.3957 INFO Quartz scheduler 'DefaultQuartzScheduler' initialized
2021-06-13 12:38:48.3957 INFO Quartz scheduler version: 3.2.2.0
2021-06-13 12:38:48.4126 INFO Scheduler DefaultQuartzScheduler_$_NON_CLUSTERED started.
2021-06-13 12:38:48.5393 INFO Startup Configuration - Start
2021-06-13 12:38:48.5393 INFO SetEventCache - Start
2021-06-13 12:38:48.5869 INFO SetCachedItem = setting cache for Events
2021-06-13 12:38:48.5869 INFO SetCachedItem = setting cache for Events, with Expiry Date of 13/07/2021 11:38:48
2021-06-13 12:38:48.5869 INFO SetNextResultCheckDateTime - Start - roundUp = False
2021-06-13 12:38:48.5869 INFO SetNextResultCheckDateTime - rapidApiResultChecks == null
2021-06-13 12:38:48.6238 INFO SetNextResultCheckDateTime - Set League 403 next check date to 13/06/2021 14:55:00
2021-06-13 12:38:48.6238 INFO SetNextResultCheckDateTime - Set League 1422 next check date to 06/10/2021 20:40:00
2021-06-13 12:38:48.6238 INFO SetCachedItem = setting cache for NextFixtureCheckDateTime
2021-06-13 12:38:48.6238 INFO SetCachedItem = setting cache for NextFixtureCheckDateTime, with Expiry Date of 13/07/2021 11:38:48
2021-06-13 12:39:00.0576 INFO DailyRapidApiLeagueCheck --> lastDate = 12/06/2021 00:00:00, Now = 13/06/2021 00:00:00
2021-06-13 12:39:00.3139 INFO SetCachedItem = setting cache for DailyRapidApiLeagueCheck, with Expiry Date of 14/06/2021 00:00:00
2021-06-13 12:39:00.3189 INFO DailyRapidApiLeagueCheck --> Performing daily league update
2021-06-13 12:39:00.4206 INFO FixturesByLeague - League = 403, EarliestDate = 13/06/2021 00:00:00
2021-06-13 12:39:01.4259 INFO FixturesByOdds - League = 403
2021-06-13 12:39:11.8517 INFO OddsByLeagueAndBookmaker - League = 403, pageNbr = 2
2021-06-13 12:39:14.1495 INFO OddsByLeagueAndBookmaker - League = 403, pageNbr = 3
2021-06-13 12:39:23.9941 INFO OddsByLeagueAndBookmaker - League = 403, pageNbr = 4
2021-06-13 12:39:25.6213 INFO OddsByLeagueAndBookmaker - League = 403, pageNbr = 0
2021-06-13 12:39:25.6383 INFO FixturesByLeague - League = 1422, EarliestDate = 14/06/2021 00:00:00
2021-06-13 12:39:25.9315 INFO FixturesByOdds - League = 1422
2021-06-13 12:39:26.1300 INFO OddsByLeagueAndBookmaker - League = 1422, pageNbr = 0
