2021-01-04 22:08:06.8834 INFO Default Quartz.NET properties loaded from embedded resource file
2021-01-04 22:08:06.9412 INFO Initialized Scheduler Signaller of type: Quartz.Core.SchedulerSignalerImpl
2021-01-04 22:08:06.9412 INFO Quartz Scheduler v.3.2.2.0 created.
2021-01-04 22:08:06.9612 INFO JobFactory set to: Quartz.Simpl.PropertySettingJobFactory
2021-01-04 22:08:06.9612 INFO RAMJobStore initialized.
2021-01-04 22:08:06.9612 INFO Scheduler meta-data: Quartz Scheduler (v3.2.2.0) 'DefaultQuartzScheduler' with instanceId 'NON_CLUSTERED'
  Scheduler class: 'Quartz.Core.QuartzScheduler' - running locally.
  NOT STARTED.
  Currently in standby mode.
  Number of jobs executed: 0
  Using thread pool 'Quartz.Simpl.DefaultThreadPool' - with 10 threads.
  Using job-store 'Quartz.Simpl.RAMJobStore' - which does not support persistence. and is not clustered.

2021-01-04 22:08:06.9971 INFO Quartz scheduler 'DefaultQuartzScheduler' initialized
2021-01-04 22:08:06.9971 INFO Quartz scheduler version: 3.2.2.0
2021-01-04 22:08:07.0469 INFO Scheduler DefaultQuartzScheduler_$_NON_CLUSTERED started.
2021-01-04 22:08:07.1846 INFO Startup Configuration - Start
2021-01-04 22:08:07.1846 INFO SetEventCache - Start
2021-01-04 22:08:07.2324 INFO SetCachedItem = setting cache for Events
2021-01-04 22:08:07.2324 INFO SetCachedItem = setting cache for Events, with Expiry Date of 03/02/2021 22:08:07
2021-01-04 22:08:07.2374 INFO SetNextResultCheckDateTime - Start - roundUp = False
2021-01-04 22:08:07.2374 INFO SetNextResultCheckDateTime - rapidApiResultChecks == null
2021-01-04 22:08:07.2723 INFO SetNextResultCheckDateTime - Set League 2790 next check date to 03/01/2021 16:10:00
2021-01-04 22:08:07.2723 INFO SetCachedItem = setting cache for NextFixtureCheckDateTime
2021-01-04 22:08:07.2723 INFO SetCachedItem = setting cache for NextFixtureCheckDateTime, with Expiry Date of 03/02/2021 22:08:07
2021-01-04 22:09:00.0376 INFO GetRapidApiResults = Getting results from RapidApi 2790. FixtureDateTime = 03/01/2021 00:00:00, Now = 04/01/2021 22:09:00
2021-01-04 22:09:00.0376 INFO FixturesByLeague - League = 2790
2021-01-04 22:09:03.4066 INFO SetEventCache - Start
2021-01-04 22:09:03.4066 INFO SetCachedItem = setting cache for Events
2021-01-04 22:09:03.4066 INFO SetCachedItem = setting cache for Events, with Expiry Date of 03/02/2021 22:09:03
2021-01-04 22:09:03.4066 INFO SetNextResultCheckDateTime - Start - roundUp = True
2021-01-04 22:09:03.4245 INFO SetNextResultCheckDateTime - Set League 2790 next check date to 12/01/2021 19:55:00
2021-01-04 22:09:03.4245 INFO SetCachedItem = setting cache for NextFixtureCheckDateTime
2021-01-04 22:09:03.4245 INFO SetCachedItem = setting cache for NextFixtureCheckDateTime, with Expiry Date of 03/02/2021 22:09:03
2021-01-04 22:09:03.4245 INFO DailyRapidApiLeagueCheck --> lastDate = 03/01/2021 00:00:00, Now = 04/01/2021 00:00:00
2021-01-04 22:09:03.4405 INFO SetCachedItem = setting cache for DailyRapidApiLeagueCheck, with Expiry Date of 05/01/2021 00:00:00
2021-01-04 22:09:03.4405 INFO DailyRapidApiLeagueCheck --> Performing daily league update
2021-01-04 22:09:03.4405 INFO FixturesByLeague - League = 2790
2021-01-04 22:09:06.3031 INFO FixturesByLeague - League = 2794
2021-01-04 22:25:06.5893 INFO Default Quartz.NET properties loaded from embedded resource file
2021-01-04 22:25:06.6570 INFO Initialized Scheduler Signaller of type: Quartz.Core.SchedulerSignalerImpl
2021-01-04 22:25:06.6999 INFO Quartz Scheduler v.3.2.2.0 created.
2021-01-04 22:25:06.7298 INFO JobFactory set to: Quartz.Simpl.PropertySettingJobFactory
2021-01-04 22:25:06.7428 INFO RAMJobStore initialized.
2021-01-04 22:25:06.7428 INFO Scheduler meta-data: Quartz Scheduler (v3.2.2.0) 'DefaultQuartzScheduler' with instanceId 'NON_CLUSTERED'
  Scheduler class: 'Quartz.Core.QuartzScheduler' - running locally.
  NOT STARTED.
  Currently in standby mode.
  Number of jobs executed: 0
  Using thread pool 'Quartz.Simpl.DefaultThreadPool' - with 10 threads.
  Using job-store 'Quartz.Simpl.RAMJobStore' - which does not support persistence. and is not clustered.

2021-01-04 22:25:06.7428 INFO Quartz scheduler 'DefaultQuartzScheduler' initialized
2021-01-04 22:25:06.7428 INFO Quartz scheduler version: 3.2.2.0
2021-01-04 22:25:06.7568 INFO Scheduler DefaultQuartzScheduler_$_NON_CLUSTERED started.
2021-01-04 22:25:07.3632 INFO Startup Configuration - Start
2021-01-04 22:25:07.3632 INFO SetEventCache - Start
2021-01-04 22:25:07.4270 INFO SetCachedItem = setting cache for Events
2021-01-04 22:25:07.4270 INFO SetCachedItem = setting cache for Events, with Expiry Date of 03/02/2021 22:25:07
2021-01-04 22:25:07.4410 INFO SetNextResultCheckDateTime - Start - roundUp = False
2021-01-04 22:25:07.4410 INFO SetNextResultCheckDateTime - rapidApiResultChecks == null
2021-01-04 22:25:07.4749 INFO SetNextResultCheckDateTime - Set League 2790 next check date to 12/01/2021 19:55:00
2021-01-04 22:25:07.4749 INFO SetCachedItem = setting cache for NextFixtureCheckDateTime
2021-01-04 22:25:07.4749 INFO SetCachedItem = setting cache for NextFixtureCheckDateTime, with Expiry Date of 03/02/2021 22:25:07
2021-01-04 22:26:00.0611 INFO SetCachedItem = setting cache for DailyRapidApiLeagueCheck, with Expiry Date of 05/01/2021 00:00:00
2021-01-04 22:50:23.7916 INFO Default Quartz.NET properties loaded from embedded resource file
2021-01-04 22:50:23.8245 INFO Initialized Scheduler Signaller of type: Quartz.Core.SchedulerSignalerImpl
2021-01-04 22:50:23.8335 INFO Quartz Scheduler v.3.2.2.0 created.
2021-01-04 22:50:23.8624 INFO JobFactory set to: Quartz.Simpl.PropertySettingJobFactory
2021-01-04 22:50:23.8854 INFO RAMJobStore initialized.
2021-01-04 22:50:23.8854 INFO Scheduler meta-data: Quartz Scheduler (v3.2.2.0) 'DefaultQuartzScheduler' with instanceId 'NON_CLUSTERED'
  Scheduler class: 'Quartz.Core.QuartzScheduler' - running locally.
  NOT STARTED.
  Currently in standby mode.
  Number of jobs executed: 0
  Using thread pool 'Quartz.Simpl.DefaultThreadPool' - with 10 threads.
  Using job-store 'Quartz.Simpl.RAMJobStore' - which does not support persistence. and is not clustered.

2021-01-04 22:50:23.8854 INFO Quartz scheduler 'DefaultQuartzScheduler' initialized
2021-01-04 22:50:23.8854 INFO Quartz scheduler version: 3.2.2.0
2021-01-04 22:50:23.8914 INFO Scheduler DefaultQuartzScheduler_$_NON_CLUSTERED started.
2021-01-04 22:50:24.4379 INFO Startup Configuration - Start
2021-01-04 22:50:24.4379 INFO SetEventCache - Start
2021-01-04 22:50:24.4748 INFO SetCachedItem = setting cache for Events
2021-01-04 22:50:24.4748 INFO SetCachedItem = setting cache for Events, with Expiry Date of 03/02/2021 22:50:24
2021-01-04 22:50:24.4748 INFO SetNextResultCheckDateTime - Start - roundUp = False
2021-01-04 22:50:24.4748 INFO SetNextResultCheckDateTime - rapidApiResultChecks == null
2021-01-04 22:50:24.4957 INFO SetNextResultCheckDateTime - Set League 2790 next check date to 12/01/2021 19:55:00
2021-01-04 22:50:24.4957 INFO SetCachedItem = setting cache for NextFixtureCheckDateTime
2021-01-04 22:50:24.4957 INFO SetCachedItem = setting cache for NextFixtureCheckDateTime, with Expiry Date of 03/02/2021 22:50:24
2021-01-04 22:51:00.1453 INFO SetCachedItem = setting cache for DailyRapidApiLeagueCheck, with Expiry Date of 05/01/2021 00:00:00
2021-01-04 22:58:18.9045 INFO Default Quartz.NET properties loaded from embedded resource file
2021-01-04 22:58:18.9344 INFO Initialized Scheduler Signaller of type: Quartz.Core.SchedulerSignalerImpl
2021-01-04 22:58:18.9344 INFO Quartz Scheduler v.3.2.2.0 created.
2021-01-04 22:58:18.9414 INFO JobFactory set to: Quartz.Simpl.PropertySettingJobFactory
2021-01-04 22:58:18.9414 INFO RAMJobStore initialized.
2021-01-04 22:58:18.9414 INFO Scheduler meta-data: Quartz Scheduler (v3.2.2.0) 'DefaultQuartzScheduler' with instanceId 'NON_CLUSTERED'
  Scheduler class: 'Quartz.Core.QuartzScheduler' - running locally.
  NOT STARTED.
  Currently in standby mode.
  Number of jobs executed: 0
  Using thread pool 'Quartz.Simpl.DefaultThreadPool' - with 10 threads.
  Using job-store 'Quartz.Simpl.RAMJobStore' - which does not support persistence. and is not clustered.

2021-01-04 22:58:18.9414 INFO Quartz scheduler 'DefaultQuartzScheduler' initialized
2021-01-04 22:58:18.9414 INFO Quartz scheduler version: 3.2.2.0
2021-01-04 22:58:18.9414 INFO Scheduler DefaultQuartzScheduler_$_NON_CLUSTERED started.
2021-01-04 22:58:19.5558 INFO Startup Configuration - Start
2021-01-04 22:58:19.5558 INFO SetEventCache - Start
2021-01-04 22:58:19.5837 INFO SetCachedItem = setting cache for Events
2021-01-04 22:58:19.5837 INFO SetCachedItem = setting cache for Events, with Expiry Date of 03/02/2021 22:58:19
2021-01-04 22:58:19.5837 INFO SetNextResultCheckDateTime - Start - roundUp = False
2021-01-04 22:58:19.5837 INFO SetNextResultCheckDateTime - rapidApiResultChecks == null
2021-01-04 22:58:19.6057 INFO SetNextResultCheckDateTime - Set League 2790 next check date to 12/01/2021 19:55:00
2021-01-04 22:58:19.6057 INFO SetCachedItem = setting cache for NextFixtureCheckDateTime
2021-01-04 22:58:19.6057 INFO SetCachedItem = setting cache for NextFixtureCheckDateTime, with Expiry Date of 03/02/2021 22:58:19
2021-01-04 22:59:00.0523 INFO SetCachedItem = setting cache for DailyRapidApiLeagueCheck, with Expiry Date of 05/01/2021 00:00:00
2021-01-04 23:05:24.6796 INFO Default Quartz.NET properties loaded from embedded resource file
2021-01-04 23:05:24.7095 INFO Initialized Scheduler Signaller of type: Quartz.Core.SchedulerSignalerImpl
2021-01-04 23:05:24.7095 INFO Quartz Scheduler v.3.2.2.0 created.
2021-01-04 23:05:24.7095 INFO JobFactory set to: Quartz.Simpl.PropertySettingJobFactory
2021-01-04 23:05:24.7095 INFO RAMJobStore initialized.
2021-01-04 23:05:24.7205 INFO Scheduler meta-data: Quartz Scheduler (v3.2.2.0) 'DefaultQuartzScheduler' with instanceId 'NON_CLUSTERED'
  Scheduler class: 'Quartz.Core.QuartzScheduler' - running locally.
  NOT STARTED.
  Currently in standby mode.
  Number of jobs executed: 0
  Using thread pool 'Quartz.Simpl.DefaultThreadPool' - with 10 threads.
  Using job-store 'Quartz.Simpl.RAMJobStore' - which does not support persistence. and is not clustered.

2021-01-04 23:05:24.7205 INFO Quartz scheduler 'DefaultQuartzScheduler' initialized
2021-01-04 23:05:24.7205 INFO Quartz scheduler version: 3.2.2.0
2021-01-04 23:05:24.7205 INFO Scheduler DefaultQuartzScheduler_$_NON_CLUSTERED started.
2021-01-04 23:05:25.2790 INFO Startup Configuration - Start
2021-01-04 23:05:25.2790 INFO SetEventCache - Start
2021-01-04 23:05:25.3129 INFO SetCachedItem = setting cache for Events
2021-01-04 23:05:25.3129 INFO SetCachedItem = setting cache for Events, with Expiry Date of 03/02/2021 23:05:25
2021-01-04 23:05:25.3129 INFO SetNextResultCheckDateTime - Start - roundUp = False
2021-01-04 23:05:25.3129 INFO SetNextResultCheckDateTime - rapidApiResultChecks == null
2021-01-04 23:05:25.3368 INFO SetNextResultCheckDateTime - Set League 2790 next check date to 12/01/2021 19:55:00
2021-01-04 23:05:25.3368 INFO SetCachedItem = setting cache for NextFixtureCheckDateTime
2021-01-04 23:05:25.3368 INFO SetCachedItem = setting cache for NextFixtureCheckDateTime, with Expiry Date of 03/02/2021 23:05:25
2021-01-04 23:06:00.0759 INFO SetCachedItem = setting cache for DailyRapidApiLeagueCheck, with Expiry Date of 05/01/2021 00:00:00
2021-01-04 23:14:51.1977 INFO SetEventCache - Start
2021-01-04 23:14:51.1977 INFO SetCachedItem = setting cache for Events
2021-01-04 23:14:51.2037 INFO SetCachedItem = setting cache for Events, with Expiry Date of 03/02/2021 23:14:51
2021-01-04 23:15:03.2653 INFO SetCachedItem = setting cache for Events
2021-01-04 23:15:03.2663 INFO SetCachedItem = setting cache for Events, with Expiry Date of 03/02/2021 23:15:03
