2021-01-27 21:22:03.8437 INFO Default Quartz.NET properties loaded from embedded resource file
2021-01-27 21:22:03.9214 INFO Initialized Scheduler Signaller of type: Quartz.Core.SchedulerSignalerImpl
2021-01-27 21:22:03.9254 INFO Quartz Scheduler v.3.2.2.0 created.
2021-01-27 21:22:03.9573 INFO JobFactory set to: Quartz.Simpl.PropertySettingJobFactory
2021-01-27 21:22:03.9573 INFO RAMJobStore initialized.
2021-01-27 21:22:03.9573 INFO Scheduler meta-data: Quartz Scheduler (v3.2.2.0) 'DefaultQuartzScheduler' with instanceId 'NON_CLUSTERED'
  Scheduler class: 'Quartz.Core.QuartzScheduler' - running locally.
  NOT STARTED.
  Currently in standby mode.
  Number of jobs executed: 0
  Using thread pool 'Quartz.Simpl.DefaultThreadPool' - with 10 threads.
  Using job-store 'Quartz.Simpl.RAMJobStore' - which does not support persistence. and is not clustered.

2021-01-27 21:22:03.9743 INFO Quartz scheduler 'DefaultQuartzScheduler' initialized
2021-01-27 21:22:03.9743 INFO Quartz scheduler version: 3.2.2.0
2021-01-27 21:22:03.9883 INFO Scheduler DefaultQuartzScheduler_$_NON_CLUSTERED started.
2021-01-27 21:22:04.6836 INFO Startup Configuration - Start
2021-01-27 21:22:04.6836 INFO SetEventCache - Start
2021-01-27 21:22:04.7316 INFO SetCachedItem = setting cache for Events
2021-01-27 21:22:04.7316 INFO SetCachedItem = setting cache for Events, with Expiry Date of 26/02/2021 21:22:04
2021-01-27 21:22:04.7366 INFO SetNextResultCheckDateTime - Start - roundUp = False
2021-01-27 21:22:04.7366 INFO SetNextResultCheckDateTime - rapidApiResultChecks == null
2021-01-27 21:22:04.7764 INFO SetNextResultCheckDateTime - Set League 2790 next check date to 27/01/2021 19:55:00
2021-01-27 21:22:04.7764 INFO SetNextResultCheckDateTime - Set League 2794 next check date to 27/01/2021 20:55:00
2021-01-27 21:22:04.7764 INFO SetCachedItem = setting cache for NextFixtureCheckDateTime
2021-01-27 21:22:04.7764 INFO SetCachedItem = setting cache for NextFixtureCheckDateTime, with Expiry Date of 26/02/2021 21:22:04
2021-01-27 21:23:00.0311 INFO GetRapidApiResults = Getting results from RapidApi 2790. FixtureDateTime = 27/01/2021 00:00:00, Now = 27/01/2021 21:23:00
2021-01-27 21:23:00.0311 INFO FixturesByLeagueByDate - League = {0}, Date = {2}
2021-01-27 21:23:01.1995 INFO SetEventCache - Start
2021-01-27 21:23:01.1995 INFO SetCachedItem = setting cache for Events
2021-01-27 21:23:01.1995 INFO SetCachedItem = setting cache for Events, with Expiry Date of 26/02/2021 21:23:01
2021-01-27 21:23:01.2061 INFO GetRapidApiResults = Getting results from RapidApi 2794. FixtureDateTime = 27/01/2021 00:00:00, Now = 27/01/2021 21:23:01
2021-01-27 21:23:01.2061 INFO FixturesByLeagueByDate - League = {0}, Date = {2}
2021-01-27 21:23:01.6392 INFO SetEventCache - Start
2021-01-27 21:23:01.6392 INFO SetCachedItem = setting cache for Events
2021-01-27 21:23:01.6392 INFO SetCachedItem = setting cache for Events, with Expiry Date of 26/02/2021 21:23:01
2021-01-27 21:23:01.6392 INFO SetNextResultCheckDateTime - Start - roundUp = True
2021-01-27 21:23:01.6512 INFO SetNextResultCheckDateTime - Set League 2790 next check date to 27/01/2021 22:10:00
2021-01-27 21:23:01.6512 INFO SetNextResultCheckDateTime - Set League 2794 next check date to 30/01/2021 16:55:00
2021-01-27 21:23:01.6512 INFO SetCachedItem = setting cache for NextFixtureCheckDateTime
2021-01-27 21:23:01.6512 INFO SetCachedItem = setting cache for NextFixtureCheckDateTime, with Expiry Date of 26/02/2021 21:23:01
2021-01-27 21:23:01.6512 INFO DailyRapidApiLeagueCheck --> lastDate = 26/01/2021 00:00:00, Now = 27/01/2021 00:00:00
2021-01-27 21:23:01.6641 INFO SetCachedItem = setting cache for DailyRapidApiLeagueCheck, with Expiry Date of 28/01/2021 00:00:00
2021-01-27 21:23:01.6641 INFO DailyRapidApiLeagueCheck --> Performing daily league update
2021-01-27 21:23:01.6641 INFO FixturesByLeague - League = 2790
2021-01-27 21:23:03.5742 INFO FixturesByOdds - League = 2790
2021-01-27 21:25:06.6494 INFO FixturesByOdds - League = 2790, pageNbr = 5
2021-01-27 21:25:08.5931 INFO FixturesByOdds - League = 2790, pageNbr = 0
2021-01-27 21:25:08.6011 INFO FixturesByLeague - League = 2794
2021-01-27 21:25:11.0988 INFO FixturesByOdds - League = 2794
2021-01-27 21:25:13.9589 INFO FixturesByOdds - League = 2794, pageNbr = 5
2021-01-27 21:25:15.9827 INFO FixturesByOdds - League = 2794, pageNbr = 4
2021-01-27 21:25:18.3650 INFO FixturesByOdds - League = 2794, pageNbr = 0
2021-01-27 21:34:21.9977 INFO Default Quartz.NET properties loaded from embedded resource file
2021-01-27 21:34:22.0725 INFO Initialized Scheduler Signaller of type: Quartz.Core.SchedulerSignalerImpl
2021-01-27 21:34:22.0725 INFO Quartz Scheduler v.3.2.2.0 created.
2021-01-27 21:34:22.0934 INFO JobFactory set to: Quartz.Simpl.PropertySettingJobFactory
2021-01-27 21:34:22.0934 INFO RAMJobStore initialized.
2021-01-27 21:34:22.1004 INFO Scheduler meta-data: Quartz Scheduler (v3.2.2.0) 'DefaultQuartzScheduler' with instanceId 'NON_CLUSTERED'
  Scheduler class: 'Quartz.Core.QuartzScheduler' - running locally.
  NOT STARTED.
  Currently in standby mode.
  Number of jobs executed: 0
  Using thread pool 'Quartz.Simpl.DefaultThreadPool' - with 10 threads.
  Using job-store 'Quartz.Simpl.RAMJobStore' - which does not support persistence. and is not clustered.

2021-01-27 21:34:22.1004 INFO Quartz scheduler 'DefaultQuartzScheduler' initialized
2021-01-27 21:34:22.1004 INFO Quartz scheduler version: 3.2.2.0
2021-01-27 21:34:22.1174 INFO Scheduler DefaultQuartzScheduler_$_NON_CLUSTERED started.
2021-01-27 21:34:22.7118 INFO Startup Configuration - Start
2021-01-27 21:34:22.7118 INFO SetEventCache - Start
2021-01-27 21:34:22.7587 INFO SetCachedItem = setting cache for Events
2021-01-27 21:34:22.7587 INFO SetCachedItem = setting cache for Events, with Expiry Date of 26/02/2021 21:34:22
2021-01-27 21:34:22.7587 INFO SetNextResultCheckDateTime - Start - roundUp = False
2021-01-27 21:34:22.7587 INFO SetNextResultCheckDateTime - rapidApiResultChecks == null
2021-01-27 21:34:22.7916 INFO SetNextResultCheckDateTime - Set League 2790 next check date to 27/01/2021 22:10:00
2021-01-27 21:34:22.7916 INFO SetNextResultCheckDateTime - Set League 2794 next check date to 30/01/2021 16:55:00
2021-01-27 21:34:22.7916 INFO SetCachedItem = setting cache for NextFixtureCheckDateTime
2021-01-27 21:34:22.7916 INFO SetCachedItem = setting cache for NextFixtureCheckDateTime, with Expiry Date of 26/02/2021 21:34:22
2021-01-27 21:35:00.0881 INFO SetCachedItem = setting cache for DailyRapidApiLeagueCheck, with Expiry Date of 28/01/2021 00:00:00
2021-01-27 22:18:46.8627 INFO Default Quartz.NET properties loaded from embedded resource file
2021-01-27 22:18:46.9235 INFO Initialized Scheduler Signaller of type: Quartz.Core.SchedulerSignalerImpl
2021-01-27 22:18:46.9275 INFO Quartz Scheduler v.3.2.2.0 created.
2021-01-27 22:18:46.9524 INFO JobFactory set to: Quartz.Simpl.PropertySettingJobFactory
2021-01-27 22:18:46.9674 INFO RAMJobStore initialized.
2021-01-27 22:18:46.9724 INFO Scheduler meta-data: Quartz Scheduler (v3.2.2.0) 'DefaultQuartzScheduler' with instanceId 'NON_CLUSTERED'
  Scheduler class: 'Quartz.Core.QuartzScheduler' - running locally.
  NOT STARTED.
  Currently in standby mode.
  Number of jobs executed: 0
  Using thread pool 'Quartz.Simpl.DefaultThreadPool' - with 10 threads.
  Using job-store 'Quartz.Simpl.RAMJobStore' - which does not support persistence. and is not clustered.

2021-01-27 22:18:46.9724 INFO Quartz scheduler 'DefaultQuartzScheduler' initialized
2021-01-27 22:18:46.9724 INFO Quartz scheduler version: 3.2.2.0
2021-01-27 22:18:46.9724 INFO Scheduler DefaultQuartzScheduler_$_NON_CLUSTERED started.
2021-01-27 22:18:47.1539 INFO Startup Configuration - Start
2021-01-27 22:18:47.1539 INFO SetEventCache - Start
2021-01-27 22:18:47.2167 INFO SetCachedItem = setting cache for Events
2021-01-27 22:18:47.2167 INFO SetCachedItem = setting cache for Events, with Expiry Date of 26/02/2021 22:18:47
2021-01-27 22:18:47.2237 INFO SetNextResultCheckDateTime - Start - roundUp = False
2021-01-27 22:18:47.2237 INFO SetNextResultCheckDateTime - rapidApiResultChecks == null
2021-01-27 22:18:47.2696 INFO SetNextResultCheckDateTime - Set League 2790 next check date to 27/01/2021 22:10:00
2021-01-27 22:18:47.2696 INFO SetNextResultCheckDateTime - Set League 2794 next check date to 30/01/2021 16:55:00
2021-01-27 22:18:47.2696 INFO SetCachedItem = setting cache for NextFixtureCheckDateTime
2021-01-27 22:18:47.2696 INFO SetCachedItem = setting cache for NextFixtureCheckDateTime, with Expiry Date of 26/02/2021 22:18:47
2021-01-27 22:19:00.0314 INFO GetRapidApiResults = Getting results from RapidApi 2790. FixtureDateTime = 27/01/2021 00:00:00, Now = 27/01/2021 22:19:00
2021-01-27 22:19:00.0314 INFO FixturesByLeagueByDate - League = {0}, Date = {2}
2021-01-27 22:19:01.7139 INFO SetEventCache - Start
2021-01-27 22:19:01.7219 INFO SetCachedItem = setting cache for Events
2021-01-27 22:19:01.7219 INFO SetCachedItem = setting cache for Events, with Expiry Date of 26/02/2021 22:19:01
2021-01-27 22:19:01.7219 INFO SetNextResultCheckDateTime - Start - roundUp = True
2021-01-27 22:19:01.7378 INFO SetNextResultCheckDateTime - Set League 2790 next check date to 28/01/2021 21:55:00
2021-01-27 22:19:01.7378 INFO SetNextResultCheckDateTime - Set League 2794 next check date to 30/01/2021 16:55:00
2021-01-27 22:19:01.7378 INFO SetCachedItem = setting cache for NextFixtureCheckDateTime
2021-01-27 22:19:01.7378 INFO SetCachedItem = setting cache for NextFixtureCheckDateTime, with Expiry Date of 26/02/2021 22:19:01
2021-01-27 22:19:01.7378 INFO SetCachedItem = setting cache for DailyRapidApiLeagueCheck, with Expiry Date of 28/01/2021 00:00:00
2021-01-27 22:30:34.4485 INFO Default Quartz.NET properties loaded from embedded resource file
2021-01-27 22:30:34.5143 INFO Initialized Scheduler Signaller of type: Quartz.Core.SchedulerSignalerImpl
2021-01-27 22:30:34.5183 INFO Quartz Scheduler v.3.2.2.0 created.
2021-01-27 22:30:34.5472 INFO JobFactory set to: Quartz.Simpl.PropertySettingJobFactory
2021-01-27 22:30:34.5691 INFO RAMJobStore initialized.
2021-01-27 22:30:34.5691 INFO Scheduler meta-data: Quartz Scheduler (v3.2.2.0) 'DefaultQuartzScheduler' with instanceId 'NON_CLUSTERED'
  Scheduler class: 'Quartz.Core.QuartzScheduler' - running locally.
  NOT STARTED.
  Currently in standby mode.
  Number of jobs executed: 0
  Using thread pool 'Quartz.Simpl.DefaultThreadPool' - with 10 threads.
  Using job-store 'Quartz.Simpl.RAMJobStore' - which does not support persistence. and is not clustered.

2021-01-27 22:30:34.5691 INFO Quartz scheduler 'DefaultQuartzScheduler' initialized
2021-01-27 22:30:34.5841 INFO Quartz scheduler version: 3.2.2.0
2021-01-27 22:30:34.6001 INFO Scheduler DefaultQuartzScheduler_$_NON_CLUSTERED started.
2021-01-27 22:30:34.7417 INFO Startup Configuration - Start
2021-01-27 22:30:34.7417 INFO SetEventCache - Start
2021-01-27 22:30:34.7916 INFO SetCachedItem = setting cache for Events
2021-01-27 22:30:34.7916 INFO SetCachedItem = setting cache for Events, with Expiry Date of 26/02/2021 22:30:34
2021-01-27 22:30:34.7916 INFO SetNextResultCheckDateTime - Start - roundUp = False
2021-01-27 22:30:34.7916 INFO SetNextResultCheckDateTime - rapidApiResultChecks == null
2021-01-27 22:30:34.8334 INFO SetNextResultCheckDateTime - Set League 2790 next check date to 28/01/2021 21:55:00
2021-01-27 22:30:34.8334 INFO SetNextResultCheckDateTime - Set League 2794 next check date to 30/01/2021 16:55:00
2021-01-27 22:30:34.8334 INFO SetCachedItem = setting cache for NextFixtureCheckDateTime
2021-01-27 22:30:34.8334 INFO SetCachedItem = setting cache for NextFixtureCheckDateTime, with Expiry Date of 26/02/2021 22:30:34
