2021-02-09 21:08:00.2700 INFO Default Quartz.NET properties loaded from embedded resource file
2021-02-09 21:08:00.3371 INFO Initialized Scheduler Signaller of type: Quartz.Core.SchedulerSignalerImpl
2021-02-09 21:08:00.3550 INFO Quartz Scheduler v.3.2.2.0 created.
2021-02-09 21:08:00.4119 INFO JobFactory set to: Quartz.Simpl.PropertySettingJobFactory
2021-02-09 21:08:00.4119 INFO RAMJobStore initialized.
2021-02-09 21:08:00.4119 INFO Scheduler meta-data: Quartz Scheduler (v3.2.2.0) 'DefaultQuartzScheduler' with instanceId 'NON_CLUSTERED'
  Scheduler class: 'Quartz.Core.QuartzScheduler' - running locally.
  NOT STARTED.
  Currently in standby mode.
  Number of jobs executed: 0
  Using thread pool 'Quartz.Simpl.DefaultThreadPool' - with 10 threads.
  Using job-store 'Quartz.Simpl.RAMJobStore' - which does not support persistence. and is not clustered.

2021-02-09 21:08:00.4278 INFO Quartz scheduler 'DefaultQuartzScheduler' initialized
2021-02-09 21:08:00.4278 INFO Quartz scheduler version: 3.2.2.0
2021-02-09 21:08:00.4378 INFO Scheduler DefaultQuartzScheduler_$_NON_CLUSTERED started.
2021-02-09 21:08:00.5116 INFO SetNextResultCheckDateTime - Start - roundUp = False
2021-02-09 21:08:00.5116 INFO SetNextResultCheckDateTime - rapidApiResultChecks == null
2021-02-09 21:08:00.5495 INFO SetNextResultCheckDateTime - Set League 2790 next check date to 13/02/2021 14:25:00
2021-02-09 21:08:00.5495 INFO SetNextResultCheckDateTime - Set League 2794 next check date to 09/02/2021 20:55:00
2021-02-09 21:08:00.5495 INFO SetCachedItem = setting cache for NextFixtureCheckDateTime
2021-02-09 21:08:00.5495 INFO SetCachedItem = setting cache for NextFixtureCheckDateTime, with Expiry Date of 11/03/2021 21:08:00
2021-02-09 21:08:00.5495 INFO GetRapidApiResults = Getting results from RapidApi 2794. FixtureDateTime = 09/02/2021 00:00:00, Now = 09/02/2021 21:08:00
2021-02-09 21:08:00.5495 INFO FixturesByLeagueByDate - League = 2794, Date = 2021-02-09
2021-02-09 21:08:00.5904 INFO Startup Configuration - Start
2021-02-09 21:08:00.5914 INFO SetEventCache - Start
2021-02-09 21:08:00.6393 INFO SetCachedItem = setting cache for Events
2021-02-09 21:08:00.6393 INFO SetCachedItem = setting cache for Events, with Expiry Date of 11/03/2021 21:08:00
2021-02-09 21:08:00.6393 INFO SetNextResultCheckDateTime - Start - roundUp = False
2021-02-09 21:08:00.6393 INFO SetNextResultCheckDateTime - Set League 2790 next check date to 13/02/2021 14:25:00
2021-02-09 21:08:00.6393 INFO SetNextResultCheckDateTime - Set League 2794 next check date to 09/02/2021 20:55:00
2021-02-09 21:08:00.6393 INFO SetCachedItem = setting cache for NextFixtureCheckDateTime
2021-02-09 21:08:00.6393 INFO SetCachedItem = setting cache for NextFixtureCheckDateTime, with Expiry Date of 11/03/2021 21:08:00
2021-02-09 21:08:01.6074 INFO SetEventCache - Start
2021-02-09 21:08:01.6074 INFO SetCachedItem = setting cache for Events
2021-02-09 21:08:01.6074 INFO SetCachedItem = setting cache for Events, with Expiry Date of 11/03/2021 21:08:01
2021-02-09 21:08:01.6074 INFO SetNextResultCheckDateTime - Start - roundUp = True
2021-02-09 21:08:01.6074 INFO SetNextResultCheckDateTime - Set League 2790 next check date to 13/02/2021 14:25:00
2021-02-09 21:08:01.6074 INFO SetNextResultCheckDateTime - Set League 2794 next check date to 10/02/2021 20:55:00
2021-02-09 21:08:01.6074 INFO SetCachedItem = setting cache for NextFixtureCheckDateTime
2021-02-09 21:08:01.6074 INFO SetCachedItem = setting cache for NextFixtureCheckDateTime, with Expiry Date of 11/03/2021 21:08:01
2021-02-09 21:08:23.5394 INFO SetCachedItem = setting cache for DailyRapidApiLeagueCheck, with Expiry Date of 10/02/2021 00:00:00
2021-02-09 21:51:02.7399 INFO Default Quartz.NET properties loaded from embedded resource file
2021-02-09 21:51:02.7987 INFO Initialized Scheduler Signaller of type: Quartz.Core.SchedulerSignalerImpl
2021-02-09 21:51:02.8356 INFO Quartz Scheduler v.3.2.2.0 created.
2021-02-09 21:51:02.8626 INFO JobFactory set to: Quartz.Simpl.PropertySettingJobFactory
2021-02-09 21:51:02.8855 INFO RAMJobStore initialized.
2021-02-09 21:51:02.8905 INFO Scheduler meta-data: Quartz Scheduler (v3.2.2.0) 'DefaultQuartzScheduler' with instanceId 'NON_CLUSTERED'
  Scheduler class: 'Quartz.Core.QuartzScheduler' - running locally.
  NOT STARTED.
  Currently in standby mode.
  Number of jobs executed: 0
  Using thread pool 'Quartz.Simpl.DefaultThreadPool' - with 10 threads.
  Using job-store 'Quartz.Simpl.RAMJobStore' - which does not support persistence. and is not clustered.

2021-02-09 21:51:02.8905 INFO Quartz scheduler 'DefaultQuartzScheduler' initialized
2021-02-09 21:51:02.8905 INFO Quartz scheduler version: 3.2.2.0
2021-02-09 21:51:02.8905 INFO Scheduler DefaultQuartzScheduler_$_NON_CLUSTERED started.
2021-02-09 21:51:03.0451 INFO Startup Configuration - Start
2021-02-09 21:51:03.0451 INFO SetEventCache - Start
2021-02-09 21:51:03.0929 INFO SetCachedItem = setting cache for Events
2021-02-09 21:51:03.0929 INFO SetCachedItem = setting cache for Events, with Expiry Date of 11/03/2021 21:51:03
2021-02-09 21:51:03.0929 INFO SetNextResultCheckDateTime - Start - roundUp = False
2021-02-09 21:51:03.0929 INFO SetNextResultCheckDateTime - rapidApiResultChecks == null
2021-02-09 21:51:03.1478 INFO SetNextResultCheckDateTime - Set League 2790 next check date to 13/02/2021 14:25:00
2021-02-09 21:51:03.1478 INFO SetNextResultCheckDateTime - Set League 2794 next check date to 10/02/2021 20:55:00
2021-02-09 21:51:03.1478 INFO SetCachedItem = setting cache for NextFixtureCheckDateTime
2021-02-09 21:51:03.1478 INFO SetCachedItem = setting cache for NextFixtureCheckDateTime, with Expiry Date of 11/03/2021 21:51:03
2021-02-09 21:52:00.0508 INFO SetCachedItem = setting cache for DailyRapidApiLeagueCheck, with Expiry Date of 10/02/2021 00:00:00
2021-02-09 21:52:16.1940 INFO Account - Login (HttpPost) - pete@salsbury.co.uk logged in
2021-02-09 21:57:37.2537 INFO Default Quartz.NET properties loaded from embedded resource file
2021-02-09 21:57:37.3125 INFO Initialized Scheduler Signaller of type: Quartz.Core.SchedulerSignalerImpl
2021-02-09 21:57:37.3354 INFO Quartz Scheduler v.3.2.2.0 created.
2021-02-09 21:57:37.3613 INFO JobFactory set to: Quartz.Simpl.PropertySettingJobFactory
2021-02-09 21:57:37.3903 INFO RAMJobStore initialized.
2021-02-09 21:57:37.3903 INFO Scheduler meta-data: Quartz Scheduler (v3.2.2.0) 'DefaultQuartzScheduler' with instanceId 'NON_CLUSTERED'
  Scheduler class: 'Quartz.Core.QuartzScheduler' - running locally.
  NOT STARTED.
  Currently in standby mode.
  Number of jobs executed: 0
  Using thread pool 'Quartz.Simpl.DefaultThreadPool' - with 10 threads.
  Using job-store 'Quartz.Simpl.RAMJobStore' - which does not support persistence. and is not clustered.

2021-02-09 21:57:37.3903 INFO Quartz scheduler 'DefaultQuartzScheduler' initialized
2021-02-09 21:57:37.3903 INFO Quartz scheduler version: 3.2.2.0
2021-02-09 21:57:37.4082 INFO Scheduler DefaultQuartzScheduler_$_NON_CLUSTERED started.
2021-02-09 21:57:37.5379 INFO Startup Configuration - Start
2021-02-09 21:57:37.5379 INFO SetEventCache - Start
2021-02-09 21:57:37.5867 INFO SetCachedItem = setting cache for Events
2021-02-09 21:57:37.5867 INFO SetCachedItem = setting cache for Events, with Expiry Date of 11/03/2021 21:57:37
2021-02-09 21:57:37.5937 INFO SetNextResultCheckDateTime - Start - roundUp = False
2021-02-09 21:57:37.5937 INFO SetNextResultCheckDateTime - rapidApiResultChecks == null
2021-02-09 21:57:37.6306 INFO SetNextResultCheckDateTime - Set League 2790 next check date to 13/02/2021 14:25:00
2021-02-09 21:57:37.6306 INFO SetNextResultCheckDateTime - Set League 2794 next check date to 10/02/2021 20:55:00
2021-02-09 21:57:37.6306 INFO SetCachedItem = setting cache for NextFixtureCheckDateTime
2021-02-09 21:57:37.6306 INFO SetCachedItem = setting cache for NextFixtureCheckDateTime, with Expiry Date of 11/03/2021 21:57:37
2021-02-09 21:58:00.0572 INFO SetCachedItem = setting cache for DailyRapidApiLeagueCheck, with Expiry Date of 10/02/2021 00:00:00
