2021-01-29 00:00:00.0254 INFO DailyRapidApiLeagueCheck --> lastDate = 1/28/2021 12:00:00 AM, Now = 1/29/2021 12:00:00 AM
2021-01-29 00:00:02.0723 INFO SetCachedItem = setting cache for DailyRapidApiLeagueCheck, with Expiry Date of 1/30/2021 12:00:00 AM
2021-01-29 00:00:02.0899 INFO DailyRapidApiLeagueCheck --> Performing daily league update
2021-01-29 00:00:02.1035 INFO FixturesByLeague - League = 2790
2021-01-29 00:00:05.0410 INFO FixturesByOdds - League = 2790
2021-01-29 00:00:07.5098 INFO FixturesByOdds - League = 2790, pageNbr = 6
2021-01-29 00:00:08.7442 INFO FixturesByOdds - League = 2790, pageNbr = 5
2021-01-29 00:00:11.4473 INFO FixturesByOdds - League = 2790, pageNbr = 4
2021-01-29 00:00:13.5255 INFO FixturesByOdds - League = 2790, pageNbr = 0
2021-01-29 00:00:13.5411 INFO FixturesByLeague - League = 2794
2021-01-29 00:00:16.3380 INFO FixturesByOdds - League = 2794
2021-01-29 00:00:18.5880 INFO FixturesByOdds - League = 2794, pageNbr = 5
2021-01-29 00:00:20.2912 INFO FixturesByOdds - League = 2794, pageNbr = 0
2021-01-29 01:30:46.2092 INFO Account - Login (HttpPost) - matthewparsons_1@hotmail.com logged in
2021-01-29 01:33:52.5073 INFO Account - Login (HttpPost) - R.A.Grundy@live.co.uk logged in
2021-01-29 02:41:42.2892 INFO Account - Login (HttpPost) - pete@salsbury.co.uk logged in
2021-01-29 04:15:51.4131 INFO Default Quartz.NET properties loaded from embedded resource file
2021-01-29 04:15:51.4912 INFO Initialized Scheduler Signaller of type: Quartz.Core.SchedulerSignalerImpl
2021-01-29 04:15:51.5069 INFO Quartz Scheduler v.3.2.2.0 created.
2021-01-29 04:15:51.5069 INFO JobFactory set to: Quartz.Simpl.PropertySettingJobFactory
2021-01-29 04:15:51.5069 INFO RAMJobStore initialized.
2021-01-29 04:15:51.5225 INFO Scheduler meta-data: Quartz Scheduler (v3.2.2.0) 'DefaultQuartzScheduler' with instanceId 'NON_CLUSTERED'
  Scheduler class: 'Quartz.Core.QuartzScheduler' - running locally.
  NOT STARTED.
  Currently in standby mode.
  Number of jobs executed: 0
  Using thread pool 'Quartz.Simpl.DefaultThreadPool' - with 10 threads.
  Using job-store 'Quartz.Simpl.RAMJobStore' - which does not support persistence. and is not clustered.

2021-01-29 04:15:51.5225 INFO Quartz scheduler 'DefaultQuartzScheduler' initialized
2021-01-29 04:15:51.5225 INFO Quartz scheduler version: 3.2.2.0
2021-01-29 04:15:51.5225 INFO Scheduler DefaultQuartzScheduler_$_NON_CLUSTERED started.
2021-01-29 04:15:51.6631 INFO Startup Configuration - Start
2021-01-29 04:15:51.6631 INFO SetEventCache - Start
2021-01-29 04:15:51.7256 INFO SetCachedItem = setting cache for Events
2021-01-29 04:15:51.7256 INFO SetCachedItem = setting cache for Events, with Expiry Date of 2/28/2021 11:15:51 AM
2021-01-29 04:15:51.7256 INFO SetNextResultCheckDateTime - Start - roundUp = False
2021-01-29 04:15:51.7256 INFO SetNextResultCheckDateTime - rapidApiResultChecks == null
2021-01-29 04:15:51.8819 INFO SetNextResultCheckDateTime - Set League 2790 next check date to 1/30/2021 2:25:00 PM
2021-01-29 04:15:51.8819 INFO SetNextResultCheckDateTime - Set League 2794 next check date to 1/29/2021 9:55:00 PM
2021-01-29 04:15:51.8819 INFO SetCachedItem = setting cache for NextFixtureCheckDateTime
2021-01-29 04:15:51.8819 INFO SetCachedItem = setting cache for NextFixtureCheckDateTime, with Expiry Date of 2/28/2021 11:15:51 AM
2021-01-29 04:16:00.0694 INFO SetCachedItem = setting cache for DailyRapidApiLeagueCheck, with Expiry Date of 1/30/2021 12:00:00 AM
2021-01-29 06:21:48.5018 INFO Account - Login (HttpPost) - tproberts74@hotmail.com logged in
2021-01-29 06:55:50.9082 INFO Default Quartz.NET properties loaded from embedded resource file
2021-01-29 06:55:50.9863 INFO Initialized Scheduler Signaller of type: Quartz.Core.SchedulerSignalerImpl
2021-01-29 06:55:50.9863 INFO Quartz Scheduler v.3.2.2.0 created.
2021-01-29 06:55:51.0019 INFO JobFactory set to: Quartz.Simpl.PropertySettingJobFactory
2021-01-29 06:55:51.0019 INFO RAMJobStore initialized.
2021-01-29 06:55:51.0175 INFO Scheduler meta-data: Quartz Scheduler (v3.2.2.0) 'DefaultQuartzScheduler' with instanceId 'NON_CLUSTERED'
  Scheduler class: 'Quartz.Core.QuartzScheduler' - running locally.
  NOT STARTED.
  Currently in standby mode.
  Number of jobs executed: 0
  Using thread pool 'Quartz.Simpl.DefaultThreadPool' - with 10 threads.
  Using job-store 'Quartz.Simpl.RAMJobStore' - which does not support persistence. and is not clustered.

2021-01-29 06:55:51.0175 INFO Quartz scheduler 'DefaultQuartzScheduler' initialized
2021-01-29 06:55:51.0175 INFO Quartz scheduler version: 3.2.2.0
2021-01-29 06:55:51.0175 INFO Scheduler DefaultQuartzScheduler_$_NON_CLUSTERED started.
2021-01-29 06:55:51.6582 INFO Startup Configuration - Start
2021-01-29 06:55:51.6582 INFO SetEventCache - Start
2021-01-29 06:55:51.7050 INFO SetCachedItem = setting cache for Events
2021-01-29 06:55:51.7050 INFO SetCachedItem = setting cache for Events, with Expiry Date of 2/28/2021 1:55:51 PM
2021-01-29 06:55:51.7207 INFO SetNextResultCheckDateTime - Start - roundUp = False
2021-01-29 06:55:51.7207 INFO SetNextResultCheckDateTime - rapidApiResultChecks == null
2021-01-29 06:55:51.8769 INFO SetNextResultCheckDateTime - Set League 2790 next check date to 1/30/2021 2:25:00 PM
2021-01-29 06:55:51.8769 INFO SetNextResultCheckDateTime - Set League 2794 next check date to 1/29/2021 9:55:00 PM
2021-01-29 06:55:51.8769 INFO SetCachedItem = setting cache for NextFixtureCheckDateTime
2021-01-29 06:55:51.8925 INFO SetCachedItem = setting cache for NextFixtureCheckDateTime, with Expiry Date of 2/28/2021 1:55:51 PM
2021-01-29 06:56:00.0645 INFO SetCachedItem = setting cache for DailyRapidApiLeagueCheck, with Expiry Date of 1/30/2021 12:00:00 AM
2021-01-29 07:40:12.5736 INFO Account - Login (HttpPost) - pete@salsbury.co.uk logged in
2021-01-29 09:27:05.5494 INFO Default Quartz.NET properties loaded from embedded resource file
2021-01-29 09:27:05.6275 INFO Initialized Scheduler Signaller of type: Quartz.Core.SchedulerSignalerImpl
2021-01-29 09:27:05.6275 INFO Quartz Scheduler v.3.2.2.0 created.
2021-01-29 09:27:05.6431 INFO JobFactory set to: Quartz.Simpl.PropertySettingJobFactory
2021-01-29 09:27:05.6431 INFO RAMJobStore initialized.
2021-01-29 09:27:05.6431 INFO Scheduler meta-data: Quartz Scheduler (v3.2.2.0) 'DefaultQuartzScheduler' with instanceId 'NON_CLUSTERED'
  Scheduler class: 'Quartz.Core.QuartzScheduler' - running locally.
  NOT STARTED.
  Currently in standby mode.
  Number of jobs executed: 0
  Using thread pool 'Quartz.Simpl.DefaultThreadPool' - with 10 threads.
  Using job-store 'Quartz.Simpl.RAMJobStore' - which does not support persistence. and is not clustered.

2021-01-29 09:27:05.6431 INFO Quartz scheduler 'DefaultQuartzScheduler' initialized
2021-01-29 09:27:05.6431 INFO Quartz scheduler version: 3.2.2.0
2021-01-29 09:27:05.6588 INFO Scheduler DefaultQuartzScheduler_$_NON_CLUSTERED started.
2021-01-29 09:27:05.7994 INFO Startup Configuration - Start
2021-01-29 09:27:05.7994 INFO SetEventCache - Start
2021-01-29 09:27:05.8463 INFO SetCachedItem = setting cache for Events
2021-01-29 09:27:05.8463 INFO SetCachedItem = setting cache for Events, with Expiry Date of 2/28/2021 4:27:05 PM
2021-01-29 09:27:05.8619 INFO SetNextResultCheckDateTime - Start - roundUp = False
2021-01-29 09:27:05.8619 INFO SetNextResultCheckDateTime - rapidApiResultChecks == null
2021-01-29 09:27:05.9088 INFO SetNextResultCheckDateTime - Set League 2790 next check date to 1/30/2021 2:25:00 PM
2021-01-29 09:27:05.9088 INFO SetNextResultCheckDateTime - Set League 2794 next check date to 1/29/2021 9:55:00 PM
2021-01-29 09:27:05.9088 INFO SetCachedItem = setting cache for NextFixtureCheckDateTime
2021-01-29 09:27:05.9088 INFO SetCachedItem = setting cache for NextFixtureCheckDateTime, with Expiry Date of 2/28/2021 4:27:05 PM
2021-01-29 09:28:00.0494 INFO SetCachedItem = setting cache for DailyRapidApiLeagueCheck, with Expiry Date of 1/30/2021 12:00:00 AM
2021-01-29 09:34:58.1278 INFO Default Quartz.NET properties loaded from embedded resource file
2021-01-29 09:34:58.2059 INFO Initialized Scheduler Signaller of type: Quartz.Core.SchedulerSignalerImpl
2021-01-29 09:34:58.2059 INFO Quartz Scheduler v.3.2.2.0 created.
2021-01-29 09:34:58.2059 INFO JobFactory set to: Quartz.Simpl.PropertySettingJobFactory
2021-01-29 09:34:58.2059 INFO RAMJobStore initialized.
2021-01-29 09:34:58.2059 INFO Scheduler meta-data: Quartz Scheduler (v3.2.2.0) 'DefaultQuartzScheduler' with instanceId 'NON_CLUSTERED'
  Scheduler class: 'Quartz.Core.QuartzScheduler' - running locally.
  NOT STARTED.
  Currently in standby mode.
  Number of jobs executed: 0
  Using thread pool 'Quartz.Simpl.DefaultThreadPool' - with 10 threads.
  Using job-store 'Quartz.Simpl.RAMJobStore' - which does not support persistence. and is not clustered.

2021-01-29 09:34:58.2059 INFO Quartz scheduler 'DefaultQuartzScheduler' initialized
2021-01-29 09:34:58.2059 INFO Quartz scheduler version: 3.2.2.0
2021-01-29 09:34:58.2216 INFO Scheduler DefaultQuartzScheduler_$_NON_CLUSTERED started.
2021-01-29 09:34:58.3466 INFO Startup Configuration - Start
2021-01-29 09:34:58.3466 INFO SetEventCache - Start
2021-01-29 09:34:58.4247 INFO SetCachedItem = setting cache for Events
2021-01-29 09:34:58.4247 INFO SetCachedItem = setting cache for Events, with Expiry Date of 2/28/2021 4:34:58 PM
2021-01-29 09:34:58.4247 INFO SetNextResultCheckDateTime - Start - roundUp = False
2021-01-29 09:34:58.4403 INFO SetNextResultCheckDateTime - rapidApiResultChecks == null
2021-01-29 09:34:58.5028 INFO SetNextResultCheckDateTime - Set League 2790 next check date to 1/30/2021 2:25:00 PM
2021-01-29 09:34:58.5028 INFO SetNextResultCheckDateTime - Set League 2794 next check date to 1/29/2021 9:55:00 PM
2021-01-29 09:34:58.5184 INFO SetCachedItem = setting cache for NextFixtureCheckDateTime
2021-01-29 09:34:58.5184 INFO SetCachedItem = setting cache for NextFixtureCheckDateTime, with Expiry Date of 2/28/2021 4:34:58 PM
2021-01-29 09:35:00.0497 INFO SetCachedItem = setting cache for DailyRapidApiLeagueCheck, with Expiry Date of 1/30/2021 12:00:00 AM
2021-01-29 09:38:01.3324 INFO Account - Login (HttpPost) - pete@salsbury.co.uk logged in
2021-01-29 14:55:00.0333 INFO GetRapidApiResults = Getting results from RapidApi 2794. FixtureDateTime = 1/29/2021 12:00:00 AM, Now = 1/29/2021 9:55:00 PM
2021-01-29 14:55:00.0489 INFO FixturesByLeagueByDate - League = {0}, Date = {2}
2021-01-29 14:55:01.8770 INFO SetNextResultCheckDateTime - Start - roundUp = True
2021-01-29 14:55:02.0645 INFO SetNextResultCheckDateTime - Set League 2790 next check date to 1/30/2021 2:25:00 PM
2021-01-29 14:55:02.0645 INFO SetNextResultCheckDateTime - Set League 2794 next check date to 1/29/2021 10:00:00 PM
2021-01-29 14:55:02.0645 INFO SetCachedItem = setting cache for NextFixtureCheckDateTime
2021-01-29 14:55:02.0645 INFO SetCachedItem = setting cache for NextFixtureCheckDateTime, with Expiry Date of 2/28/2021 9:55:02 PM
2021-01-29 15:00:00.0047 INFO GetRapidApiResults = Getting results from RapidApi 2794. FixtureDateTime = 1/29/2021 12:00:00 AM, Now = 1/29/2021 10:00:00 PM
2021-01-29 15:00:00.0047 INFO FixturesByLeagueByDate - League = {0}, Date = {2}
2021-01-29 15:00:00.3016 INFO SetNextResultCheckDateTime - Start - roundUp = True
2021-01-29 15:00:00.3328 INFO SetNextResultCheckDateTime - Set League 2790 next check date to 1/30/2021 2:25:00 PM
2021-01-29 15:00:00.3328 INFO SetNextResultCheckDateTime - Set League 2794 next check date to 1/29/2021 10:05:00 PM
2021-01-29 15:00:00.3328 INFO SetCachedItem = setting cache for NextFixtureCheckDateTime
2021-01-29 15:00:00.3328 INFO SetCachedItem = setting cache for NextFixtureCheckDateTime, with Expiry Date of 2/28/2021 10:00:00 PM
2021-01-29 15:05:00.0083 INFO GetRapidApiResults = Getting results from RapidApi 2794. FixtureDateTime = 1/29/2021 12:00:00 AM, Now = 1/29/2021 10:05:00 PM
2021-01-29 15:05:00.0083 INFO FixturesByLeagueByDate - League = {0}, Date = {2}
2021-01-29 15:05:00.2583 INFO SetNextResultCheckDateTime - Start - roundUp = True
2021-01-29 15:05:00.2740 INFO SetNextResultCheckDateTime - Set League 2790 next check date to 1/30/2021 2:25:00 PM
2021-01-29 15:05:00.2740 INFO SetNextResultCheckDateTime - Set League 2794 next check date to 1/29/2021 10:10:00 PM
2021-01-29 15:05:00.2740 INFO SetCachedItem = setting cache for NextFixtureCheckDateTime
2021-01-29 15:05:00.2740 INFO SetCachedItem = setting cache for NextFixtureCheckDateTime, with Expiry Date of 2/28/2021 10:05:00 PM
2021-01-29 15:10:00.0125 INFO GetRapidApiResults = Getting results from RapidApi 2794. FixtureDateTime = 1/29/2021 12:00:00 AM, Now = 1/29/2021 10:10:00 PM
2021-01-29 15:10:00.0125 INFO FixturesByLeagueByDate - League = {0}, Date = {2}
2021-01-29 15:10:00.2625 INFO SetNextResultCheckDateTime - Start - roundUp = True
2021-01-29 15:10:00.2937 INFO SetNextResultCheckDateTime - Set League 2790 next check date to 1/30/2021 2:25:00 PM
2021-01-29 15:10:00.2937 INFO SetNextResultCheckDateTime - Set League 2794 next check date to 1/29/2021 10:15:00 PM
2021-01-29 15:10:00.2937 INFO SetCachedItem = setting cache for NextFixtureCheckDateTime
2021-01-29 15:10:00.2937 INFO SetCachedItem = setting cache for NextFixtureCheckDateTime, with Expiry Date of 2/28/2021 10:10:00 PM
2021-01-29 15:15:00.0128 INFO GetRapidApiResults = Getting results from RapidApi 2794. FixtureDateTime = 1/29/2021 12:00:00 AM, Now = 1/29/2021 10:15:00 PM
2021-01-29 15:15:00.0128 INFO FixturesByLeagueByDate - League = {0}, Date = {2}
2021-01-29 15:15:00.2628 INFO SetNextResultCheckDateTime - Start - roundUp = True
2021-01-29 15:15:00.3097 INFO SetNextResultCheckDateTime - Set League 2790 next check date to 1/30/2021 2:25:00 PM
2021-01-29 15:15:00.3097 INFO SetNextResultCheckDateTime - Set League 2794 next check date to 1/29/2021 10:20:00 PM
2021-01-29 15:15:00.3097 INFO SetCachedItem = setting cache for NextFixtureCheckDateTime
2021-01-29 15:15:00.3097 INFO SetCachedItem = setting cache for NextFixtureCheckDateTime, with Expiry Date of 2/28/2021 10:15:00 PM
2021-01-29 15:20:00.0151 INFO GetRapidApiResults = Getting results from RapidApi 2794. FixtureDateTime = 1/29/2021 12:00:00 AM, Now = 1/29/2021 10:20:00 PM
2021-01-29 15:20:00.0151 INFO FixturesByLeagueByDate - League = {0}, Date = {2}
2021-01-29 15:20:00.3900 INFO SetNextResultCheckDateTime - Start - roundUp = True
2021-01-29 15:20:00.4057 INFO SetNextResultCheckDateTime - Set League 2790 next check date to 1/30/2021 2:25:00 PM
2021-01-29 15:20:00.4057 INFO SetNextResultCheckDateTime - Set League 2794 next check date to 1/29/2021 10:25:00 PM
2021-01-29 15:20:00.4057 INFO SetCachedItem = setting cache for NextFixtureCheckDateTime
2021-01-29 15:20:00.4057 INFO SetCachedItem = setting cache for NextFixtureCheckDateTime, with Expiry Date of 2/28/2021 10:20:00 PM
2021-01-29 15:25:00.0026 INFO GetRapidApiResults = Getting results from RapidApi 2794. FixtureDateTime = 1/29/2021 12:00:00 AM, Now = 1/29/2021 10:25:00 PM
2021-01-29 15:25:00.0026 INFO FixturesByLeagueByDate - League = {0}, Date = {2}
2021-01-29 15:25:00.7995 INFO SetNextResultCheckDateTime - Start - roundUp = True
2021-01-29 15:25:00.8776 INFO SetNextResultCheckDateTime - Set League 2790 next check date to 1/30/2021 2:25:00 PM
2021-01-29 15:25:00.8776 INFO SetNextResultCheckDateTime - Set League 2794 next check date to 1/29/2021 10:30:00 PM
2021-01-29 15:25:00.8776 INFO SetCachedItem = setting cache for NextFixtureCheckDateTime
2021-01-29 15:25:00.8776 INFO SetCachedItem = setting cache for NextFixtureCheckDateTime, with Expiry Date of 2/28/2021 10:25:00 PM
2021-01-29 15:30:00.0030 INFO GetRapidApiResults = Getting results from RapidApi 2794. FixtureDateTime = 1/29/2021 12:00:00 AM, Now = 1/29/2021 10:30:00 PM
2021-01-29 15:30:00.0030 INFO FixturesByLeagueByDate - League = {0}, Date = {2}
2021-01-29 15:30:00.2374 INFO SetNextResultCheckDateTime - Start - roundUp = True
2021-01-29 15:30:00.2530 INFO SetNextResultCheckDateTime - Set League 2790 next check date to 1/30/2021 2:25:00 PM
2021-01-29 15:30:00.2530 INFO SetNextResultCheckDateTime - Set League 2794 next check date to 1/29/2021 10:35:00 PM
2021-01-29 15:30:00.2530 INFO SetCachedItem = setting cache for NextFixtureCheckDateTime
2021-01-29 15:30:00.2530 INFO SetCachedItem = setting cache for NextFixtureCheckDateTime, with Expiry Date of 2/28/2021 10:30:00 PM
2021-01-29 15:35:00.0055 INFO GetRapidApiResults = Getting results from RapidApi 2794. FixtureDateTime = 1/29/2021 12:00:00 AM, Now = 1/29/2021 10:35:00 PM
2021-01-29 15:35:00.0055 INFO FixturesByLeagueByDate - League = {0}, Date = {2}
2021-01-29 15:35:00.2399 INFO SetNextResultCheckDateTime - Start - roundUp = True
2021-01-29 15:35:00.4274 INFO SetNextResultCheckDateTime - Set League 2790 next check date to 1/30/2021 2:25:00 PM
2021-01-29 15:35:00.4274 INFO SetNextResultCheckDateTime - Set League 2794 next check date to 1/29/2021 10:40:00 PM
2021-01-29 15:35:00.4274 INFO SetCachedItem = setting cache for NextFixtureCheckDateTime
2021-01-29 15:35:00.4274 INFO SetCachedItem = setting cache for NextFixtureCheckDateTime, with Expiry Date of 2/28/2021 10:35:00 PM
2021-01-29 15:40:00.0078 INFO GetRapidApiResults = Getting results from RapidApi 2794. FixtureDateTime = 1/29/2021 12:00:00 AM, Now = 1/29/2021 10:40:00 PM
2021-01-29 15:40:00.0078 INFO FixturesByLeagueByDate - League = {0}, Date = {2}
2021-01-29 15:40:00.2109 INFO SetNextResultCheckDateTime - Start - roundUp = True
2021-01-29 15:40:00.2266 INFO SetNextResultCheckDateTime - Set League 2790 next check date to 1/30/2021 2:25:00 PM
2021-01-29 15:40:00.2266 INFO SetNextResultCheckDateTime - Set League 2794 next check date to 1/29/2021 10:45:00 PM
2021-01-29 15:40:00.2266 INFO SetCachedItem = setting cache for NextFixtureCheckDateTime
2021-01-29 15:40:00.2266 INFO SetCachedItem = setting cache for NextFixtureCheckDateTime, with Expiry Date of 2/28/2021 10:40:00 PM
2021-01-29 15:45:00.0117 INFO GetRapidApiResults = Getting results from RapidApi 2794. FixtureDateTime = 1/29/2021 12:00:00 AM, Now = 1/29/2021 10:45:00 PM
2021-01-29 15:45:00.0117 INFO FixturesByLeagueByDate - League = {0}, Date = {2}
2021-01-29 15:45:00.2930 INFO SetNextResultCheckDateTime - Start - roundUp = True
2021-01-29 15:45:00.3086 INFO SetNextResultCheckDateTime - Set League 2790 next check date to 1/30/2021 2:25:00 PM
2021-01-29 15:45:00.3086 INFO SetNextResultCheckDateTime - Set League 2794 next check date to 1/29/2021 10:50:00 PM
2021-01-29 15:45:00.3086 INFO SetCachedItem = setting cache for NextFixtureCheckDateTime
2021-01-29 15:45:00.3086 INFO SetCachedItem = setting cache for NextFixtureCheckDateTime, with Expiry Date of 2/28/2021 10:45:00 PM
2021-01-29 15:50:00.0138 INFO GetRapidApiResults = Getting results from RapidApi 2794. FixtureDateTime = 1/29/2021 12:00:00 AM, Now = 1/29/2021 10:50:00 PM
2021-01-29 15:50:00.0138 INFO FixturesByLeagueByDate - League = {0}, Date = {2}
2021-01-29 15:50:00.2482 INFO SetNextResultCheckDateTime - Start - roundUp = True
2021-01-29 15:50:00.2638 INFO SetNextResultCheckDateTime - Set League 2790 next check date to 1/30/2021 2:25:00 PM
2021-01-29 15:50:00.2638 INFO SetNextResultCheckDateTime - Set League 2794 next check date to 1/29/2021 10:55:00 PM
2021-01-29 15:50:00.2638 INFO SetCachedItem = setting cache for NextFixtureCheckDateTime
2021-01-29 15:50:00.2638 INFO SetCachedItem = setting cache for NextFixtureCheckDateTime, with Expiry Date of 2/28/2021 10:50:00 PM
2021-01-29 15:55:00.0152 INFO GetRapidApiResults = Getting results from RapidApi 2794. FixtureDateTime = 1/29/2021 12:00:00 AM, Now = 1/29/2021 10:55:00 PM
2021-01-29 15:55:00.0152 INFO FixturesByLeagueByDate - League = {0}, Date = {2}
2021-01-29 15:55:00.3277 INFO SetNextResultCheckDateTime - Start - roundUp = True
2021-01-29 15:55:00.3589 INFO SetNextResultCheckDateTime - Set League 2790 next check date to 1/30/2021 2:25:00 PM
2021-01-29 15:55:00.3589 INFO SetNextResultCheckDateTime - Set League 2794 next check date to 1/29/2021 11:00:00 PM
2021-01-29 15:55:00.3589 INFO SetCachedItem = setting cache for NextFixtureCheckDateTime
2021-01-29 15:55:00.3589 INFO SetCachedItem = setting cache for NextFixtureCheckDateTime, with Expiry Date of 2/28/2021 10:55:00 PM
2021-01-29 16:00:00.0011 INFO GetRapidApiResults = Getting results from RapidApi 2794. FixtureDateTime = 1/29/2021 12:00:00 AM, Now = 1/29/2021 11:00:00 PM
2021-01-29 16:00:00.0011 INFO FixturesByLeagueByDate - League = {0}, Date = {2}
2021-01-29 16:00:00.2199 INFO SetNextResultCheckDateTime - Start - roundUp = True
2021-01-29 16:00:00.2511 INFO SetNextResultCheckDateTime - Set League 2790 next check date to 1/30/2021 2:25:00 PM
2021-01-29 16:00:00.2511 INFO SetNextResultCheckDateTime - Set League 2794 next check date to 1/29/2021 11:05:00 PM
2021-01-29 16:00:00.2511 INFO SetCachedItem = setting cache for NextFixtureCheckDateTime
2021-01-29 16:00:00.2511 INFO SetCachedItem = setting cache for NextFixtureCheckDateTime, with Expiry Date of 2/28/2021 11:00:00 PM
2021-01-29 16:05:00.0024 INFO GetRapidApiResults = Getting results from RapidApi 2794. FixtureDateTime = 1/29/2021 12:00:00 AM, Now = 1/29/2021 11:05:00 PM
2021-01-29 16:05:00.0024 INFO FixturesByLeagueByDate - League = {0}, Date = {2}
2021-01-29 16:05:00.2368 INFO SetNextResultCheckDateTime - Start - roundUp = True
2021-01-29 16:05:00.2680 INFO SetNextResultCheckDateTime - Set League 2790 next check date to 1/30/2021 2:25:00 PM
2021-01-29 16:05:00.2680 INFO SetNextResultCheckDateTime - Set League 2794 next check date to 1/29/2021 11:10:00 PM
2021-01-29 16:05:00.2680 INFO SetCachedItem = setting cache for NextFixtureCheckDateTime
2021-01-29 16:05:00.2680 INFO SetCachedItem = setting cache for NextFixtureCheckDateTime, with Expiry Date of 2/28/2021 11:05:00 PM
2021-01-29 16:10:00.0076 INFO GetRapidApiResults = Getting results from RapidApi 2794. FixtureDateTime = 1/29/2021 12:00:00 AM, Now = 1/29/2021 11:10:00 PM
2021-01-29 16:10:00.0076 INFO FixturesByLeagueByDate - League = {0}, Date = {2}
2021-01-29 16:10:00.2732 INFO SetNextResultCheckDateTime - Start - roundUp = True
2021-01-29 16:10:00.3044 INFO SetNextResultCheckDateTime - Set League 2790 next check date to 1/30/2021 2:25:00 PM
2021-01-29 16:10:00.3044 INFO SetNextResultCheckDateTime - Set League 2794 next check date to 1/29/2021 11:15:00 PM
2021-01-29 16:10:00.3044 INFO SetCachedItem = setting cache for NextFixtureCheckDateTime
2021-01-29 16:10:00.3044 INFO SetCachedItem = setting cache for NextFixtureCheckDateTime, with Expiry Date of 2/28/2021 11:10:00 PM
2021-01-29 16:15:00.0089 INFO GetRapidApiResults = Getting results from RapidApi 2794. FixtureDateTime = 1/29/2021 12:00:00 AM, Now = 1/29/2021 11:15:00 PM
2021-01-29 16:15:00.0089 INFO FixturesByLeagueByDate - League = {0}, Date = {2}
2021-01-29 16:15:00.2589 INFO SetNextResultCheckDateTime - Start - roundUp = True
2021-01-29 16:15:00.2746 INFO SetNextResultCheckDateTime - Set League 2790 next check date to 1/30/2021 2:25:00 PM
2021-01-29 16:15:00.2746 INFO SetNextResultCheckDateTime - Set League 2794 next check date to 1/29/2021 11:20:00 PM
2021-01-29 16:15:00.2902 INFO SetCachedItem = setting cache for NextFixtureCheckDateTime
2021-01-29 16:15:00.2902 INFO SetCachedItem = setting cache for NextFixtureCheckDateTime, with Expiry Date of 2/28/2021 11:15:00 PM
2021-01-29 16:20:00.0092 INFO GetRapidApiResults = Getting results from RapidApi 2794. FixtureDateTime = 1/29/2021 12:00:00 AM, Now = 1/29/2021 11:20:00 PM
2021-01-29 16:20:00.0092 INFO FixturesByLeagueByDate - League = {0}, Date = {2}
2021-01-29 16:20:00.2436 INFO SetNextResultCheckDateTime - Start - roundUp = True
2021-01-29 16:20:00.2759 INFO SetNextResultCheckDateTime - Set League 2790 next check date to 1/30/2021 2:25:00 PM
2021-01-29 16:20:00.2905 INFO SetNextResultCheckDateTime - Set League 2794 next check date to 1/29/2021 11:25:00 PM
2021-01-29 16:20:00.2905 INFO SetCachedItem = setting cache for NextFixtureCheckDateTime
2021-01-29 16:20:00.2905 INFO SetCachedItem = setting cache for NextFixtureCheckDateTime, with Expiry Date of 2/28/2021 11:20:00 PM
2021-01-29 16:25:00.0142 INFO GetRapidApiResults = Getting results from RapidApi 2794. FixtureDateTime = 1/29/2021 12:00:00 AM, Now = 1/29/2021 11:25:00 PM
2021-01-29 16:25:00.0142 INFO FixturesByLeagueByDate - League = {0}, Date = {2}
2021-01-29 16:25:00.2486 INFO SetNextResultCheckDateTime - Start - roundUp = True
2021-01-29 16:25:00.2642 INFO SetNextResultCheckDateTime - Set League 2790 next check date to 1/30/2021 2:25:00 PM
2021-01-29 16:25:00.2642 INFO SetNextResultCheckDateTime - Set League 2794 next check date to 1/29/2021 11:30:00 PM
2021-01-29 16:25:00.2642 INFO SetCachedItem = setting cache for NextFixtureCheckDateTime
2021-01-29 16:25:00.2642 INFO SetCachedItem = setting cache for NextFixtureCheckDateTime, with Expiry Date of 2/28/2021 11:25:00 PM
2021-01-29 16:30:00.0006 INFO GetRapidApiResults = Getting results from RapidApi 2794. FixtureDateTime = 1/29/2021 12:00:00 AM, Now = 1/29/2021 11:30:00 PM
2021-01-29 16:30:00.0006 INFO FixturesByLeagueByDate - League = {0}, Date = {2}
2021-01-29 16:30:00.2506 INFO SetNextResultCheckDateTime - Start - roundUp = True
2021-01-29 16:30:00.2975 INFO SetNextResultCheckDateTime - Set League 2790 next check date to 1/30/2021 2:25:00 PM
2021-01-29 16:30:00.3131 INFO SetNextResultCheckDateTime - Set League 2794 next check date to 1/29/2021 11:35:00 PM
2021-01-29 16:30:00.3131 INFO SetCachedItem = setting cache for NextFixtureCheckDateTime
2021-01-29 16:30:00.3131 INFO SetCachedItem = setting cache for NextFixtureCheckDateTime, with Expiry Date of 2/28/2021 11:30:00 PM
2021-01-29 16:35:00.0028 INFO GetRapidApiResults = Getting results from RapidApi 2794. FixtureDateTime = 1/29/2021 12:00:00 AM, Now = 1/29/2021 11:35:00 PM
2021-01-29 16:35:00.0028 INFO FixturesByLeagueByDate - League = {0}, Date = {2}
2021-01-29 16:35:00.2059 INFO SetNextResultCheckDateTime - Start - roundUp = True
2021-01-29 16:35:00.2372 INFO SetNextResultCheckDateTime - Set League 2790 next check date to 1/30/2021 2:25:00 PM
2021-01-29 16:35:00.2372 INFO SetNextResultCheckDateTime - Set League 2794 next check date to 1/29/2021 11:40:00 PM
2021-01-29 16:35:00.2372 INFO SetCachedItem = setting cache for NextFixtureCheckDateTime
2021-01-29 16:35:00.2528 INFO SetCachedItem = setting cache for NextFixtureCheckDateTime, with Expiry Date of 2/28/2021 11:35:00 PM
2021-01-29 16:40:00.0059 INFO GetRapidApiResults = Getting results from RapidApi 2794. FixtureDateTime = 1/29/2021 12:00:00 AM, Now = 1/29/2021 11:40:00 PM
2021-01-29 16:40:00.0059 INFO FixturesByLeagueByDate - League = {0}, Date = {2}
2021-01-29 16:40:00.2247 INFO SetNextResultCheckDateTime - Start - roundUp = True
2021-01-29 16:40:00.2403 INFO SetNextResultCheckDateTime - Set League 2790 next check date to 1/30/2021 2:25:00 PM
2021-01-29 16:40:00.2403 INFO SetNextResultCheckDateTime - Set League 2794 next check date to 1/29/2021 11:45:00 PM
2021-01-29 16:40:00.2559 INFO SetCachedItem = setting cache for NextFixtureCheckDateTime
2021-01-29 16:40:00.2559 INFO SetCachedItem = setting cache for NextFixtureCheckDateTime, with Expiry Date of 2/28/2021 11:40:00 PM
2021-01-29 16:45:00.0087 INFO GetRapidApiResults = Getting results from RapidApi 2794. FixtureDateTime = 1/29/2021 12:00:00 AM, Now = 1/29/2021 11:45:00 PM
2021-01-29 16:45:00.0087 INFO FixturesByLeagueByDate - League = {0}, Date = {2}
2021-01-29 16:45:00.2587 INFO SetNextResultCheckDateTime - Start - roundUp = True
2021-01-29 16:45:00.3368 INFO SetNextResultCheckDateTime - Set League 2790 next check date to 1/30/2021 2:25:00 PM
2021-01-29 16:45:00.3368 INFO SetNextResultCheckDateTime - Set League 2794 next check date to 1/29/2021 11:50:00 PM
2021-01-29 16:45:00.3368 INFO SetCachedItem = setting cache for NextFixtureCheckDateTime
2021-01-29 16:45:00.3368 INFO SetCachedItem = setting cache for NextFixtureCheckDateTime, with Expiry Date of 2/28/2021 11:45:00 PM
2021-01-29 16:50:00.0096 INFO GetRapidApiResults = Getting results from RapidApi 2794. FixtureDateTime = 1/29/2021 12:00:00 AM, Now = 1/29/2021 11:50:00 PM
2021-01-29 16:50:00.0096 INFO FixturesByLeagueByDate - League = {0}, Date = {2}
2021-01-29 16:50:00.3533 INFO SetNextResultCheckDateTime - Start - roundUp = True
2021-01-29 16:50:00.3690 INFO SetNextResultCheckDateTime - Set League 2790 next check date to 1/30/2021 2:25:00 PM
2021-01-29 16:50:00.3690 INFO SetNextResultCheckDateTime - Set League 2794 next check date to 1/29/2021 11:55:00 PM
2021-01-29 16:50:00.3690 INFO SetCachedItem = setting cache for NextFixtureCheckDateTime
2021-01-29 16:50:00.3690 INFO SetCachedItem = setting cache for NextFixtureCheckDateTime, with Expiry Date of 2/28/2021 11:50:00 PM
2021-01-29 16:55:00.0110 INFO GetRapidApiResults = Getting results from RapidApi 2794. FixtureDateTime = 1/29/2021 12:00:00 AM, Now = 1/29/2021 11:55:00 PM
2021-01-29 16:55:00.0110 INFO FixturesByLeagueByDate - League = {0}, Date = {2}
2021-01-29 16:55:00.3704 INFO SetNextResultCheckDateTime - Start - roundUp = True
2021-01-29 16:55:00.3860 INFO SetNextResultCheckDateTime - Set League 2790 next check date to 1/30/2021 2:25:00 PM
2021-01-29 16:55:00.3860 INFO SetNextResultCheckDateTime - Set League 2794 next check date to 1/30/2021 12:00:00 AM
2021-01-29 16:55:00.3860 INFO SetCachedItem = setting cache for NextFixtureCheckDateTime
2021-01-29 16:55:00.3860 INFO SetCachedItem = setting cache for NextFixtureCheckDateTime, with Expiry Date of 2/28/2021 11:55:00 PM
2021-01-29 17:00:00.0140 INFO GetRapidApiResults = Getting results from RapidApi 2794. FixtureDateTime = 1/30/2021 12:00:00 AM, Now = 1/30/2021 12:00:00 AM
2021-01-29 17:00:00.0140 INFO FixturesByLeagueByDate - League = {0}, Date = {2}
2021-01-29 17:00:00.3265 INFO SetNextResultCheckDateTime - Start - roundUp = True
2021-01-29 17:00:00.3421 INFO SetNextResultCheckDateTime - Set League 2790 next check date to 1/30/2021 2:25:00 PM
2021-01-29 17:00:00.3421 INFO SetNextResultCheckDateTime - Set League 2794 next check date to 1/30/2021 12:05:00 AM
2021-01-29 17:00:00.3421 INFO SetCachedItem = setting cache for NextFixtureCheckDateTime
2021-01-29 17:00:00.3421 INFO SetCachedItem = setting cache for NextFixtureCheckDateTime, with Expiry Date of 3/1/2021 12:00:00 AM
2021-01-29 17:05:00.0009 INFO GetRapidApiResults = Getting results from RapidApi 2794. FixtureDateTime = 1/30/2021 12:00:00 AM, Now = 1/30/2021 12:05:00 AM
2021-01-29 17:05:00.0009 INFO FixturesByLeagueByDate - League = {0}, Date = {2}
2021-01-29 17:05:00.2353 INFO SetNextResultCheckDateTime - Start - roundUp = True
2021-01-29 17:05:00.2509 INFO SetNextResultCheckDateTime - Set League 2790 next check date to 1/30/2021 2:25:00 PM
2021-01-29 17:05:00.2509 INFO SetNextResultCheckDateTime - Set League 2794 next check date to 1/30/2021 12:10:00 AM
2021-01-29 17:05:00.2509 INFO SetCachedItem = setting cache for NextFixtureCheckDateTime
2021-01-29 17:05:00.2509 INFO SetCachedItem = setting cache for NextFixtureCheckDateTime, with Expiry Date of 3/1/2021 12:05:00 AM
2021-01-29 17:10:00.0025 INFO GetRapidApiResults = Getting results from RapidApi 2794. FixtureDateTime = 1/30/2021 12:00:00 AM, Now = 1/30/2021 12:10:00 AM
2021-01-29 17:10:00.0025 INFO FixturesByLeagueByDate - League = {0}, Date = {2}
2021-01-29 17:10:00.2525 INFO SetNextResultCheckDateTime - Start - roundUp = True
2021-01-29 17:10:00.2682 INFO SetNextResultCheckDateTime - Set League 2790 next check date to 1/30/2021 2:25:00 PM
2021-01-29 17:10:00.2682 INFO SetNextResultCheckDateTime - Set League 2794 next check date to 1/30/2021 12:15:00 AM
2021-01-29 17:10:00.2682 INFO SetCachedItem = setting cache for NextFixtureCheckDateTime
2021-01-29 17:10:00.2682 INFO SetCachedItem = setting cache for NextFixtureCheckDateTime, with Expiry Date of 3/1/2021 12:10:00 AM
2021-01-29 17:15:00.0030 INFO GetRapidApiResults = Getting results from RapidApi 2794. FixtureDateTime = 1/30/2021 12:00:00 AM, Now = 1/30/2021 12:15:00 AM
2021-01-29 17:15:00.0030 INFO FixturesByLeagueByDate - League = {0}, Date = {2}
2021-01-29 17:15:00.2687 INFO SetNextResultCheckDateTime - Start - roundUp = True
2021-01-29 17:15:00.2999 INFO SetNextResultCheckDateTime - Set League 2790 next check date to 1/30/2021 2:25:00 PM
2021-01-29 17:15:00.2999 INFO SetNextResultCheckDateTime - Set League 2794 next check date to 1/30/2021 12:20:00 AM
2021-01-29 17:15:00.2999 INFO SetCachedItem = setting cache for NextFixtureCheckDateTime
2021-01-29 17:15:00.2999 INFO SetCachedItem = setting cache for NextFixtureCheckDateTime, with Expiry Date of 3/1/2021 12:15:00 AM
2021-01-29 17:20:00.0055 INFO GetRapidApiResults = Getting results from RapidApi 2794. FixtureDateTime = 1/30/2021 12:00:00 AM, Now = 1/30/2021 12:20:00 AM
2021-01-29 17:20:00.0055 INFO FixturesByLeagueByDate - League = {0}, Date = {2}
2021-01-29 17:20:00.2555 INFO SetNextResultCheckDateTime - Start - roundUp = True
2021-01-29 17:20:00.2867 INFO SetNextResultCheckDateTime - Set League 2790 next check date to 1/30/2021 2:25:00 PM
2021-01-29 17:20:00.2867 INFO SetNextResultCheckDateTime - Set League 2794 next check date to 1/30/2021 12:25:00 AM
2021-01-29 17:20:00.2867 INFO SetCachedItem = setting cache for NextFixtureCheckDateTime
2021-01-29 17:20:00.2867 INFO SetCachedItem = setting cache for NextFixtureCheckDateTime, with Expiry Date of 3/1/2021 12:20:00 AM
2021-01-29 17:25:00.0027 INFO GetRapidApiResults = Getting results from RapidApi 2794. FixtureDateTime = 1/30/2021 12:00:00 AM, Now = 1/30/2021 12:25:00 AM
2021-01-29 17:25:00.0027 INFO FixturesByLeagueByDate - League = {0}, Date = {2}
2021-01-29 17:25:00.2684 INFO SetNextResultCheckDateTime - Start - roundUp = True
2021-01-29 17:25:00.2840 INFO SetNextResultCheckDateTime - Set League 2790 next check date to 1/30/2021 2:25:00 PM
2021-01-29 17:25:00.2840 INFO SetNextResultCheckDateTime - Set League 2794 next check date to 1/30/2021 12:30:00 AM
2021-01-29 17:25:00.2840 INFO SetCachedItem = setting cache for NextFixtureCheckDateTime
2021-01-29 17:25:00.2840 INFO SetCachedItem = setting cache for NextFixtureCheckDateTime, with Expiry Date of 3/1/2021 12:25:00 AM
2021-01-29 17:30:00.0083 INFO GetRapidApiResults = Getting results from RapidApi 2794. FixtureDateTime = 1/30/2021 12:00:00 AM, Now = 1/30/2021 12:30:00 AM
2021-01-29 17:30:00.0083 INFO FixturesByLeagueByDate - League = {0}, Date = {2}
2021-01-29 17:30:00.2584 INFO SetNextResultCheckDateTime - Start - roundUp = True
2021-01-29 17:30:00.2740 INFO SetNextResultCheckDateTime - Set League 2790 next check date to 1/30/2021 2:25:00 PM
2021-01-29 17:30:00.2740 INFO SetNextResultCheckDateTime - Set League 2794 next check date to 1/30/2021 12:35:00 AM
2021-01-29 17:30:00.2740 INFO SetCachedItem = setting cache for NextFixtureCheckDateTime
2021-01-29 17:30:00.2740 INFO SetCachedItem = setting cache for NextFixtureCheckDateTime, with Expiry Date of 3/1/2021 12:30:00 AM
2021-01-29 17:35:00.0012 INFO GetRapidApiResults = Getting results from RapidApi 2794. FixtureDateTime = 1/30/2021 12:00:00 AM, Now = 1/30/2021 12:35:00 AM
2021-01-29 17:35:00.0012 INFO FixturesByLeagueByDate - League = {0}, Date = {2}
2021-01-29 17:35:00.2356 INFO SetNextResultCheckDateTime - Start - roundUp = True
2021-01-29 17:35:00.2512 INFO SetNextResultCheckDateTime - Set League 2790 next check date to 1/30/2021 2:25:00 PM
2021-01-29 17:35:00.2512 INFO SetNextResultCheckDateTime - Set League 2794 next check date to 1/30/2021 12:40:00 AM
2021-01-29 17:35:00.2512 INFO SetCachedItem = setting cache for NextFixtureCheckDateTime
2021-01-29 17:35:00.2512 INFO SetCachedItem = setting cache for NextFixtureCheckDateTime, with Expiry Date of 3/1/2021 12:35:00 AM
2021-01-29 17:40:00.0146 INFO GetRapidApiResults = Getting results from RapidApi 2794. FixtureDateTime = 1/30/2021 12:00:00 AM, Now = 1/30/2021 12:40:00 AM
2021-01-29 17:40:00.0146 INFO FixturesByLeagueByDate - League = {0}, Date = {2}
2021-01-29 17:40:00.2334 INFO SetNextResultCheckDateTime - Start - roundUp = True
2021-01-29 17:40:00.2646 INFO SetNextResultCheckDateTime - Set League 2790 next check date to 1/30/2021 2:25:00 PM
2021-01-29 17:40:00.2646 INFO SetNextResultCheckDateTime - Set League 2794 next check date to 1/30/2021 12:45:00 AM
2021-01-29 17:40:00.2646 INFO SetCachedItem = setting cache for NextFixtureCheckDateTime
2021-01-29 17:40:00.2646 INFO SetCachedItem = setting cache for NextFixtureCheckDateTime, with Expiry Date of 3/1/2021 12:40:00 AM
2021-01-29 17:45:00.0112 INFO GetRapidApiResults = Getting results from RapidApi 2794. FixtureDateTime = 1/30/2021 12:00:00 AM, Now = 1/30/2021 12:45:00 AM
2021-01-29 17:45:00.0112 INFO FixturesByLeagueByDate - League = {0}, Date = {2}
2021-01-29 17:45:00.2459 INFO SetNextResultCheckDateTime - Start - roundUp = True
2021-01-29 17:45:00.2769 INFO SetNextResultCheckDateTime - Set League 2790 next check date to 1/30/2021 2:25:00 PM
2021-01-29 17:45:00.2769 INFO SetNextResultCheckDateTime - Set League 2794 next check date to 1/30/2021 12:50:00 AM
2021-01-29 17:45:00.2769 INFO SetCachedItem = setting cache for NextFixtureCheckDateTime
2021-01-29 17:45:00.2769 INFO SetCachedItem = setting cache for NextFixtureCheckDateTime, with Expiry Date of 3/1/2021 12:45:00 AM
2021-01-29 17:50:00.0121 INFO GetRapidApiResults = Getting results from RapidApi 2794. FixtureDateTime = 1/30/2021 12:00:00 AM, Now = 1/30/2021 12:50:00 AM
2021-01-29 17:50:00.0121 INFO FixturesByLeagueByDate - League = {0}, Date = {2}
2021-01-29 17:50:00.3402 INFO SetNextResultCheckDateTime - Start - roundUp = True
2021-01-29 17:50:00.3558 INFO SetNextResultCheckDateTime - Set League 2790 next check date to 1/30/2021 2:25:00 PM
2021-01-29 17:50:00.3558 INFO SetNextResultCheckDateTime - Set League 2794 next check date to 1/30/2021 12:55:00 AM
2021-01-29 17:50:00.3558 INFO SetCachedItem = setting cache for NextFixtureCheckDateTime
2021-01-29 17:50:00.3558 INFO SetCachedItem = setting cache for NextFixtureCheckDateTime, with Expiry Date of 3/1/2021 12:50:00 AM
2021-01-29 17:55:00.0067 INFO GetRapidApiResults = Getting results from RapidApi 2794. FixtureDateTime = 1/30/2021 12:00:00 AM, Now = 1/30/2021 12:55:00 AM
2021-01-29 17:55:00.0067 INFO FixturesByLeagueByDate - League = {0}, Date = {2}
2021-01-29 17:55:00.2254 INFO SetNextResultCheckDateTime - Start - roundUp = True
2021-01-29 17:55:00.2567 INFO SetNextResultCheckDateTime - Set League 2790 next check date to 1/30/2021 2:25:00 PM
2021-01-29 17:55:00.2567 INFO SetNextResultCheckDateTime - Set League 2794 next check date to 1/30/2021 1:00:00 AM
2021-01-29 17:55:00.2567 INFO SetCachedItem = setting cache for NextFixtureCheckDateTime
2021-01-29 17:55:00.2567 INFO SetCachedItem = setting cache for NextFixtureCheckDateTime, with Expiry Date of 3/1/2021 12:55:00 AM
2021-01-29 18:00:00.0120 INFO GetRapidApiResults = Getting results from RapidApi 2794. FixtureDateTime = 1/30/2021 12:00:00 AM, Now = 1/30/2021 1:00:00 AM
2021-01-29 18:00:00.0120 INFO FixturesByLeagueByDate - League = {0}, Date = {2}
2021-01-29 18:00:00.2778 INFO SetNextResultCheckDateTime - Start - roundUp = True
2021-01-29 18:00:00.2932 INFO SetNextResultCheckDateTime - Set League 2790 next check date to 1/30/2021 2:25:00 PM
2021-01-29 18:00:00.2932 INFO SetNextResultCheckDateTime - Set League 2794 next check date to 1/30/2021 1:05:00 AM
2021-01-29 18:00:00.2932 INFO SetCachedItem = setting cache for NextFixtureCheckDateTime
2021-01-29 18:00:00.2932 INFO SetCachedItem = setting cache for NextFixtureCheckDateTime, with Expiry Date of 3/1/2021 1:00:00 AM
2021-01-29 18:05:00.0140 INFO GetRapidApiResults = Getting results from RapidApi 2794. FixtureDateTime = 1/30/2021 12:00:00 AM, Now = 1/30/2021 1:05:00 AM
2021-01-29 18:05:00.0140 INFO FixturesByLeagueByDate - League = {0}, Date = {2}
2021-01-29 18:05:00.2484 INFO SetNextResultCheckDateTime - Start - roundUp = True
2021-01-29 18:05:00.2796 INFO SetNextResultCheckDateTime - Set League 2790 next check date to 1/30/2021 2:25:00 PM
2021-01-29 18:05:00.2796 INFO SetNextResultCheckDateTime - Set League 2794 next check date to 1/30/2021 1:10:00 AM
2021-01-29 18:05:00.2796 INFO SetCachedItem = setting cache for NextFixtureCheckDateTime
2021-01-29 18:05:00.2796 INFO SetCachedItem = setting cache for NextFixtureCheckDateTime, with Expiry Date of 3/1/2021 1:05:00 AM
2021-01-29 18:10:00.0015 INFO GetRapidApiResults = Getting results from RapidApi 2794. FixtureDateTime = 1/30/2021 12:00:00 AM, Now = 1/30/2021 1:10:00 AM
2021-01-29 18:10:00.0015 INFO FixturesByLeagueByDate - League = {0}, Date = {2}
2021-01-29 18:10:00.2359 INFO SetNextResultCheckDateTime - Start - roundUp = True
2021-01-29 18:10:00.2359 INFO SetNextResultCheckDateTime - Set League 2790 next check date to 1/30/2021 2:25:00 PM
2021-01-29 18:10:00.2359 INFO SetNextResultCheckDateTime - Set League 2794 next check date to 1/30/2021 1:15:00 AM
2021-01-29 18:10:00.2359 INFO SetCachedItem = setting cache for NextFixtureCheckDateTime
2021-01-29 18:10:00.2359 INFO SetCachedItem = setting cache for NextFixtureCheckDateTime, with Expiry Date of 3/1/2021 1:10:00 AM
2021-01-29 18:15:00.0041 INFO GetRapidApiResults = Getting results from RapidApi 2794. FixtureDateTime = 1/30/2021 12:00:00 AM, Now = 1/30/2021 1:15:00 AM
2021-01-29 18:15:00.0041 INFO FixturesByLeagueByDate - League = {0}, Date = {2}
2021-01-29 18:15:00.2541 INFO SetNextResultCheckDateTime - Start - roundUp = True
2021-01-29 18:15:00.2854 INFO SetNextResultCheckDateTime - Set League 2790 next check date to 1/30/2021 2:25:00 PM
2021-01-29 18:15:00.3010 INFO SetNextResultCheckDateTime - Set League 2794 next check date to 1/30/2021 1:20:00 AM
2021-01-29 18:15:00.3010 INFO SetCachedItem = setting cache for NextFixtureCheckDateTime
2021-01-29 18:15:00.3010 INFO SetCachedItem = setting cache for NextFixtureCheckDateTime, with Expiry Date of 3/1/2021 1:15:00 AM
2021-01-29 18:20:00.0112 INFO GetRapidApiResults = Getting results from RapidApi 2794. FixtureDateTime = 1/30/2021 12:00:00 AM, Now = 1/30/2021 1:20:00 AM
2021-01-29 18:20:00.0112 INFO FixturesByLeagueByDate - League = {0}, Date = {2}
2021-01-29 18:20:00.2300 INFO SetNextResultCheckDateTime - Start - roundUp = True
2021-01-29 18:20:00.2300 INFO SetNextResultCheckDateTime - Set League 2790 next check date to 1/30/2021 2:25:00 PM
2021-01-29 18:20:00.2300 INFO SetNextResultCheckDateTime - Set League 2794 next check date to 1/30/2021 1:25:00 AM
2021-01-29 18:20:00.2300 INFO SetCachedItem = setting cache for NextFixtureCheckDateTime
2021-01-29 18:20:00.2300 INFO SetCachedItem = setting cache for NextFixtureCheckDateTime, with Expiry Date of 3/1/2021 1:20:00 AM
2021-01-29 18:25:00.0064 INFO GetRapidApiResults = Getting results from RapidApi 2794. FixtureDateTime = 1/30/2021 12:00:00 AM, Now = 1/30/2021 1:25:00 AM
2021-01-29 18:25:00.0064 INFO FixturesByLeagueByDate - League = {0}, Date = {2}
2021-01-29 18:25:00.2408 INFO SetNextResultCheckDateTime - Start - roundUp = True
2021-01-29 18:25:00.2564 INFO SetNextResultCheckDateTime - Set League 2790 next check date to 1/30/2021 2:25:00 PM
2021-01-29 18:25:00.2564 INFO SetNextResultCheckDateTime - Set League 2794 next check date to 1/30/2021 1:30:00 AM
2021-01-29 18:25:00.2564 INFO SetCachedItem = setting cache for NextFixtureCheckDateTime
2021-01-29 18:25:00.2564 INFO SetCachedItem = setting cache for NextFixtureCheckDateTime, with Expiry Date of 3/1/2021 1:25:00 AM
2021-01-29 18:30:00.0109 INFO GetRapidApiResults = Getting results from RapidApi 2794. FixtureDateTime = 1/30/2021 12:00:00 AM, Now = 1/30/2021 1:30:00 AM
2021-01-29 18:30:00.0109 INFO FixturesByLeagueByDate - League = {0}, Date = {2}
2021-01-29 18:30:00.2765 INFO SetNextResultCheckDateTime - Start - roundUp = True
2021-01-29 18:30:00.2922 INFO SetNextResultCheckDateTime - Set League 2790 next check date to 1/30/2021 2:25:00 PM
2021-01-29 18:30:00.2922 INFO SetNextResultCheckDateTime - Set League 2794 next check date to 1/30/2021 1:35:00 AM
2021-01-29 18:30:00.2922 INFO SetCachedItem = setting cache for NextFixtureCheckDateTime
2021-01-29 18:30:00.2922 INFO SetCachedItem = setting cache for NextFixtureCheckDateTime, with Expiry Date of 3/1/2021 1:30:00 AM
2021-01-29 18:35:00.0147 INFO GetRapidApiResults = Getting results from RapidApi 2794. FixtureDateTime = 1/30/2021 12:00:00 AM, Now = 1/30/2021 1:35:00 AM
2021-01-29 18:35:00.0147 INFO FixturesByLeagueByDate - League = {0}, Date = {2}
2021-01-29 18:35:00.2647 INFO SetNextResultCheckDateTime - Start - roundUp = True
2021-01-29 18:35:00.2959 INFO SetNextResultCheckDateTime - Set League 2790 next check date to 1/30/2021 2:25:00 PM
2021-01-29 18:35:00.2959 INFO SetNextResultCheckDateTime - Set League 2794 next check date to 1/30/2021 1:40:00 AM
2021-01-29 18:35:00.2959 INFO SetCachedItem = setting cache for NextFixtureCheckDateTime
2021-01-29 18:35:00.2959 INFO SetCachedItem = setting cache for NextFixtureCheckDateTime, with Expiry Date of 3/1/2021 1:35:00 AM
2021-01-29 18:40:00.0144 INFO GetRapidApiResults = Getting results from RapidApi 2794. FixtureDateTime = 1/30/2021 12:00:00 AM, Now = 1/30/2021 1:40:00 AM
2021-01-29 18:40:00.0144 INFO FixturesByLeagueByDate - League = {0}, Date = {2}
2021-01-29 18:40:00.2488 INFO SetNextResultCheckDateTime - Start - roundUp = True
2021-01-29 18:40:00.2957 INFO SetNextResultCheckDateTime - Set League 2790 next check date to 1/30/2021 2:25:00 PM
2021-01-29 18:40:00.2957 INFO SetNextResultCheckDateTime - Set League 2794 next check date to 1/30/2021 1:45:00 AM
2021-01-29 18:40:00.2957 INFO SetCachedItem = setting cache for NextFixtureCheckDateTime
2021-01-29 18:40:00.2957 INFO SetCachedItem = setting cache for NextFixtureCheckDateTime, with Expiry Date of 3/1/2021 1:40:00 AM
2021-01-29 18:45:00.0021 INFO GetRapidApiResults = Getting results from RapidApi 2794. FixtureDateTime = 1/30/2021 12:00:00 AM, Now = 1/30/2021 1:45:00 AM
2021-01-29 18:45:00.0021 INFO FixturesByLeagueByDate - League = {0}, Date = {2}
2021-01-29 18:45:00.3148 INFO SetNextResultCheckDateTime - Start - roundUp = True
2021-01-29 18:45:00.3302 INFO SetNextResultCheckDateTime - Set League 2790 next check date to 1/30/2021 2:25:00 PM
2021-01-29 18:45:00.3302 INFO SetNextResultCheckDateTime - Set League 2794 next check date to 1/30/2021 1:50:00 AM
2021-01-29 18:45:00.3302 INFO SetCachedItem = setting cache for NextFixtureCheckDateTime
2021-01-29 18:45:00.3302 INFO SetCachedItem = setting cache for NextFixtureCheckDateTime, with Expiry Date of 3/1/2021 1:45:00 AM
2021-01-29 18:50:00.0030 INFO GetRapidApiResults = Getting results from RapidApi 2794. FixtureDateTime = 1/30/2021 12:00:00 AM, Now = 1/30/2021 1:50:00 AM
2021-01-29 18:50:00.0030 INFO FixturesByLeagueByDate - League = {0}, Date = {2}
2021-01-29 18:50:00.3155 INFO SetNextResultCheckDateTime - Start - roundUp = True
2021-01-29 18:50:00.3467 INFO SetNextResultCheckDateTime - Set League 2790 next check date to 1/30/2021 2:25:00 PM
2021-01-29 18:50:00.3467 INFO SetNextResultCheckDateTime - Set League 2794 next check date to 1/30/2021 1:55:00 AM
2021-01-29 18:50:00.3467 INFO SetCachedItem = setting cache for NextFixtureCheckDateTime
2021-01-29 18:50:00.3467 INFO SetCachedItem = setting cache for NextFixtureCheckDateTime, with Expiry Date of 3/1/2021 1:50:00 AM
2021-01-29 18:55:00.0083 INFO GetRapidApiResults = Getting results from RapidApi 2794. FixtureDateTime = 1/30/2021 12:00:00 AM, Now = 1/30/2021 1:55:00 AM
2021-01-29 18:55:00.0083 INFO FixturesByLeagueByDate - League = {0}, Date = {2}
2021-01-29 18:55:00.2432 INFO SetNextResultCheckDateTime - Start - roundUp = True
2021-01-29 18:55:00.2740 INFO SetNextResultCheckDateTime - Set League 2790 next check date to 1/30/2021 2:25:00 PM
2021-01-29 18:55:00.2740 INFO SetNextResultCheckDateTime - Set League 2794 next check date to 1/30/2021 2:00:00 AM
2021-01-29 18:55:00.2740 INFO SetCachedItem = setting cache for NextFixtureCheckDateTime
2021-01-29 18:55:00.2740 INFO SetCachedItem = setting cache for NextFixtureCheckDateTime, with Expiry Date of 3/1/2021 1:55:00 AM
2021-01-29 19:00:00.0021 INFO GetRapidApiResults = Getting results from RapidApi 2794. FixtureDateTime = 1/30/2021 12:00:00 AM, Now = 1/30/2021 2:00:00 AM
2021-01-29 19:00:00.0021 INFO FixturesByLeagueByDate - League = {0}, Date = {2}
2021-01-29 19:00:00.3146 INFO SetNextResultCheckDateTime - Start - roundUp = True
2021-01-29 19:00:00.3302 INFO SetNextResultCheckDateTime - Set League 2790 next check date to 1/30/2021 2:25:00 PM
2021-01-29 19:00:00.3302 INFO SetNextResultCheckDateTime - Set League 2794 next check date to 1/30/2021 2:05:00 AM
2021-01-29 19:00:00.3302 INFO SetCachedItem = setting cache for NextFixtureCheckDateTime
2021-01-29 19:00:00.3458 INFO SetCachedItem = setting cache for NextFixtureCheckDateTime, with Expiry Date of 3/1/2021 2:00:00 AM
2021-01-29 19:05:00.0032 INFO GetRapidApiResults = Getting results from RapidApi 2794. FixtureDateTime = 1/30/2021 12:00:00 AM, Now = 1/30/2021 2:05:00 AM
2021-01-29 19:05:00.0032 INFO FixturesByLeagueByDate - League = {0}, Date = {2}
2021-01-29 19:05:00.2376 INFO SetNextResultCheckDateTime - Start - roundUp = True
2021-01-29 19:05:00.2532 INFO SetNextResultCheckDateTime - Set League 2790 next check date to 1/30/2021 2:25:00 PM
2021-01-29 19:05:00.2532 INFO SetNextResultCheckDateTime - Set League 2794 next check date to 1/30/2021 2:10:00 AM
2021-01-29 19:05:00.2532 INFO SetCachedItem = setting cache for NextFixtureCheckDateTime
2021-01-29 19:05:00.2532 INFO SetCachedItem = setting cache for NextFixtureCheckDateTime, with Expiry Date of 3/1/2021 2:05:00 AM
2021-01-29 19:10:00.0047 INFO GetRapidApiResults = Getting results from RapidApi 2794. FixtureDateTime = 1/30/2021 12:00:00 AM, Now = 1/30/2021 2:10:00 AM
2021-01-29 19:10:00.0047 INFO FixturesByLeagueByDate - League = {0}, Date = {2}
2021-01-29 19:10:00.2390 INFO SetNextResultCheckDateTime - Start - roundUp = True
2021-01-29 19:10:00.2390 INFO SetNextResultCheckDateTime - Set League 2790 next check date to 1/30/2021 2:25:00 PM
2021-01-29 19:10:00.2390 INFO SetNextResultCheckDateTime - Set League 2794 next check date to 1/30/2021 2:15:00 AM
2021-01-29 19:10:00.2390 INFO SetCachedItem = setting cache for NextFixtureCheckDateTime
2021-01-29 19:10:00.2390 INFO SetCachedItem = setting cache for NextFixtureCheckDateTime, with Expiry Date of 3/1/2021 2:10:00 AM
2021-01-29 19:15:00.0103 INFO GetRapidApiResults = Getting results from RapidApi 2794. FixtureDateTime = 1/30/2021 12:00:00 AM, Now = 1/30/2021 2:15:00 AM
2021-01-29 19:15:00.0103 INFO FixturesByLeagueByDate - League = {0}, Date = {2}
2021-01-29 19:15:00.2603 INFO SetNextResultCheckDateTime - Start - roundUp = True
2021-01-29 19:15:00.2760 INFO SetNextResultCheckDateTime - Set League 2790 next check date to 1/30/2021 2:25:00 PM
2021-01-29 19:15:00.2760 INFO SetNextResultCheckDateTime - Set League 2794 next check date to 1/30/2021 2:20:00 AM
2021-01-29 19:15:00.2760 INFO SetCachedItem = setting cache for NextFixtureCheckDateTime
2021-01-29 19:15:00.2760 INFO SetCachedItem = setting cache for NextFixtureCheckDateTime, with Expiry Date of 3/1/2021 2:15:00 AM
2021-01-29 19:20:00.0038 INFO GetRapidApiResults = Getting results from RapidApi 2794. FixtureDateTime = 1/30/2021 12:00:00 AM, Now = 1/30/2021 2:20:00 AM
2021-01-29 19:20:00.0038 INFO FixturesByLeagueByDate - League = {0}, Date = {2}
2021-01-29 19:20:00.2226 INFO SetNextResultCheckDateTime - Start - roundUp = True
2021-01-29 19:20:00.2382 INFO SetNextResultCheckDateTime - Set League 2790 next check date to 1/30/2021 2:25:00 PM
2021-01-29 19:20:00.2382 INFO SetNextResultCheckDateTime - Set League 2794 next check date to 1/30/2021 2:25:00 AM
2021-01-29 19:20:00.2382 INFO SetCachedItem = setting cache for NextFixtureCheckDateTime
2021-01-29 19:20:00.2382 INFO SetCachedItem = setting cache for NextFixtureCheckDateTime, with Expiry Date of 3/1/2021 2:20:00 AM
2021-01-29 19:25:00.0082 INFO GetRapidApiResults = Getting results from RapidApi 2794. FixtureDateTime = 1/30/2021 12:00:00 AM, Now = 1/30/2021 2:25:00 AM
2021-01-29 19:25:00.0082 INFO FixturesByLeagueByDate - League = {0}, Date = {2}
2021-01-29 19:25:00.2270 INFO SetNextResultCheckDateTime - Start - roundUp = True
2021-01-29 19:25:00.2426 INFO SetNextResultCheckDateTime - Set League 2790 next check date to 1/30/2021 2:25:00 PM
2021-01-29 19:25:00.2426 INFO SetNextResultCheckDateTime - Set League 2794 next check date to 1/30/2021 2:30:00 AM
2021-01-29 19:25:00.2426 INFO SetCachedItem = setting cache for NextFixtureCheckDateTime
2021-01-29 19:25:00.2426 INFO SetCachedItem = setting cache for NextFixtureCheckDateTime, with Expiry Date of 3/1/2021 2:25:00 AM
2021-01-29 19:30:00.0013 INFO GetRapidApiResults = Getting results from RapidApi 2794. FixtureDateTime = 1/30/2021 12:00:00 AM, Now = 1/30/2021 2:30:00 AM
2021-01-29 19:30:00.0013 INFO FixturesByLeagueByDate - League = {0}, Date = {2}
2021-01-29 19:30:00.3450 INFO SetNextResultCheckDateTime - Start - roundUp = True
2021-01-29 19:30:00.3763 INFO SetNextResultCheckDateTime - Set League 2790 next check date to 1/30/2021 2:25:00 PM
2021-01-29 19:30:00.3763 INFO SetNextResultCheckDateTime - Set League 2794 next check date to 1/30/2021 2:35:00 AM
2021-01-29 19:30:00.3763 INFO SetCachedItem = setting cache for NextFixtureCheckDateTime
2021-01-29 19:30:00.3763 INFO SetCachedItem = setting cache for NextFixtureCheckDateTime, with Expiry Date of 3/1/2021 2:30:00 AM
2021-01-29 19:35:00.0054 INFO GetRapidApiResults = Getting results from RapidApi 2794. FixtureDateTime = 1/30/2021 12:00:00 AM, Now = 1/30/2021 2:35:00 AM
2021-01-29 19:35:00.0054 INFO FixturesByLeagueByDate - League = {0}, Date = {2}
2021-01-29 19:35:00.2398 INFO SetNextResultCheckDateTime - Start - roundUp = True
2021-01-29 19:35:00.2554 INFO SetNextResultCheckDateTime - Set League 2790 next check date to 1/30/2021 2:25:00 PM
2021-01-29 19:35:00.2554 INFO SetNextResultCheckDateTime - Set League 2794 next check date to 1/30/2021 2:40:00 AM
2021-01-29 19:35:00.2554 INFO SetCachedItem = setting cache for NextFixtureCheckDateTime
2021-01-29 19:35:00.2554 INFO SetCachedItem = setting cache for NextFixtureCheckDateTime, with Expiry Date of 3/1/2021 2:35:00 AM
2021-01-29 19:40:00.0150 INFO GetRapidApiResults = Getting results from RapidApi 2794. FixtureDateTime = 1/30/2021 12:00:00 AM, Now = 1/30/2021 2:40:00 AM
2021-01-29 19:40:00.0150 INFO FixturesByLeagueByDate - League = {0}, Date = {2}
2021-01-29 19:40:00.2337 INFO SetNextResultCheckDateTime - Start - roundUp = True
2021-01-29 19:40:00.2494 INFO SetNextResultCheckDateTime - Set League 2790 next check date to 1/30/2021 2:25:00 PM
2021-01-29 19:40:00.2494 INFO SetNextResultCheckDateTime - Set League 2794 next check date to 1/30/2021 2:45:00 AM
2021-01-29 19:40:00.2494 INFO SetCachedItem = setting cache for NextFixtureCheckDateTime
2021-01-29 19:40:00.2494 INFO SetCachedItem = setting cache for NextFixtureCheckDateTime, with Expiry Date of 3/1/2021 2:40:00 AM
2021-01-29 19:45:00.0025 INFO GetRapidApiResults = Getting results from RapidApi 2794. FixtureDateTime = 1/30/2021 12:00:00 AM, Now = 1/30/2021 2:45:00 AM
2021-01-29 19:45:00.0025 INFO FixturesByLeagueByDate - League = {0}, Date = {2}
2021-01-29 19:45:00.3150 INFO SetNextResultCheckDateTime - Start - roundUp = True
2021-01-29 19:45:00.3307 INFO SetNextResultCheckDateTime - Set League 2790 next check date to 1/30/2021 2:25:00 PM
2021-01-29 19:45:00.3307 INFO SetNextResultCheckDateTime - Set League 2794 next check date to 1/30/2021 2:50:00 AM
2021-01-29 19:45:00.3307 INFO SetCachedItem = setting cache for NextFixtureCheckDateTime
2021-01-29 19:45:00.3307 INFO SetCachedItem = setting cache for NextFixtureCheckDateTime, with Expiry Date of 3/1/2021 2:45:00 AM
2021-01-29 19:50:00.0042 INFO GetRapidApiResults = Getting results from RapidApi 2794. FixtureDateTime = 1/30/2021 12:00:00 AM, Now = 1/30/2021 2:50:00 AM
2021-01-29 19:50:00.0042 INFO FixturesByLeagueByDate - League = {0}, Date = {2}
2021-01-29 19:50:00.3479 INFO SetNextResultCheckDateTime - Start - roundUp = True
2021-01-29 19:50:00.3635 INFO SetNextResultCheckDateTime - Set League 2790 next check date to 1/30/2021 2:25:00 PM
2021-01-29 19:50:00.3635 INFO SetNextResultCheckDateTime - Set League 2794 next check date to 1/30/2021 2:55:00 AM
2021-01-29 19:50:00.3635 INFO SetCachedItem = setting cache for NextFixtureCheckDateTime
2021-01-29 19:50:00.3635 INFO SetCachedItem = setting cache for NextFixtureCheckDateTime, with Expiry Date of 3/1/2021 2:50:00 AM
2021-01-29 19:55:00.0068 INFO GetRapidApiResults = Getting results from RapidApi 2794. FixtureDateTime = 1/30/2021 12:00:00 AM, Now = 1/30/2021 2:55:00 AM
2021-01-29 19:55:00.0068 INFO FixturesByLeagueByDate - League = {0}, Date = {2}
2021-01-29 19:55:00.3662 INFO SetNextResultCheckDateTime - Start - roundUp = True
2021-01-29 19:55:00.3818 INFO SetNextResultCheckDateTime - Set League 2790 next check date to 1/30/2021 2:25:00 PM
2021-01-29 19:55:00.3818 INFO SetNextResultCheckDateTime - Set League 2794 next check date to 1/30/2021 3:00:00 AM
2021-01-29 19:55:00.3974 INFO SetCachedItem = setting cache for NextFixtureCheckDateTime
2021-01-29 19:55:00.3974 INFO SetCachedItem = setting cache for NextFixtureCheckDateTime, with Expiry Date of 3/1/2021 2:55:00 AM
2021-01-29 20:00:00.0027 INFO GetRapidApiResults = Getting results from RapidApi 2794. FixtureDateTime = 1/30/2021 12:00:00 AM, Now = 1/30/2021 3:00:00 AM
2021-01-29 20:00:00.0027 INFO FixturesByLeagueByDate - League = {0}, Date = {2}
2021-01-29 20:00:00.2684 INFO SetNextResultCheckDateTime - Start - roundUp = True
2021-01-29 20:00:00.2840 INFO SetNextResultCheckDateTime - Set League 2790 next check date to 1/30/2021 2:25:00 PM
2021-01-29 20:00:00.2840 INFO SetNextResultCheckDateTime - Set League 2794 next check date to 1/30/2021 3:05:00 AM
2021-01-29 20:00:00.2840 INFO SetCachedItem = setting cache for NextFixtureCheckDateTime
2021-01-29 20:00:00.2996 INFO SetCachedItem = setting cache for NextFixtureCheckDateTime, with Expiry Date of 3/1/2021 3:00:00 AM
2021-01-29 20:05:00.0109 INFO GetRapidApiResults = Getting results from RapidApi 2794. FixtureDateTime = 1/30/2021 12:00:00 AM, Now = 1/30/2021 3:05:00 AM
2021-01-29 20:05:00.0109 INFO FixturesByLeagueByDate - League = {0}, Date = {2}
2021-01-29 20:05:00.2609 INFO SetNextResultCheckDateTime - Start - roundUp = True
2021-01-29 20:05:00.2765 INFO SetNextResultCheckDateTime - Set League 2790 next check date to 1/30/2021 2:25:00 PM
2021-01-29 20:05:00.2765 INFO SetNextResultCheckDateTime - Set League 2794 next check date to 1/30/2021 3:10:00 AM
2021-01-29 20:05:00.2765 INFO SetCachedItem = setting cache for NextFixtureCheckDateTime
2021-01-29 20:05:00.2765 INFO SetCachedItem = setting cache for NextFixtureCheckDateTime, with Expiry Date of 3/1/2021 3:05:00 AM
2021-01-29 20:10:00.0135 INFO GetRapidApiResults = Getting results from RapidApi 2794. FixtureDateTime = 1/30/2021 12:00:00 AM, Now = 1/30/2021 3:10:00 AM
2021-01-29 20:10:00.0135 INFO FixturesByLeagueByDate - League = {0}, Date = {2}
2021-01-29 20:10:00.2947 INFO SetNextResultCheckDateTime - Start - roundUp = True
2021-01-29 20:10:00.3260 INFO SetNextResultCheckDateTime - Set League 2790 next check date to 1/30/2021 2:25:00 PM
2021-01-29 20:10:00.3416 INFO SetNextResultCheckDateTime - Set League 2794 next check date to 1/30/2021 3:15:00 AM
2021-01-29 20:10:00.3416 INFO SetCachedItem = setting cache for NextFixtureCheckDateTime
2021-01-29 20:10:00.3416 INFO SetCachedItem = setting cache for NextFixtureCheckDateTime, with Expiry Date of 3/1/2021 3:10:00 AM
2021-01-29 20:15:00.0147 INFO GetRapidApiResults = Getting results from RapidApi 2794. FixtureDateTime = 1/30/2021 12:00:00 AM, Now = 1/30/2021 3:15:00 AM
2021-01-29 20:15:00.0147 INFO FixturesByLeagueByDate - League = {0}, Date = {2}
2021-01-29 20:15:00.2647 INFO SetNextResultCheckDateTime - Start - roundUp = True
2021-01-29 20:15:00.2803 INFO SetNextResultCheckDateTime - Set League 2790 next check date to 1/30/2021 2:25:00 PM
2021-01-29 20:15:00.2803 INFO SetNextResultCheckDateTime - Set League 2794 next check date to 1/30/2021 3:20:00 AM
2021-01-29 20:15:00.2803 INFO SetCachedItem = setting cache for NextFixtureCheckDateTime
2021-01-29 20:15:00.2803 INFO SetCachedItem = setting cache for NextFixtureCheckDateTime, with Expiry Date of 3/1/2021 3:15:00 AM
2021-01-29 20:20:00.0056 INFO GetRapidApiResults = Getting results from RapidApi 2794. FixtureDateTime = 1/30/2021 12:00:00 AM, Now = 1/30/2021 3:20:00 AM
2021-01-29 20:20:00.0056 INFO FixturesByLeagueByDate - League = {0}, Date = {2}
2021-01-29 20:20:00.2712 INFO SetNextResultCheckDateTime - Start - roundUp = True
2021-01-29 20:20:00.2869 INFO SetNextResultCheckDateTime - Set League 2790 next check date to 1/30/2021 2:25:00 PM
2021-01-29 20:20:00.2869 INFO SetNextResultCheckDateTime - Set League 2794 next check date to 1/30/2021 3:25:00 AM
2021-01-29 20:20:00.2869 INFO SetCachedItem = setting cache for NextFixtureCheckDateTime
2021-01-29 20:20:00.2869 INFO SetCachedItem = setting cache for NextFixtureCheckDateTime, with Expiry Date of 3/1/2021 3:20:00 AM
2021-01-29 20:25:00.0133 INFO GetRapidApiResults = Getting results from RapidApi 2794. FixtureDateTime = 1/30/2021 12:00:00 AM, Now = 1/30/2021 3:25:00 AM
2021-01-29 20:25:00.0133 INFO FixturesByLeagueByDate - League = {0}, Date = {2}
2021-01-29 20:25:00.2633 INFO SetNextResultCheckDateTime - Start - roundUp = True
2021-01-29 20:25:00.2789 INFO SetNextResultCheckDateTime - Set League 2790 next check date to 1/30/2021 2:25:00 PM
2021-01-29 20:25:00.2789 INFO SetNextResultCheckDateTime - Set League 2794 next check date to 1/30/2021 3:30:00 AM
2021-01-29 20:25:00.2789 INFO SetCachedItem = setting cache for NextFixtureCheckDateTime
2021-01-29 20:25:00.2789 INFO SetCachedItem = setting cache for NextFixtureCheckDateTime, with Expiry Date of 3/1/2021 3:25:00 AM
2021-01-29 20:30:00.0052 INFO GetRapidApiResults = Getting results from RapidApi 2794. FixtureDateTime = 1/30/2021 12:00:00 AM, Now = 1/30/2021 3:30:00 AM
2021-01-29 20:30:00.0052 INFO FixturesByLeagueByDate - League = {0}, Date = {2}
2021-01-29 20:30:00.3646 INFO SetNextResultCheckDateTime - Start - roundUp = True
2021-01-29 20:30:00.3958 INFO SetNextResultCheckDateTime - Set League 2790 next check date to 1/30/2021 2:25:00 PM
2021-01-29 20:30:00.3958 INFO SetNextResultCheckDateTime - Set League 2794 next check date to 1/30/2021 3:35:00 AM
2021-01-29 20:30:00.3958 INFO SetCachedItem = setting cache for NextFixtureCheckDateTime
2021-01-29 20:30:00.3958 INFO SetCachedItem = setting cache for NextFixtureCheckDateTime, with Expiry Date of 3/1/2021 3:30:00 AM
2021-01-29 20:35:00.0068 INFO GetRapidApiResults = Getting results from RapidApi 2794. FixtureDateTime = 1/30/2021 12:00:00 AM, Now = 1/30/2021 3:35:00 AM
2021-01-29 20:35:00.0068 INFO FixturesByLeagueByDate - League = {0}, Date = {2}
2021-01-29 20:35:00.2881 INFO SetNextResultCheckDateTime - Start - roundUp = True
2021-01-29 20:35:00.3350 INFO SetNextResultCheckDateTime - Set League 2790 next check date to 1/30/2021 2:25:00 PM
2021-01-29 20:35:00.3350 INFO SetNextResultCheckDateTime - Set League 2794 next check date to 1/30/2021 3:40:00 AM
2021-01-29 20:35:00.3350 INFO SetCachedItem = setting cache for NextFixtureCheckDateTime
2021-01-29 20:35:00.3350 INFO SetCachedItem = setting cache for NextFixtureCheckDateTime, with Expiry Date of 3/1/2021 3:35:00 AM
2021-01-29 20:40:00.0086 INFO GetRapidApiResults = Getting results from RapidApi 2794. FixtureDateTime = 1/30/2021 12:00:00 AM, Now = 1/30/2021 3:40:00 AM
2021-01-29 20:40:00.0086 INFO FixturesByLeagueByDate - League = {0}, Date = {2}
2021-01-29 20:40:00.2430 INFO SetNextResultCheckDateTime - Start - roundUp = True
2021-01-29 20:40:00.2586 INFO SetNextResultCheckDateTime - Set League 2790 next check date to 1/30/2021 2:25:00 PM
2021-01-29 20:40:00.2586 INFO SetNextResultCheckDateTime - Set League 2794 next check date to 1/30/2021 3:45:00 AM
2021-01-29 20:40:00.2586 INFO SetCachedItem = setting cache for NextFixtureCheckDateTime
2021-01-29 20:40:00.2586 INFO SetCachedItem = setting cache for NextFixtureCheckDateTime, with Expiry Date of 3/1/2021 3:40:00 AM
2021-01-29 20:45:00.0109 INFO GetRapidApiResults = Getting results from RapidApi 2794. FixtureDateTime = 1/30/2021 12:00:00 AM, Now = 1/30/2021 3:45:00 AM
2021-01-29 20:45:00.0109 INFO FixturesByLeagueByDate - League = {0}, Date = {2}
2021-01-29 20:45:00.2610 INFO SetNextResultCheckDateTime - Start - roundUp = True
2021-01-29 20:45:00.2922 INFO SetNextResultCheckDateTime - Set League 2790 next check date to 1/30/2021 2:25:00 PM
2021-01-29 20:45:00.2922 INFO SetNextResultCheckDateTime - Set League 2794 next check date to 1/30/2021 3:50:00 AM
2021-01-29 20:45:00.2922 INFO SetCachedItem = setting cache for NextFixtureCheckDateTime
2021-01-29 20:45:00.2922 INFO SetCachedItem = setting cache for NextFixtureCheckDateTime, with Expiry Date of 3/1/2021 3:45:00 AM
2021-01-29 20:50:00.0124 INFO GetRapidApiResults = Getting results from RapidApi 2794. FixtureDateTime = 1/30/2021 12:00:00 AM, Now = 1/30/2021 3:50:00 AM
2021-01-29 20:50:00.0124 INFO FixturesByLeagueByDate - League = {0}, Date = {2}
2021-01-29 20:50:00.2467 INFO SetNextResultCheckDateTime - Start - roundUp = True
2021-01-29 20:50:00.2624 INFO SetNextResultCheckDateTime - Set League 2790 next check date to 1/30/2021 2:25:00 PM
2021-01-29 20:50:00.2624 INFO SetNextResultCheckDateTime - Set League 2794 next check date to 1/30/2021 3:55:00 AM
2021-01-29 20:50:00.2624 INFO SetCachedItem = setting cache for NextFixtureCheckDateTime
2021-01-29 20:50:00.2624 INFO SetCachedItem = setting cache for NextFixtureCheckDateTime, with Expiry Date of 3/1/2021 3:50:00 AM
2021-01-29 20:55:00.0007 INFO GetRapidApiResults = Getting results from RapidApi 2794. FixtureDateTime = 1/30/2021 12:00:00 AM, Now = 1/30/2021 3:55:00 AM
2021-01-29 20:55:00.0007 INFO FixturesByLeagueByDate - League = {0}, Date = {2}
2021-01-29 20:55:00.4382 INFO SetNextResultCheckDateTime - Start - roundUp = True
2021-01-29 20:55:00.4538 INFO SetNextResultCheckDateTime - Set League 2790 next check date to 1/30/2021 2:25:00 PM
2021-01-29 20:55:00.4538 INFO SetNextResultCheckDateTime - Set League 2794 next check date to 1/30/2021 4:00:00 AM
2021-01-29 20:55:00.4538 INFO SetCachedItem = setting cache for NextFixtureCheckDateTime
2021-01-29 20:55:00.4538 INFO SetCachedItem = setting cache for NextFixtureCheckDateTime, with Expiry Date of 3/1/2021 3:55:00 AM
2021-01-29 21:00:00.0033 INFO GetRapidApiResults = Getting results from RapidApi 2794. FixtureDateTime = 1/30/2021 12:00:00 AM, Now = 1/30/2021 4:00:00 AM
2021-01-29 21:00:00.0033 INFO FixturesByLeagueByDate - League = {0}, Date = {2}
2021-01-29 21:00:00.2533 INFO SetNextResultCheckDateTime - Start - roundUp = True
2021-01-29 21:00:00.2689 INFO SetNextResultCheckDateTime - Set League 2790 next check date to 1/30/2021 2:25:00 PM
2021-01-29 21:00:00.2689 INFO SetNextResultCheckDateTime - Set League 2794 next check date to 1/30/2021 4:05:00 AM
2021-01-29 21:00:00.2689 INFO SetCachedItem = setting cache for NextFixtureCheckDateTime
2021-01-29 21:00:00.2689 INFO SetCachedItem = setting cache for NextFixtureCheckDateTime, with Expiry Date of 3/1/2021 4:00:00 AM
2021-01-29 21:05:00.0059 INFO GetRapidApiResults = Getting results from RapidApi 2794. FixtureDateTime = 1/30/2021 12:00:00 AM, Now = 1/30/2021 4:05:00 AM
2021-01-29 21:05:00.0059 INFO FixturesByLeagueByDate - League = {0}, Date = {2}
2021-01-29 21:05:00.2246 INFO SetNextResultCheckDateTime - Start - roundUp = True
2021-01-29 21:05:00.2559 INFO SetNextResultCheckDateTime - Set League 2790 next check date to 1/30/2021 2:25:00 PM
2021-01-29 21:05:00.2559 INFO SetNextResultCheckDateTime - Set League 2794 next check date to 1/30/2021 4:10:00 AM
2021-01-29 21:05:00.2559 INFO SetCachedItem = setting cache for NextFixtureCheckDateTime
2021-01-29 21:05:00.2559 INFO SetCachedItem = setting cache for NextFixtureCheckDateTime, with Expiry Date of 3/1/2021 4:05:00 AM
2021-01-29 21:10:00.0054 INFO GetRapidApiResults = Getting results from RapidApi 2794. FixtureDateTime = 1/30/2021 12:00:00 AM, Now = 1/30/2021 4:10:00 AM
2021-01-29 21:10:00.0054 INFO FixturesByLeagueByDate - League = {0}, Date = {2}
2021-01-29 21:10:00.2866 INFO SetNextResultCheckDateTime - Start - roundUp = True
2021-01-29 21:10:00.2866 INFO SetNextResultCheckDateTime - Set League 2790 next check date to 1/30/2021 2:25:00 PM
2021-01-29 21:10:00.2866 INFO SetNextResultCheckDateTime - Set League 2794 next check date to 1/30/2021 4:15:00 AM
2021-01-29 21:10:00.2866 INFO SetCachedItem = setting cache for NextFixtureCheckDateTime
2021-01-29 21:10:00.3022 INFO SetCachedItem = setting cache for NextFixtureCheckDateTime, with Expiry Date of 3/1/2021 4:10:00 AM
2021-01-29 21:15:00.0143 INFO GetRapidApiResults = Getting results from RapidApi 2794. FixtureDateTime = 1/30/2021 12:00:00 AM, Now = 1/30/2021 4:15:00 AM
2021-01-29 21:15:00.0143 INFO FixturesByLeagueByDate - League = {0}, Date = {2}
2021-01-29 21:15:00.3111 INFO SetNextResultCheckDateTime - Start - roundUp = True
2021-01-29 21:15:00.3268 INFO SetNextResultCheckDateTime - Set League 2790 next check date to 1/30/2021 2:25:00 PM
2021-01-29 21:15:00.3268 INFO SetNextResultCheckDateTime - Set League 2794 next check date to 1/30/2021 4:20:00 AM
2021-01-29 21:15:00.3268 INFO SetCachedItem = setting cache for NextFixtureCheckDateTime
2021-01-29 21:15:00.3268 INFO SetCachedItem = setting cache for NextFixtureCheckDateTime, with Expiry Date of 3/1/2021 4:15:00 AM
2021-01-29 21:20:00.0016 INFO GetRapidApiResults = Getting results from RapidApi 2794. FixtureDateTime = 1/30/2021 12:00:00 AM, Now = 1/30/2021 4:20:00 AM
2021-01-29 21:20:00.0016 INFO FixturesByLeagueByDate - League = {0}, Date = {2}
2021-01-29 21:20:00.3140 INFO SetNextResultCheckDateTime - Start - roundUp = True
2021-01-29 21:20:00.3453 INFO SetNextResultCheckDateTime - Set League 2790 next check date to 1/30/2021 2:25:00 PM
2021-01-29 21:20:00.3453 INFO SetNextResultCheckDateTime - Set League 2794 next check date to 1/30/2021 4:25:00 AM
2021-01-29 21:20:00.3453 INFO SetCachedItem = setting cache for NextFixtureCheckDateTime
2021-01-29 21:20:00.3453 INFO SetCachedItem = setting cache for NextFixtureCheckDateTime, with Expiry Date of 3/1/2021 4:20:00 AM
2021-01-29 21:25:00.0014 INFO GetRapidApiResults = Getting results from RapidApi 2794. FixtureDateTime = 1/30/2021 12:00:00 AM, Now = 1/30/2021 4:25:00 AM
2021-01-29 21:25:00.0014 INFO FixturesByLeagueByDate - League = {0}, Date = {2}
2021-01-29 21:25:00.2514 INFO SetNextResultCheckDateTime - Start - roundUp = True
2021-01-29 21:25:00.2670 INFO SetNextResultCheckDateTime - Set League 2790 next check date to 1/30/2021 2:25:00 PM
2021-01-29 21:25:00.2670 INFO SetNextResultCheckDateTime - Set League 2794 next check date to 1/30/2021 4:30:00 AM
2021-01-29 21:25:00.2670 INFO SetCachedItem = setting cache for NextFixtureCheckDateTime
2021-01-29 21:25:00.2670 INFO SetCachedItem = setting cache for NextFixtureCheckDateTime, with Expiry Date of 3/1/2021 4:25:00 AM
2021-01-29 21:30:00.0053 INFO GetRapidApiResults = Getting results from RapidApi 2794. FixtureDateTime = 1/30/2021 12:00:00 AM, Now = 1/30/2021 4:30:00 AM
2021-01-29 21:30:00.0053 INFO FixturesByLeagueByDate - League = {0}, Date = {2}
2021-01-29 21:30:00.2709 INFO SetNextResultCheckDateTime - Start - roundUp = True
2021-01-29 21:30:00.2876 INFO SetNextResultCheckDateTime - Set League 2790 next check date to 1/30/2021 2:25:00 PM
2021-01-29 21:30:00.2876 INFO SetNextResultCheckDateTime - Set League 2794 next check date to 1/30/2021 4:35:00 AM
2021-01-29 21:30:00.2876 INFO SetCachedItem = setting cache for NextFixtureCheckDateTime
2021-01-29 21:30:00.2876 INFO SetCachedItem = setting cache for NextFixtureCheckDateTime, with Expiry Date of 3/1/2021 4:30:00 AM
2021-01-29 21:35:00.0054 INFO GetRapidApiResults = Getting results from RapidApi 2794. FixtureDateTime = 1/30/2021 12:00:00 AM, Now = 1/30/2021 4:35:00 AM
2021-01-29 21:35:00.0054 INFO FixturesByLeagueByDate - League = {0}, Date = {2}
2021-01-29 21:35:00.2554 INFO SetNextResultCheckDateTime - Start - roundUp = True
2021-01-29 21:35:00.2710 INFO SetNextResultCheckDateTime - Set League 2790 next check date to 1/30/2021 2:25:00 PM
2021-01-29 21:35:00.2710 INFO SetNextResultCheckDateTime - Set League 2794 next check date to 1/30/2021 4:40:00 AM
2021-01-29 21:35:00.2710 INFO SetCachedItem = setting cache for NextFixtureCheckDateTime
2021-01-29 21:35:00.2710 INFO SetCachedItem = setting cache for NextFixtureCheckDateTime, with Expiry Date of 3/1/2021 4:35:00 AM
2021-01-29 21:40:00.0080 INFO GetRapidApiResults = Getting results from RapidApi 2794. FixtureDateTime = 1/30/2021 12:00:00 AM, Now = 1/30/2021 4:40:00 AM
2021-01-29 21:40:00.0080 INFO FixturesByLeagueByDate - League = {0}, Date = {2}
2021-01-29 21:40:00.2892 INFO SetNextResultCheckDateTime - Start - roundUp = True
2021-01-29 21:40:00.3205 INFO SetNextResultCheckDateTime - Set League 2790 next check date to 1/30/2021 2:25:00 PM
2021-01-29 21:40:00.3205 INFO SetNextResultCheckDateTime - Set League 2794 next check date to 1/30/2021 4:45:00 AM
2021-01-29 21:40:00.3205 INFO SetCachedItem = setting cache for NextFixtureCheckDateTime
2021-01-29 21:40:00.3205 INFO SetCachedItem = setting cache for NextFixtureCheckDateTime, with Expiry Date of 3/1/2021 4:40:00 AM
2021-01-29 21:45:00.0115 INFO GetRapidApiResults = Getting results from RapidApi 2794. FixtureDateTime = 1/30/2021 12:00:00 AM, Now = 1/30/2021 4:45:00 AM
2021-01-29 21:45:00.0115 INFO FixturesByLeagueByDate - League = {0}, Date = {2}
2021-01-29 21:45:00.2772 INFO SetNextResultCheckDateTime - Start - roundUp = True
2021-01-29 21:45:00.2772 INFO SetNextResultCheckDateTime - Set League 2790 next check date to 1/30/2021 2:25:00 PM
2021-01-29 21:45:00.2928 INFO SetNextResultCheckDateTime - Set League 2794 next check date to 1/30/2021 4:50:00 AM
2021-01-29 21:45:00.2928 INFO SetCachedItem = setting cache for NextFixtureCheckDateTime
2021-01-29 21:45:00.2928 INFO SetCachedItem = setting cache for NextFixtureCheckDateTime, with Expiry Date of 3/1/2021 4:45:00 AM
2021-01-29 21:50:00.0114 INFO GetRapidApiResults = Getting results from RapidApi 2794. FixtureDateTime = 1/30/2021 12:00:00 AM, Now = 1/30/2021 4:50:00 AM
2021-01-29 21:50:00.0114 INFO FixturesByLeagueByDate - League = {0}, Date = {2}
2021-01-29 21:50:00.2614 INFO SetNextResultCheckDateTime - Start - roundUp = True
2021-01-29 21:50:00.2771 INFO SetNextResultCheckDateTime - Set League 2790 next check date to 1/30/2021 2:25:00 PM
2021-01-29 21:50:00.2771 INFO SetNextResultCheckDateTime - Set League 2794 next check date to 1/30/2021 4:55:00 AM
2021-01-29 21:50:00.2771 INFO SetCachedItem = setting cache for NextFixtureCheckDateTime
2021-01-29 21:50:00.2771 INFO SetCachedItem = setting cache for NextFixtureCheckDateTime, with Expiry Date of 3/1/2021 4:50:00 AM
2021-01-29 21:55:00.0119 INFO GetRapidApiResults = Getting results from RapidApi 2794. FixtureDateTime = 1/30/2021 12:00:00 AM, Now = 1/30/2021 4:55:00 AM
2021-01-29 21:55:00.0119 INFO FixturesByLeagueByDate - League = {0}, Date = {2}
2021-01-29 21:55:00.2463 INFO SetNextResultCheckDateTime - Start - roundUp = True
2021-01-29 21:55:00.2620 INFO SetNextResultCheckDateTime - Set League 2790 next check date to 1/30/2021 2:25:00 PM
2021-01-29 21:55:00.2620 INFO SetNextResultCheckDateTime - Set League 2794 next check date to 1/30/2021 5:00:00 AM
2021-01-29 21:55:00.2620 INFO SetCachedItem = setting cache for NextFixtureCheckDateTime
2021-01-29 21:55:00.2620 INFO SetCachedItem = setting cache for NextFixtureCheckDateTime, with Expiry Date of 3/1/2021 4:55:00 AM
2021-01-29 22:00:00.0152 INFO GetRapidApiResults = Getting results from RapidApi 2794. FixtureDateTime = 1/30/2021 12:00:00 AM, Now = 1/30/2021 5:00:00 AM
2021-01-29 22:00:00.0152 INFO FixturesByLeagueByDate - League = {0}, Date = {2}
2021-01-29 22:00:00.3433 INFO SetNextResultCheckDateTime - Start - roundUp = True
2021-01-29 22:00:00.3746 INFO SetNextResultCheckDateTime - Set League 2790 next check date to 1/30/2021 2:25:00 PM
2021-01-29 22:00:00.3746 INFO SetNextResultCheckDateTime - Set League 2794 next check date to 1/30/2021 5:05:00 AM
2021-01-29 22:00:00.3746 INFO SetCachedItem = setting cache for NextFixtureCheckDateTime
2021-01-29 22:00:00.3746 INFO SetCachedItem = setting cache for NextFixtureCheckDateTime, with Expiry Date of 3/1/2021 5:00:00 AM
2021-01-29 22:05:00.0035 INFO GetRapidApiResults = Getting results from RapidApi 2794. FixtureDateTime = 1/30/2021 12:00:00 AM, Now = 1/30/2021 5:05:00 AM
2021-01-29 22:05:00.0035 INFO FixturesByLeagueByDate - League = {0}, Date = {2}
2021-01-29 22:05:00.2222 INFO SetNextResultCheckDateTime - Start - roundUp = True
2021-01-29 22:05:00.2379 INFO SetNextResultCheckDateTime - Set League 2790 next check date to 1/30/2021 2:25:00 PM
2021-01-29 22:05:00.2379 INFO SetNextResultCheckDateTime - Set League 2794 next check date to 1/30/2021 5:10:00 AM
2021-01-29 22:05:00.2379 INFO SetCachedItem = setting cache for NextFixtureCheckDateTime
2021-01-29 22:05:00.2379 INFO SetCachedItem = setting cache for NextFixtureCheckDateTime, with Expiry Date of 3/1/2021 5:05:00 AM
2021-01-29 22:10:00.0145 INFO GetRapidApiResults = Getting results from RapidApi 2794. FixtureDateTime = 1/30/2021 12:00:00 AM, Now = 1/30/2021 5:10:00 AM
2021-01-29 22:10:00.0145 INFO FixturesByLeagueByDate - League = {0}, Date = {2}
2021-01-29 22:10:00.2489 INFO SetNextResultCheckDateTime - Start - roundUp = True
2021-01-29 22:10:00.2645 INFO SetNextResultCheckDateTime - Set League 2790 next check date to 1/30/2021 2:25:00 PM
2021-01-29 22:10:00.2645 INFO SetNextResultCheckDateTime - Set League 2794 next check date to 1/30/2021 5:15:00 AM
2021-01-29 22:10:00.2645 INFO SetCachedItem = setting cache for NextFixtureCheckDateTime
2021-01-29 22:10:00.2645 INFO SetCachedItem = setting cache for NextFixtureCheckDateTime, with Expiry Date of 3/1/2021 5:10:00 AM
2021-01-29 22:15:00.0019 INFO GetRapidApiResults = Getting results from RapidApi 2794. FixtureDateTime = 1/30/2021 12:00:00 AM, Now = 1/30/2021 5:15:00 AM
2021-01-29 22:15:00.0019 INFO FixturesByLeagueByDate - League = {0}, Date = {2}
2021-01-29 22:15:00.3144 INFO SetNextResultCheckDateTime - Start - roundUp = True
2021-01-29 22:15:00.3453 INFO SetNextResultCheckDateTime - Set League 2790 next check date to 1/30/2021 2:25:00 PM
2021-01-29 22:15:00.3453 INFO SetNextResultCheckDateTime - Set League 2794 next check date to 1/30/2021 5:20:00 AM
2021-01-29 22:15:00.3453 INFO SetCachedItem = setting cache for NextFixtureCheckDateTime
2021-01-29 22:15:00.3453 INFO SetCachedItem = setting cache for NextFixtureCheckDateTime, with Expiry Date of 3/1/2021 5:15:00 AM
2021-01-29 22:20:00.0025 INFO GetRapidApiResults = Getting results from RapidApi 2794. FixtureDateTime = 1/30/2021 12:00:00 AM, Now = 1/30/2021 5:20:00 AM
2021-01-29 22:20:00.0025 INFO FixturesByLeagueByDate - League = {0}, Date = {2}
2021-01-29 22:20:00.2369 INFO SetNextResultCheckDateTime - Start - roundUp = True
2021-01-29 22:20:00.2681 INFO SetNextResultCheckDateTime - Set League 2790 next check date to 1/30/2021 2:25:00 PM
2021-01-29 22:20:00.2681 INFO SetNextResultCheckDateTime - Set League 2794 next check date to 1/30/2021 5:25:00 AM
2021-01-29 22:20:00.2681 INFO SetCachedItem = setting cache for NextFixtureCheckDateTime
2021-01-29 22:20:00.2681 INFO SetCachedItem = setting cache for NextFixtureCheckDateTime, with Expiry Date of 3/1/2021 5:20:00 AM
2021-01-29 22:25:00.0058 INFO GetRapidApiResults = Getting results from RapidApi 2794. FixtureDateTime = 1/30/2021 12:00:00 AM, Now = 1/30/2021 5:25:00 AM
2021-01-29 22:25:00.0058 INFO FixturesByLeagueByDate - League = {0}, Date = {2}
2021-01-29 22:25:00.2246 INFO SetNextResultCheckDateTime - Start - roundUp = True
2021-01-29 22:25:00.2402 INFO SetNextResultCheckDateTime - Set League 2790 next check date to 1/30/2021 2:25:00 PM
2021-01-29 22:25:00.2402 INFO SetNextResultCheckDateTime - Set League 2794 next check date to 1/30/2021 5:30:00 AM
2021-01-29 22:25:00.2558 INFO SetCachedItem = setting cache for NextFixtureCheckDateTime
2021-01-29 22:25:00.2558 INFO SetCachedItem = setting cache for NextFixtureCheckDateTime, with Expiry Date of 3/1/2021 5:25:00 AM
2021-01-29 22:30:00.0076 INFO GetRapidApiResults = Getting results from RapidApi 2794. FixtureDateTime = 1/30/2021 12:00:00 AM, Now = 1/30/2021 5:30:00 AM
2021-01-29 22:30:00.0076 INFO FixturesByLeagueByDate - League = {0}, Date = {2}
2021-01-29 22:30:00.2576 INFO SetNextResultCheckDateTime - Start - roundUp = True
2021-01-29 22:30:00.2732 INFO SetNextResultCheckDateTime - Set League 2790 next check date to 1/30/2021 2:25:00 PM
2021-01-29 22:30:00.2732 INFO SetNextResultCheckDateTime - Set League 2794 next check date to 1/30/2021 5:35:00 AM
2021-01-29 22:30:00.2732 INFO SetCachedItem = setting cache for NextFixtureCheckDateTime
2021-01-29 22:30:00.2732 INFO SetCachedItem = setting cache for NextFixtureCheckDateTime, with Expiry Date of 3/1/2021 5:30:00 AM
2021-01-29 22:35:00.0106 INFO GetRapidApiResults = Getting results from RapidApi 2794. FixtureDateTime = 1/30/2021 12:00:00 AM, Now = 1/30/2021 5:35:00 AM
2021-01-29 22:35:00.0106 INFO FixturesByLeagueByDate - League = {0}, Date = {2}
2021-01-29 22:35:00.2606 INFO SetNextResultCheckDateTime - Start - roundUp = True
2021-01-29 22:35:00.2606 INFO SetNextResultCheckDateTime - Set League 2790 next check date to 1/30/2021 2:25:00 PM
2021-01-29 22:35:00.2606 INFO SetNextResultCheckDateTime - Set League 2794 next check date to 1/30/2021 5:40:00 AM
2021-01-29 22:35:00.2606 INFO SetCachedItem = setting cache for NextFixtureCheckDateTime
2021-01-29 22:35:00.2606 INFO SetCachedItem = setting cache for NextFixtureCheckDateTime, with Expiry Date of 3/1/2021 5:35:00 AM
2021-01-29 22:40:00.0129 INFO GetRapidApiResults = Getting results from RapidApi 2794. FixtureDateTime = 1/30/2021 12:00:00 AM, Now = 1/30/2021 5:40:00 AM
2021-01-29 22:40:00.0129 INFO FixturesByLeagueByDate - League = {0}, Date = {2}
2021-01-29 22:40:00.2473 INFO SetNextResultCheckDateTime - Start - roundUp = True
2021-01-29 22:40:00.2629 INFO SetNextResultCheckDateTime - Set League 2790 next check date to 1/30/2021 2:25:00 PM
2021-01-29 22:40:00.2785 INFO SetNextResultCheckDateTime - Set League 2794 next check date to 1/30/2021 5:45:00 AM
2021-01-29 22:40:00.2785 INFO SetCachedItem = setting cache for NextFixtureCheckDateTime
2021-01-29 22:40:00.2785 INFO SetCachedItem = setting cache for NextFixtureCheckDateTime, with Expiry Date of 3/1/2021 5:40:00 AM
2021-01-29 22:45:00.0006 INFO GetRapidApiResults = Getting results from RapidApi 2794. FixtureDateTime = 1/30/2021 12:00:00 AM, Now = 1/30/2021 5:45:00 AM
2021-01-29 22:45:00.0006 INFO FixturesByLeagueByDate - League = {0}, Date = {2}
2021-01-29 22:45:00.2662 INFO SetNextResultCheckDateTime - Start - roundUp = True
2021-01-29 22:45:00.2975 INFO SetNextResultCheckDateTime - Set League 2790 next check date to 1/30/2021 2:25:00 PM
2021-01-29 22:45:00.2975 INFO SetNextResultCheckDateTime - Set League 2794 next check date to 1/30/2021 5:50:00 AM
2021-01-29 22:45:00.2975 INFO SetCachedItem = setting cache for NextFixtureCheckDateTime
2021-01-29 22:45:00.2975 INFO SetCachedItem = setting cache for NextFixtureCheckDateTime, with Expiry Date of 3/1/2021 5:45:00 AM
2021-01-29 22:50:00.0008 INFO GetRapidApiResults = Getting results from RapidApi 2794. FixtureDateTime = 1/30/2021 12:00:00 AM, Now = 1/30/2021 5:50:00 AM
2021-01-29 22:50:00.0008 INFO FixturesByLeagueByDate - League = {0}, Date = {2}
2021-01-29 22:50:00.2508 INFO SetNextResultCheckDateTime - Start - roundUp = True
2021-01-29 22:50:00.2664 INFO SetNextResultCheckDateTime - Set League 2790 next check date to 1/30/2021 2:25:00 PM
2021-01-29 22:50:00.2664 INFO SetNextResultCheckDateTime - Set League 2794 next check date to 1/30/2021 5:55:00 AM
2021-01-29 22:50:00.2664 INFO SetCachedItem = setting cache for NextFixtureCheckDateTime
2021-01-29 22:50:00.2664 INFO SetCachedItem = setting cache for NextFixtureCheckDateTime, with Expiry Date of 3/1/2021 5:50:00 AM
2021-01-29 22:55:00.0019 INFO GetRapidApiResults = Getting results from RapidApi 2794. FixtureDateTime = 1/30/2021 12:00:00 AM, Now = 1/30/2021 5:55:00 AM
2021-01-29 22:55:00.0019 INFO FixturesByLeagueByDate - League = {0}, Date = {2}
2021-01-29 22:55:00.2675 INFO SetNextResultCheckDateTime - Start - roundUp = True
2021-01-29 22:55:00.2831 INFO SetNextResultCheckDateTime - Set League 2790 next check date to 1/30/2021 2:25:00 PM
2021-01-29 22:55:00.2831 INFO SetNextResultCheckDateTime - Set League 2794 next check date to 1/30/2021 6:00:00 AM
2021-01-29 22:55:00.2831 INFO SetCachedItem = setting cache for NextFixtureCheckDateTime
2021-01-29 22:55:00.2831 INFO SetCachedItem = setting cache for NextFixtureCheckDateTime, with Expiry Date of 3/1/2021 5:55:00 AM
2021-01-29 23:00:00.0022 INFO GetRapidApiResults = Getting results from RapidApi 2794. FixtureDateTime = 1/30/2021 12:00:00 AM, Now = 1/30/2021 6:00:00 AM
2021-01-29 23:00:00.0022 INFO FixturesByLeagueByDate - League = {0}, Date = {2}
2021-01-29 23:00:00.2835 INFO SetNextResultCheckDateTime - Start - roundUp = True
2021-01-29 23:00:00.3147 INFO SetNextResultCheckDateTime - Set League 2790 next check date to 1/30/2021 2:25:00 PM
2021-01-29 23:00:00.3147 INFO SetNextResultCheckDateTime - Set League 2794 next check date to 1/30/2021 6:05:00 AM
2021-01-29 23:00:00.3147 INFO SetCachedItem = setting cache for NextFixtureCheckDateTime
2021-01-29 23:00:00.3147 INFO SetCachedItem = setting cache for NextFixtureCheckDateTime, with Expiry Date of 3/1/2021 6:00:00 AM
2021-01-29 23:05:00.0042 INFO GetRapidApiResults = Getting results from RapidApi 2794. FixtureDateTime = 1/30/2021 12:00:00 AM, Now = 1/30/2021 6:05:00 AM
2021-01-29 23:05:00.0042 INFO FixturesByLeagueByDate - League = {0}, Date = {2}
2021-01-29 23:05:00.2854 INFO SetNextResultCheckDateTime - Start - roundUp = True
2021-01-29 23:05:00.3010 INFO SetNextResultCheckDateTime - Set League 2790 next check date to 1/30/2021 2:25:00 PM
2021-01-29 23:05:00.3010 INFO SetNextResultCheckDateTime - Set League 2794 next check date to 1/30/2021 6:10:00 AM
2021-01-29 23:05:00.3010 INFO SetCachedItem = setting cache for NextFixtureCheckDateTime
2021-01-29 23:05:00.3010 INFO SetCachedItem = setting cache for NextFixtureCheckDateTime, with Expiry Date of 3/1/2021 6:05:00 AM
2021-01-29 23:10:00.0052 INFO GetRapidApiResults = Getting results from RapidApi 2794. FixtureDateTime = 1/30/2021 12:00:00 AM, Now = 1/30/2021 6:10:00 AM
2021-01-29 23:10:00.0052 INFO FixturesByLeagueByDate - League = {0}, Date = {2}
2021-01-29 23:10:00.2708 INFO SetNextResultCheckDateTime - Start - roundUp = True
2021-01-29 23:10:00.3020 INFO SetNextResultCheckDateTime - Set League 2790 next check date to 1/30/2021 2:25:00 PM
2021-01-29 23:10:00.3020 INFO SetNextResultCheckDateTime - Set League 2794 next check date to 1/30/2021 6:15:00 AM
2021-01-29 23:10:00.3020 INFO SetCachedItem = setting cache for NextFixtureCheckDateTime
2021-01-29 23:10:00.3020 INFO SetCachedItem = setting cache for NextFixtureCheckDateTime, with Expiry Date of 3/1/2021 6:10:00 AM
2021-01-29 23:15:00.0093 INFO GetRapidApiResults = Getting results from RapidApi 2794. FixtureDateTime = 1/30/2021 12:00:00 AM, Now = 1/30/2021 6:15:00 AM
2021-01-29 23:15:00.0093 INFO FixturesByLeagueByDate - League = {0}, Date = {2}
2021-01-29 23:15:00.2437 INFO SetNextResultCheckDateTime - Start - roundUp = True
2021-01-29 23:15:00.2593 INFO SetNextResultCheckDateTime - Set League 2790 next check date to 1/30/2021 2:25:00 PM
2021-01-29 23:15:00.2593 INFO SetNextResultCheckDateTime - Set League 2794 next check date to 1/30/2021 6:20:00 AM
2021-01-29 23:15:00.2593 INFO SetCachedItem = setting cache for NextFixtureCheckDateTime
2021-01-29 23:15:00.2593 INFO SetCachedItem = setting cache for NextFixtureCheckDateTime, with Expiry Date of 3/1/2021 6:15:00 AM
2021-01-29 23:20:00.0102 INFO GetRapidApiResults = Getting results from RapidApi 2794. FixtureDateTime = 1/30/2021 12:00:00 AM, Now = 1/30/2021 6:20:00 AM
2021-01-29 23:20:00.0102 INFO FixturesByLeagueByDate - League = {0}, Date = {2}
2021-01-29 23:20:00.2602 INFO SetNextResultCheckDateTime - Start - roundUp = True
2021-01-29 23:20:00.3070 INFO SetNextResultCheckDateTime - Set League 2790 next check date to 1/30/2021 2:25:00 PM
2021-01-29 23:20:00.3227 INFO SetNextResultCheckDateTime - Set League 2794 next check date to 1/30/2021 6:25:00 AM
2021-01-29 23:20:00.3227 INFO SetCachedItem = setting cache for NextFixtureCheckDateTime
2021-01-29 23:20:00.3227 INFO SetCachedItem = setting cache for NextFixtureCheckDateTime, with Expiry Date of 3/1/2021 6:20:00 AM
2021-01-29 23:25:00.0118 INFO GetRapidApiResults = Getting results from RapidApi 2794. FixtureDateTime = 1/30/2021 12:00:00 AM, Now = 1/30/2021 6:25:00 AM
2021-01-29 23:25:00.0118 INFO FixturesByLeagueByDate - League = {0}, Date = {2}
2021-01-29 23:25:00.2618 INFO SetNextResultCheckDateTime - Start - roundUp = True
2021-01-29 23:25:00.2618 INFO SetNextResultCheckDateTime - Set League 2790 next check date to 1/30/2021 2:25:00 PM
2021-01-29 23:25:00.2618 INFO SetNextResultCheckDateTime - Set League 2794 next check date to 1/30/2021 6:30:00 AM
2021-01-29 23:25:00.2774 INFO SetCachedItem = setting cache for NextFixtureCheckDateTime
2021-01-29 23:25:00.2774 INFO SetCachedItem = setting cache for NextFixtureCheckDateTime, with Expiry Date of 3/1/2021 6:25:00 AM
2021-01-29 23:30:00.0000 INFO GetRapidApiResults = Getting results from RapidApi 2794. FixtureDateTime = 1/30/2021 12:00:00 AM, Now = 1/30/2021 6:30:00 AM
2021-01-29 23:30:00.0000 INFO FixturesByLeagueByDate - League = {0}, Date = {2}
2021-01-29 23:30:00.2969 INFO SetNextResultCheckDateTime - Start - roundUp = True
2021-01-29 23:30:00.3282 INFO SetNextResultCheckDateTime - Set League 2790 next check date to 1/30/2021 2:25:00 PM
2021-01-29 23:30:00.3282 INFO SetNextResultCheckDateTime - Set League 2794 next check date to 1/30/2021 6:35:00 AM
2021-01-29 23:30:00.3282 INFO SetCachedItem = setting cache for NextFixtureCheckDateTime
2021-01-29 23:30:00.3282 INFO SetCachedItem = setting cache for NextFixtureCheckDateTime, with Expiry Date of 3/1/2021 6:30:00 AM
2021-01-29 23:35:00.0014 INFO GetRapidApiResults = Getting results from RapidApi 2794. FixtureDateTime = 1/30/2021 12:00:00 AM, Now = 1/30/2021 6:35:00 AM
2021-01-29 23:35:00.0014 INFO FixturesByLeagueByDate - League = {0}, Date = {2}
2021-01-29 23:35:00.2201 INFO SetNextResultCheckDateTime - Start - roundUp = True
2021-01-29 23:35:00.2358 INFO SetNextResultCheckDateTime - Set League 2790 next check date to 1/30/2021 2:25:00 PM
2021-01-29 23:35:00.2358 INFO SetNextResultCheckDateTime - Set League 2794 next check date to 1/30/2021 6:40:00 AM
2021-01-29 23:35:00.2358 INFO SetCachedItem = setting cache for NextFixtureCheckDateTime
2021-01-29 23:35:00.2358 INFO SetCachedItem = setting cache for NextFixtureCheckDateTime, with Expiry Date of 3/1/2021 6:35:00 AM
2021-01-29 23:40:00.0053 INFO GetRapidApiResults = Getting results from RapidApi 2794. FixtureDateTime = 1/30/2021 12:00:00 AM, Now = 1/30/2021 6:40:00 AM
2021-01-29 23:40:00.0053 INFO FixturesByLeagueByDate - League = {0}, Date = {2}
2021-01-29 23:40:00.2397 INFO SetNextResultCheckDateTime - Start - roundUp = True
2021-01-29 23:40:00.2553 INFO SetNextResultCheckDateTime - Set League 2790 next check date to 1/30/2021 2:25:00 PM
2021-01-29 23:40:00.2553 INFO SetNextResultCheckDateTime - Set League 2794 next check date to 1/30/2021 6:45:00 AM
2021-01-29 23:40:00.2553 INFO SetCachedItem = setting cache for NextFixtureCheckDateTime
2021-01-29 23:40:00.2553 INFO SetCachedItem = setting cache for NextFixtureCheckDateTime, with Expiry Date of 3/1/2021 6:40:00 AM
2021-01-29 23:45:00.0063 INFO GetRapidApiResults = Getting results from RapidApi 2794. FixtureDateTime = 1/30/2021 12:00:00 AM, Now = 1/30/2021 6:45:00 AM
2021-01-29 23:45:00.0063 INFO FixturesByLeagueByDate - League = {0}, Date = {2}
2021-01-29 23:45:00.3500 INFO SetNextResultCheckDateTime - Start - roundUp = True
2021-01-29 23:45:00.3969 INFO SetNextResultCheckDateTime - Set League 2790 next check date to 1/30/2021 2:25:00 PM
2021-01-29 23:45:00.3969 INFO SetNextResultCheckDateTime - Set League 2794 next check date to 1/30/2021 6:50:00 AM
2021-01-29 23:45:00.3969 INFO SetCachedItem = setting cache for NextFixtureCheckDateTime
2021-01-29 23:45:00.3969 INFO SetCachedItem = setting cache for NextFixtureCheckDateTime, with Expiry Date of 3/1/2021 6:45:00 AM
2021-01-29 23:50:00.0098 INFO GetRapidApiResults = Getting results from RapidApi 2794. FixtureDateTime = 1/30/2021 12:00:00 AM, Now = 1/30/2021 6:50:00 AM
2021-01-29 23:50:00.0098 INFO FixturesByLeagueByDate - League = {0}, Date = {2}
2021-01-29 23:50:00.4004 INFO SetNextResultCheckDateTime - Start - roundUp = True
2021-01-29 23:50:00.4160 INFO SetNextResultCheckDateTime - Set League 2790 next check date to 1/30/2021 2:25:00 PM
2021-01-29 23:50:00.4160 INFO SetNextResultCheckDateTime - Set League 2794 next check date to 1/30/2021 6:55:00 AM
2021-01-29 23:50:00.4160 INFO SetCachedItem = setting cache for NextFixtureCheckDateTime
2021-01-29 23:50:00.4160 INFO SetCachedItem = setting cache for NextFixtureCheckDateTime, with Expiry Date of 3/1/2021 6:50:00 AM
2021-01-29 23:55:00.0103 INFO GetRapidApiResults = Getting results from RapidApi 2794. FixtureDateTime = 1/30/2021 12:00:00 AM, Now = 1/30/2021 6:55:00 AM
2021-01-29 23:55:00.0103 INFO FixturesByLeagueByDate - League = {0}, Date = {2}
2021-01-29 23:55:00.2447 INFO SetNextResultCheckDateTime - Start - roundUp = True
2021-01-29 23:55:00.2759 INFO SetNextResultCheckDateTime - Set League 2790 next check date to 1/30/2021 2:25:00 PM
2021-01-29 23:55:00.2759 INFO SetNextResultCheckDateTime - Set League 2794 next check date to 1/30/2021 7:00:00 AM
2021-01-29 23:55:00.2759 INFO SetCachedItem = setting cache for NextFixtureCheckDateTime
2021-01-29 23:55:00.2915 INFO SetCachedItem = setting cache for NextFixtureCheckDateTime, with Expiry Date of 3/1/2021 6:55:00 AM
