2021-12-18 17:18:59.5700 INFO Default Quartz.NET properties loaded from embedded resource file
2021-12-18 17:18:59.6228 INFO Initialized Scheduler Signaller of type: Quartz.Core.SchedulerSignalerImpl
2021-12-18 17:18:59.6228 INFO Quartz Scheduler v.3.2.2.0 created.
2021-12-18 17:18:59.6228 INFO JobFactory set to: Quartz.Simpl.PropertySettingJobFactory
2021-12-18 17:18:59.6228 INFO RAMJobStore initialized.
2021-12-18 17:18:59.6318 INFO Scheduler meta-data: Quartz Scheduler (v3.2.2.0) 'DefaultQuartzScheduler' with instanceId 'NON_CLUSTERED'
  Scheduler class: 'Quartz.Core.QuartzScheduler' - running locally.
  NOT STARTED.
  Currently in standby mode.
  Number of jobs executed: 0
  Using thread pool 'Quartz.Simpl.DefaultThreadPool' - with 10 threads.
  Using job-store 'Quartz.Simpl.RAMJobStore' - which does not support persistence. and is not clustered.

2021-12-18 17:18:59.6318 INFO Quartz scheduler 'DefaultQuartzScheduler' initialized
2021-12-18 17:18:59.6318 INFO Quartz scheduler version: 3.2.2.0
2021-12-18 17:18:59.6857 INFO Scheduler DefaultQuartzScheduler_$_NON_CLUSTERED started.
2021-12-18 17:18:59.8373 INFO Startup Configuration - Start
2021-12-18 17:18:59.8373 INFO SetEventCache - Start
2021-12-18 17:18:59.9819 INFO SetCachedItem = setting cache for Events
2021-12-18 17:18:59.9819 INFO SetCachedItem = setting cache for Events, with Expiry Date of 17/01/2022 17:18:59
2021-12-18 17:18:59.9819 INFO SetNextResultCheckDateTime - Start - roundUp = False
2021-12-18 17:18:59.9819 INFO SetNextResultCheckDateTime - rapidApiResultChecks == null
2021-12-18 17:19:00.0876 INFO SetNextResultCheckDateTime - Start - roundUp = False
2021-12-18 17:19:00.0876 INFO SetNextResultCheckDateTime - rapidApiResultChecks == null
2021-12-18 17:19:00.2920 INFO SetNextResultCheckDateTime - Set League 3448 next check date to 20/11/2021 16:55:00
2021-12-18 17:19:00.2920 INFO SetNextResultCheckDateTime - Set League 3456 next check date to 20/11/2021 14:25:00
2021-12-18 17:19:00.2920 INFO SetCachedItem = setting cache for NextFixtureCheckDateTime
2021-12-18 17:19:00.2920 INFO SetCachedItem = setting cache for NextFixtureCheckDateTime, with Expiry Date of 17/01/2022 17:19:00
2021-12-18 17:19:00.2920 INFO GetRapidApiResults = Getting results from RapidApi 3448. FixtureDateTime = 20/11/2021 00:00:00, Now = 18/12/2021 17:19:00
2021-12-18 17:19:00.2920 INFO FixturesByLeague - League = 3448, EarliestDate = 20/11/2021 00:00:00
2021-12-18 17:19:00.3100 INFO SetNextResultCheckDateTime - Set League 3448 next check date to 20/11/2021 16:55:00
2021-12-18 17:19:00.3100 INFO SetNextResultCheckDateTime - Set League 3456 next check date to 20/11/2021 14:25:00
2021-12-18 17:19:00.3100 INFO SetCachedItem = setting cache for NextFixtureCheckDateTime
2021-12-18 17:19:00.3100 INFO SetCachedItem = setting cache for NextFixtureCheckDateTime, with Expiry Date of 17/01/2022 17:19:00
2021-12-18 17:19:02.8816 INFO SetEventCache - Start
2021-12-18 17:19:02.8816 INFO SetCachedItem = setting cache for Events
2021-12-18 17:19:02.8816 INFO SetCachedItem = setting cache for Events, with Expiry Date of 17/01/2022 17:19:02
2021-12-18 17:19:02.8816 INFO GetRapidApiResults = Getting results from RapidApi 3456. FixtureDateTime = 20/11/2021 00:00:00, Now = 18/12/2021 17:19:02
2021-12-18 17:19:02.8816 INFO FixturesByLeague - League = 3456, EarliestDate = 20/11/2021 00:00:00
2021-12-18 17:19:05.9235 INFO SetEventCache - Start
2021-12-18 17:19:05.9265 INFO SetCachedItem = setting cache for Events
2021-12-18 17:19:05.9265 INFO SetCachedItem = setting cache for Events, with Expiry Date of 17/01/2022 17:19:05
2021-12-18 17:19:05.9265 INFO SetNextResultCheckDateTime - Start - roundUp = True
2021-12-18 17:19:05.9265 INFO SetCachedItem = setting cache for NextFixtureCheckDateTime
2021-12-18 17:19:05.9265 INFO SetCachedItem = setting cache for NextFixtureCheckDateTime, with Expiry Date of 17/01/2022 17:19:05
2021-12-18 17:19:05.9445 INFO DailyRapidApiLeagueCheck --> lastDate = 09/11/2021 00:00:00, Now = 18/12/2021 00:00:00
2021-12-18 17:19:05.9445 INFO SetCachedItem = setting cache for DailyRapidApiLeagueCheck, with Expiry Date of 19/12/2021 00:00:00
2021-12-18 17:19:05.9445 INFO DailyRapidApiLeagueCheck --> performUpdate = True
2021-12-18 17:19:05.9445 INFO DailyRapidApiLeagueCheck --> Performing daily league update
2021-12-18 17:19:06.0712 INFO FixturesByLeague - League = 3448, EarliestDate = 22/12/2021 00:00:00
2021-12-18 17:19:06.8221 INFO FixturesByOdds - League = 3448
2021-12-18 17:19:10.5172 INFO OddsByLeagueAndBookmaker - League = 3448, pageNbr = 2
2021-12-18 17:19:12.7093 INFO OddsByLeagueAndBookmaker - League = 3448, pageNbr = 0
2021-12-18 17:19:12.7263 INFO FixturesByLeague - League = 3456, EarliestDate = 18/12/2021 00:00:00
2021-12-18 17:19:14.1965 INFO FixturesByOdds - League = 3456
2021-12-18 17:19:18.8828 INFO OddsByLeagueAndBookmaker - League = 3456, pageNbr = 2
2021-12-18 17:19:23.1947 INFO OddsByLeagueAndBookmaker - League = 3456, pageNbr = 3
2021-12-18 17:19:27.3056 INFO OddsByLeagueAndBookmaker - League = 3456, pageNbr = 0
2021-12-18 17:19:27.5270 INFO SetEventCache - Start
2021-12-18 17:19:27.5270 INFO SetCachedItem = setting cache for Events
2021-12-18 17:19:27.5270 INFO SetCachedItem = setting cache for Events, with Expiry Date of 17/01/2022 17:19:27
2021-12-18 17:19:27.6018 INFO SetEventCache - Start
2021-12-18 17:19:27.6018 INFO SetCachedItem = setting cache for Events
2021-12-18 17:19:27.6018 INFO SetCachedItem = setting cache for Events, with Expiry Date of 17/01/2022 17:19:27
