2021-06-12 00:37:22.5682 INFO Default Quartz.NET properties loaded from embedded resource file
2021-06-12 00:37:22.6381 INFO Initialized Scheduler Signaller of type: Quartz.Core.SchedulerSignalerImpl
2021-06-12 00:37:22.6381 INFO Quartz Scheduler v.3.2.2.0 created.
2021-06-12 00:37:22.6461 INFO JobFactory set to: Quartz.Simpl.PropertySettingJobFactory
2021-06-12 00:37:22.6461 INFO RAMJobStore initialized.
2021-06-12 00:37:22.6461 INFO Scheduler meta-data: Quartz Scheduler (v3.2.2.0) 'DefaultQuartzScheduler' with instanceId 'NON_CLUSTERED'
  Scheduler class: 'Quartz.Core.QuartzScheduler' - running locally.
  NOT STARTED.
  Currently in standby mode.
  Number of jobs executed: 0
  Using thread pool 'Quartz.Simpl.DefaultThreadPool' - with 10 threads.
  Using job-store 'Quartz.Simpl.RAMJobStore' - which does not support persistence. and is not clustered.

2021-06-12 00:37:22.6989 INFO Quartz scheduler 'DefaultQuartzScheduler' initialized
2021-06-12 00:37:22.6989 INFO Quartz scheduler version: 3.2.2.0
2021-06-12 00:37:22.7329 INFO Scheduler DefaultQuartzScheduler_$_NON_CLUSTERED started.
2021-06-12 00:37:23.4001 INFO Startup Configuration - Start
2021-06-12 00:37:23.4001 INFO SetEventCache - Start
2021-06-12 00:37:23.4469 INFO SetCachedItem = setting cache for Events
2021-06-12 00:37:23.4469 INFO SetCachedItem = setting cache for Events, with Expiry Date of 11/07/2021 23:37:23
2021-06-12 00:37:23.4469 INFO SetNextResultCheckDateTime - Start - roundUp = False
2021-06-12 00:37:23.4469 INFO SetNextResultCheckDateTime - rapidApiResultChecks == null
2021-06-12 00:37:23.4898 INFO SetNextResultCheckDateTime - Set League 403 next check date to 12/06/2021 14:55:00
2021-06-12 00:37:23.4898 INFO SetNextResultCheckDateTime - Set League 1422 next check date to 06/10/2021 20:40:00
2021-06-12 00:37:23.4898 INFO SetCachedItem = setting cache for NextFixtureCheckDateTime
2021-06-12 00:37:23.4898 INFO SetCachedItem = setting cache for NextFixtureCheckDateTime, with Expiry Date of 11/07/2021 23:37:23
2021-06-12 00:42:34.5521 INFO Default Quartz.NET properties loaded from embedded resource file
2021-06-12 00:42:34.6079 INFO Initialized Scheduler Signaller of type: Quartz.Core.SchedulerSignalerImpl
2021-06-12 00:42:34.6209 INFO Quartz Scheduler v.3.2.2.0 created.
2021-06-12 00:42:34.6787 INFO JobFactory set to: Quartz.Simpl.PropertySettingJobFactory
2021-06-12 00:42:34.6937 INFO RAMJobStore initialized.
2021-06-12 00:42:34.6937 INFO Scheduler meta-data: Quartz Scheduler (v3.2.2.0) 'DefaultQuartzScheduler' with instanceId 'NON_CLUSTERED'
  Scheduler class: 'Quartz.Core.QuartzScheduler' - running locally.
  NOT STARTED.
  Currently in standby mode.
  Number of jobs executed: 0
  Using thread pool 'Quartz.Simpl.DefaultThreadPool' - with 10 threads.
  Using job-store 'Quartz.Simpl.RAMJobStore' - which does not support persistence. and is not clustered.

2021-06-12 00:42:34.6937 INFO Quartz scheduler 'DefaultQuartzScheduler' initialized
2021-06-12 00:42:34.6937 INFO Quartz scheduler version: 3.2.2.0
2021-06-12 00:42:34.7077 INFO Scheduler DefaultQuartzScheduler_$_NON_CLUSTERED started.
2021-06-12 00:42:34.8244 INFO Startup Configuration - Start
2021-06-12 00:42:34.8244 INFO SetEventCache - Start
2021-06-12 00:42:34.8712 INFO SetCachedItem = setting cache for Events
2021-06-12 00:42:34.8712 INFO SetCachedItem = setting cache for Events, with Expiry Date of 11/07/2021 23:42:34
2021-06-12 00:42:34.8712 INFO SetNextResultCheckDateTime - Start - roundUp = False
2021-06-12 00:42:34.8762 INFO SetNextResultCheckDateTime - rapidApiResultChecks == null
2021-06-12 00:42:34.9111 INFO SetNextResultCheckDateTime - Set League 403 next check date to 12/06/2021 14:55:00
2021-06-12 00:42:34.9111 INFO SetNextResultCheckDateTime - Set League 1422 next check date to 06/10/2021 20:40:00
2021-06-12 00:42:34.9111 INFO SetCachedItem = setting cache for NextFixtureCheckDateTime
2021-06-12 00:42:34.9111 INFO SetCachedItem = setting cache for NextFixtureCheckDateTime, with Expiry Date of 11/07/2021 23:42:34
2021-06-12 00:46:15.6912 INFO SetCachedItem = setting cache for DailyRapidApiLeagueCheck, with Expiry Date of 13/06/2021 00:00:00
2021-06-12 00:46:17.7076 INFO SetCachedItem = setting cache for DailyRapidApiLeagueCheck, with Expiry Date of 13/06/2021 00:00:00
2021-06-12 00:52:40.1688 INFO Default Quartz.NET properties loaded from embedded resource file
2021-06-12 00:52:40.2247 INFO Initialized Scheduler Signaller of type: Quartz.Core.SchedulerSignalerImpl
2021-06-12 00:52:40.2526 INFO Quartz Scheduler v.3.2.2.0 created.
2021-06-12 00:52:40.2865 INFO JobFactory set to: Quartz.Simpl.PropertySettingJobFactory
2021-06-12 00:52:40.3034 INFO RAMJobStore initialized.
2021-06-12 00:52:40.3034 INFO Scheduler meta-data: Quartz Scheduler (v3.2.2.0) 'DefaultQuartzScheduler' with instanceId 'NON_CLUSTERED'
  Scheduler class: 'Quartz.Core.QuartzScheduler' - running locally.
  NOT STARTED.
  Currently in standby mode.
  Number of jobs executed: 0
  Using thread pool 'Quartz.Simpl.DefaultThreadPool' - with 10 threads.
  Using job-store 'Quartz.Simpl.RAMJobStore' - which does not support persistence. and is not clustered.

2021-06-12 00:52:40.3034 INFO Quartz scheduler 'DefaultQuartzScheduler' initialized
2021-06-12 00:52:40.3034 INFO Quartz scheduler version: 3.2.2.0
2021-06-12 00:52:40.3174 INFO Scheduler DefaultQuartzScheduler_$_NON_CLUSTERED started.
2021-06-12 00:52:40.4730 INFO Startup Configuration - Start
2021-06-12 00:52:40.4730 INFO SetEventCache - Start
2021-06-12 00:52:40.5189 INFO SetCachedItem = setting cache for Events
2021-06-12 00:52:40.5189 INFO SetCachedItem = setting cache for Events, with Expiry Date of 11/07/2021 23:52:40
2021-06-12 00:52:40.5189 INFO SetNextResultCheckDateTime - Start - roundUp = False
2021-06-12 00:52:40.5189 INFO SetNextResultCheckDateTime - rapidApiResultChecks == null
2021-06-12 00:52:40.5677 INFO SetNextResultCheckDateTime - Set League 403 next check date to 12/06/2021 14:55:00
2021-06-12 00:52:40.5677 INFO SetNextResultCheckDateTime - Set League 1422 next check date to 06/10/2021 20:40:00
2021-06-12 00:52:40.5677 INFO SetCachedItem = setting cache for NextFixtureCheckDateTime
2021-06-12 00:52:40.5677 INFO SetCachedItem = setting cache for NextFixtureCheckDateTime, with Expiry Date of 11/07/2021 23:52:40
2021-06-12 00:53:00.0579 INFO SetCachedItem = setting cache for DailyRapidApiLeagueCheck, with Expiry Date of 13/06/2021 00:00:00
2021-06-12 00:54:46.9034 INFO Account - Login (HttpPost) - pete@salsbury.co.uk logged in
2021-06-12 00:57:57.1164 INFO Default Quartz.NET properties loaded from embedded resource file
2021-06-12 00:57:57.1723 INFO Initialized Scheduler Signaller of type: Quartz.Core.SchedulerSignalerImpl
2021-06-12 00:57:57.1723 INFO Quartz Scheduler v.3.2.2.0 created.
2021-06-12 00:57:57.2211 INFO JobFactory set to: Quartz.Simpl.PropertySettingJobFactory
2021-06-12 00:57:57.2521 INFO RAMJobStore initialized.
2021-06-12 00:57:57.2521 INFO Scheduler meta-data: Quartz Scheduler (v3.2.2.0) 'DefaultQuartzScheduler' with instanceId 'NON_CLUSTERED'
  Scheduler class: 'Quartz.Core.QuartzScheduler' - running locally.
  NOT STARTED.
  Currently in standby mode.
  Number of jobs executed: 0
  Using thread pool 'Quartz.Simpl.DefaultThreadPool' - with 10 threads.
  Using job-store 'Quartz.Simpl.RAMJobStore' - which does not support persistence. and is not clustered.

2021-06-12 00:57:57.2521 INFO Quartz scheduler 'DefaultQuartzScheduler' initialized
2021-06-12 00:57:57.2521 INFO Quartz scheduler version: 3.2.2.0
2021-06-12 00:57:57.2680 INFO Scheduler DefaultQuartzScheduler_$_NON_CLUSTERED started.
2021-06-12 00:57:57.3967 INFO Startup Configuration - Start
2021-06-12 00:57:57.3967 INFO SetEventCache - Start
2021-06-12 00:57:57.4506 INFO SetCachedItem = setting cache for Events
2021-06-12 00:57:57.4506 INFO SetCachedItem = setting cache for Events, with Expiry Date of 11/07/2021 23:57:57
2021-06-12 00:57:57.4545 INFO SetNextResultCheckDateTime - Start - roundUp = False
2021-06-12 00:57:57.4545 INFO SetNextResultCheckDateTime - rapidApiResultChecks == null
2021-06-12 00:57:57.4974 INFO SetNextResultCheckDateTime - Set League 403 next check date to 12/06/2021 14:55:00
2021-06-12 00:57:57.4974 INFO SetNextResultCheckDateTime - Set League 1422 next check date to 06/10/2021 20:40:00
2021-06-12 00:57:57.4974 INFO SetCachedItem = setting cache for NextFixtureCheckDateTime
2021-06-12 00:57:57.4974 INFO SetCachedItem = setting cache for NextFixtureCheckDateTime, with Expiry Date of 11/07/2021 23:57:57
2021-06-12 00:58:00.1098 INFO SetCachedItem = setting cache for DailyRapidApiLeagueCheck, with Expiry Date of 13/06/2021 00:00:00
2021-06-12 01:00:35.5813 INFO Default Quartz.NET properties loaded from embedded resource file
2021-06-12 01:00:35.6382 INFO Initialized Scheduler Signaller of type: Quartz.Core.SchedulerSignalerImpl
2021-06-12 01:00:35.6651 INFO Quartz Scheduler v.3.2.2.0 created.
2021-06-12 01:00:35.7050 INFO JobFactory set to: Quartz.Simpl.PropertySettingJobFactory
2021-06-12 01:00:35.7280 INFO RAMJobStore initialized.
2021-06-12 01:00:35.7280 INFO Scheduler meta-data: Quartz Scheduler (v3.2.2.0) 'DefaultQuartzScheduler' with instanceId 'NON_CLUSTERED'
  Scheduler class: 'Quartz.Core.QuartzScheduler' - running locally.
  NOT STARTED.
  Currently in standby mode.
  Number of jobs executed: 0
  Using thread pool 'Quartz.Simpl.DefaultThreadPool' - with 10 threads.
  Using job-store 'Quartz.Simpl.RAMJobStore' - which does not support persistence. and is not clustered.

2021-06-12 01:00:35.7280 INFO Quartz scheduler 'DefaultQuartzScheduler' initialized
2021-06-12 01:00:35.7280 INFO Quartz scheduler version: 3.2.2.0
2021-06-12 01:00:35.7439 INFO Scheduler DefaultQuartzScheduler_$_NON_CLUSTERED started.
2021-06-12 01:00:35.8626 INFO Startup Configuration - Start
2021-06-12 01:00:35.8626 INFO SetEventCache - Start
2021-06-12 01:00:35.9095 INFO SetCachedItem = setting cache for Events
2021-06-12 01:00:35.9095 INFO SetCachedItem = setting cache for Events, with Expiry Date of 12/07/2021 00:00:35
2021-06-12 01:00:35.9095 INFO SetNextResultCheckDateTime - Start - roundUp = False
2021-06-12 01:00:35.9095 INFO SetNextResultCheckDateTime - rapidApiResultChecks == null
2021-06-12 01:00:35.9584 INFO SetNextResultCheckDateTime - Set League 403 next check date to 12/06/2021 14:55:00
2021-06-12 01:00:35.9584 INFO SetNextResultCheckDateTime - Set League 1422 next check date to 06/10/2021 20:40:00
2021-06-12 01:00:35.9584 INFO SetCachedItem = setting cache for NextFixtureCheckDateTime
2021-06-12 01:00:35.9584 INFO SetCachedItem = setting cache for NextFixtureCheckDateTime, with Expiry Date of 12/07/2021 00:00:35
2021-06-12 01:01:00.0656 INFO DailyRapidApiLeagueCheck --> lastDate = 11/06/2021 00:00:00, Now = 12/06/2021 00:00:00
2021-06-12 01:01:00.0656 INFO SetCachedItem = setting cache for DailyRapidApiLeagueCheck, with Expiry Date of 13/06/2021 00:00:00
2021-06-12 01:01:00.0786 INFO DailyRapidApiLeagueCheck --> Performing daily league update
2021-06-12 01:01:00.2272 INFO FixturesByLeague - League = 403, EarliestDate = 12/06/2021 00:00:00
2021-06-12 01:01:08.7327 INFO FixturesByOdds - League = 403
2021-06-12 01:01:10.8271 INFO OddsByLeagueAndBookmaker - League = 403, pageNbr = 2
2021-06-12 01:01:12.5105 INFO OddsByLeagueAndBookmaker - League = 403, pageNbr = 3
2021-06-12 01:01:15.3301 INFO OddsByLeagueAndBookmaker - League = 403, pageNbr = 0
2021-06-12 01:01:15.3570 INFO FixturesByLeague - League = 1422, EarliestDate = 14/06/2021 00:00:00
2021-06-12 01:01:15.7510 INFO FixturesByOdds - League = 1422
2021-06-12 01:01:16.0183 INFO OddsByLeagueAndBookmaker - League = 1422, pageNbr = 0
2021-06-12 20:05:43.6836 INFO Default Quartz.NET properties loaded from embedded resource file
2021-06-12 20:05:43.8372 INFO Initialized Scheduler Signaller of type: Quartz.Core.SchedulerSignalerImpl
2021-06-12 20:05:43.8861 INFO Quartz Scheduler v.3.2.2.0 created.
2021-06-12 20:05:43.9399 INFO JobFactory set to: Quartz.Simpl.PropertySettingJobFactory
2021-06-12 20:05:43.9399 INFO RAMJobStore initialized.
2021-06-12 20:05:43.9519 INFO Scheduler meta-data: Quartz Scheduler (v3.2.2.0) 'DefaultQuartzScheduler' with instanceId 'NON_CLUSTERED'
  Scheduler class: 'Quartz.Core.QuartzScheduler' - running locally.
  NOT STARTED.
  Currently in standby mode.
  Number of jobs executed: 0
  Using thread pool 'Quartz.Simpl.DefaultThreadPool' - with 10 threads.
  Using job-store 'Quartz.Simpl.RAMJobStore' - which does not support persistence. and is not clustered.

2021-06-12 20:05:43.9519 INFO Quartz scheduler 'DefaultQuartzScheduler' initialized
2021-06-12 20:05:43.9519 INFO Quartz scheduler version: 3.2.2.0
2021-06-12 20:05:43.9738 INFO Scheduler DefaultQuartzScheduler_$_NON_CLUSTERED started.
2021-06-12 20:05:44.2361 INFO Startup Configuration - Start
2021-06-12 20:05:44.2361 INFO SetEventCache - Start
2021-06-12 20:05:44.3329 INFO SetCachedItem = setting cache for Events
2021-06-12 20:05:44.3329 INFO SetCachedItem = setting cache for Events, with Expiry Date of 12/07/2021 19:05:44
2021-06-12 20:05:44.3329 INFO SetNextResultCheckDateTime - Start - roundUp = False
2021-06-12 20:05:44.3329 INFO SetNextResultCheckDateTime - rapidApiResultChecks == null
2021-06-12 20:05:44.3987 INFO SetNextResultCheckDateTime - Set League 403 next check date to 12/06/2021 14:55:00
2021-06-12 20:05:44.3987 INFO SetNextResultCheckDateTime - Set League 1422 next check date to 06/10/2021 20:40:00
2021-06-12 20:05:44.3987 INFO SetCachedItem = setting cache for NextFixtureCheckDateTime
2021-06-12 20:05:44.3987 INFO SetCachedItem = setting cache for NextFixtureCheckDateTime, with Expiry Date of 12/07/2021 19:05:44
2021-06-12 20:06:00.0561 INFO GetRapidApiResults = Getting results from RapidApi 403. FixtureDateTime = 12/06/2021 00:00:00, Now = 12/06/2021 19:06:00
2021-06-12 20:06:00.0710 INFO FixturesByLeagueByDate - League = 403, Date = 2021-06-12
2021-06-12 20:06:05.6252 INFO SetEventCache - Start
2021-06-12 20:06:05.6471 INFO SetCachedItem = setting cache for Events
2021-06-12 20:06:05.6641 INFO SetCachedItem = setting cache for Events, with Expiry Date of 12/07/2021 19:06:05
2021-06-12 20:06:05.6850 INFO SetNextResultCheckDateTime - Start - roundUp = True
2021-06-12 20:06:05.6960 INFO SetNextResultCheckDateTime - Set League 403 next check date to 12/06/2021 19:10:00
2021-06-12 20:06:05.6960 INFO SetNextResultCheckDateTime - Set League 1422 next check date to 06/10/2021 20:40:00
2021-06-12 20:06:05.6960 INFO SetCachedItem = setting cache for NextFixtureCheckDateTime
2021-06-12 20:06:05.6960 INFO SetCachedItem = setting cache for NextFixtureCheckDateTime, with Expiry Date of 12/07/2021 19:06:05
2021-06-12 20:06:05.7179 INFO SetCachedItem = setting cache for DailyRapidApiLeagueCheck, with Expiry Date of 13/06/2021 00:00:00
2021-06-12 20:10:00.0132 INFO GetRapidApiResults = Getting results from RapidApi 403. FixtureDateTime = 12/06/2021 00:00:00, Now = 12/06/2021 19:10:00
2021-06-12 20:10:00.0132 INFO FixturesByLeagueByDate - League = 403, Date = 2021-06-12
2021-06-12 20:10:00.5717 INFO SetNextResultCheckDateTime - Start - roundUp = True
2021-06-12 20:10:00.6056 INFO SetNextResultCheckDateTime - Set League 403 next check date to 12/06/2021 19:15:00
2021-06-12 20:10:00.6225 INFO SetNextResultCheckDateTime - Set League 1422 next check date to 06/10/2021 20:40:00
2021-06-12 20:10:00.6425 INFO SetCachedItem = setting cache for NextFixtureCheckDateTime
2021-06-12 20:10:00.6425 INFO SetCachedItem = setting cache for NextFixtureCheckDateTime, with Expiry Date of 12/07/2021 19:10:00
2021-06-12 22:31:19.0474 INFO Default Quartz.NET properties loaded from embedded resource file
2021-06-12 22:31:19.1222 INFO Initialized Scheduler Signaller of type: Quartz.Core.SchedulerSignalerImpl
2021-06-12 22:31:19.1531 INFO Quartz Scheduler v.3.2.2.0 created.
2021-06-12 22:31:19.1601 INFO JobFactory set to: Quartz.Simpl.PropertySettingJobFactory
2021-06-12 22:31:19.1601 INFO RAMJobStore initialized.
2021-06-12 22:31:19.1601 INFO Scheduler meta-data: Quartz Scheduler (v3.2.2.0) 'DefaultQuartzScheduler' with instanceId 'NON_CLUSTERED'
  Scheduler class: 'Quartz.Core.QuartzScheduler' - running locally.
  NOT STARTED.
  Currently in standby mode.
  Number of jobs executed: 0
  Using thread pool 'Quartz.Simpl.DefaultThreadPool' - with 10 threads.
  Using job-store 'Quartz.Simpl.RAMJobStore' - which does not support persistence. and is not clustered.

2021-06-12 22:31:19.1780 INFO Quartz scheduler 'DefaultQuartzScheduler' initialized
2021-06-12 22:31:19.1780 INFO Quartz scheduler version: 3.2.2.0
2021-06-12 22:31:19.1950 INFO Scheduler DefaultQuartzScheduler_$_NON_CLUSTERED started.
2021-06-12 22:31:19.3406 INFO Startup Configuration - Start
2021-06-12 22:31:19.3406 INFO SetEventCache - Start
2021-06-12 22:31:19.3845 INFO SetCachedItem = setting cache for Events
2021-06-12 22:31:19.3845 INFO SetCachedItem = setting cache for Events, with Expiry Date of 12/07/2021 21:31:19
2021-06-12 22:31:19.3845 INFO SetNextResultCheckDateTime - Start - roundUp = False
2021-06-12 22:31:19.3845 INFO SetNextResultCheckDateTime - rapidApiResultChecks == null
2021-06-12 22:31:19.4234 INFO SetNextResultCheckDateTime - Set League 403 next check date to 12/06/2021 17:55:00
2021-06-12 22:31:19.4234 INFO SetNextResultCheckDateTime - Set League 1422 next check date to 06/10/2021 20:40:00
2021-06-12 22:31:19.4234 INFO SetCachedItem = setting cache for NextFixtureCheckDateTime
2021-06-12 22:31:19.4234 INFO SetCachedItem = setting cache for NextFixtureCheckDateTime, with Expiry Date of 12/07/2021 21:31:19
2021-06-12 22:32:13.7783 INFO GetRapidApiResults = Getting results from RapidApi 403. FixtureDateTime = 12/06/2021 00:00:00, Now = 12/06/2021 21:32:13
2021-06-12 22:32:21.5976 INFO FixturesByLeagueByDate - League = 403, Date = 2021-06-12
2021-06-12 22:32:31.6218 INFO SetEventCache - Start
2021-06-12 22:32:31.6348 INFO SetCachedItem = setting cache for Events
2021-06-12 22:32:31.6437 INFO SetCachedItem = setting cache for Events, with Expiry Date of 12/07/2021 21:32:31
2021-06-12 22:32:31.6437 INFO SetNextResultCheckDateTime - Start - roundUp = True
2021-06-12 22:32:31.6437 INFO SetNextResultCheckDateTime - Set League 403 next check date to 13/06/2021 14:55:00
2021-06-12 22:32:31.6594 INFO SetNextResultCheckDateTime - Set League 1422 next check date to 06/10/2021 20:40:00
2021-06-12 22:32:31.6594 INFO SetCachedItem = setting cache for NextFixtureCheckDateTime
2021-06-12 22:32:31.6594 INFO SetCachedItem = setting cache for NextFixtureCheckDateTime, with Expiry Date of 12/07/2021 21:32:31
2021-06-12 22:32:31.6594 INFO SetCachedItem = setting cache for DailyRapidApiLeagueCheck, with Expiry Date of 13/06/2021 00:00:00
2021-06-12 22:53:17.8299 INFO Default Quartz.NET properties loaded from embedded resource file
2021-06-12 22:53:17.8847 INFO Initialized Scheduler Signaller of type: Quartz.Core.SchedulerSignalerImpl
2021-06-12 22:53:17.9206 INFO Quartz Scheduler v.3.2.2.0 created.
2021-06-12 22:53:17.9595 INFO JobFactory set to: Quartz.Simpl.PropertySettingJobFactory
2021-06-12 22:53:17.9775 INFO RAMJobStore initialized.
2021-06-12 22:53:17.9775 INFO Scheduler meta-data: Quartz Scheduler (v3.2.2.0) 'DefaultQuartzScheduler' with instanceId 'NON_CLUSTERED'
  Scheduler class: 'Quartz.Core.QuartzScheduler' - running locally.
  NOT STARTED.
  Currently in standby mode.
  Number of jobs executed: 0
  Using thread pool 'Quartz.Simpl.DefaultThreadPool' - with 10 threads.
  Using job-store 'Quartz.Simpl.RAMJobStore' - which does not support persistence. and is not clustered.

2021-06-12 22:53:17.9775 INFO Quartz scheduler 'DefaultQuartzScheduler' initialized
2021-06-12 22:53:17.9775 INFO Quartz scheduler version: 3.2.2.0
2021-06-12 22:53:17.9895 INFO Scheduler DefaultQuartzScheduler_$_NON_CLUSTERED started.
2021-06-12 22:53:18.1281 INFO Startup Configuration - Start
2021-06-12 22:53:18.1281 INFO SetEventCache - Start
2021-06-12 22:53:18.1720 INFO SetCachedItem = setting cache for Events
2021-06-12 22:53:18.1720 INFO SetCachedItem = setting cache for Events, with Expiry Date of 12/07/2021 21:53:18
2021-06-12 22:53:18.1770 INFO SetNextResultCheckDateTime - Start - roundUp = False
2021-06-12 22:53:18.1770 INFO SetNextResultCheckDateTime - rapidApiResultChecks == null
2021-06-12 22:53:18.2059 INFO SetNextResultCheckDateTime - Set League 403 next check date to 13/06/2021 14:55:00
2021-06-12 22:53:18.2059 INFO SetNextResultCheckDateTime - Set League 1422 next check date to 06/10/2021 20:40:00
2021-06-12 22:53:18.2059 INFO SetCachedItem = setting cache for NextFixtureCheckDateTime
2021-06-12 22:53:18.2059 INFO SetCachedItem = setting cache for NextFixtureCheckDateTime, with Expiry Date of 12/07/2021 21:53:18
2021-06-12 22:54:00.2055 INFO SetCachedItem = setting cache for DailyRapidApiLeagueCheck, with Expiry Date of 13/06/2021 00:00:00
