2021-06-15 08:43:40.5533 INFO Default Quartz.NET properties loaded from embedded resource file
2021-06-15 08:43:40.6321 INFO Initialized Scheduler Signaller of type: Quartz.Core.SchedulerSignalerImpl
2021-06-15 08:43:40.6321 INFO Quartz Scheduler v.3.2.2.0 created.
2021-06-15 08:44:30.1838 INFO Default Quartz.NET properties loaded from embedded resource file
2021-06-15 08:44:30.2446 INFO Initialized Scheduler Signaller of type: Quartz.Core.SchedulerSignalerImpl
2021-06-15 08:44:30.2446 INFO Quartz Scheduler v.3.2.2.0 created.
2021-06-15 08:44:30.2596 INFO JobFactory set to: Quartz.Simpl.PropertySettingJobFactory
2021-06-15 08:44:30.2596 INFO RAMJobStore initialized.
2021-06-15 08:44:30.2596 INFO Scheduler meta-data: Quartz Scheduler (v3.2.2.0) 'DefaultQuartzScheduler' with instanceId 'NON_CLUSTERED'
  Scheduler class: 'Quartz.Core.QuartzScheduler' - running locally.
  NOT STARTED.
  Currently in standby mode.
  Number of jobs executed: 0
  Using thread pool 'Quartz.Simpl.DefaultThreadPool' - with 10 threads.
  Using job-store 'Quartz.Simpl.RAMJobStore' - which does not support persistence. and is not clustered.

2021-06-15 08:44:30.2765 INFO Quartz scheduler 'DefaultQuartzScheduler' initialized
2021-06-15 08:44:30.2765 INFO Quartz scheduler version: 3.2.2.0
2021-06-15 08:44:30.2885 INFO Scheduler DefaultQuartzScheduler_$_NON_CLUSTERED started.
2021-06-15 08:44:30.9543 INFO Startup Configuration - Start
2021-06-15 08:44:30.9543 INFO SetEventCache - Start
2021-06-15 08:44:30.9999 INFO SetCachedItem = setting cache for Events
2021-06-15 08:44:30.9999 INFO SetCachedItem = setting cache for Events, with Expiry Date of 15/07/2021 07:44:30
2021-06-15 08:44:31.0049 INFO SetNextResultCheckDateTime - Start - roundUp = False
2021-06-15 08:44:31.0049 INFO SetNextResultCheckDateTime - rapidApiResultChecks == null
2021-06-15 08:44:31.0385 INFO SetNextResultCheckDateTime - Set League 403 next check date to 15/06/2021 17:55:00
2021-06-15 08:44:31.0385 INFO SetNextResultCheckDateTime - Set League 1422 next check date to 06/10/2021 20:40:00
2021-06-15 08:44:31.0385 INFO SetCachedItem = setting cache for NextFixtureCheckDateTime
2021-06-15 08:44:31.0385 INFO SetCachedItem = setting cache for NextFixtureCheckDateTime, with Expiry Date of 15/07/2021 07:44:31
2021-06-15 08:47:34.8720 INFO Default Quartz.NET properties loaded from embedded resource file
2021-06-15 08:47:34.9368 INFO Initialized Scheduler Signaller of type: Quartz.Core.SchedulerSignalerImpl
2021-06-15 08:47:34.9597 INFO Quartz Scheduler v.3.2.2.0 created.
2021-06-15 08:47:34.9976 INFO JobFactory set to: Quartz.Simpl.PropertySettingJobFactory
2021-06-15 08:47:34.9976 INFO RAMJobStore initialized.
2021-06-15 08:47:34.9976 INFO Scheduler meta-data: Quartz Scheduler (v3.2.2.0) 'DefaultQuartzScheduler' with instanceId 'NON_CLUSTERED'
  Scheduler class: 'Quartz.Core.QuartzScheduler' - running locally.
  NOT STARTED.
  Currently in standby mode.
  Number of jobs executed: 0
  Using thread pool 'Quartz.Simpl.DefaultThreadPool' - with 10 threads.
  Using job-store 'Quartz.Simpl.RAMJobStore' - which does not support persistence. and is not clustered.

2021-06-15 08:47:35.0036 INFO Quartz scheduler 'DefaultQuartzScheduler' initialized
2021-06-15 08:47:35.0036 INFO Quartz scheduler version: 3.2.2.0
2021-06-15 08:47:35.0036 INFO Scheduler DefaultQuartzScheduler_$_NON_CLUSTERED started.
2021-06-15 08:47:35.1652 INFO Startup Configuration - Start
2021-06-15 08:47:35.1652 INFO SetEventCache - Start
2021-06-15 08:47:35.2111 INFO SetCachedItem = setting cache for Events
2021-06-15 08:47:35.2111 INFO SetCachedItem = setting cache for Events, with Expiry Date of 15/07/2021 07:47:35
2021-06-15 08:47:35.2111 INFO SetNextResultCheckDateTime - Start - roundUp = False
2021-06-15 08:47:35.2111 INFO SetNextResultCheckDateTime - rapidApiResultChecks == null
2021-06-15 08:47:35.2520 INFO SetNextResultCheckDateTime - Set League 403 next check date to 15/06/2021 17:55:00
2021-06-15 08:47:35.2520 INFO SetNextResultCheckDateTime - Set League 1422 next check date to 06/10/2021 20:40:00
2021-06-15 08:47:35.2530 INFO SetCachedItem = setting cache for NextFixtureCheckDateTime
2021-06-15 08:47:35.2530 INFO SetCachedItem = setting cache for NextFixtureCheckDateTime, with Expiry Date of 15/07/2021 07:47:35
2021-06-15 08:48:06.9957 INFO DailyRapidApiLeagueCheck --> lastDate = 14/06/2021 00:00:00, Now = 15/06/2021 00:00:00
2021-06-15 08:48:07.3847 INFO SetCachedItem = setting cache for DailyRapidApiLeagueCheck, with Expiry Date of 16/06/2021 00:00:00
2021-06-15 08:48:07.3847 INFO DailyRapidApiLeagueCheck --> Performing daily league update
2021-06-15 08:48:07.4904 INFO FixturesByLeague - League = 403, EarliestDate = 15/06/2021 00:00:00
2021-06-15 08:48:08.8406 INFO FixturesByOdds - League = 403
2021-06-15 08:48:10.6759 INFO OddsByLeagueAndBookmaker - League = 403, pageNbr = 2
2021-06-15 08:48:22.6635 INFO OddsByLeagueAndBookmaker - League = 403, pageNbr = 3
2021-06-15 08:48:25.2027 INFO OddsByLeagueAndBookmaker - League = 403, pageNbr = 4
2021-06-15 08:48:26.5531 INFO OddsByLeagueAndBookmaker - League = 403, pageNbr = 0
2021-06-15 08:48:26.5960 ERROR DailyRapidApiLeagueCheck ERRORED with message --> The cast to value type 'System.DateTime' failed because the materialized value is null. Either the result type's generic parameter or the query must use a nullable type.
2021-06-15 08:57:16.0622 INFO Default Quartz.NET properties loaded from embedded resource file
2021-06-15 08:57:16.1170 INFO Initialized Scheduler Signaller of type: Quartz.Core.SchedulerSignalerImpl
2021-06-15 08:57:16.1339 INFO Quartz Scheduler v.3.2.2.0 created.
2021-06-15 08:57:16.1818 INFO JobFactory set to: Quartz.Simpl.PropertySettingJobFactory
2021-06-15 08:57:16.1988 INFO RAMJobStore initialized.
2021-06-15 08:57:16.1988 INFO Scheduler meta-data: Quartz Scheduler (v3.2.2.0) 'DefaultQuartzScheduler' with instanceId 'NON_CLUSTERED'
  Scheduler class: 'Quartz.Core.QuartzScheduler' - running locally.
  NOT STARTED.
  Currently in standby mode.
  Number of jobs executed: 0
  Using thread pool 'Quartz.Simpl.DefaultThreadPool' - with 10 threads.
  Using job-store 'Quartz.Simpl.RAMJobStore' - which does not support persistence. and is not clustered.

2021-06-15 08:57:16.1988 INFO Quartz scheduler 'DefaultQuartzScheduler' initialized
2021-06-15 08:57:16.1988 INFO Quartz scheduler version: 3.2.2.0
2021-06-15 08:57:16.2118 INFO Scheduler DefaultQuartzScheduler_$_NON_CLUSTERED started.
2021-06-15 08:57:16.3324 INFO Startup Configuration - Start
2021-06-15 08:57:16.3324 INFO SetEventCache - Start
2021-06-15 08:57:16.3783 INFO SetCachedItem = setting cache for Events
2021-06-15 08:57:16.3783 INFO SetCachedItem = setting cache for Events, with Expiry Date of 15/07/2021 07:57:16
2021-06-15 08:57:16.3783 INFO SetNextResultCheckDateTime - Start - roundUp = False
2021-06-15 08:57:16.3783 INFO SetNextResultCheckDateTime - rapidApiResultChecks == null
2021-06-15 08:57:16.4162 INFO SetNextResultCheckDateTime - Set League 403 next check date to 15/06/2021 17:55:00
2021-06-15 08:57:16.4162 INFO SetNextResultCheckDateTime - Set League 1422 next check date to 06/10/2021 20:40:00
2021-06-15 08:57:16.4162 INFO SetCachedItem = setting cache for NextFixtureCheckDateTime
2021-06-15 08:57:16.4162 INFO SetCachedItem = setting cache for NextFixtureCheckDateTime, with Expiry Date of 15/07/2021 07:57:16
2021-06-15 08:58:00.0736 INFO SetCachedItem = setting cache for DailyRapidApiLeagueCheck, with Expiry Date of 16/06/2021 00:00:00
2021-06-15 08:59:32.2722 INFO Default Quartz.NET properties loaded from embedded resource file
2021-06-15 08:59:32.3321 INFO Initialized Scheduler Signaller of type: Quartz.Core.SchedulerSignalerImpl
2021-06-15 08:59:32.3689 INFO Quartz Scheduler v.3.2.2.0 created.
2021-06-15 08:59:32.4158 INFO JobFactory set to: Quartz.Simpl.PropertySettingJobFactory
2021-06-15 08:59:32.4786 INFO RAMJobStore initialized.
2021-06-15 08:59:32.4786 INFO Scheduler meta-data: Quartz Scheduler (v3.2.2.0) 'DefaultQuartzScheduler' with instanceId 'NON_CLUSTERED'
  Scheduler class: 'Quartz.Core.QuartzScheduler' - running locally.
  NOT STARTED.
  Currently in standby mode.
  Number of jobs executed: 0
  Using thread pool 'Quartz.Simpl.DefaultThreadPool' - with 10 threads.
  Using job-store 'Quartz.Simpl.RAMJobStore' - which does not support persistence. and is not clustered.

2021-06-15 08:59:32.4876 INFO Quartz scheduler 'DefaultQuartzScheduler' initialized
2021-06-15 08:59:32.4876 INFO Quartz scheduler version: 3.2.2.0
2021-06-15 08:59:32.5106 INFO Scheduler DefaultQuartzScheduler_$_NON_CLUSTERED started.
2021-06-15 08:59:32.6791 INFO Startup Configuration - Start
2021-06-15 08:59:32.6791 INFO SetEventCache - Start
2021-06-15 08:59:32.7320 INFO SetCachedItem = setting cache for Events
2021-06-15 08:59:32.7320 INFO SetCachedItem = setting cache for Events, with Expiry Date of 15/07/2021 07:59:32
2021-06-15 08:59:32.7320 INFO SetNextResultCheckDateTime - Start - roundUp = False
2021-06-15 08:59:32.7379 INFO SetNextResultCheckDateTime - rapidApiResultChecks == null
2021-06-15 08:59:32.7738 INFO SetNextResultCheckDateTime - Set League 403 next check date to 15/06/2021 17:55:00
2021-06-15 08:59:32.7738 INFO SetNextResultCheckDateTime - Set League 1422 next check date to 06/10/2021 20:40:00
2021-06-15 08:59:32.7738 INFO SetCachedItem = setting cache for NextFixtureCheckDateTime
2021-06-15 08:59:32.7738 INFO SetCachedItem = setting cache for NextFixtureCheckDateTime, with Expiry Date of 15/07/2021 07:59:32
2021-06-15 09:00:00.0577 INFO SetCachedItem = setting cache for DailyRapidApiLeagueCheck, with Expiry Date of 16/06/2021 00:00:00
2021-06-15 09:03:04.8361 INFO Default Quartz.NET properties loaded from embedded resource file
2021-06-15 09:03:04.8790 INFO Initialized Scheduler Signaller of type: Quartz.Core.SchedulerSignalerImpl
2021-06-15 09:03:04.8990 INFO Quartz Scheduler v.3.2.2.0 created.
2021-06-15 09:03:04.9269 INFO JobFactory set to: Quartz.Simpl.PropertySettingJobFactory
2021-06-15 09:03:04.9468 INFO RAMJobStore initialized.
2021-06-15 09:03:04.9468 INFO Scheduler meta-data: Quartz Scheduler (v3.2.2.0) 'DefaultQuartzScheduler' with instanceId 'NON_CLUSTERED'
  Scheduler class: 'Quartz.Core.QuartzScheduler' - running locally.
  NOT STARTED.
  Currently in standby mode.
  Number of jobs executed: 0
  Using thread pool 'Quartz.Simpl.DefaultThreadPool' - with 10 threads.
  Using job-store 'Quartz.Simpl.RAMJobStore' - which does not support persistence. and is not clustered.

2021-06-15 09:03:04.9468 INFO Quartz scheduler 'DefaultQuartzScheduler' initialized
2021-06-15 09:03:04.9468 INFO Quartz scheduler version: 3.2.2.0
2021-06-15 09:03:04.9588 INFO Scheduler DefaultQuartzScheduler_$_NON_CLUSTERED started.
2021-06-15 09:03:05.0665 INFO Startup Configuration - Start
2021-06-15 09:03:05.0665 INFO SetEventCache - Start
2021-06-15 09:03:05.1014 INFO SetCachedItem = setting cache for Events
2021-06-15 09:03:05.1014 INFO SetCachedItem = setting cache for Events, with Expiry Date of 15/07/2021 08:03:05
2021-06-15 09:03:05.1014 INFO SetNextResultCheckDateTime - Start - roundUp = False
2021-06-15 09:03:05.1014 INFO SetNextResultCheckDateTime - rapidApiResultChecks == null
2021-06-15 09:03:05.1303 INFO SetNextResultCheckDateTime - Set League 403 next check date to 15/06/2021 17:55:00
2021-06-15 09:03:05.1303 INFO SetNextResultCheckDateTime - Set League 1422 next check date to 06/10/2021 20:40:00
2021-06-15 09:03:05.1303 INFO SetCachedItem = setting cache for NextFixtureCheckDateTime
2021-06-15 09:03:05.1303 INFO SetCachedItem = setting cache for NextFixtureCheckDateTime, with Expiry Date of 15/07/2021 08:03:05
2021-06-15 09:04:00.0434 INFO SetCachedItem = setting cache for DailyRapidApiLeagueCheck, with Expiry Date of 16/06/2021 00:00:00
2021-06-15 21:51:55.5410 INFO GetRapidApiResults = Getting results from RapidApi 403. FixtureDateTime = 15/06/2021 00:00:00, Now = 15/06/2021 20:51:55
2021-06-15 21:51:55.5410 INFO GetRapidApiResults = Getting results from RapidApi 403. FixtureDateTime = 15/06/2021 00:00:00, Now = 15/06/2021 20:51:55
2021-06-15 21:51:55.5500 INFO FixturesByLeagueByDate - League = 403, Date = 2021-06-15
2021-06-15 21:51:55.5500 INFO FixturesByLeagueByDate - League = 403, Date = 2021-06-15
2021-06-15 21:51:59.7234 INFO SetEventCache - Start
2021-06-15 21:51:59.7234 INFO SetCachedItem = setting cache for Events
2021-06-15 21:51:59.7234 INFO SetCachedItem = setting cache for Events, with Expiry Date of 15/07/2021 20:51:59
2021-06-15 21:51:59.7234 INFO SetNextResultCheckDateTime - Start - roundUp = True
2021-06-15 21:51:59.7443 INFO SetNextResultCheckDateTime - Set League 403 next check date to 15/06/2021 20:55:00
2021-06-15 21:51:59.7443 INFO SetNextResultCheckDateTime - Set League 1422 next check date to 06/10/2021 20:40:00
2021-06-15 21:51:59.7443 INFO SetCachedItem = setting cache for NextFixtureCheckDateTime
2021-06-15 21:51:59.7443 INFO SetCachedItem = setting cache for NextFixtureCheckDateTime, with Expiry Date of 15/07/2021 20:51:59
2021-06-15 21:52:00.9322 INFO SetEventCache - Start
2021-06-15 21:52:00.9322 INFO SetCachedItem = setting cache for Events
2021-06-15 21:52:00.9322 INFO SetCachedItem = setting cache for Events, with Expiry Date of 15/07/2021 20:52:00
2021-06-15 21:52:00.9322 INFO SetNextResultCheckDateTime - Start - roundUp = True
2021-06-15 22:31:48.1474 INFO Default Quartz.NET properties loaded from embedded resource file
2021-06-15 22:31:48.2023 INFO Initialized Scheduler Signaller of type: Quartz.Core.SchedulerSignalerImpl
2021-06-15 22:31:48.2332 INFO Quartz Scheduler v.3.2.2.0 created.
2021-06-15 22:31:48.2691 INFO JobFactory set to: Quartz.Simpl.PropertySettingJobFactory
2021-06-15 22:31:48.2861 INFO RAMJobStore initialized.
2021-06-15 22:31:48.2861 INFO Scheduler meta-data: Quartz Scheduler (v3.2.2.0) 'DefaultQuartzScheduler' with instanceId 'NON_CLUSTERED'
  Scheduler class: 'Quartz.Core.QuartzScheduler' - running locally.
  NOT STARTED.
  Currently in standby mode.
  Number of jobs executed: 0
  Using thread pool 'Quartz.Simpl.DefaultThreadPool' - with 10 threads.
  Using job-store 'Quartz.Simpl.RAMJobStore' - which does not support persistence. and is not clustered.

2021-06-15 22:31:48.2861 INFO Quartz scheduler 'DefaultQuartzScheduler' initialized
2021-06-15 22:31:48.2861 INFO Quartz scheduler version: 3.2.2.0
2021-06-15 22:31:48.2861 INFO Scheduler DefaultQuartzScheduler_$_NON_CLUSTERED started.
2021-06-15 22:31:48.4456 INFO Startup Configuration - Start
2021-06-15 22:31:48.4456 INFO SetEventCache - Start
2021-06-15 22:31:48.4925 INFO SetCachedItem = setting cache for Events
2021-06-15 22:31:48.4925 INFO SetCachedItem = setting cache for Events, with Expiry Date of 15/07/2021 21:31:48
2021-06-15 22:31:48.4925 INFO SetNextResultCheckDateTime - Start - roundUp = False
2021-06-15 22:31:48.4925 INFO SetNextResultCheckDateTime - rapidApiResultChecks == null
2021-06-15 22:31:48.5284 INFO SetNextResultCheckDateTime - Set League 403 next check date to 15/06/2021 20:55:00
2021-06-15 22:31:48.5284 INFO SetNextResultCheckDateTime - Set League 1422 next check date to 06/10/2021 20:40:00
2021-06-15 22:31:48.5284 INFO SetCachedItem = setting cache for NextFixtureCheckDateTime
2021-06-15 22:31:48.5284 INFO SetCachedItem = setting cache for NextFixtureCheckDateTime, with Expiry Date of 15/07/2021 21:31:48
2021-06-15 22:32:00.0279 INFO GetRapidApiResults = Getting results from RapidApi 403. FixtureDateTime = 15/06/2021 00:00:00, Now = 15/06/2021 21:32:00
2021-06-15 22:32:00.0378 INFO FixturesByLeagueByDate - League = 403, Date = 2021-06-15
2021-06-15 22:32:02.7732 INFO SetEventCache - Start
2021-06-15 22:32:02.7911 INFO SetCachedItem = setting cache for Events
2021-06-15 22:32:02.8031 INFO SetCachedItem = setting cache for Events, with Expiry Date of 15/07/2021 21:32:02
2021-06-15 22:32:02.8171 INFO SetNextResultCheckDateTime - Start - roundUp = True
2021-06-15 22:32:02.8171 INFO SetNextResultCheckDateTime - Set League 403 next check date to 16/06/2021 14:55:00
2021-06-15 22:32:02.8171 INFO SetNextResultCheckDateTime - Set League 1422 next check date to 06/10/2021 20:40:00
2021-06-15 22:32:02.8171 INFO SetCachedItem = setting cache for NextFixtureCheckDateTime
2021-06-15 22:32:02.8171 INFO SetCachedItem = setting cache for NextFixtureCheckDateTime, with Expiry Date of 15/07/2021 21:32:02
2021-06-15 22:32:02.8380 INFO SetCachedItem = setting cache for DailyRapidApiLeagueCheck, with Expiry Date of 16/06/2021 00:00:00
