2021-06-03 16:41:34.5019 INFO Default Quartz.NET properties loaded from embedded resource file
2021-06-03 16:41:34.5687 INFO Initialized Scheduler Signaller of type: Quartz.Core.SchedulerSignalerImpl
2021-06-03 16:41:34.5687 INFO Quartz Scheduler v.3.2.2.0 created.
2021-06-03 16:41:34.5877 INFO JobFactory set to: Quartz.Simpl.PropertySettingJobFactory
2021-06-03 16:41:34.5877 INFO RAMJobStore initialized.
2021-06-03 16:41:34.5877 INFO Scheduler meta-data: Quartz Scheduler (v3.2.2.0) 'DefaultQuartzScheduler' with instanceId 'NON_CLUSTERED'
  Scheduler class: 'Quartz.Core.QuartzScheduler' - running locally.
  NOT STARTED.
  Currently in standby mode.
  Number of jobs executed: 0
  Using thread pool 'Quartz.Simpl.DefaultThreadPool' - with 10 threads.
  Using job-store 'Quartz.Simpl.RAMJobStore' - which does not support persistence. and is not clustered.

2021-06-03 16:41:34.6096 INFO Quartz scheduler 'DefaultQuartzScheduler' initialized
2021-06-03 16:41:34.6096 INFO Quartz scheduler version: 3.2.2.0
2021-06-03 16:41:34.6226 INFO Scheduler DefaultQuartzScheduler_$_NON_CLUSTERED started.
2021-06-03 16:41:34.7941 INFO Startup Configuration - Start
2021-06-03 16:41:34.7941 INFO SetEventCache - Start
2021-06-03 16:41:34.8450 INFO SetCachedItem = setting cache for Events
2021-06-03 16:41:34.8450 INFO SetCachedItem = setting cache for Events, with Expiry Date of 03/07/2021 15:41:34
2021-06-03 16:41:34.8500 INFO SetNextResultCheckDateTime - Start - roundUp = False
2021-06-03 16:41:34.8500 INFO SetNextResultCheckDateTime - rapidApiResultChecks == null
2021-06-03 16:41:34.8829 INFO SetNextResultCheckDateTime - Set League 403 next check date to 13/06/2021 17:55:00
2021-06-03 16:41:34.8829 INFO SetCachedItem = setting cache for NextFixtureCheckDateTime
2021-06-03 16:41:34.8829 INFO SetCachedItem = setting cache for NextFixtureCheckDateTime, with Expiry Date of 03/07/2021 15:41:34
2021-06-03 16:42:00.0567 INFO SetCachedItem = setting cache for DailyRapidApiLeagueCheck, with Expiry Date of 04/06/2021 00:00:00
