2021-05-20 16:35:52.9566 INFO Default Quartz.NET properties loaded from embedded resource file
2021-05-20 16:35:53.0264 INFO Initialized Scheduler Signaller of type: Quartz.Core.SchedulerSignalerImpl
2021-05-20 16:35:53.0294 INFO Quartz Scheduler v.3.2.2.0 created.
2021-05-20 16:35:53.0534 INFO JobFactory set to: Quartz.Simpl.PropertySettingJobFactory
2021-05-20 16:35:53.0534 INFO RAMJobStore initialized.
2021-05-20 16:35:53.0643 INFO Scheduler meta-data: Quartz Scheduler (v3.2.2.0) 'DefaultQuartzScheduler' with instanceId 'NON_CLUSTERED'
  Scheduler class: 'Quartz.Core.QuartzScheduler' - running locally.
  NOT STARTED.
  Currently in standby mode.
  Number of jobs executed: 0
  Using thread pool 'Quartz.Simpl.DefaultThreadPool' - with 10 threads.
  Using job-store 'Quartz.Simpl.RAMJobStore' - which does not support persistence. and is not clustered.

2021-05-20 16:35:53.0643 INFO Quartz scheduler 'DefaultQuartzScheduler' initialized
2021-05-20 16:35:53.0643 INFO Quartz scheduler version: 3.2.2.0
2021-05-20 16:35:53.0863 INFO Scheduler DefaultQuartzScheduler_$_NON_CLUSTERED started.
2021-05-20 16:35:53.2618 INFO Startup Configuration - Start
2021-05-20 16:35:53.2618 INFO SetEventCache - Start
2021-05-20 16:35:53.3077 INFO SetCachedItem = setting cache for Events
2021-05-20 16:35:53.3077 INFO SetCachedItem = setting cache for Events, with Expiry Date of 19/06/2021 15:35:53
2021-05-20 16:35:53.3127 INFO SetNextResultCheckDateTime - Start - roundUp = False
2021-05-20 16:35:53.3127 INFO SetNextResultCheckDateTime - rapidApiResultChecks == null
2021-05-20 16:35:53.3476 INFO SetCachedItem = setting cache for NextFixtureCheckDateTime
2021-05-20 16:35:53.3476 INFO SetCachedItem = setting cache for NextFixtureCheckDateTime, with Expiry Date of 19/06/2021 15:35:53
2021-05-20 16:36:00.0622 INFO DailyRapidApiLeagueCheck --> lastDate = 18/05/2021 00:00:00, Now = 20/05/2021 00:00:00
2021-05-20 16:36:00.3235 INFO SetCachedItem = setting cache for DailyRapidApiLeagueCheck, with Expiry Date of 21/05/2021 00:00:00
2021-05-20 16:36:00.3235 INFO DailyRapidApiLeagueCheck --> Performing daily league update
2021-05-20 16:36:00.4022 INFO FixturesByLeague - League = 2790, EarliestDate = 18/05/2021 00:00:00
2021-05-20 16:36:01.8088 INFO SetEventCache - Start
2021-05-20 16:36:01.8138 INFO SetCachedItem = setting cache for Events
2021-05-20 16:36:01.8138 INFO SetCachedItem = setting cache for Events, with Expiry Date of 19/06/2021 15:36:01
2021-05-20 16:36:01.8138 INFO FixturesByOdds - League = 2790
2021-05-20 16:36:06.6555 INFO OddsByLeagueAndBookmaker - League = 2790, pageNbr = 2
2021-05-20 16:36:11.3283 INFO OddsByLeagueAndBookmaker - League = 2790, pageNbr = 3
2021-05-20 16:36:16.4361 INFO OddsByLeagueAndBookmaker - League = 2790, pageNbr = 4
2021-05-20 16:36:21.2596 INFO OddsByLeagueAndBookmaker - League = 2790, pageNbr = 5
2021-05-20 16:36:22.8860 INFO OddsByLeagueAndBookmaker - League = 2790, pageNbr = 0
2021-05-20 16:36:22.9010 INFO FixturesByLeague - League = 2794, EarliestDate = 22/05/2021 00:00:00
2021-05-20 16:36:23.4051 INFO FixturesByOdds - League = 2794
2021-05-20 16:36:27.9905 INFO OddsByLeagueAndBookmaker - League = 2794, pageNbr = 2
2021-05-20 16:36:31.3002 INFO OddsByLeagueAndBookmaker - League = 2794, pageNbr = 0
2021-05-20 16:36:31.3002 INFO FixturesByLeague - League = 403, EarliestDate = 20/05/2021 00:00:00
2021-05-20 16:36:31.8038 INFO FixturesByOdds - League = 403
2021-05-20 16:36:31.9414 INFO OddsByLeagueAndBookmaker - League = 403, pageNbr = 0
2021-05-20 16:43:38.6413 INFO Default Quartz.NET properties loaded from embedded resource file
2021-05-20 16:43:38.6981 INFO Initialized Scheduler Signaller of type: Quartz.Core.SchedulerSignalerImpl
2021-05-20 16:43:38.7230 INFO Quartz Scheduler v.3.2.2.0 created.
2021-05-20 16:43:38.7549 INFO JobFactory set to: Quartz.Simpl.PropertySettingJobFactory
2021-05-20 16:43:38.7719 INFO RAMJobStore initialized.
2021-05-20 16:43:38.7719 INFO Scheduler meta-data: Quartz Scheduler (v3.2.2.0) 'DefaultQuartzScheduler' with instanceId 'NON_CLUSTERED'
  Scheduler class: 'Quartz.Core.QuartzScheduler' - running locally.
  NOT STARTED.
  Currently in standby mode.
  Number of jobs executed: 0
  Using thread pool 'Quartz.Simpl.DefaultThreadPool' - with 10 threads.
  Using job-store 'Quartz.Simpl.RAMJobStore' - which does not support persistence. and is not clustered.

2021-05-20 16:43:38.7719 INFO Quartz scheduler 'DefaultQuartzScheduler' initialized
2021-05-20 16:43:38.7719 INFO Quartz scheduler version: 3.2.2.0
2021-05-20 16:43:38.7878 INFO Scheduler DefaultQuartzScheduler_$_NON_CLUSTERED started.
2021-05-20 16:43:38.9105 INFO Startup Configuration - Start
2021-05-20 16:43:38.9105 INFO SetEventCache - Start
2021-05-20 16:43:38.9534 INFO SetCachedItem = setting cache for Events
2021-05-20 16:43:38.9534 INFO SetCachedItem = setting cache for Events, with Expiry Date of 19/06/2021 15:43:38
2021-05-20 16:43:38.9534 INFO SetNextResultCheckDateTime - Start - roundUp = False
2021-05-20 16:43:38.9534 INFO SetNextResultCheckDateTime - rapidApiResultChecks == null
2021-05-20 16:43:38.9993 INFO SetCachedItem = setting cache for NextFixtureCheckDateTime
2021-05-20 16:43:38.9993 INFO SetCachedItem = setting cache for NextFixtureCheckDateTime, with Expiry Date of 19/06/2021 15:43:38
2021-05-20 16:44:00.0932 INFO SetCachedItem = setting cache for DailyRapidApiLeagueCheck, with Expiry Date of 21/05/2021 00:00:00
2021-05-20 16:48:31.7142 INFO Account - Login (HttpPost) - pete@salsbury.co.uk logged in
2021-05-20 16:50:07.0649 INFO Default Quartz.NET properties loaded from embedded resource file
2021-05-20 16:50:07.1218 INFO Initialized Scheduler Signaller of type: Quartz.Core.SchedulerSignalerImpl
2021-05-20 16:50:07.1427 INFO Quartz Scheduler v.3.2.2.0 created.
2021-05-20 16:50:07.2275 INFO JobFactory set to: Quartz.Simpl.PropertySettingJobFactory
2021-05-20 16:50:07.2624 INFO RAMJobStore initialized.
2021-05-20 16:50:07.2694 INFO Scheduler meta-data: Quartz Scheduler (v3.2.2.0) 'DefaultQuartzScheduler' with instanceId 'NON_CLUSTERED'
  Scheduler class: 'Quartz.Core.QuartzScheduler' - running locally.
  NOT STARTED.
  Currently in standby mode.
  Number of jobs executed: 0
  Using thread pool 'Quartz.Simpl.DefaultThreadPool' - with 10 threads.
  Using job-store 'Quartz.Simpl.RAMJobStore' - which does not support persistence. and is not clustered.

2021-05-20 16:50:07.2694 INFO Quartz scheduler 'DefaultQuartzScheduler' initialized
2021-05-20 16:50:07.2694 INFO Quartz scheduler version: 3.2.2.0
2021-05-20 16:50:07.2873 INFO Scheduler DefaultQuartzScheduler_$_NON_CLUSTERED started.
2021-05-20 16:50:07.4260 INFO Startup Configuration - Start
2021-05-20 16:50:07.4260 INFO SetEventCache - Start
2021-05-20 16:50:07.4758 INFO SetCachedItem = setting cache for Events
2021-05-20 16:50:07.4758 INFO SetCachedItem = setting cache for Events, with Expiry Date of 19/06/2021 15:50:07
2021-05-20 16:50:07.4758 INFO SetNextResultCheckDateTime - Start - roundUp = False
2021-05-20 16:50:07.4758 INFO SetNextResultCheckDateTime - rapidApiResultChecks == null
2021-05-20 16:50:07.5257 INFO SetCachedItem = setting cache for NextFixtureCheckDateTime
2021-05-20 16:50:07.5257 INFO SetCachedItem = setting cache for NextFixtureCheckDateTime, with Expiry Date of 19/06/2021 15:50:07
2021-05-20 16:51:00.0715 INFO SetCachedItem = setting cache for DailyRapidApiLeagueCheck, with Expiry Date of 21/05/2021 00:00:00
2021-05-20 16:58:35.9978 INFO Default Quartz.NET properties loaded from embedded resource file
2021-05-20 16:58:36.0736 INFO Initialized Scheduler Signaller of type: Quartz.Core.SchedulerSignalerImpl
2021-05-20 16:58:36.1195 INFO Quartz Scheduler v.3.2.2.0 created.
2021-05-20 16:58:36.1823 INFO JobFactory set to: Quartz.Simpl.PropertySettingJobFactory
2021-05-20 16:58:36.2152 INFO RAMJobStore initialized.
2021-05-20 16:58:36.2232 INFO Scheduler meta-data: Quartz Scheduler (v3.2.2.0) 'DefaultQuartzScheduler' with instanceId 'NON_CLUSTERED'
  Scheduler class: 'Quartz.Core.QuartzScheduler' - running locally.
  NOT STARTED.
  Currently in standby mode.
  Number of jobs executed: 0
  Using thread pool 'Quartz.Simpl.DefaultThreadPool' - with 10 threads.
  Using job-store 'Quartz.Simpl.RAMJobStore' - which does not support persistence. and is not clustered.

2021-05-20 16:58:36.2232 INFO Quartz scheduler 'DefaultQuartzScheduler' initialized
2021-05-20 16:58:36.2232 INFO Quartz scheduler version: 3.2.2.0
2021-05-20 16:58:36.2411 INFO Scheduler DefaultQuartzScheduler_$_NON_CLUSTERED started.
2021-05-20 16:58:36.3917 INFO Startup Configuration - Start
2021-05-20 16:58:36.3917 INFO SetEventCache - Start
2021-05-20 16:58:36.4496 INFO SetCachedItem = setting cache for Events
2021-05-20 16:58:36.4516 INFO SetCachedItem = setting cache for Events, with Expiry Date of 19/06/2021 15:58:36
2021-05-20 16:58:36.4516 INFO SetNextResultCheckDateTime - Start - roundUp = False
2021-05-20 16:58:36.4516 INFO SetNextResultCheckDateTime - rapidApiResultChecks == null
2021-05-20 16:58:36.5075 INFO SetCachedItem = setting cache for NextFixtureCheckDateTime
2021-05-20 16:58:36.5075 INFO SetCachedItem = setting cache for NextFixtureCheckDateTime, with Expiry Date of 19/06/2021 15:58:36
2021-05-20 16:59:00.0675 INFO SetCachedItem = setting cache for DailyRapidApiLeagueCheck, with Expiry Date of 21/05/2021 00:00:00
2021-05-20 17:04:17.4767 INFO Default Quartz.NET properties loaded from embedded resource file
2021-05-20 17:04:17.5466 INFO Initialized Scheduler Signaller of type: Quartz.Core.SchedulerSignalerImpl
2021-05-20 17:04:17.5665 INFO Quartz Scheduler v.3.2.2.0 created.
2021-05-20 17:04:17.6353 INFO JobFactory set to: Quartz.Simpl.PropertySettingJobFactory
2021-05-20 17:04:17.6682 INFO RAMJobStore initialized.
2021-05-20 17:04:17.6772 INFO Scheduler meta-data: Quartz Scheduler (v3.2.2.0) 'DefaultQuartzScheduler' with instanceId 'NON_CLUSTERED'
  Scheduler class: 'Quartz.Core.QuartzScheduler' - running locally.
  NOT STARTED.
  Currently in standby mode.
  Number of jobs executed: 0
  Using thread pool 'Quartz.Simpl.DefaultThreadPool' - with 10 threads.
  Using job-store 'Quartz.Simpl.RAMJobStore' - which does not support persistence. and is not clustered.

2021-05-20 17:04:17.6772 INFO Quartz scheduler 'DefaultQuartzScheduler' initialized
2021-05-20 17:04:17.6772 INFO Quartz scheduler version: 3.2.2.0
2021-05-20 17:04:17.6961 INFO Scheduler DefaultQuartzScheduler_$_NON_CLUSTERED started.
2021-05-20 17:04:17.8527 INFO Startup Configuration - Start
2021-05-20 17:04:17.8527 INFO SetEventCache - Start
2021-05-20 17:04:17.9275 INFO SetCachedItem = setting cache for Events
2021-05-20 17:04:17.9275 INFO SetCachedItem = setting cache for Events, with Expiry Date of 19/06/2021 16:04:17
2021-05-20 17:04:17.9275 INFO SetNextResultCheckDateTime - Start - roundUp = False
2021-05-20 17:04:17.9275 INFO SetNextResultCheckDateTime - rapidApiResultChecks == null
2021-05-20 17:04:17.9774 INFO SetCachedItem = setting cache for NextFixtureCheckDateTime
2021-05-20 17:04:17.9774 INFO SetCachedItem = setting cache for NextFixtureCheckDateTime, with Expiry Date of 19/06/2021 16:04:17
2021-05-20 17:05:37.4071 INFO SetCachedItem = setting cache for DailyRapidApiLeagueCheck, with Expiry Date of 21/05/2021 00:00:00
2021-05-20 17:06:31.9241 INFO Default Quartz.NET properties loaded from embedded resource file
2021-05-20 17:06:32.0198 INFO Initialized Scheduler Signaller of type: Quartz.Core.SchedulerSignalerImpl
2021-05-20 17:06:32.0547 INFO Quartz Scheduler v.3.2.2.0 created.
2021-05-20 17:06:32.1225 INFO JobFactory set to: Quartz.Simpl.PropertySettingJobFactory
2021-05-20 17:06:32.1474 INFO RAMJobStore initialized.
2021-05-20 17:06:32.1544 INFO Scheduler meta-data: Quartz Scheduler (v3.2.2.0) 'DefaultQuartzScheduler' with instanceId 'NON_CLUSTERED'
  Scheduler class: 'Quartz.Core.QuartzScheduler' - running locally.
  NOT STARTED.
  Currently in standby mode.
  Number of jobs executed: 0
  Using thread pool 'Quartz.Simpl.DefaultThreadPool' - with 10 threads.
  Using job-store 'Quartz.Simpl.RAMJobStore' - which does not support persistence. and is not clustered.

2021-05-20 17:06:32.1544 INFO Quartz scheduler 'DefaultQuartzScheduler' initialized
2021-05-20 17:06:32.1544 INFO Quartz scheduler version: 3.2.2.0
2021-05-20 17:06:32.1734 INFO Scheduler DefaultQuartzScheduler_$_NON_CLUSTERED started.
2021-05-20 17:06:32.3380 INFO Startup Configuration - Start
2021-05-20 17:06:32.3380 INFO SetEventCache - Start
2021-05-20 17:06:32.4048 INFO SetCachedItem = setting cache for Events
2021-05-20 17:06:32.4048 INFO SetCachedItem = setting cache for Events, with Expiry Date of 19/06/2021 16:06:32
2021-05-20 17:06:32.4048 INFO SetNextResultCheckDateTime - Start - roundUp = False
2021-05-20 17:06:32.4048 INFO SetNextResultCheckDateTime - rapidApiResultChecks == null
2021-05-20 17:06:32.4527 INFO SetCachedItem = setting cache for NextFixtureCheckDateTime
2021-05-20 17:06:32.4527 INFO SetCachedItem = setting cache for NextFixtureCheckDateTime, with Expiry Date of 19/06/2021 16:06:32
2021-05-20 17:07:00.0751 INFO SetCachedItem = setting cache for DailyRapidApiLeagueCheck, with Expiry Date of 21/05/2021 00:00:00
2021-05-20 17:33:40.8475 INFO Default Quartz.NET properties loaded from embedded resource file
2021-05-20 17:33:40.8944 INFO Initialized Scheduler Signaller of type: Quartz.Core.SchedulerSignalerImpl
2021-05-20 17:33:40.8944 INFO Quartz Scheduler v.3.2.2.0 created.
2021-05-20 17:33:40.9144 INFO JobFactory set to: Quartz.Simpl.PropertySettingJobFactory
2021-05-20 17:33:40.9203 INFO RAMJobStore initialized.
2021-05-20 17:33:40.9203 INFO Scheduler meta-data: Quartz Scheduler (v3.2.2.0) 'DefaultQuartzScheduler' with instanceId 'NON_CLUSTERED'
  Scheduler class: 'Quartz.Core.QuartzScheduler' - running locally.
  NOT STARTED.
  Currently in standby mode.
  Number of jobs executed: 0
  Using thread pool 'Quartz.Simpl.DefaultThreadPool' - with 10 threads.
  Using job-store 'Quartz.Simpl.RAMJobStore' - which does not support persistence. and is not clustered.

2021-05-20 17:33:40.9203 INFO Quartz scheduler 'DefaultQuartzScheduler' initialized
2021-05-20 17:33:40.9203 INFO Quartz scheduler version: 3.2.2.0
2021-05-20 17:33:40.9203 INFO Scheduler DefaultQuartzScheduler_$_NON_CLUSTERED started.
2021-05-20 17:33:41.3971 INFO Startup Configuration - Start
2021-05-20 17:33:41.4050 INFO SetEventCache - Start
2021-05-20 17:33:41.4449 INFO SetCachedItem = setting cache for Events
2021-05-20 17:33:41.4519 INFO SetCachedItem = setting cache for Events, with Expiry Date of 19/06/2021 16:33:41
2021-05-20 17:33:41.4519 INFO SetNextResultCheckDateTime - Start - roundUp = False
2021-05-20 17:33:41.4519 INFO SetNextResultCheckDateTime - rapidApiResultChecks == null
2021-05-20 17:33:41.4774 INFO SetCachedItem = setting cache for NextFixtureCheckDateTime
2021-05-20 17:33:41.4774 INFO SetCachedItem = setting cache for NextFixtureCheckDateTime, with Expiry Date of 19/06/2021 16:33:41
2021-05-20 17:34:00.0791 INFO SetCachedItem = setting cache for DailyRapidApiLeagueCheck, with Expiry Date of 21/05/2021 00:00:00
2021-05-20 17:44:58.3444 INFO Default Quartz.NET properties loaded from embedded resource file
2021-05-20 17:44:58.3883 INFO Initialized Scheduler Signaller of type: Quartz.Core.SchedulerSignalerImpl
2021-05-20 17:44:58.4092 INFO Quartz Scheduler v.3.2.2.0 created.
2021-05-20 17:44:58.4351 INFO JobFactory set to: Quartz.Simpl.PropertySettingJobFactory
2021-05-20 17:44:58.4471 INFO RAMJobStore initialized.
2021-05-20 17:44:58.4471 INFO Scheduler meta-data: Quartz Scheduler (v3.2.2.0) 'DefaultQuartzScheduler' with instanceId 'NON_CLUSTERED'
  Scheduler class: 'Quartz.Core.QuartzScheduler' - running locally.
  NOT STARTED.
  Currently in standby mode.
  Number of jobs executed: 0
  Using thread pool 'Quartz.Simpl.DefaultThreadPool' - with 10 threads.
  Using job-store 'Quartz.Simpl.RAMJobStore' - which does not support persistence. and is not clustered.

2021-05-20 17:44:58.4471 INFO Quartz scheduler 'DefaultQuartzScheduler' initialized
2021-05-20 17:44:58.4471 INFO Quartz scheduler version: 3.2.2.0
2021-05-20 17:44:58.4591 INFO Scheduler DefaultQuartzScheduler_$_NON_CLUSTERED started.
2021-05-20 17:44:58.5498 INFO Startup Configuration - Start
2021-05-20 17:44:58.5498 INFO SetEventCache - Start
2021-05-20 17:44:58.5837 INFO SetCachedItem = setting cache for Events
2021-05-20 17:44:58.5837 INFO SetCachedItem = setting cache for Events, with Expiry Date of 19/06/2021 16:44:58
2021-05-20 17:44:58.5837 INFO SetNextResultCheckDateTime - Start - roundUp = False
2021-05-20 17:44:58.5837 INFO SetNextResultCheckDateTime - rapidApiResultChecks == null
2021-05-20 17:44:58.6127 INFO SetCachedItem = setting cache for NextFixtureCheckDateTime
2021-05-20 17:44:58.6127 INFO SetCachedItem = setting cache for NextFixtureCheckDateTime, with Expiry Date of 19/06/2021 16:44:58
2021-05-20 17:45:00.0885 INFO SetCachedItem = setting cache for DailyRapidApiLeagueCheck, with Expiry Date of 21/05/2021 00:00:00
