2021-08-29 00:00:00.0038 INFO DailyRapidApiLeagueCheck --> lastDate = 8/29/2021 12:00:00 AM, Now = 8/29/2021 12:00:00 AM
2021-08-29 00:00:00.0038 INFO SetCachedItem = setting cache for DailyRapidApiLeagueCheck, with Expiry Date of 8/30/2021 12:00:00 AM
2021-08-29 00:00:00.0038 INFO DailyRapidApiLeagueCheck --> performUpdate = False
2021-08-29 00:38:15.3422 INFO {
  "success": true,
  "challenge_ts": "2021-08-29T07:38:01Z",
  "hostname": "predictioncomp.com"
}
2021-08-29 00:38:15.8265 INFO Account - Login (HttpPost) - tadej.raner@hotmail.com logged in
2021-08-29 01:10:29.4502 INFO {
  "success": false,
  "error-codes": [
    "invalid-input-response"
  ]
}
2021-08-29 01:10:39.8721 INFO {
  "success": true,
  "challenge_ts": "2021-08-29T08:10:30Z",
  "hostname": "predictioncomp.com"
}
2021-08-29 01:10:50.9034 INFO {
  "success": true,
  "challenge_ts": "2021-08-29T08:10:41Z",
  "hostname": "predictioncomp.com"
}
2021-08-29 01:10:51.0127 INFO Account - Login (HttpPost) - Davidstariha1601@gmail.com logged in
2021-08-29 02:16:53.7262 INFO {
  "success": true,
  "challenge_ts": "2021-08-29T09:16:50Z",
  "hostname": "predictioncomp.com"
}
2021-08-29 02:16:53.8200 INFO Account - Login (HttpPost) - matematika1999@gmail.com logged in
2021-08-29 05:55:00.0232 INFO GetRapidApiResults = Getting results from RapidApi 3448. FixtureDateTime = 8/29/2021 12:00:00 AM, Now = 8/29/2021 12:55:00 PM
2021-08-29 05:55:00.0388 INFO FixturesByLeagueByDate - League = 3448, Date = 2021-08-29
2021-08-29 05:55:01.0232 INFO SetEventCache - Start
2021-08-29 05:55:01.0232 INFO SetCachedItem = setting cache for Events
2021-08-29 05:55:01.0232 INFO SetCachedItem = setting cache for Events, with Expiry Date of 9/28/2021 12:55:01 PM
2021-08-29 05:55:01.0232 INFO SetNextResultCheckDateTime - Start - roundUp = True
2021-08-29 05:55:01.0545 INFO SetNextResultCheckDateTime - Set League 1422 next check date to 10/6/2021 8:40:00 PM
2021-08-29 05:55:01.0545 INFO SetNextResultCheckDateTime - Set League 3448 next check date to 8/29/2021 3:55:00 PM
2021-08-29 05:55:01.0545 INFO SetNextResultCheckDateTime - Set League 3456 next check date to 8/29/2021 2:55:00 PM
2021-08-29 05:55:01.0545 INFO SetCachedItem = setting cache for NextFixtureCheckDateTime
2021-08-29 05:55:01.0545 INFO SetCachedItem = setting cache for NextFixtureCheckDateTime, with Expiry Date of 9/28/2021 12:55:01 PM
2021-08-29 07:18:41.3113 INFO {
  "success": true,
  "challenge_ts": "2021-08-29T14:18:31Z",
  "hostname": "predictioncomp.com"
}
2021-08-29 07:18:41.4051 INFO Account - Login (HttpPost) - aljaz.alkatrans@gmail.com logged in
2021-08-29 07:55:00.0129 INFO GetRapidApiResults = Getting results from RapidApi 3456. FixtureDateTime = 8/29/2021 12:00:00 AM, Now = 8/29/2021 2:55:00 PM
2021-08-29 07:55:00.0129 INFO FixturesByLeagueByDate - League = 3456, Date = 2021-08-29
2021-08-29 07:55:01.6848 INFO SetEventCache - Start
2021-08-29 07:55:01.6848 INFO SetCachedItem = setting cache for Events
2021-08-29 07:55:01.6848 INFO SetCachedItem = setting cache for Events, with Expiry Date of 9/28/2021 2:55:01 PM
2021-08-29 07:55:01.6848 INFO SetNextResultCheckDateTime - Start - roundUp = True
2021-08-29 07:55:01.7473 INFO SetNextResultCheckDateTime - Set League 1422 next check date to 10/6/2021 8:40:00 PM
2021-08-29 07:55:01.7473 INFO SetNextResultCheckDateTime - Set League 3448 next check date to 8/29/2021 3:55:00 PM
2021-08-29 07:55:01.7473 INFO SetNextResultCheckDateTime - Set League 3456 next check date to 8/29/2021 5:25:00 PM
2021-08-29 07:55:01.7473 INFO SetCachedItem = setting cache for NextFixtureCheckDateTime
2021-08-29 07:55:01.7473 INFO SetCachedItem = setting cache for NextFixtureCheckDateTime, with Expiry Date of 9/28/2021 2:55:01 PM
2021-08-29 08:16:17.8744 INFO {
  "success": true,
  "challenge_ts": "2021-08-29T15:16:01Z",
  "hostname": "predictioncomp.com"
}
2021-08-29 08:16:17.9682 INFO Account - Login (HttpPost) - rok.veniger12345@gmail.com logged in
2021-08-29 08:55:00.0072 INFO GetRapidApiResults = Getting results from RapidApi 3448. FixtureDateTime = 8/29/2021 12:00:00 AM, Now = 8/29/2021 3:55:00 PM
2021-08-29 08:55:00.0072 INFO FixturesByLeagueByDate - League = 3448, Date = 2021-08-29
2021-08-29 08:55:01.0541 INFO SetEventCache - Start
2021-08-29 08:55:01.0541 INFO SetCachedItem = setting cache for Events
2021-08-29 08:55:01.0697 INFO SetCachedItem = setting cache for Events, with Expiry Date of 9/28/2021 3:55:01 PM
2021-08-29 08:55:01.0697 INFO SetNextResultCheckDateTime - Start - roundUp = True
2021-08-29 08:55:01.0853 INFO SetNextResultCheckDateTime - Set League 1422 next check date to 10/6/2021 8:40:00 PM
2021-08-29 08:55:01.0853 INFO SetNextResultCheckDateTime - Set League 3448 next check date to 9/11/2021 1:25:00 PM
2021-08-29 08:55:01.0853 INFO SetNextResultCheckDateTime - Set League 3456 next check date to 8/29/2021 5:25:00 PM
2021-08-29 08:55:01.0853 INFO SetCachedItem = setting cache for NextFixtureCheckDateTime
2021-08-29 08:55:01.0853 INFO SetCachedItem = setting cache for NextFixtureCheckDateTime, with Expiry Date of 9/28/2021 3:55:01 PM
2021-08-29 10:25:00.0066 INFO GetRapidApiResults = Getting results from RapidApi 3456. FixtureDateTime = 8/29/2021 12:00:00 AM, Now = 8/29/2021 5:25:00 PM
2021-08-29 10:25:00.0066 INFO FixturesByLeagueByDate - League = 3456, Date = 2021-08-29
2021-08-29 10:25:01.5378 INFO SetEventCache - Start
2021-08-29 10:25:01.6003 INFO SetCachedItem = setting cache for Events
2021-08-29 10:25:01.6003 INFO SetCachedItem = setting cache for Events, with Expiry Date of 9/28/2021 5:25:01 PM
2021-08-29 10:25:01.6003 INFO SetNextResultCheckDateTime - Start - roundUp = True
2021-08-29 10:25:01.6159 INFO SetNextResultCheckDateTime - Set League 1422 next check date to 10/6/2021 8:40:00 PM
2021-08-29 10:25:01.6159 INFO SetNextResultCheckDateTime - Set League 3448 next check date to 9/11/2021 1:25:00 PM
2021-08-29 10:25:01.6159 INFO SetNextResultCheckDateTime - Set League 3456 next check date to 9/11/2021 1:25:00 PM
2021-08-29 10:25:01.6316 INFO SetCachedItem = setting cache for NextFixtureCheckDateTime
2021-08-29 10:25:01.6316 INFO SetCachedItem = setting cache for NextFixtureCheckDateTime, with Expiry Date of 9/28/2021 5:25:01 PM
2021-08-29 13:12:44.3876 INFO {
  "success": true,
  "challenge_ts": "2021-08-29T20:12:33Z",
  "hostname": "predictioncomp.com"
}
2021-08-29 13:12:44.5282 INFO Account - Login (HttpPost) - jan.selih3@gmail.com logged in
2021-08-29 17:48:24.5589 INFO Default Quartz.NET properties loaded from embedded resource file
2021-08-29 17:48:24.6370 INFO Initialized Scheduler Signaller of type: Quartz.Core.SchedulerSignalerImpl
2021-08-29 17:48:24.6370 INFO Quartz Scheduler v.3.2.2.0 created.
2021-08-29 17:48:24.6526 INFO JobFactory set to: Quartz.Simpl.PropertySettingJobFactory
2021-08-29 17:48:24.6526 INFO RAMJobStore initialized.
2021-08-29 17:48:24.6526 INFO Scheduler meta-data: Quartz Scheduler (v3.2.2.0) 'DefaultQuartzScheduler' with instanceId 'NON_CLUSTERED'
  Scheduler class: 'Quartz.Core.QuartzScheduler' - running locally.
  NOT STARTED.
  Currently in standby mode.
  Number of jobs executed: 0
  Using thread pool 'Quartz.Simpl.DefaultThreadPool' - with 10 threads.
  Using job-store 'Quartz.Simpl.RAMJobStore' - which does not support persistence. and is not clustered.

2021-08-29 17:48:24.6526 INFO Quartz scheduler 'DefaultQuartzScheduler' initialized
2021-08-29 17:48:24.6526 INFO Quartz scheduler version: 3.2.2.0
2021-08-29 17:48:24.6683 INFO Scheduler DefaultQuartzScheduler_$_NON_CLUSTERED started.
2021-08-29 17:48:24.7933 INFO Startup Configuration - Start
2021-08-29 17:48:24.8089 INFO SetEventCache - Start
2021-08-29 17:48:24.8558 INFO SetCachedItem = setting cache for Events
2021-08-29 17:48:24.8558 INFO SetCachedItem = setting cache for Events, with Expiry Date of 9/29/2021 12:48:24 AM
2021-08-29 17:48:24.8714 INFO SetNextResultCheckDateTime - Start - roundUp = False
2021-08-29 17:48:24.8714 INFO SetNextResultCheckDateTime - rapidApiResultChecks == null
2021-08-29 17:48:24.9183 INFO SetNextResultCheckDateTime - Set League 1422 next check date to 10/6/2021 8:40:00 PM
2021-08-29 17:48:24.9183 INFO SetNextResultCheckDateTime - Set League 3448 next check date to 9/11/2021 1:25:00 PM
2021-08-29 17:48:24.9183 INFO SetNextResultCheckDateTime - Set League 3456 next check date to 9/11/2021 1:25:00 PM
2021-08-29 17:48:24.9183 INFO SetCachedItem = setting cache for NextFixtureCheckDateTime
2021-08-29 17:48:24.9183 INFO SetCachedItem = setting cache for NextFixtureCheckDateTime, with Expiry Date of 9/29/2021 12:48:24 AM
2021-08-29 17:49:00.0907 INFO DailyRapidApiLeagueCheck --> lastDate = 8/29/2021 12:00:00 AM, Now = 8/30/2021 12:00:00 AM
2021-08-29 17:49:00.3250 INFO SetCachedItem = setting cache for DailyRapidApiLeagueCheck, with Expiry Date of 8/30/2021 12:00:00 AM
2021-08-29 17:49:00.3250 INFO DailyRapidApiLeagueCheck --> performUpdate = True
2021-08-29 17:49:00.3407 INFO DailyRapidApiLeagueCheck --> Performing daily league update
2021-08-29 17:49:00.4657 INFO FixturesByLeague - League = 3448, EarliestDate = 9/11/2021 12:00:00 AM
2021-08-29 17:49:02.2313 INFO FixturesByOdds - League = 3448
2021-08-29 17:49:05.4658 INFO OddsByLeagueAndBookmaker - League = 3448, pageNbr = 2
2021-08-29 17:49:06.9970 INFO OddsByLeagueAndBookmaker - League = 3448, pageNbr = 0
2021-08-29 17:49:07.0439 INFO FixturesByLeague - League = 3456, EarliestDate = 9/11/2021 12:00:00 AM
2021-08-29 17:49:09.5596 INFO FixturesByOdds - League = 3456
2021-08-29 17:49:11.9190 INFO OddsByLeagueAndBookmaker - League = 3456, pageNbr = 2
2021-08-29 17:49:14.5440 INFO OddsByLeagueAndBookmaker - League = 3456, pageNbr = 3
2021-08-29 17:49:16.9347 INFO OddsByLeagueAndBookmaker - League = 3456, pageNbr = 0
2021-08-29 17:49:16.9503 INFO FixturesByLeague - League = 1422, EarliestDate = 10/6/2021 12:00:00 AM
2021-08-29 17:49:17.2315 INFO FixturesByOdds - League = 1422
2021-08-29 17:49:17.3565 INFO OddsByLeagueAndBookmaker - League = 1422, pageNbr = 0
2021-08-29 19:36:55.1097 INFO {
  "success": false,
  "error-codes": [
    "invalid-input-response"
  ]
}
2021-08-29 19:36:59.0004 INFO {
  "success": true,
  "challenge_ts": "2021-08-30T02:36:55Z",
  "hostname": "predictioncomp.com"
}
2021-08-29 19:36:59.3597 INFO Account - Login (HttpPost) - avbelj.rok@gmail.com logged in
