2021-07-21 14:34:16.1521 INFO Default Quartz.NET properties loaded from embedded resource file
2021-07-21 14:34:16.1950 INFO Initialized Scheduler Signaller of type: Quartz.Core.SchedulerSignalerImpl
2021-07-21 14:34:16.1950 INFO Quartz Scheduler v.3.2.2.0 created.
2021-07-21 14:34:16.1950 INFO JobFactory set to: Quartz.Simpl.PropertySettingJobFactory
2021-07-21 14:34:16.1950 INFO RAMJobStore initialized.
2021-07-21 14:34:16.1950 INFO Scheduler meta-data: Quartz Scheduler (v3.2.2.0) 'DefaultQuartzScheduler' with instanceId 'NON_CLUSTERED'
  Scheduler class: 'Quartz.Core.QuartzScheduler' - running locally.
  NOT STARTED.
  Currently in standby mode.
  Number of jobs executed: 0
  Using thread pool 'Quartz.Simpl.DefaultThreadPool' - with 10 threads.
  Using job-store 'Quartz.Simpl.RAMJobStore' - which does not support persistence. and is not clustered.

2021-07-21 14:34:16.2100 INFO Quartz scheduler 'DefaultQuartzScheduler' initialized
2021-07-21 14:34:16.2100 INFO Quartz scheduler version: 3.2.2.0
2021-07-21 14:34:16.2100 INFO Scheduler DefaultQuartzScheduler_$_NON_CLUSTERED started.
2021-07-21 14:34:16.3596 INFO Startup Configuration - Start
2021-07-21 14:34:16.3596 INFO SetEventCache - Start
2021-07-21 14:34:16.4004 INFO SetCachedItem = setting cache for Events
2021-07-21 14:34:16.4004 INFO SetCachedItem = setting cache for Events, with Expiry Date of 20/08/2021 13:34:16
2021-07-21 14:34:16.4004 INFO SetNextResultCheckDateTime - Start - roundUp = False
2021-07-21 14:34:16.4004 INFO SetNextResultCheckDateTime - rapidApiResultChecks == null
2021-07-21 14:34:16.4344 INFO SetNextResultCheckDateTime - Set League 1422 next check date to 06/10/2021 20:40:00
2021-07-21 14:34:16.4344 INFO SetNextResultCheckDateTime - Set League 3448 next check date to 31/07/2021 14:25:00
2021-07-21 14:34:16.4344 INFO SetNextResultCheckDateTime - Set League 3456 next check date to 14/08/2021 13:25:00
2021-07-21 14:34:16.4344 INFO SetCachedItem = setting cache for NextFixtureCheckDateTime
2021-07-21 14:34:16.4344 INFO SetCachedItem = setting cache for NextFixtureCheckDateTime, with Expiry Date of 20/08/2021 13:34:16
2021-07-21 14:34:41.3823 INFO Account - Login (HttpPost) - pete@salsbury.co.uk logged in
2021-07-21 14:35:00.0463 INFO SetCachedItem = setting cache for DailyRapidApiLeagueCheck, with Expiry Date of 22/07/2021 00:00:00
2021-07-21 16:05:36.5530 INFO Default Quartz.NET properties loaded from embedded resource file
2021-07-21 16:05:36.6170 INFO Initialized Scheduler Signaller of type: Quartz.Core.SchedulerSignalerImpl
2021-07-21 16:05:36.6170 INFO Quartz Scheduler v.3.2.2.0 created.
2021-07-21 16:05:36.6300 INFO JobFactory set to: Quartz.Simpl.PropertySettingJobFactory
2021-07-21 16:05:36.6300 INFO RAMJobStore initialized.
2021-07-21 16:05:36.6300 INFO Scheduler meta-data: Quartz Scheduler (v3.2.2.0) 'DefaultQuartzScheduler' with instanceId 'NON_CLUSTERED'
  Scheduler class: 'Quartz.Core.QuartzScheduler' - running locally.
  NOT STARTED.
  Currently in standby mode.
  Number of jobs executed: 0
  Using thread pool 'Quartz.Simpl.DefaultThreadPool' - with 10 threads.
  Using job-store 'Quartz.Simpl.RAMJobStore' - which does not support persistence. and is not clustered.

2021-07-21 16:05:36.6300 INFO Quartz scheduler 'DefaultQuartzScheduler' initialized
2021-07-21 16:05:36.6300 INFO Quartz scheduler version: 3.2.2.0
2021-07-21 16:05:36.6440 INFO Scheduler DefaultQuartzScheduler_$_NON_CLUSTERED started.
2021-07-21 16:05:36.7637 INFO Startup Configuration - Start
2021-07-21 16:05:36.7637 INFO SetEventCache - Start
2021-07-21 16:05:36.7996 INFO SetCachedItem = setting cache for Events
2021-07-21 16:05:36.7996 INFO SetCachedItem = setting cache for Events, with Expiry Date of 20/08/2021 15:05:36
2021-07-21 16:05:36.7996 INFO SetNextResultCheckDateTime - Start - roundUp = False
2021-07-21 16:05:36.7996 INFO SetNextResultCheckDateTime - rapidApiResultChecks == null
2021-07-21 16:05:36.8355 INFO SetNextResultCheckDateTime - Set League 1422 next check date to 06/10/2021 20:40:00
2021-07-21 16:05:36.8355 INFO SetNextResultCheckDateTime - Set League 3448 next check date to 31/07/2021 14:25:00
2021-07-21 16:05:36.8355 INFO SetNextResultCheckDateTime - Set League 3456 next check date to 14/08/2021 13:25:00
2021-07-21 16:05:36.8355 INFO SetCachedItem = setting cache for NextFixtureCheckDateTime
2021-07-21 16:05:36.8355 INFO SetCachedItem = setting cache for NextFixtureCheckDateTime, with Expiry Date of 20/08/2021 15:05:36
2021-07-21 16:06:00.0387 INFO SetCachedItem = setting cache for DailyRapidApiLeagueCheck, with Expiry Date of 22/07/2021 00:00:00
