2021-09-27 21:04:34.0786 INFO Default Quartz.NET properties loaded from embedded resource file
2021-09-27 21:04:34.1314 INFO Initialized Scheduler Signaller of type: Quartz.Core.SchedulerSignalerImpl
2021-09-27 21:04:34.1314 INFO Quartz Scheduler v.3.2.2.0 created.
2021-09-27 21:04:34.1883 INFO JobFactory set to: Quartz.Simpl.PropertySettingJobFactory
2021-09-27 21:04:34.1883 INFO RAMJobStore initialized.
2021-09-27 21:04:34.2044 INFO Scheduler meta-data: Quartz Scheduler (v3.2.2.0) 'DefaultQuartzScheduler' with instanceId 'NON_CLUSTERED'
  Scheduler class: 'Quartz.Core.QuartzScheduler' - running locally.
  NOT STARTED.
  Currently in standby mode.
  Number of jobs executed: 0
  Using thread pool 'Quartz.Simpl.DefaultThreadPool' - with 10 threads.
  Using job-store 'Quartz.Simpl.RAMJobStore' - which does not support persistence. and is not clustered.

2021-09-27 21:04:34.2044 INFO Quartz scheduler 'DefaultQuartzScheduler' initialized
2021-09-27 21:04:34.2044 INFO Quartz scheduler version: 3.2.2.0
2021-09-27 21:04:34.2044 INFO Scheduler DefaultQuartzScheduler_$_NON_CLUSTERED started.
2021-09-27 21:04:34.6941 INFO Startup Configuration - Start
2021-09-27 21:04:34.6941 INFO SetEventCache - Start
2021-09-27 21:04:34.7300 INFO SetCachedItem = setting cache for Events
2021-09-27 21:04:34.7300 INFO SetCachedItem = setting cache for Events, with Expiry Date of 27/10/2021 20:04:34
2021-09-27 21:04:34.7300 INFO SetNextResultCheckDateTime - Start - roundUp = False
2021-09-27 21:04:34.7300 INFO SetNextResultCheckDateTime - rapidApiResultChecks == null
2021-09-27 21:04:34.7619 INFO SetNextResultCheckDateTime - Set League 1422 next check date to 06/10/2021 20:40:00
2021-09-27 21:04:34.7619 INFO SetNextResultCheckDateTime - Set League 3448 next check date to 02/10/2021 15:55:00
2021-09-27 21:04:34.7619 INFO SetNextResultCheckDateTime - Set League 3456 next check date to 02/10/2021 13:25:00
2021-09-27 21:04:34.7619 INFO SetCachedItem = setting cache for NextFixtureCheckDateTime
2021-09-27 21:04:34.7619 INFO SetCachedItem = setting cache for NextFixtureCheckDateTime, with Expiry Date of 27/10/2021 20:04:34
2021-09-27 21:05:00.0823 INFO DailyRapidApiLeagueCheck --> lastDate = 23/09/2021 00:00:00, Now = 27/09/2021 00:00:00
2021-09-27 21:05:00.2693 INFO SetCachedItem = setting cache for DailyRapidApiLeagueCheck, with Expiry Date of 28/09/2021 00:00:00
2021-09-27 21:05:00.2693 INFO DailyRapidApiLeagueCheck --> performUpdate = True
2021-09-27 21:05:00.2693 INFO DailyRapidApiLeagueCheck --> Performing daily league update
2021-09-27 21:05:00.3271 INFO FixturesByLeague - League = 3448, EarliestDate = 25/09/2021 00:00:00
2021-09-27 21:05:02.0214 INFO SetEventCache - Start
2021-09-27 21:05:02.0214 INFO SetCachedItem = setting cache for Events
2021-09-27 21:05:02.0214 INFO SetCachedItem = setting cache for Events, with Expiry Date of 27/10/2021 20:05:02
2021-09-27 21:05:02.0214 INFO FixturesByOdds - League = 3448
2021-09-27 21:05:05.2501 INFO OddsByLeagueAndBookmaker - League = 3448, pageNbr = 2
2021-09-27 21:05:08.2197 INFO OddsByLeagueAndBookmaker - League = 3448, pageNbr = 3
2021-09-27 21:05:09.5994 INFO OddsByLeagueAndBookmaker - League = 3448, pageNbr = 0
2021-09-27 21:05:09.6123 INFO FixturesByLeague - League = 3456, EarliestDate = 25/09/2021 00:00:00
2021-09-27 21:05:11.7327 INFO SetEventCache - Start
2021-09-27 21:05:11.7357 INFO SetCachedItem = setting cache for Events
2021-09-27 21:05:11.7357 INFO SetCachedItem = setting cache for Events, with Expiry Date of 27/10/2021 20:05:11
2021-09-27 21:05:11.7357 INFO FixturesByOdds - League = 3456
2021-09-27 21:05:15.2371 INFO OddsByLeagueAndBookmaker - League = 3456, pageNbr = 2
2021-09-27 21:05:18.5310 INFO OddsByLeagueAndBookmaker - League = 3456, pageNbr = 3
2021-09-27 21:05:22.4585 INFO OddsByLeagueAndBookmaker - League = 3456, pageNbr = 4
2021-09-27 21:05:26.3120 INFO OddsByLeagueAndBookmaker - League = 3456, pageNbr = 0
2021-09-27 21:05:26.3300 INFO FixturesByLeague - League = 1422, EarliestDate = 06/10/2021 00:00:00
2021-09-27 21:05:26.6367 INFO FixturesByOdds - League = 1422
2021-09-27 21:05:27.4016 INFO OddsByLeagueAndBookmaker - League = 1422, pageNbr = 0
2021-09-27 21:13:38.5250 INFO Default Quartz.NET properties loaded from embedded resource file
2021-09-27 21:13:38.5519 INFO Initialized Scheduler Signaller of type: Quartz.Core.SchedulerSignalerImpl
2021-09-27 21:13:38.5519 INFO Quartz Scheduler v.3.2.2.0 created.
2021-09-27 21:13:38.5519 INFO JobFactory set to: Quartz.Simpl.PropertySettingJobFactory
2021-09-27 21:13:38.5519 INFO RAMJobStore initialized.
2021-09-27 21:13:38.5519 INFO Scheduler meta-data: Quartz Scheduler (v3.2.2.0) 'DefaultQuartzScheduler' with instanceId 'NON_CLUSTERED'
  Scheduler class: 'Quartz.Core.QuartzScheduler' - running locally.
  NOT STARTED.
  Currently in standby mode.
  Number of jobs executed: 0
  Using thread pool 'Quartz.Simpl.DefaultThreadPool' - with 10 threads.
  Using job-store 'Quartz.Simpl.RAMJobStore' - which does not support persistence. and is not clustered.

2021-09-27 21:13:38.5519 INFO Quartz scheduler 'DefaultQuartzScheduler' initialized
2021-09-27 21:13:38.5519 INFO Quartz scheduler version: 3.2.2.0
2021-09-27 21:13:38.5828 INFO Scheduler DefaultQuartzScheduler_$_NON_CLUSTERED started.
2021-09-27 21:13:39.0317 INFO Startup Configuration - Start
2021-09-27 21:13:39.0317 INFO SetEventCache - Start
2021-09-27 21:13:39.0556 INFO SetCachedItem = setting cache for Events
2021-09-27 21:13:39.0556 INFO SetCachedItem = setting cache for Events, with Expiry Date of 27/10/2021 20:13:39
2021-09-27 21:13:39.0556 INFO SetNextResultCheckDateTime - Start - roundUp = False
2021-09-27 21:13:39.0556 INFO SetNextResultCheckDateTime - rapidApiResultChecks == null
2021-09-27 21:13:39.0715 INFO SetNextResultCheckDateTime - Set League 1422 next check date to 06/10/2021 20:40:00
2021-09-27 21:13:39.0715 INFO SetNextResultCheckDateTime - Set League 3448 next check date to 02/10/2021 15:55:00
2021-09-27 21:13:39.0715 INFO SetNextResultCheckDateTime - Set League 3456 next check date to 02/10/2021 13:25:00
2021-09-27 21:13:39.0715 INFO SetCachedItem = setting cache for NextFixtureCheckDateTime
2021-09-27 21:13:39.0715 INFO SetCachedItem = setting cache for NextFixtureCheckDateTime, with Expiry Date of 27/10/2021 20:13:39
2021-09-27 21:14:00.0741 INFO DailyRapidApiLeagueCheck --> lastDate = 27/09/2021 00:00:00, Now = 27/09/2021 00:00:00
2021-09-27 21:14:00.0741 INFO SetCachedItem = setting cache for DailyRapidApiLeagueCheck, with Expiry Date of 28/09/2021 00:00:00
2021-09-27 21:14:00.0741 INFO DailyRapidApiLeagueCheck --> performUpdate = False
2021-09-27 21:22:14.9796 INFO Default Quartz.NET properties loaded from embedded resource file
2021-09-27 21:22:15.0055 INFO Initialized Scheduler Signaller of type: Quartz.Core.SchedulerSignalerImpl
2021-09-27 21:22:15.0055 INFO Quartz Scheduler v.3.2.2.0 created.
2021-09-27 21:22:15.0055 INFO JobFactory set to: Quartz.Simpl.PropertySettingJobFactory
2021-09-27 21:22:15.0055 INFO RAMJobStore initialized.
2021-09-27 21:22:15.0055 INFO Scheduler meta-data: Quartz Scheduler (v3.2.2.0) 'DefaultQuartzScheduler' with instanceId 'NON_CLUSTERED'
  Scheduler class: 'Quartz.Core.QuartzScheduler' - running locally.
  NOT STARTED.
  Currently in standby mode.
  Number of jobs executed: 0
  Using thread pool 'Quartz.Simpl.DefaultThreadPool' - with 10 threads.
  Using job-store 'Quartz.Simpl.RAMJobStore' - which does not support persistence. and is not clustered.

2021-09-27 21:22:15.0055 INFO Quartz scheduler 'DefaultQuartzScheduler' initialized
2021-09-27 21:22:15.0055 INFO Quartz scheduler version: 3.2.2.0
2021-09-27 21:22:15.0055 INFO Scheduler DefaultQuartzScheduler_$_NON_CLUSTERED started.
2021-09-27 21:22:15.4653 INFO Startup Configuration - Start
2021-09-27 21:22:15.4653 INFO SetEventCache - Start
2021-09-27 21:22:15.4852 INFO SetCachedItem = setting cache for Events
2021-09-27 21:22:15.4852 INFO SetCachedItem = setting cache for Events, with Expiry Date of 27/10/2021 20:22:15
2021-09-27 21:22:15.4852 INFO SetNextResultCheckDateTime - Start - roundUp = False
2021-09-27 21:22:15.4852 INFO SetNextResultCheckDateTime - rapidApiResultChecks == null
2021-09-27 21:22:15.5062 INFO SetNextResultCheckDateTime - Set League 1422 next check date to 06/10/2021 20:40:00
2021-09-27 21:22:15.5062 INFO SetNextResultCheckDateTime - Set League 3448 next check date to 02/10/2021 15:55:00
2021-09-27 21:22:15.5062 INFO SetNextResultCheckDateTime - Set League 3456 next check date to 02/10/2021 13:25:00
2021-09-27 21:22:15.5062 INFO SetCachedItem = setting cache for NextFixtureCheckDateTime
2021-09-27 21:22:15.5062 INFO SetCachedItem = setting cache for NextFixtureCheckDateTime, with Expiry Date of 27/10/2021 20:22:15
2021-09-27 21:23:00.0458 INFO DailyRapidApiLeagueCheck --> lastDate = 27/09/2021 00:00:00, Now = 27/09/2021 00:00:00
2021-09-27 21:23:00.0458 INFO SetCachedItem = setting cache for DailyRapidApiLeagueCheck, with Expiry Date of 28/09/2021 00:00:00
2021-09-27 21:23:00.0458 INFO DailyRapidApiLeagueCheck --> performUpdate = False
2021-09-27 21:35:12.9445 INFO Default Quartz.NET properties loaded from embedded resource file
2021-09-27 21:35:12.9764 INFO Initialized Scheduler Signaller of type: Quartz.Core.SchedulerSignalerImpl
2021-09-27 21:35:12.9764 INFO Quartz Scheduler v.3.2.2.0 created.
2021-09-27 21:35:12.9764 INFO JobFactory set to: Quartz.Simpl.PropertySettingJobFactory
2021-09-27 21:35:12.9764 INFO RAMJobStore initialized.
2021-09-27 21:35:12.9764 INFO Scheduler meta-data: Quartz Scheduler (v3.2.2.0) 'DefaultQuartzScheduler' with instanceId 'NON_CLUSTERED'
  Scheduler class: 'Quartz.Core.QuartzScheduler' - running locally.
  NOT STARTED.
  Currently in standby mode.
  Number of jobs executed: 0
  Using thread pool 'Quartz.Simpl.DefaultThreadPool' - with 10 threads.
  Using job-store 'Quartz.Simpl.RAMJobStore' - which does not support persistence. and is not clustered.

2021-09-27 21:35:12.9764 INFO Quartz scheduler 'DefaultQuartzScheduler' initialized
2021-09-27 21:35:12.9764 INFO Quartz scheduler version: 3.2.2.0
2021-09-27 21:35:12.9874 INFO Scheduler DefaultQuartzScheduler_$_NON_CLUSTERED started.
2021-09-27 21:35:13.4807 INFO Startup Configuration - Start
2021-09-27 21:35:13.4807 INFO SetEventCache - Start
2021-09-27 21:35:13.5027 INFO SetCachedItem = setting cache for Events
2021-09-27 21:35:13.5027 INFO SetCachedItem = setting cache for Events, with Expiry Date of 27/10/2021 20:35:13
2021-09-27 21:35:13.5027 INFO SetNextResultCheckDateTime - Start - roundUp = False
2021-09-27 21:35:13.5027 INFO SetNextResultCheckDateTime - rapidApiResultChecks == null
2021-09-27 21:35:13.5226 INFO SetNextResultCheckDateTime - Set League 1422 next check date to 06/10/2021 20:40:00
2021-09-27 21:35:13.5226 INFO SetNextResultCheckDateTime - Set League 3448 next check date to 02/10/2021 15:55:00
2021-09-27 21:35:13.5226 INFO SetNextResultCheckDateTime - Set League 3456 next check date to 02/10/2021 13:25:00
2021-09-27 21:35:13.5226 INFO SetCachedItem = setting cache for NextFixtureCheckDateTime
2021-09-27 21:35:13.5226 INFO SetCachedItem = setting cache for NextFixtureCheckDateTime, with Expiry Date of 27/10/2021 20:35:13
2021-09-27 21:36:00.0375 INFO DailyRapidApiLeagueCheck --> lastDate = 27/09/2021 00:00:00, Now = 27/09/2021 00:00:00
2021-09-27 21:36:00.0375 INFO SetCachedItem = setting cache for DailyRapidApiLeagueCheck, with Expiry Date of 28/09/2021 00:00:00
2021-09-27 21:36:00.0375 INFO DailyRapidApiLeagueCheck --> performUpdate = False
2021-09-27 21:45:01.7267 INFO Default Quartz.NET properties loaded from embedded resource file
2021-09-27 21:45:01.7695 INFO Initialized Scheduler Signaller of type: Quartz.Core.SchedulerSignalerImpl
2021-09-27 21:45:01.7925 INFO Quartz Scheduler v.3.2.2.0 created.
2021-09-27 21:45:01.8194 INFO JobFactory set to: Quartz.Simpl.PropertySettingJobFactory
2021-09-27 21:45:01.8324 INFO RAMJobStore initialized.
2021-09-27 21:45:01.8324 INFO Scheduler meta-data: Quartz Scheduler (v3.2.2.0) 'DefaultQuartzScheduler' with instanceId 'NON_CLUSTERED'
  Scheduler class: 'Quartz.Core.QuartzScheduler' - running locally.
  NOT STARTED.
  Currently in standby mode.
  Number of jobs executed: 0
  Using thread pool 'Quartz.Simpl.DefaultThreadPool' - with 10 threads.
  Using job-store 'Quartz.Simpl.RAMJobStore' - which does not support persistence. and is not clustered.

2021-09-27 21:45:01.8324 INFO Quartz scheduler 'DefaultQuartzScheduler' initialized
2021-09-27 21:45:01.8324 INFO Quartz scheduler version: 3.2.2.0
2021-09-27 21:45:01.8324 INFO Scheduler DefaultQuartzScheduler_$_NON_CLUSTERED started.
2021-09-27 21:45:01.9351 INFO Startup Configuration - Start
2021-09-27 21:45:01.9351 INFO SetEventCache - Start
2021-09-27 21:45:01.9710 INFO SetCachedItem = setting cache for Events
2021-09-27 21:45:01.9710 INFO SetCachedItem = setting cache for Events, with Expiry Date of 27/10/2021 20:45:01
2021-09-27 21:45:01.9710 INFO SetNextResultCheckDateTime - Start - roundUp = False
2021-09-27 21:45:01.9710 INFO SetNextResultCheckDateTime - rapidApiResultChecks == null
2021-09-27 21:45:02.0009 INFO SetNextResultCheckDateTime - Set League 1422 next check date to 06/10/2021 20:40:00
2021-09-27 21:45:02.0009 INFO SetNextResultCheckDateTime - Set League 3448 next check date to 02/10/2021 15:55:00
2021-09-27 21:45:02.0009 INFO SetNextResultCheckDateTime - Set League 3456 next check date to 02/10/2021 13:25:00
2021-09-27 21:45:02.0009 INFO SetCachedItem = setting cache for NextFixtureCheckDateTime
2021-09-27 21:45:02.0009 INFO SetCachedItem = setting cache for NextFixtureCheckDateTime, with Expiry Date of 27/10/2021 20:45:02
2021-09-27 21:46:00.0405 INFO DailyRapidApiLeagueCheck --> lastDate = 27/09/2021 00:00:00, Now = 27/09/2021 00:00:00
2021-09-27 21:46:00.0405 INFO SetCachedItem = setting cache for DailyRapidApiLeagueCheck, with Expiry Date of 28/09/2021 00:00:00
2021-09-27 21:46:00.0485 INFO DailyRapidApiLeagueCheck --> performUpdate = False
2021-09-27 21:55:18.0974 INFO Default Quartz.NET properties loaded from embedded resource file
2021-09-27 21:55:18.1403 INFO Initialized Scheduler Signaller of type: Quartz.Core.SchedulerSignalerImpl
2021-09-27 21:55:18.1592 INFO Quartz Scheduler v.3.2.2.0 created.
2021-09-27 21:55:18.1897 INFO JobFactory set to: Quartz.Simpl.PropertySettingJobFactory
2021-09-27 21:55:18.1897 INFO RAMJobStore initialized.
2021-09-27 21:55:18.2056 INFO Scheduler meta-data: Quartz Scheduler (v3.2.2.0) 'DefaultQuartzScheduler' with instanceId 'NON_CLUSTERED'
  Scheduler class: 'Quartz.Core.QuartzScheduler' - running locally.
  NOT STARTED.
  Currently in standby mode.
  Number of jobs executed: 0
  Using thread pool 'Quartz.Simpl.DefaultThreadPool' - with 10 threads.
  Using job-store 'Quartz.Simpl.RAMJobStore' - which does not support persistence. and is not clustered.

2021-09-27 21:55:18.2056 INFO Quartz scheduler 'DefaultQuartzScheduler' initialized
2021-09-27 21:55:18.2056 INFO Quartz scheduler version: 3.2.2.0
2021-09-27 21:55:18.2056 INFO Scheduler DefaultQuartzScheduler_$_NON_CLUSTERED started.
2021-09-27 21:55:18.3328 INFO Startup Configuration - Start
2021-09-27 21:55:18.3328 INFO SetEventCache - Start
2021-09-27 21:55:18.3677 INFO SetCachedItem = setting cache for Events
2021-09-27 21:55:18.3677 INFO SetCachedItem = setting cache for Events, with Expiry Date of 27/10/2021 20:55:18
2021-09-27 21:55:18.3677 INFO SetNextResultCheckDateTime - Start - roundUp = False
2021-09-27 21:55:18.3677 INFO SetNextResultCheckDateTime - rapidApiResultChecks == null
2021-09-27 21:55:18.3976 INFO SetNextResultCheckDateTime - Set League 1422 next check date to 06/10/2021 20:40:00
2021-09-27 21:55:18.3976 INFO SetNextResultCheckDateTime - Set League 3448 next check date to 02/10/2021 15:55:00
2021-09-27 21:55:18.3976 INFO SetNextResultCheckDateTime - Set League 3456 next check date to 02/10/2021 13:25:00
2021-09-27 21:55:18.3976 INFO SetCachedItem = setting cache for NextFixtureCheckDateTime
2021-09-27 21:55:18.3976 INFO SetCachedItem = setting cache for NextFixtureCheckDateTime, with Expiry Date of 27/10/2021 20:55:18
2021-09-27 21:56:00.0423 INFO DailyRapidApiLeagueCheck --> lastDate = 27/09/2021 00:00:00, Now = 27/09/2021 00:00:00
2021-09-27 21:56:00.0423 INFO SetCachedItem = setting cache for DailyRapidApiLeagueCheck, with Expiry Date of 28/09/2021 00:00:00
2021-09-27 21:56:00.0503 INFO DailyRapidApiLeagueCheck --> performUpdate = False
2021-09-27 22:31:13.1445 INFO Default Quartz.NET properties loaded from embedded resource file
2021-09-27 22:31:13.1973 INFO Initialized Scheduler Signaller of type: Quartz.Core.SchedulerSignalerImpl
2021-09-27 22:31:13.1973 INFO Quartz Scheduler v.3.2.2.0 created.
2021-09-27 22:31:13.1973 INFO JobFactory set to: Quartz.Simpl.PropertySettingJobFactory
2021-09-27 22:31:13.1973 INFO RAMJobStore initialized.
2021-09-27 22:31:13.2063 INFO Scheduler meta-data: Quartz Scheduler (v3.2.2.0) 'DefaultQuartzScheduler' with instanceId 'NON_CLUSTERED'
  Scheduler class: 'Quartz.Core.QuartzScheduler' - running locally.
  NOT STARTED.
  Currently in standby mode.
  Number of jobs executed: 0
  Using thread pool 'Quartz.Simpl.DefaultThreadPool' - with 10 threads.
  Using job-store 'Quartz.Simpl.RAMJobStore' - which does not support persistence. and is not clustered.

2021-09-27 22:31:13.2063 INFO Quartz scheduler 'DefaultQuartzScheduler' initialized
2021-09-27 22:31:13.2063 INFO Quartz scheduler version: 3.2.2.0
2021-09-27 22:31:13.2063 INFO Scheduler DefaultQuartzScheduler_$_NON_CLUSTERED started.
2021-09-27 22:31:13.6472 INFO Startup Configuration - Start
2021-09-27 22:31:13.6472 INFO SetEventCache - Start
2021-09-27 22:31:13.6951 INFO SetCachedItem = setting cache for Events
2021-09-27 22:31:13.6951 INFO SetCachedItem = setting cache for Events, with Expiry Date of 27/10/2021 21:31:13
2021-09-27 22:31:13.7050 INFO SetNextResultCheckDateTime - Start - roundUp = False
2021-09-27 22:31:13.7050 INFO SetNextResultCheckDateTime - rapidApiResultChecks == null
2021-09-27 22:31:13.7270 INFO SetNextResultCheckDateTime - Set League 1422 next check date to 06/10/2021 20:40:00
2021-09-27 22:31:13.7270 INFO SetNextResultCheckDateTime - Set League 3448 next check date to 02/10/2021 15:55:00
2021-09-27 22:31:13.7270 INFO SetNextResultCheckDateTime - Set League 3456 next check date to 02/10/2021 13:25:00
2021-09-27 22:31:13.7270 INFO SetCachedItem = setting cache for NextFixtureCheckDateTime
2021-09-27 22:31:13.7270 INFO SetCachedItem = setting cache for NextFixtureCheckDateTime, with Expiry Date of 27/10/2021 21:31:13
2021-09-27 22:32:00.0443 INFO DailyRapidApiLeagueCheck --> lastDate = 27/09/2021 00:00:00, Now = 27/09/2021 00:00:00
2021-09-27 22:32:00.0443 INFO SetCachedItem = setting cache for DailyRapidApiLeagueCheck, with Expiry Date of 28/09/2021 00:00:00
2021-09-27 22:32:00.0443 INFO DailyRapidApiLeagueCheck --> performUpdate = False
2021-09-27 22:39:00.2219 INFO Default Quartz.NET properties loaded from embedded resource file
2021-09-27 22:39:00.2688 INFO Initialized Scheduler Signaller of type: Quartz.Core.SchedulerSignalerImpl
2021-09-27 22:39:00.2967 INFO Quartz Scheduler v.3.2.2.0 created.
2021-09-27 22:39:00.3376 INFO JobFactory set to: Quartz.Simpl.PropertySettingJobFactory
2021-09-27 22:39:00.3536 INFO RAMJobStore initialized.
2021-09-27 22:39:00.3536 INFO Scheduler meta-data: Quartz Scheduler (v3.2.2.0) 'DefaultQuartzScheduler' with instanceId 'NON_CLUSTERED'
  Scheduler class: 'Quartz.Core.QuartzScheduler' - running locally.
  NOT STARTED.
  Currently in standby mode.
  Number of jobs executed: 0
  Using thread pool 'Quartz.Simpl.DefaultThreadPool' - with 10 threads.
  Using job-store 'Quartz.Simpl.RAMJobStore' - which does not support persistence. and is not clustered.

2021-09-27 22:39:00.3536 INFO Quartz scheduler 'DefaultQuartzScheduler' initialized
2021-09-27 22:39:00.3536 INFO Quartz scheduler version: 3.2.2.0
2021-09-27 22:39:00.3645 INFO Scheduler DefaultQuartzScheduler_$_NON_CLUSTERED started.
2021-09-27 22:39:00.4274 INFO SetNextResultCheckDateTime - Start - roundUp = False
2021-09-27 22:39:00.4274 INFO SetNextResultCheckDateTime - rapidApiResultChecks == null
2021-09-27 22:39:00.4553 INFO SetNextResultCheckDateTime - Set League 1422 next check date to 06/10/2021 20:40:00
2021-09-27 22:39:00.4553 INFO SetNextResultCheckDateTime - Set League 3448 next check date to 02/10/2021 15:55:00
2021-09-27 22:39:00.4553 INFO SetNextResultCheckDateTime - Set League 3456 next check date to 02/10/2021 13:25:00
2021-09-27 22:39:00.4553 INFO SetCachedItem = setting cache for NextFixtureCheckDateTime
2021-09-27 22:39:00.4553 INFO SetCachedItem = setting cache for NextFixtureCheckDateTime, with Expiry Date of 27/10/2021 21:39:00
2021-09-27 22:39:00.4772 INFO DailyRapidApiLeagueCheck --> lastDate = 27/09/2021 00:00:00, Now = 27/09/2021 00:00:00
2021-09-27 22:39:00.4772 INFO SetCachedItem = setting cache for DailyRapidApiLeagueCheck, with Expiry Date of 28/09/2021 00:00:00
2021-09-27 22:39:00.4772 INFO DailyRapidApiLeagueCheck --> performUpdate = False
2021-09-27 22:39:00.4772 INFO Startup Configuration - Start
2021-09-27 22:39:00.4772 INFO SetEventCache - Start
2021-09-27 22:39:00.5191 INFO SetCachedItem = setting cache for Events
2021-09-27 22:39:00.5191 INFO SetCachedItem = setting cache for Events, with Expiry Date of 27/10/2021 21:39:00
2021-09-27 22:39:00.5191 INFO SetNextResultCheckDateTime - Start - roundUp = False
