2021-01-25 15:21:15.1486 INFO Default Quartz.NET properties loaded from embedded resource file
2021-01-25 15:21:15.2064 INFO Initialized Scheduler Signaller of type: Quartz.Core.SchedulerSignalerImpl
2021-01-25 15:21:15.2084 INFO Quartz Scheduler v.3.2.2.0 created.
2021-01-25 15:21:15.2084 INFO JobFactory set to: Quartz.Simpl.PropertySettingJobFactory
2021-01-25 15:21:15.2084 INFO RAMJobStore initialized.
2021-01-25 15:21:15.2084 INFO Scheduler meta-data: Quartz Scheduler (v3.2.2.0) 'DefaultQuartzScheduler' with instanceId 'NON_CLUSTERED'
  Scheduler class: 'Quartz.Core.QuartzScheduler' - running locally.
  NOT STARTED.
  Currently in standby mode.
  Number of jobs executed: 0
  Using thread pool 'Quartz.Simpl.DefaultThreadPool' - with 10 threads.
  Using job-store 'Quartz.Simpl.RAMJobStore' - which does not support persistence. and is not clustered.

2021-01-25 15:21:15.2264 INFO Quartz scheduler 'DefaultQuartzScheduler' initialized
2021-01-25 15:21:15.2264 INFO Quartz scheduler version: 3.2.2.0
2021-01-25 15:21:15.2264 INFO Scheduler DefaultQuartzScheduler_$_NON_CLUSTERED started.
2021-01-25 15:21:15.4258 INFO Startup Configuration - Start
2021-01-25 15:21:15.4258 INFO SetEventCache - Start
2021-01-25 15:21:15.4747 INFO SetCachedItem = setting cache for Events
2021-01-25 15:21:15.4747 INFO SetCachedItem = setting cache for Events, with Expiry Date of 24/02/2021 15:21:15
2021-01-25 15:21:15.4747 INFO SetNextResultCheckDateTime - Start - roundUp = False
2021-01-25 15:21:15.4747 INFO SetNextResultCheckDateTime - rapidApiResultChecks == null
2021-01-25 15:21:15.5166 INFO SetNextResultCheckDateTime - Set League 2790 next check date to 26/01/2021 19:55:00
2021-01-25 15:21:15.5166 INFO SetCachedItem = setting cache for NextFixtureCheckDateTime
2021-01-25 15:21:15.5166 INFO SetCachedItem = setting cache for NextFixtureCheckDateTime, with Expiry Date of 24/02/2021 15:21:15
2021-01-25 15:22:10.8441 INFO DailyRapidApiLeagueCheck --> lastDate = 24/01/2021 00:00:00, Now = 25/01/2021 00:00:00
2021-01-25 15:22:19.5824 INFO SetCachedItem = setting cache for DailyRapidApiLeagueCheck, with Expiry Date of 26/01/2021 00:00:00
2021-01-25 15:22:21.2020 INFO DailyRapidApiLeagueCheck --> Performing daily league update
2021-01-25 15:22:35.7716 INFO FixturesByOdds - League = 2790
2021-01-25 15:23:13.6807 INFO FixturesByOdds - League = 2790, pageNbr = 5
2021-01-25 15:24:15.2300 INFO FixturesByOdds - League = 2790, pageNbr = 5
2021-01-25 15:24:37.2942 INFO FixturesByOdds - League = 2790, pageNbr = 5
2021-01-25 15:26:42.4035 INFO Default Quartz.NET properties loaded from embedded resource file
2021-01-25 15:26:42.4613 INFO Initialized Scheduler Signaller of type: Quartz.Core.SchedulerSignalerImpl
2021-01-25 15:26:42.4802 INFO Quartz Scheduler v.3.2.2.0 created.
2021-01-25 15:26:42.5171 INFO JobFactory set to: Quartz.Simpl.PropertySettingJobFactory
2021-01-25 15:26:42.5331 INFO RAMJobStore initialized.
2021-01-25 15:26:42.5371 INFO Scheduler meta-data: Quartz Scheduler (v3.2.2.0) 'DefaultQuartzScheduler' with instanceId 'NON_CLUSTERED'
  Scheduler class: 'Quartz.Core.QuartzScheduler' - running locally.
  NOT STARTED.
  Currently in standby mode.
  Number of jobs executed: 0
  Using thread pool 'Quartz.Simpl.DefaultThreadPool' - with 10 threads.
  Using job-store 'Quartz.Simpl.RAMJobStore' - which does not support persistence. and is not clustered.

2021-01-25 15:26:42.5371 INFO Quartz scheduler 'DefaultQuartzScheduler' initialized
2021-01-25 15:26:42.5371 INFO Quartz scheduler version: 3.2.2.0
2021-01-25 15:26:42.5371 INFO Scheduler DefaultQuartzScheduler_$_NON_CLUSTERED started.
2021-01-25 15:26:42.6718 INFO Startup Configuration - Start
2021-01-25 15:26:42.6718 INFO SetEventCache - Start
2021-01-25 15:26:42.7186 INFO SetCachedItem = setting cache for Events
2021-01-25 15:26:42.7186 INFO SetCachedItem = setting cache for Events, with Expiry Date of 24/02/2021 15:26:42
2021-01-25 15:26:42.7186 INFO SetNextResultCheckDateTime - Start - roundUp = False
2021-01-25 15:26:42.7246 INFO SetNextResultCheckDateTime - rapidApiResultChecks == null
2021-01-25 15:26:42.7575 INFO SetNextResultCheckDateTime - Set League 2790 next check date to 26/01/2021 19:55:00
2021-01-25 15:26:42.7575 INFO SetCachedItem = setting cache for NextFixtureCheckDateTime
2021-01-25 15:26:42.7575 INFO SetCachedItem = setting cache for NextFixtureCheckDateTime, with Expiry Date of 24/02/2021 15:26:42
2021-01-25 15:27:08.2692 INFO SetCachedItem = setting cache for DailyRapidApiLeagueCheck, with Expiry Date of 26/01/2021 00:00:00
2021-01-25 15:27:14.9519 INFO DailyRapidApiLeagueCheck --> Performing daily league update
2021-01-25 15:27:33.0198 INFO FixturesByOdds - League = 2790
2021-01-25 15:27:47.2339 INFO FixturesByOdds - League = 2790, pageNbr = 5
2021-01-25 15:28:03.5302 INFO FixturesByOdds - League = 2790, pageNbr = 4
2021-01-25 15:28:17.1155 INFO FixturesByOdds - League = 2790, pageNbr = 3
2021-01-25 15:28:29.7348 INFO FixturesByOdds - League = 2790, pageNbr = 2
2021-01-25 15:28:45.1547 INFO FixturesByOdds - League = 2790, pageNbr = 0
2021-01-25 15:29:03.8485 INFO FixturesByOdds - League = 2794
2021-01-25 15:29:15.2252 INFO FixturesByOdds - League = 2794, pageNbr = 5
2021-01-25 15:29:23.5911 INFO FixturesByOdds - League = 2794, pageNbr = 4
2021-01-25 15:29:31.4072 INFO FixturesByOdds - League = 2794, pageNbr = 3
2021-01-25 15:29:39.8313 INFO FixturesByOdds - League = 2794, pageNbr = 2
2021-01-25 15:29:54.4040 INFO FixturesByOdds - League = 2794, pageNbr = 0
2021-01-25 15:30:08.4529 INFO SetEventCache - Start
2021-01-25 15:30:08.4599 INFO SetCachedItem = setting cache for Events
2021-01-25 15:30:08.4599 INFO SetCachedItem = setting cache for Events, with Expiry Date of 24/02/2021 15:30:08
2021-01-25 15:30:08.6952 INFO SetEventCache - Start
2021-01-25 15:30:08.7092 INFO SetCachedItem = setting cache for Events
2021-01-25 15:30:08.7092 INFO SetCachedItem = setting cache for Events, with Expiry Date of 24/02/2021 15:30:08
2021-01-25 15:38:38.1477 INFO Default Quartz.NET properties loaded from embedded resource file
2021-01-25 15:38:38.2055 INFO Initialized Scheduler Signaller of type: Quartz.Core.SchedulerSignalerImpl
2021-01-25 15:38:38.2175 INFO Quartz Scheduler v.3.2.2.0 created.
2021-01-25 15:38:38.2614 INFO JobFactory set to: Quartz.Simpl.PropertySettingJobFactory
2021-01-25 15:38:38.2853 INFO RAMJobStore initialized.
2021-01-25 15:38:38.2903 INFO Scheduler meta-data: Quartz Scheduler (v3.2.2.0) 'DefaultQuartzScheduler' with instanceId 'NON_CLUSTERED'
  Scheduler class: 'Quartz.Core.QuartzScheduler' - running locally.
  NOT STARTED.
  Currently in standby mode.
  Number of jobs executed: 0
  Using thread pool 'Quartz.Simpl.DefaultThreadPool' - with 10 threads.
  Using job-store 'Quartz.Simpl.RAMJobStore' - which does not support persistence. and is not clustered.

2021-01-25 15:38:38.2903 INFO Quartz scheduler 'DefaultQuartzScheduler' initialized
2021-01-25 15:38:38.2903 INFO Quartz scheduler version: 3.2.2.0
2021-01-25 15:38:38.3023 INFO Scheduler DefaultQuartzScheduler_$_NON_CLUSTERED started.
2021-01-25 15:38:38.4249 INFO Startup Configuration - Start
2021-01-25 15:38:38.4249 INFO SetEventCache - Start
2021-01-25 15:38:38.4708 INFO SetCachedItem = setting cache for Events
2021-01-25 15:38:38.4708 INFO SetCachedItem = setting cache for Events, with Expiry Date of 24/02/2021 15:38:38
2021-01-25 15:38:38.4758 INFO SetNextResultCheckDateTime - Start - roundUp = False
2021-01-25 15:38:38.4758 INFO SetNextResultCheckDateTime - rapidApiResultChecks == null
2021-01-25 15:38:38.5107 INFO SetNextResultCheckDateTime - Set League 2790 next check date to 26/01/2021 19:55:00
2021-01-25 15:38:38.5107 INFO SetCachedItem = setting cache for NextFixtureCheckDateTime
2021-01-25 15:38:38.5107 INFO SetCachedItem = setting cache for NextFixtureCheckDateTime, with Expiry Date of 24/02/2021 15:38:38
2021-01-25 15:39:04.9738 INFO SetCachedItem = setting cache for DailyRapidApiLeagueCheck, with Expiry Date of 26/01/2021 00:00:00
2021-01-25 15:39:13.9767 INFO DailyRapidApiLeagueCheck --> Performing daily league update
2021-01-25 15:39:23.1110 INFO FixturesByOdds - League = 2790
2021-01-25 15:39:42.2494 INFO FixturesByOdds - League = 2790, pageNbr = 5
2021-01-25 15:41:47.2313 INFO FixturesByOdds - League = 2790, pageNbr = 4
2021-01-25 15:46:13.2860 INFO Default Quartz.NET properties loaded from embedded resource file
2021-01-25 15:46:13.3448 INFO Initialized Scheduler Signaller of type: Quartz.Core.SchedulerSignalerImpl
2021-01-25 15:46:13.3538 INFO Quartz Scheduler v.3.2.2.0 created.
2021-01-25 15:46:13.3897 INFO JobFactory set to: Quartz.Simpl.PropertySettingJobFactory
2021-01-25 15:46:13.4186 INFO RAMJobStore initialized.
2021-01-25 15:46:13.4186 INFO Scheduler meta-data: Quartz Scheduler (v3.2.2.0) 'DefaultQuartzScheduler' with instanceId 'NON_CLUSTERED'
  Scheduler class: 'Quartz.Core.QuartzScheduler' - running locally.
  NOT STARTED.
  Currently in standby mode.
  Number of jobs executed: 0
  Using thread pool 'Quartz.Simpl.DefaultThreadPool' - with 10 threads.
  Using job-store 'Quartz.Simpl.RAMJobStore' - which does not support persistence. and is not clustered.

2021-01-25 15:46:13.4186 INFO Quartz scheduler 'DefaultQuartzScheduler' initialized
2021-01-25 15:46:13.4186 INFO Quartz scheduler version: 3.2.2.0
2021-01-25 15:46:13.4376 INFO Scheduler DefaultQuartzScheduler_$_NON_CLUSTERED started.
2021-01-25 15:46:13.5623 INFO Startup Configuration - Start
2021-01-25 15:46:13.5623 INFO SetEventCache - Start
2021-01-25 15:46:13.6082 INFO SetCachedItem = setting cache for Events
2021-01-25 15:46:13.6082 INFO SetCachedItem = setting cache for Events, with Expiry Date of 24/02/2021 15:46:13
2021-01-25 15:46:13.6082 INFO SetNextResultCheckDateTime - Start - roundUp = False
2021-01-25 15:46:13.6082 INFO SetNextResultCheckDateTime - rapidApiResultChecks == null
2021-01-25 15:46:13.6461 INFO SetNextResultCheckDateTime - Set League 2790 next check date to 26/01/2021 19:55:00
2021-01-25 15:46:13.6461 INFO SetCachedItem = setting cache for NextFixtureCheckDateTime
2021-01-25 15:46:13.6461 INFO SetCachedItem = setting cache for NextFixtureCheckDateTime, with Expiry Date of 24/02/2021 15:46:13
2021-01-25 15:47:10.4861 INFO SetCachedItem = setting cache for DailyRapidApiLeagueCheck, with Expiry Date of 26/01/2021 00:00:00
2021-01-25 15:47:15.4156 INFO DailyRapidApiLeagueCheck --> Performing daily league update
2021-01-25 15:47:31.2869 INFO FixturesByOdds - League = 2790
2021-01-25 15:47:40.9380 INFO FixturesByOdds - League = 2790, pageNbr = 5
2021-01-25 15:47:50.5011 INFO FixturesByOdds - League = 2790, pageNbr = 4
2021-01-25 15:48:00.8757 INFO FixturesByOdds - League = 2790, pageNbr = 3
2021-01-25 15:48:06.5901 INFO FixturesByOdds - League = 2790, pageNbr = 2
2021-01-25 15:48:10.5315 INFO FixturesByOdds - League = 2790, pageNbr = 0
2021-01-25 15:48:10.5594 INFO FixturesByLeague - League = 2794
2021-01-25 15:48:49.2487 INFO FixturesByOdds - League = 2794
2021-01-25 15:49:01.5065 INFO FixturesByOdds - League = 2794, pageNbr = 5
2021-01-25 15:49:06.2856 INFO FixturesByOdds - League = 2794, pageNbr = 4
2021-01-25 15:49:11.2737 INFO FixturesByOdds - League = 2794, pageNbr = 3
2021-01-25 15:49:13.3671 INFO FixturesByOdds - League = 2794, pageNbr = 2
2021-01-25 15:49:18.1431 INFO FixturesByOdds - League = 2794, pageNbr = 0
2021-01-25 15:50:05.3820 INFO Default Quartz.NET properties loaded from embedded resource file
2021-01-25 15:50:05.4508 INFO Initialized Scheduler Signaller of type: Quartz.Core.SchedulerSignalerImpl
2021-01-25 15:50:05.4807 INFO Quartz Scheduler v.3.2.2.0 created.
2021-01-25 15:50:05.5156 INFO JobFactory set to: Quartz.Simpl.PropertySettingJobFactory
2021-01-25 15:50:05.5316 INFO RAMJobStore initialized.
2021-01-25 15:50:05.5316 INFO Scheduler meta-data: Quartz Scheduler (v3.2.2.0) 'DefaultQuartzScheduler' with instanceId 'NON_CLUSTERED'
  Scheduler class: 'Quartz.Core.QuartzScheduler' - running locally.
  NOT STARTED.
  Currently in standby mode.
  Number of jobs executed: 0
  Using thread pool 'Quartz.Simpl.DefaultThreadPool' - with 10 threads.
  Using job-store 'Quartz.Simpl.RAMJobStore' - which does not support persistence. and is not clustered.

2021-01-25 15:50:05.5366 INFO Quartz scheduler 'DefaultQuartzScheduler' initialized
2021-01-25 15:50:05.5366 INFO Quartz scheduler version: 3.2.2.0
2021-01-25 15:50:05.5366 INFO Scheduler DefaultQuartzScheduler_$_NON_CLUSTERED started.
2021-01-25 15:50:06.1649 INFO Startup Configuration - Start
2021-01-25 15:50:06.1649 INFO SetEventCache - Start
2021-01-25 15:50:06.2287 INFO SetCachedItem = setting cache for Events
2021-01-25 15:50:06.2287 INFO SetCachedItem = setting cache for Events, with Expiry Date of 24/02/2021 15:50:06
2021-01-25 15:50:06.2427 INFO SetNextResultCheckDateTime - Start - roundUp = False
2021-01-25 15:50:06.2427 INFO SetNextResultCheckDateTime - rapidApiResultChecks == null
2021-01-25 15:50:06.2756 INFO SetNextResultCheckDateTime - Set League 2790 next check date to 26/01/2021 19:55:00
2021-01-25 15:50:06.2756 INFO SetCachedItem = setting cache for NextFixtureCheckDateTime
2021-01-25 15:50:06.2756 INFO SetCachedItem = setting cache for NextFixtureCheckDateTime, with Expiry Date of 24/02/2021 15:50:06
2021-01-25 15:51:05.0520 INFO SetCachedItem = setting cache for DailyRapidApiLeagueCheck, with Expiry Date of 26/01/2021 00:00:00
2021-01-25 15:51:09.4839 INFO DailyRapidApiLeagueCheck --> Performing daily league update
2021-01-25 15:51:22.7983 INFO FixturesByOdds - League = 2790
2021-01-25 15:51:33.3062 INFO FixturesByOdds - League = 2790, pageNbr = 5
2021-01-25 15:51:49.0521 INFO FixturesByOdds - League = 2790, pageNbr = 0
