2021-06-21 00:00:00.2296 INFO DailyRapidApiLeagueCheck --> lastDate = 6/20/2021 12:00:00 AM, Now = 6/21/2021 12:00:00 AM
2021-06-21 00:00:00.3367 INFO SetCachedItem = setting cache for DailyRapidApiLeagueCheck, with Expiry Date of 6/22/2021 12:00:00 AM
2021-06-21 00:00:00.3367 INFO DailyRapidApiLeagueCheck --> Performing daily league update
2021-06-21 00:00:00.4633 INFO FixturesByLeague - League = 3448, EarliestDate = 6/21/2021 12:00:00 AM
2021-06-21 00:00:10.6337 INFO FixturesByOdds - League = 3448
2021-06-21 00:00:10.8212 INFO OddsByLeagueAndBookmaker - League = 3448, pageNbr = 0
2021-06-21 00:00:10.8368 INFO FixturesByLeague - League = 3456, EarliestDate = 6/21/2021 12:00:00 AM
2021-06-21 00:00:26.0244 INFO FixturesByOdds - League = 3456
2021-06-21 00:00:26.2900 INFO OddsByLeagueAndBookmaker - League = 3456, pageNbr = 0
2021-06-21 00:00:26.4619 ERROR DailyRapidApiLeagueCheck ERRORED with message --> The cast to value type 'System.DateTime' failed because the materialized value is null. Either the result type's generic parameter or the query must use a nullable type.
2021-06-21 00:04:35.0260 INFO {
  "success": true,
  "challenge_ts": "2021-06-21T07:03:59Z",
  "hostname": "predictioncomp.com"
}
2021-06-21 00:04:35.0885 INFO Account - Login (HttpPost) - gary.painter@virginmedia.co.uk logged in
2021-06-21 00:05:49.1202 INFO {
  "success": true,
  "challenge_ts": "2021-06-21T07:05:34Z",
  "hostname": "predictioncomp.com"
}
2021-06-21 00:05:49.2140 INFO Account - Login (HttpPost) - fiona.baxter@leamingtonprimary.com logged in
2021-06-21 00:08:50.4807 INFO {
  "success": true,
  "challenge_ts": "2021-06-21T07:08:39Z",
  "hostname": "predictioncomp.com"
}
2021-06-21 00:08:50.6057 INFO Account - Login (HttpPost) - saso.stukelj@gmail.com logged in
2021-06-21 00:09:41.0592 INFO {
  "success": true,
  "challenge_ts": "2021-06-21T07:09:14Z",
  "hostname": "www.predictioncomp.com"
}
2021-06-21 00:09:41.1529 INFO Account - Login (HttpPost) - scott.cameron@wbcs.co.uk logged in
2021-06-21 00:18:26.0948 INFO {
  "success": false,
  "error-codes": [
    "invalid-input-response"
  ]
}
2021-06-21 00:18:36.2668 INFO {
  "success": false,
  "error-codes": [
    "invalid-input-response"
  ]
}
2021-06-21 00:18:44.5793 INFO {
  "success": true,
  "challenge_ts": "2021-06-21T07:18:36Z",
  "hostname": "predictioncomp.com"
}
2021-06-21 00:18:44.6575 INFO Account - Login (HttpPost) - caz.king@virgin.net logged in
2021-06-21 00:23:15.7218 INFO {
  "success": true,
  "challenge_ts": "2021-06-21T07:23:11Z",
  "hostname": "www.predictioncomp.com"
}
2021-06-21 00:23:15.7687 INFO Account - Login (HttpPost) - stephen.goldie1@gmail.com logged in
2021-06-21 00:26:08.0666 INFO {
  "success": true,
  "challenge_ts": "2021-06-21T07:26:04Z",
  "hostname": "predictioncomp.com"
}
2021-06-21 00:26:08.1604 INFO Account - Login (HttpPost) - chris.stubbs@huktra.co.uk logged in
2021-06-21 00:27:21.2702 INFO {
  "success": true,
  "challenge_ts": "2021-06-21T07:27:17Z",
  "hostname": "predictioncomp.com"
}
2021-06-21 00:27:21.3952 INFO Account - Login (HttpPost) - marciap87@gmail.com logged in
2021-06-21 00:35:31.5763 INFO {
  "success": true,
  "challenge_ts": "2021-06-21T07:35:27Z",
  "hostname": "predictioncomp.com"
}
2021-06-21 00:35:31.6232 INFO Account - Login (HttpPost) - liam.farrell@huktra.co.uk logged in
2021-06-21 00:36:29.9119 INFO {
  "success": true,
  "challenge_ts": "2021-06-21T07:36:27Z",
  "hostname": "predictioncomp.com"
}
2021-06-21 00:36:29.9900 INFO Account - Login (HttpPost) - liamgrainger65@gmail.com logged in
2021-06-21 00:36:41.0854 INFO {
  "success": true,
  "challenge_ts": "2021-06-21T07:36:37Z",
  "hostname": "predictioncomp.com"
}
2021-06-21 00:36:41.1792 INFO Account - Login (HttpPost) - mike.dee@havashelia.com logged in
2021-06-21 00:37:11.8247 INFO {
  "success": true,
  "challenge_ts": "2021-06-21T07:37:08Z",
  "hostname": "predictioncomp.com"
}
2021-06-21 00:37:11.9029 INFO Account - Login (HttpPost) - cccullen1980@gmail.com logged in
2021-06-21 00:37:22.8267 INFO {
  "success": true,
  "challenge_ts": "2021-06-21T07:37:02Z",
  "hostname": "predictioncomp.com"
}
2021-06-21 00:37:22.9048 INFO Account - Login (HttpPost) - typist1@wbcs.co.uk logged in
2021-06-21 00:37:30.3749 INFO {
  "success": true,
  "challenge_ts": "2021-06-21T07:37:28Z",
  "hostname": "predictioncomp.com"
}
2021-06-21 00:37:30.4843 INFO Account - Login (HttpPost) - aaronpetersmith1983@yahoo.co.uk logged in
2021-06-21 00:38:16.5248 INFO {
  "success": true,
  "challenge_ts": "2021-06-21T07:38:13Z",
  "hostname": "predictioncomp.com"
}
2021-06-21 00:38:16.5716 INFO Account - Login (HttpPost) - dannielle.williams@portableoffices.co.uk logged in
2021-06-21 00:38:46.7502 INFO {
  "success": true,
  "challenge_ts": "2021-06-21T07:38:36Z",
  "hostname": "www.predictioncomp.com"
}
2021-06-21 00:38:46.8440 INFO Account - Login (HttpPost) - cillian.conway@gmail.com logged in
2021-06-21 00:46:49.0344 INFO {
  "success": true,
  "challenge_ts": "2021-06-21T07:46:29Z",
  "hostname": "predictioncomp.com"
}
2021-06-21 00:46:49.1281 INFO Account - Login (HttpPost) - ian@queen-family.co.uk logged in
2021-06-21 00:47:22.4456 INFO {
  "success": true,
  "challenge_ts": "2021-06-21T07:44:28Z",
  "hostname": "predictioncomp.com"
}
2021-06-21 00:47:22.4768 INFO Account - Login (HttpPost) - ed_bulkeley@yahoo.com logged in
2021-06-21 00:47:55.1222 INFO {
  "success": true,
  "challenge_ts": "2021-06-21T07:47:48Z",
  "hostname": "predictioncomp.com"
}
2021-06-21 00:47:55.2004 INFO Account - Login (HttpPost) - matthewparsons_1@hotmail.com logged in
2021-06-21 00:49:48.9992 INFO {
  "success": true,
  "challenge_ts": "2021-06-21T07:49:34Z",
  "hostname": "predictioncomp.com"
}
2021-06-21 00:49:49.0929 INFO Account - Login (HttpPost) - kbonavia@gmail.com logged in
2021-06-21 00:50:14.8626 INFO {
  "success": true,
  "challenge_ts": "2021-06-21T07:50:11Z",
  "hostname": "predictioncomp.com"
}
2021-06-21 00:50:14.9718 INFO Account - Login (HttpPost) - Malcolm@mkpharma.eu logged in
2021-06-21 00:53:46.4163 INFO {
  "success": true,
  "challenge_ts": "2021-06-21T07:53:39Z",
  "hostname": "predictioncomp.com"
}
2021-06-21 00:53:46.5101 INFO Account - Login (HttpPost) - Marko66sha@aol.com logged in
2021-06-21 00:53:50.5417 INFO {
  "success": true,
  "challenge_ts": "2021-06-21T07:53:48Z",
  "hostname": "predictioncomp.com"
}
2021-06-21 00:53:50.6672 INFO Account - Login (HttpPost) - Jennifer.McIntosh@virginmedia.co.uk logged in
2021-06-21 00:55:30.9234 INFO {
  "success": true,
  "challenge_ts": "2021-06-21T07:55:15Z",
  "hostname": "predictioncomp.com"
}
2021-06-21 00:55:36.6739 INFO {
  "success": true,
  "challenge_ts": "2021-06-21T07:55:31Z",
  "hostname": "predictioncomp.com"
}
2021-06-21 00:55:36.7207 INFO Account - Login (HttpPost) - c.cordoba1980@hotmail.com logged in
2021-06-21 00:58:33.6011 INFO {
  "success": false,
  "error-codes": [
    "invalid-input-response"
  ]
}
2021-06-21 00:58:43.6485 INFO {
  "success": true,
  "challenge_ts": "2021-06-21T07:58:41Z",
  "hostname": "predictioncomp.com"
}
2021-06-21 00:58:43.7110 INFO Account - Login (HttpPost) - timnadin@hotmail.com logged in
2021-06-21 00:58:45.8205 INFO {
  "success": true,
  "challenge_ts": "2021-06-21T07:58:36Z",
  "hostname": "predictioncomp.com"
}
2021-06-21 00:58:45.8986 INFO Account - Login (HttpPost) - sam.dent88@gmail.com logged in
2021-06-21 01:00:52.2333 INFO {
  "success": true,
  "challenge_ts": "2021-06-21T08:00:43Z",
  "hostname": "www.predictioncomp.com"
}
2021-06-21 01:00:52.3271 INFO Account - Login (HttpPost) - ld97morgan@hotmail.com logged in
2021-06-21 01:01:17.6877 INFO {
  "success": true,
  "challenge_ts": "2021-06-21T08:01:14Z",
  "hostname": "predictioncomp.com"
}
2021-06-21 01:01:17.7815 INFO Account - Login (HttpPost) - mjsloman@googlemail.com logged in
2021-06-21 01:05:30.3676 INFO {
  "success": true,
  "challenge_ts": "2021-06-21T08:05:25Z",
  "hostname": "predictioncomp.com"
}
2021-06-21 01:05:30.4144 INFO Account - Login (HttpPost) - Nwerdna@gmail.com logged in
2021-06-21 01:06:07.3370 INFO {
  "success": true,
  "challenge_ts": "2021-06-21T08:06:03Z",
  "hostname": "predictioncomp.com"
}
2021-06-21 01:06:07.3683 INFO Account - Login (HttpPost) - daljit.sangha@portableoffices.co.uk logged in
2021-06-21 01:33:36.6830 INFO {
  "success": false,
  "error-codes": [
    "invalid-input-response"
  ]
}
2021-06-21 01:33:48.0113 INFO {
  "success": true,
  "challenge_ts": "2021-06-21T08:33:37Z",
  "hostname": "predictioncomp.com"
}
2021-06-21 01:33:48.1687 INFO Account - Login (HttpPost) - xanianewiss@gmail.com logged in
2021-06-21 01:39:25.7954 INFO {
  "success": false,
  "error-codes": [
    "invalid-input-response"
  ]
}
2021-06-21 01:39:30.1861 INFO {
  "success": true,
  "challenge_ts": "2021-06-21T08:39:26Z",
  "hostname": "predictioncomp.com"
}
2021-06-21 01:39:30.2329 INFO Account - Login (HttpPost) - Bob.davies@portableoffices.co.uk logged in
2021-06-21 01:39:41.7799 INFO {
  "success": true,
  "challenge_ts": "2021-06-21T08:39:30Z",
  "hostname": "predictioncomp.com"
}
2021-06-21 01:39:41.8893 INFO Account - Login (HttpPost) - henigmanluka@gmail.com logged in
2021-06-21 01:52:06.5955 INFO {
  "success": true,
  "challenge_ts": "2021-06-21T08:51:58Z",
  "hostname": "predictioncomp.com"
}
2021-06-21 01:52:06.6893 INFO Account - Login (HttpPost) - liamryde84@gmail.com logged in
2021-06-21 01:53:33.8320 INFO {
  "success": true,
  "challenge_ts": "2021-06-21T08:52:46Z",
  "hostname": "predictioncomp.com"
}
2021-06-21 01:53:33.8789 INFO Account - Login (HttpPost) - Horacedandy@yahoo.com logged in
2021-06-21 01:57:20.3993 INFO {
  "success": true,
  "challenge_ts": "2021-06-21T08:56:41Z",
  "hostname": "www.predictioncomp.com"
}
2021-06-21 01:57:20.4618 INFO Account - Login (HttpPost) - james.9000@hotmail.co.uk logged in
2021-06-21 01:58:43.4478 INFO {
  "success": true,
  "challenge_ts": "2021-06-21T08:58:38Z",
  "hostname": "predictioncomp.com"
}
2021-06-21 01:58:43.6040 INFO Account - Login (HttpPost) - stefano.mallia@emcs.com.mt logged in
2021-06-21 02:00:56.5278 INFO {
  "success": true,
  "challenge_ts": "2021-06-21T09:00:53Z",
  "hostname": "predictioncomp.com"
}
2021-06-21 02:00:56.5901 INFO Account - Login (HttpPost) - raelcordell@yahoo.co.uk logged in
2021-06-21 02:04:03.4660 INFO {
  "success": true,
  "challenge_ts": "2021-06-21T09:03:50Z",
  "hostname": "predictioncomp.com"
}
2021-06-21 02:04:03.5129 INFO Account - Login (HttpPost) - grega@transfera.si logged in
2021-06-21 02:11:21.3409 INFO {
  "success": true,
  "challenge_ts": "2021-06-21T09:11:18Z",
  "hostname": "predictioncomp.com"
}
2021-06-21 02:11:21.3878 INFO Account - Login (HttpPost) - stephen.ward@huktra.co.uk logged in
2021-06-21 02:12:42.5289 INFO {
  "success": true,
  "challenge_ts": "2021-06-21T09:12:24Z",
  "hostname": "predictioncomp.com"
}
2021-06-21 02:12:42.6070 INFO Account - Login (HttpPost) - jan.rajacic@gmail.com logged in
2021-06-21 02:19:17.5139 INFO confirming email starting
2021-06-21 02:19:17.5139 INFO userid --> 200f770a-83e6-4523-8332-74f6d56234aa
2021-06-21 02:19:17.5298 INFO code --> 4TmDMUw+70e65sDxxgpqqiiUGgdFNi7cSl5b5n9dTpoLGfdRZFVq1v+H6qiNSla3rPAHz5+BRk5t6ZfptHY0JVoJPsU0jlcVwP97dYo+2A26QAwe6w6KcLuUf0ow7l/e9ki06CjBid/L75985mh2nAreSPyKykSiNIe5fHX0N9iPsOSxlKT5oI179Ld0KFai
2021-06-21 02:19:17.5298 INFO both vars are not null
2021-06-21 02:19:17.5608 INFO email not confirmed
2021-06-21 02:19:17.5608 INFO Invalid token.
2021-06-21 02:19:32.3894 INFO {
  "success": true,
  "challenge_ts": "2021-06-21T09:19:27Z",
  "hostname": "predictioncomp.com"
}
2021-06-21 02:19:32.4675 INFO Account - Login (HttpPost) - robert.blundell@danielssilverman.co.uk logged in
2021-06-21 02:19:38.7021 INFO {
  "success": true,
  "challenge_ts": "2021-06-21T09:19:34Z",
  "hostname": "predictioncomp.com"
}
2021-06-21 02:19:38.7802 INFO Account - Login (HttpPost) - davemehigan@outlook.com logged in
2021-06-21 02:20:48.4226 INFO {
  "success": true,
  "challenge_ts": "2021-06-21T09:19:53Z",
  "hostname": "predictioncomp.com"
}
2021-06-21 02:20:48.4694 INFO Account - Login (HttpPost) - jordan6722@gmail.com logged in
2021-06-21 02:22:10.7387 INFO {
  "success": true,
  "challenge_ts": "2021-06-21T09:21:58Z",
  "hostname": "predictioncomp.com"
}
2021-06-21 02:22:10.7856 INFO Account - Login (HttpPost) - barrydibbs@hotmail.com logged in
2021-06-21 02:46:00.4496 INFO {
  "success": true,
  "challenge_ts": "2021-06-21T09:45:20Z",
  "hostname": "predictioncomp.com"
}
2021-06-21 02:47:18.5126 INFO {
  "success": true,
  "challenge_ts": "2021-06-21T09:46:01Z",
  "hostname": "predictioncomp.com"
}
2021-06-21 02:47:18.5595 INFO Account - Login (HttpPost) - Kieran.stclair@virginmedia.co.uk logged in
2021-06-21 02:52:15.6546 INFO {
  "success": true,
  "challenge_ts": "2021-06-21T09:51:51Z",
  "hostname": "predictioncomp.com"
}
2021-06-21 02:52:15.7171 INFO Account - Login (HttpPost) - Laurie.hardman@hotmail.co.uk logged in
2021-06-21 03:30:56.3078 INFO {
  "success": true,
  "challenge_ts": "2021-06-21T10:30:53Z",
  "hostname": "predictioncomp.com"
}
2021-06-21 03:30:56.4172 INFO Account - Login (HttpPost) - Barney.scott@portableoffices.co.uk logged in
2021-06-21 03:37:29.9878 INFO {
  "success": false,
  "error-codes": [
    "invalid-input-response"
  ]
}
2021-06-21 03:37:44.6288 INFO {
  "success": true,
  "challenge_ts": "2021-06-21T10:37:30Z",
  "hostname": "predictioncomp.com"
}
2021-06-21 03:37:44.6913 INFO Account - Login (HttpPost) - elizabeth.mcintosh@virginmedia.co.uk logged in
2021-06-21 03:40:31.5225 INFO {
  "success": false,
  "error-codes": [
    "invalid-input-response"
  ]
}
2021-06-21 03:40:43.1945 INFO {
  "success": true,
  "challenge_ts": "2021-06-21T10:40:31Z",
  "hostname": "predictioncomp.com"
}
2021-06-21 03:40:43.3977 INFO Account - Login (HttpPost) - avbelj.rok@gmail.com logged in
2021-06-21 03:41:46.0703 INFO confirming email starting
2021-06-21 03:41:46.0703 INFO userid --> 10baf5b0-c7dd-445c-9752-8a62e746e5b0
2021-06-21 03:41:46.0703 INFO code --> yViGe4h574VUOqk0hbDNO+rBeQPpvkagENOWz8KTyhjRUjuWClCfEIBZYbFkeGUJW5F9Ze5lQx+d/oOG6wElm18evkeXzZSgadQ+kb7FMDDPSub3E8xjCsf/ANNpQzDgYyKo9ya9cHiW6PIxk/rQ0LJQO6eR34K34+bU+BHWFp7ZRuvZPrHuVkLrr23fl+0d
2021-06-21 03:41:46.0703 INFO both vars are not null
2021-06-21 03:41:46.0703 INFO email not confirmed
2021-06-21 03:41:46.0862 INFO Invalid token.
2021-06-21 03:45:01.3532 INFO {
  "success": true,
  "challenge_ts": "2021-06-21T10:44:54Z",
  "hostname": "www.predictioncomp.com"
}
2021-06-21 03:45:01.4469 INFO Account - Login (HttpPost) - ewanheath2013@outlook.com logged in
2021-06-21 03:47:09.4173 INFO {
  "success": true,
  "challenge_ts": "2021-06-21T10:46:41Z",
  "hostname": "predictioncomp.com"
}
2021-06-21 03:47:09.4954 INFO Account - Login (HttpPost) - nikki_alexandra@hotmail.com logged in
2021-06-21 04:00:32.7837 INFO {
  "success": true,
  "challenge_ts": "2021-06-21T11:00:27Z",
  "hostname": "www.predictioncomp.com"
}
2021-06-21 04:00:32.8774 INFO Account - Login (HttpPost) - ericnorris1990@gmail.com logged in
2021-06-21 04:21:00.4005 INFO {
  "success": true,
  "challenge_ts": "2021-06-21T11:20:50Z",
  "hostname": "predictioncomp.com"
}
2021-06-21 04:21:00.4477 INFO Account - Login (HttpPost) - lisa.hill@huktra.co.uk logged in
2021-06-21 04:29:31.9551 INFO {
  "success": true,
  "challenge_ts": "2021-06-21T11:23:39Z",
  "hostname": "predictioncomp.com"
}
2021-06-21 04:29:32.0480 INFO Account - Login (HttpPost) - avbelj.rok@gmail.com logged in
2021-06-21 04:33:15.3981 INFO {
  "success": false,
  "error-codes": [
    "invalid-input-response"
  ]
}
2021-06-21 04:33:17.5857 INFO {
  "success": false,
  "error-codes": [
    "invalid-input-response"
  ]
}
2021-06-21 04:33:21.1483 INFO {
  "success": true,
  "challenge_ts": "2021-06-21T11:33:16Z",
  "hostname": "predictioncomp.com"
}
2021-06-21 04:33:21.2890 INFO Account - Login (HttpPost) - carlstenx@gmail.com logged in
2021-06-21 04:34:01.4618 INFO {
  "success": true,
  "challenge_ts": "2021-06-21T11:33:17Z",
  "hostname": "predictioncomp.com"
}
2021-06-21 04:34:01.5868 INFO Account - Login (HttpPost) - avbelj.rok@gmail.com logged in
2021-06-21 04:36:56.7940 INFO {
  "success": false,
  "error-codes": [
    "invalid-input-response"
  ]
}
2021-06-21 04:37:01.9501 INFO {
  "success": true,
  "challenge_ts": "2021-06-21T11:36:57Z",
  "hostname": "predictioncomp.com"
}
2021-06-21 04:37:02.0908 INFO Account - Login (HttpPost) - j.brady022@icloud.com logged in
2021-06-21 04:37:35.7320 INFO {
  "success": true,
  "challenge_ts": "2021-06-21T11:37:32Z",
  "hostname": "www.predictioncomp.com"
}
2021-06-21 04:37:35.9039 INFO Account - Login (HttpPost) - cameronheath1@hotmail.co.uk logged in
2021-06-21 04:39:17.4059 INFO {
  "success": true,
  "challenge_ts": "2021-06-21T11:39:09Z",
  "hostname": "predictioncomp.com"
}
2021-06-21 04:39:17.6090 INFO Account - Login (HttpPost) - justin@portableoffices.co.uk logged in
2021-06-21 04:46:46.3794 INFO {
  "success": false,
  "error-codes": [
    "invalid-input-response"
  ]
}
2021-06-21 04:48:07.0664 INFO {
  "success": true,
  "challenge_ts": "2021-06-21T11:46:47Z",
  "hostname": "predictioncomp.com"
}
2021-06-21 04:48:07.1445 INFO Account - Login (HttpPost) - cronieandrc@aol.com logged in
2021-06-21 04:59:12.1190 INFO {
  "success": false,
  "error-codes": [
    "invalid-input-response"
  ]
}
2021-06-21 04:59:18.0763 INFO {
  "success": true,
  "challenge_ts": "2021-06-21T11:59:13Z",
  "hostname": "predictioncomp.com"
}
2021-06-21 04:59:18.2596 INFO Account - Login (HttpPost) - niall.fitz88@gmail.com logged in
2021-06-21 05:03:36.1881 INFO {
  "success": true,
  "challenge_ts": "2021-06-21T12:03:33Z",
  "hostname": "predictioncomp.com"
}
2021-06-21 05:03:36.5477 INFO Account - Login (HttpPost) - marcocilia@gmail.com logged in
2021-06-21 05:06:04.1591 INFO {
  "success": true,
  "challenge_ts": "2021-06-21T12:05:36Z",
  "hostname": "predictioncomp.com"
}
2021-06-21 05:06:04.3619 INFO Account - Login (HttpPost) - Megancarr6@aol.co.uk logged in
2021-06-21 05:07:48.7697 INFO {
  "success": true,
  "challenge_ts": "2021-06-21T12:07:42Z",
  "hostname": "predictioncomp.com"
}
2021-06-21 05:07:48.9590 INFO Account - Login (HttpPost) - leithalex2000@gmail.com logged in
2021-06-21 05:09:16.2235 INFO {
  "success": true,
  "challenge_ts": "2021-06-21T12:09:10Z",
  "hostname": "predictioncomp.com"
}
2021-06-21 05:09:16.4423 INFO Account - Login (HttpPost) - leithalex2000@gmail.com logged in
2021-06-21 05:09:39.6615 INFO {
  "success": true,
  "challenge_ts": "2021-06-21T12:09:37Z",
  "hostname": "predictioncomp.com"
}
2021-06-21 05:09:39.8490 INFO Account - Login (HttpPost) - andrewlees30@gmail.com logged in
2021-06-21 05:10:34.1311 INFO {
  "success": true,
  "challenge_ts": "2021-06-21T12:10:20Z",
  "hostname": "predictioncomp.com"
}
2021-06-21 05:10:34.5686 INFO Account - Login (HttpPost) - ivan.erdodi85@gmail.com logged in
2021-06-21 05:16:23.9493 INFO {
  "success": true,
  "challenge_ts": "2021-06-21T12:16:18Z",
  "hostname": "www.predictioncomp.com"
}
2021-06-21 05:16:24.0587 INFO Account - Login (HttpPost) - paulohagan29@gmail.com logged in
2021-06-21 05:20:54.8591 INFO {
  "success": true,
  "challenge_ts": "2021-06-21T12:20:47Z",
  "hostname": "www.predictioncomp.com"
}
2021-06-21 05:20:55.0153 INFO Account - Login (HttpPost) - tapirhenri@yahoo.ca logged in
2021-06-21 05:23:00.3448 INFO {
  "success": true,
  "challenge_ts": "2021-06-21T12:22:56Z",
  "hostname": "predictioncomp.com"
}
2021-06-21 05:23:00.5011 INFO Account - Login (HttpPost) - titsusapivko@gmail.com logged in
2021-06-21 05:23:11.3762 INFO {
  "success": true,
  "challenge_ts": "2021-06-21T12:23:05Z",
  "hostname": "predictioncomp.com"
}
2021-06-21 05:23:11.5333 INFO Account - Login (HttpPost) - titsusapivko@gmail.com logged in
2021-06-21 05:30:26.7725 INFO {
  "success": false,
  "error-codes": [
    "invalid-input-response"
  ]
}
2021-06-21 05:30:32.3664 INFO {
  "success": false,
  "error-codes": [
    "invalid-input-response"
  ]
}
2021-06-21 05:30:36.3975 INFO {
  "success": true,
  "challenge_ts": "2021-06-21T12:30:33Z",
  "hostname": "www.predictioncomp.com"
}
2021-06-21 05:30:36.5698 INFO Account - Login (HttpPost) - ian.goddard@blueyonder.co.uk logged in
2021-06-21 06:14:22.2729 INFO confirming email starting
2021-06-21 06:14:22.2729 INFO userid --> ee491d1d-cb3c-4032-9545-00fcc90e891c
2021-06-21 06:14:22.2729 INFO code --> 7i3I/RlRq2N9OHJR5xHAcNT0RsnfYKUClnWiAhgRn5a274qm/vN8I0tKPXpgIEvf8YBu5MIzP0zeWUH4ZPXy4Wvmrp2QYxqThdVnoAtUh3LneTRUz3ftQ3OYrA++UC5XBZDLcBiJxroez5EK2bXKwNaY3EW81bSdMk1xrBfhpdETnvP+4kmzd3PqZDyH63m7
2021-06-21 06:14:22.2729 INFO both vars are not null
2021-06-21 06:14:22.3198 INFO email not confirmed
2021-06-21 06:14:22.3198 INFO Invalid token.
2021-06-21 06:14:45.0232 INFO {
  "success": true,
  "challenge_ts": "2021-06-21T13:14:37Z",
  "hostname": "predictioncomp.com"
}
2021-06-21 06:14:45.1794 INFO Account - Login (HttpPost) - Stephen.Cannon@danielssilverman.co.uk logged in
2021-06-21 06:27:44.2001 INFO {
  "success": true,
  "challenge_ts": "2021-06-21T13:25:59Z",
  "hostname": "predictioncomp.com"
}
2021-06-21 06:27:44.2939 INFO Account - Login (HttpPost) - ed_bulkeley@yahoo.com logged in
2021-06-21 06:29:46.8102 INFO {
  "success": true,
  "challenge_ts": "2021-06-21T13:29:44Z",
  "hostname": "predictioncomp.com"
}
2021-06-21 06:29:46.9665 INFO Account - Login (HttpPost) - jcremona99@gmail.com logged in
2021-06-21 06:33:05.7177 INFO {
  "success": true,
  "challenge_ts": "2021-06-21T13:32:37Z",
  "hostname": "predictioncomp.com"
}
2021-06-21 06:33:05.8115 INFO Account - Login (HttpPost) - ninamdaro8@gmail.com logged in
2021-06-21 06:52:06.9134 INFO {
  "success": false,
  "error-codes": [
    "invalid-input-response"
  ]
}
2021-06-21 06:52:13.7728 INFO {
  "success": true,
  "challenge_ts": "2021-06-21T13:52:08Z",
  "hostname": "predictioncomp.com"
}
2021-06-21 06:52:13.8353 INFO Account - Login (HttpPost) - Jocooper1272@gmail.com logged in
2021-06-21 06:58:41.3381 INFO {
  "success": true,
  "challenge_ts": "2021-06-21T13:58:34Z",
  "hostname": "predictioncomp.com"
}
2021-06-21 06:58:41.4474 INFO Account - Login (HttpPost) - jon_stace@hotmail.com logged in
2021-06-21 06:59:01.2757 INFO {
  "success": true,
  "challenge_ts": "2021-06-21T13:58:37Z",
  "hostname": "predictioncomp.com"
}
2021-06-21 06:59:01.3382 INFO Account - Login (HttpPost) - Michelle.watson@virginmedia.co.uk logged in
2021-06-21 07:11:08.8427 INFO {
  "success": true,
  "challenge_ts": "2021-06-21T14:11:05Z",
  "hostname": "predictioncomp.com"
}
2021-06-21 07:11:08.9052 INFO Account - Login (HttpPost) - ciara26@hotmail.co.uk logged in
2021-06-21 07:22:33.3941 INFO {
  "success": false,
  "error-codes": [
    "invalid-input-response"
  ]
}
2021-06-21 07:22:40.3473 INFO {
  "success": true,
  "challenge_ts": "2021-06-21T14:22:33Z",
  "hostname": "predictioncomp.com"
}
2021-06-21 07:22:40.4257 INFO Account - Login (HttpPost) - gasper.grsic@gmail.com logged in
2021-06-21 07:26:23.9267 INFO {
  "success": false,
  "error-codes": [
    "invalid-input-response"
  ]
}
2021-06-21 07:26:28.3643 INFO {
  "success": true,
  "challenge_ts": "2021-06-21T14:26:24Z",
  "hostname": "predictioncomp.com"
}
2021-06-21 07:26:28.4267 INFO Account - Login (HttpPost) - beckys-76@hotmail.com logged in
2021-06-21 07:39:31.4474 INFO {
  "success": true,
  "challenge_ts": "2021-06-21T14:39:14Z",
  "hostname": "predictioncomp.com"
}
2021-06-21 07:39:31.4943 INFO Account - Login (HttpPost) - Alfie.arger@outlook.com logged in
2021-06-21 07:40:37.2134 INFO {
  "success": false,
  "error-codes": [
    "invalid-input-response"
  ]
}
2021-06-21 07:40:43.0260 INFO {
  "success": true,
  "challenge_ts": "2021-06-21T14:40:37Z",
  "hostname": "predictioncomp.com"
}
2021-06-21 07:40:43.1666 INFO Account - Login (HttpPost) - Mattjsrose@googlemail.com logged in
2021-06-21 07:41:57.7608 INFO confirming email starting
2021-06-21 07:41:57.7764 INFO userid --> 077c40fa-7e9d-4651-9c05-ef9b1597554d
2021-06-21 07:41:57.7764 INFO code --> +xDhyuT6LW9iLJx6tU6SAAJhSlDIadt9/L39PKbKqjePx71RA1Vmu5yEUYB1FLL7Se0URG7p/hvSAlOU3p6BY3aUqt1aXhZfseByf35dNz2LhdirLBD13YQNnxPytHx/sg2wISSLE+Dl7O1cGTgB8u9BOgDMbgFyERuiA9aBRvzym9xkAhfK/sl7w6pQt6I0
2021-06-21 07:41:57.7764 INFO both vars are not null
2021-06-21 07:41:57.7927 INFO email not confirmed
2021-06-21 07:41:57.7927 INFO Invalid token.
2021-06-21 07:42:03.5421 INFO {
  "success": true,
  "challenge_ts": "2021-06-21T14:42:01Z",
  "hostname": "predictioncomp.com"
}
2021-06-21 07:42:03.6366 INFO Account - Login (HttpPost) - brendonryan48@yahoo.com logged in
2021-06-21 08:14:54.4761 INFO {
  "success": false,
  "error-codes": [
    "invalid-input-response"
  ]
}
2021-06-21 08:15:14.8043 INFO {
  "success": true,
  "challenge_ts": "2021-06-21T15:14:55Z",
  "hostname": "predictioncomp.com"
}
2021-06-21 08:15:14.8668 INFO Account - Login (HttpPost) - dcamillu@gmail.com logged in
2021-06-21 08:21:33.1817 INFO {
  "success": true,
  "challenge_ts": "2021-06-21T15:21:28Z",
  "hostname": "predictioncomp.com"
}
2021-06-21 08:21:33.2910 INFO Account - Login (HttpPost) - rishibonello@gmail.com logged in
2021-06-21 08:23:25.6667 INFO {
  "success": true,
  "challenge_ts": "2021-06-21T15:23:21Z",
  "hostname": "predictioncomp.com"
}
2021-06-21 08:23:25.7917 INFO Account - Login (HttpPost) - andresrc43@gmail.com logged in
2021-06-21 08:27:32.1526 INFO {
  "success": true,
  "challenge_ts": "2021-06-21T15:27:17Z",
  "hostname": "www.predictioncomp.com"
}
2021-06-21 08:27:32.2151 INFO Account - Login (HttpPost) - nhervet@yahoo.ca logged in
2021-06-21 08:31:36.5291 INFO {
  "success": true,
  "challenge_ts": "2021-06-21T15:31:25Z",
  "hostname": "predictioncomp.com"
}
2021-06-21 08:31:36.6541 INFO Account - Login (HttpPost) - m.stephen.lees@gmail.com logged in
2021-06-21 08:56:36.4061 INFO {
  "success": true,
  "challenge_ts": "2021-06-21T15:56:30Z",
  "hostname": "www.predictioncomp.com"
}
2021-06-21 08:56:36.5311 INFO Account - Login (HttpPost) - Davemhowarth@gmail.com logged in
2021-06-21 08:59:42.6268 INFO {
  "success": true,
  "challenge_ts": "2021-06-21T15:59:27Z",
  "hostname": "www.predictioncomp.com"
}
2021-06-21 08:59:42.7354 INFO Account - Login (HttpPost) - bigchris747@googlemail.com logged in
2021-06-21 09:00:04.1262 INFO {
  "success": true,
  "challenge_ts": "2021-06-21T15:59:57Z",
  "hostname": "predictioncomp.com"
}
2021-06-21 09:00:04.2200 INFO Account - Login (HttpPost) - Bigowen747@googlemail.com logged in
2021-06-21 09:00:42.5640 INFO {
  "success": true,
  "challenge_ts": "2021-06-21T16:00:26Z",
  "hostname": "www.predictioncomp.com"
}
2021-06-21 09:00:42.6890 INFO Account - Login (HttpPost) - markydoyle11@gmail.com logged in
2021-06-21 09:02:39.3457 INFO {
  "success": false,
  "error-codes": [
    "invalid-input-response"
  ]
}
2021-06-21 09:02:43.9864 INFO {
  "success": true,
  "challenge_ts": "2021-06-21T16:02:39Z",
  "hostname": "www.predictioncomp.com"
}
2021-06-21 09:02:44.0645 INFO Account - Login (HttpPost) - edmcmahon4571@gmail.com logged in
2021-06-21 09:09:15.9264 INFO {
  "success": true,
  "challenge_ts": "2021-06-21T16:08:54Z",
  "hostname": "predictioncomp.com"
}
2021-06-21 09:09:27.9109 INFO {
  "success": true,
  "challenge_ts": "2021-06-21T16:09:16Z",
  "hostname": "predictioncomp.com"
}
2021-06-21 09:09:27.9890 INFO Account - Login (HttpPost) - Donnie.o.williams04@gmail.com logged in
2021-06-21 09:11:57.2398 INFO {
  "success": true,
  "challenge_ts": "2021-06-21T16:11:31Z",
  "hostname": "www.predictioncomp.com"
}
2021-06-21 09:11:57.3023 INFO Account - Login (HttpPost) - andrewmoore2062@gmail.com logged in
2021-06-21 09:17:41.1933 INFO {
  "success": true,
  "challenge_ts": "2021-06-21T16:17:37Z",
  "hostname": "predictioncomp.com"
}
2021-06-21 09:17:41.2558 INFO Account - Login (HttpPost) - owenop@yahoo.com logged in
2021-06-21 09:17:42.2719 INFO {
  "success": true,
  "challenge_ts": "2021-06-21T16:17:37Z",
  "hostname": "predictioncomp.com"
}
2021-06-21 09:17:42.3183 INFO Account - Login (HttpPost) - kevryan68@yahoo.co.uk logged in
2021-06-21 09:18:08.3808 INFO {
  "success": true,
  "challenge_ts": "2021-06-21T16:17:57Z",
  "hostname": "www.predictioncomp.com"
}
2021-06-21 09:18:08.4589 INFO Account - Login (HttpPost) - bobfoy30@gmail.com logged in
2021-06-21 09:18:50.8652 INFO {
  "success": true,
  "challenge_ts": "2021-06-21T16:18:37Z",
  "hostname": "predictioncomp.com"
}
2021-06-21 09:18:50.9121 INFO Account - Login (HttpPost) - Michaelkearney360@gmail.com logged in
2021-06-21 09:25:11.5864 INFO {
  "success": true,
  "challenge_ts": "2021-06-21T16:24:39Z",
  "hostname": "predictioncomp.com"
}
2021-06-21 09:25:11.6333 INFO Account - Login (HttpPost) - anneeramsay@aol.com logged in
2021-06-21 09:28:28.4628 INFO {
  "success": true,
  "challenge_ts": "2021-06-21T16:28:01Z",
  "hostname": "predictioncomp.com"
}
2021-06-21 09:28:28.5409 INFO Account - Login (HttpPost) - leeann.taggerty@hotmail.co.uk logged in
2021-06-21 09:29:04.8384 INFO {
  "success": true,
  "challenge_ts": "2021-06-21T16:27:51Z",
  "hostname": "predictioncomp.com"
}
2021-06-21 09:29:04.9165 INFO Account - Login (HttpPost) - bevheald@hotmail.co.uk logged in
2021-06-21 09:29:29.0420 INFO {
  "success": true,
  "challenge_ts": "2021-06-21T16:29:03Z",
  "hostname": "predictioncomp.com"
}
2021-06-21 09:29:29.1514 INFO Account - Login (HttpPost) - scottduddy@hotmail.co.uk logged in
2021-06-21 09:29:32.5733 INFO {
  "success": false,
  "error-codes": [
    "invalid-input-response"
  ]
}
2021-06-21 09:29:42.6672 INFO {
  "success": true,
  "challenge_ts": "2021-06-21T16:29:32Z",
  "hostname": "www.predictioncomp.com"
}
2021-06-21 09:29:42.7610 INFO Account - Login (HttpPost) - bill.taggerty@hotmail.co.uk logged in
2021-06-21 09:34:36.9516 INFO {
  "success": true,
  "challenge_ts": "2021-06-21T16:34:14Z",
  "hostname": "predictioncomp.com"
}
2021-06-21 09:34:36.9985 INFO Account - Login (HttpPost) - arbrightman@hotmail.com logged in
2021-06-21 09:37:00.8580 INFO {
  "success": true,
  "challenge_ts": "2021-06-21T16:36:41Z",
  "hostname": "predictioncomp.com"
}
2021-06-21 09:37:00.9205 INFO Account - Login (HttpPost) - dejan.golcman@gmail.com logged in
2021-06-21 09:43:35.8353 INFO {
  "success": true,
  "challenge_ts": "2021-06-21T16:43:31Z",
  "hostname": "predictioncomp.com"
}
2021-06-21 09:43:35.8978 INFO Account - Login (HttpPost) - mr.stuartmcdonald@gmail.com logged in
2021-06-21 09:45:28.5764 INFO {
  "success": false,
  "error-codes": [
    "invalid-input-response"
  ]
}
2021-06-21 09:45:36.4687 INFO {
  "success": true,
  "challenge_ts": "2021-06-21T16:45:28Z",
  "hostname": "predictioncomp.com"
}
2021-06-21 09:45:36.5781 INFO Account - Login (HttpPost) - megancarr8@aol.com logged in
2021-06-21 09:47:55.3874 INFO {
  "success": false,
  "error-codes": [
    "invalid-input-response"
  ]
}
2021-06-21 09:48:02.3732 INFO {
  "success": true,
  "challenge_ts": "2021-06-21T16:47:56Z",
  "hostname": "predictioncomp.com"
}
2021-06-21 09:48:02.4201 INFO Account - Login (HttpPost) - jayhall1979@googlemail.com logged in
2021-06-21 09:58:19.5545 INFO {
  "success": true,
  "challenge_ts": "2021-06-21T16:57:49Z",
  "hostname": "predictioncomp.com"
}
2021-06-21 09:58:19.6170 INFO Account - Login (HttpPost) - Alexandre.Tournier@snclavalin.com logged in
2021-06-21 10:02:01.1202 INFO {
  "success": true,
  "challenge_ts": "2021-06-21T17:01:53Z",
  "hostname": "predictioncomp.com"
}
2021-06-21 10:02:01.2139 INFO Account - Login (HttpPost) - Madi_howarth@hotmail.com logged in
2021-06-21 10:07:14.6221 INFO {
  "success": true,
  "challenge_ts": "2021-06-21T17:06:54Z",
  "hostname": "predictioncomp.com"
}
2021-06-21 10:07:14.6836 INFO Account - Login (HttpPost) - Aniamaja@hotmail.com logged in
2021-06-21 10:08:38.4991 INFO confirming email starting
2021-06-21 10:08:38.5147 INFO userid --> 10baf5b0-c7dd-445c-9752-8a62e746e5b0
2021-06-21 10:08:38.5147 INFO code --> yViGe4h574VUOqk0hbDNO+rBeQPpvkagENOWz8KTyhjRUjuWClCfEIBZYbFkeGUJW5F9Ze5lQx+d/oOG6wElm18evkeXzZSgadQ+kb7FMDDPSub3E8xjCsf/ANNpQzDgYyKo9ya9cHiW6PIxk/rQ0LJQO6eR34K34+bU+BHWFp7ZRuvZPrHuVkLrr23fl+0d
2021-06-21 10:08:38.5147 INFO both vars are not null
2021-06-21 10:08:38.5147 INFO email not confirmed
2021-06-21 10:08:38.5147 INFO Invalid token.
2021-06-21 10:11:20.3474 INFO {
  "success": true,
  "challenge_ts": "2021-06-21T17:11:11Z",
  "hostname": "predictioncomp.com"
}
2021-06-21 10:11:20.3943 INFO Account - Login (HttpPost) - jakemclean@hotmail.co.uk logged in
2021-06-21 10:16:21.4637 INFO {
  "success": true,
  "challenge_ts": "2021-06-21T17:16:08Z",
  "hostname": "predictioncomp.com"
}
2021-06-21 10:16:21.5106 INFO Account - Login (HttpPost) - donnie.o.williams04@gmail.com logged in
2021-06-21 10:22:12.6265 INFO confirming email starting
2021-06-21 10:22:12.6265 INFO userid --> 10baf5b0-c7dd-445c-9752-8a62e746e5b0
2021-06-21 10:22:12.6421 INFO code --> yViGe4h574VUOqk0hbDNO+rBeQPpvkagENOWz8KTyhjRUjuWClCfEIBZYbFkeGUJW5F9Ze5lQx+d/oOG6wElm18evkeXzZSgadQ+kb7FMDDPSub3E8xjCsf/ANNpQzDgYyKo9ya9cHiW6PIxk/rQ0LJQO6eR34K34+bU+BHWFp7ZRuvZPrHuVkLrr23fl+0d
2021-06-21 10:22:12.6421 INFO both vars are not null
2021-06-21 10:22:12.6890 INFO email not confirmed
2021-06-21 10:22:12.7046 INFO Invalid token.
2021-06-21 10:23:29.5646 INFO confirming email starting
2021-06-21 10:23:29.5646 INFO userid --> 10baf5b0-c7dd-445c-9752-8a62e746e5b0
2021-06-21 10:23:29.5646 INFO code --> yViGe4h574VUOqk0hbDNO+rBeQPpvkagENOWz8KTyhjRUjuWClCfEIBZYbFkeGUJW5F9Ze5lQx+d/oOG6wElm18evkeXzZSgadQ+kb7FMDDPSub3E8xjCsf/ANNpQzDgYyKo9ya9cHiW6PIxk/rQ0LJQO6eR34K34+bU+BHWFp7ZRuvZPrHuVkLrr23fl+0d
2021-06-21 10:23:29.5646 INFO both vars are not null
2021-06-21 10:23:29.6428 INFO email not confirmed
2021-06-21 10:23:29.6428 INFO Invalid token.
2021-06-21 10:30:02.8826 INFO {
  "success": true,
  "challenge_ts": "2021-06-21T17:29:40Z",
  "hostname": "predictioncomp.com"
}
2021-06-21 10:30:02.9295 INFO Account - Login (HttpPost) - donnie.o.williams04@gmail.com logged in
2021-06-21 10:31:01.1476 INFO {
  "success": true,
  "challenge_ts": "2021-06-21T17:30:46Z",
  "hostname": "predictioncomp.com"
}
2021-06-21 10:31:01.2101 INFO Account - Login (HttpPost) - donnie.o.williams04@gmail.com logged in
2021-06-21 10:31:47.0532 INFO {
  "success": false,
  "error-codes": [
    "invalid-input-response"
  ]
}
2021-06-21 10:32:14.8030 INFO {
  "success": true,
  "challenge_ts": "2021-06-21T17:31:48Z",
  "hostname": "www.predictioncomp.com"
}
2021-06-21 10:32:14.8342 INFO Account - Login (HttpPost) - melanie.neilson@yahoo.co.uk logged in
2021-06-21 10:33:37.1462 INFO {
  "success": true,
  "challenge_ts": "2021-06-21T17:33:06Z",
  "hostname": "predictioncomp.com"
}
2021-06-21 10:33:37.2399 INFO Account - Login (HttpPost) - typist1@wbcs.co.uk logged in
2021-06-21 10:33:44.0211 INFO {
  "success": true,
  "challenge_ts": "2021-06-21T17:33:37Z",
  "hostname": "www.predictioncomp.com"
}
2021-06-21 10:33:44.0680 INFO Account - Login (HttpPost) - unitedtigers@blueyonder.co.uk logged in
2021-06-21 10:34:05.6929 INFO {
  "success": true,
  "challenge_ts": "2021-06-21T17:34:02Z",
  "hostname": "predictioncomp.com"
}
2021-06-21 10:34:05.7398 INFO Account - Login (HttpPost) - richmuscat25@googlemail.com logged in
2021-06-21 10:34:10.4897 INFO {
  "success": true,
  "challenge_ts": "2021-06-21T17:33:56Z",
  "hostname": "predictioncomp.com"
}
2021-06-21 10:34:10.5522 INFO Account - Login (HttpPost) - donnie.o.williams04@gmail.com logged in
2021-06-21 10:41:37.4929 INFO {
  "success": true,
  "challenge_ts": "2021-06-21T17:41:31Z",
  "hostname": "predictioncomp.com"
}
2021-06-21 10:41:37.5398 INFO Account - Login (HttpPost) - liz.booth@hotmail.co.uk logged in
2021-06-21 10:47:05.7131 INFO {
  "success": true,
  "challenge_ts": "2021-06-21T17:46:49Z",
  "hostname": "www.predictioncomp.com"
}
2021-06-21 10:47:05.7756 INFO Account - Login (HttpPost) - markodoyle@yahoo.ie logged in
2021-06-21 10:47:11.9475 INFO {
  "success": true,
  "challenge_ts": "2021-06-21T17:46:59Z",
  "hostname": "predictioncomp.com"
}
2021-06-21 10:47:12.0413 INFO Account - Login (HttpPost) - Matt@portableoffices.co.uk logged in
2021-06-21 10:49:33.1199 INFO {
  "success": true,
  "challenge_ts": "2021-06-21T17:25:31Z",
  "hostname": "predictioncomp.com"
}
2021-06-21 10:49:33.2292 INFO Account - Login (HttpPost) - ziad.ghadbane@gmail.com logged in
2021-06-21 10:53:41.2488 INFO {
  "success": true,
  "challenge_ts": "2021-06-21T17:53:19Z",
  "hostname": "predictioncomp.com"
}
2021-06-21 10:53:41.3425 INFO Account - Login (HttpPost) - leeann.taggerty@hotmail.co.uk logged in
2021-06-21 10:53:49.3426 INFO {
  "success": true,
  "challenge_ts": "2021-06-21T17:53:35Z",
  "hostname": "predictioncomp.com"
}
2021-06-21 10:53:49.3895 INFO Account - Login (HttpPost) - dejan.golcman@gmail.com logged in
2021-06-21 10:53:57.4989 INFO {
  "success": false,
  "error-codes": [
    "invalid-input-response"
  ]
}
2021-06-21 10:54:02.5926 INFO {
  "success": true,
  "challenge_ts": "2021-06-21T17:53:57Z",
  "hostname": "www.predictioncomp.com"
}
2021-06-21 10:54:02.6395 INFO Account - Login (HttpPost) - edmcmahon4571@gmail.com logged in
2021-06-21 10:54:42.9521 INFO {
  "success": true,
  "challenge_ts": "2021-06-21T17:54:38Z",
  "hostname": "www.predictioncomp.com"
}
2021-06-21 10:54:42.9990 INFO Account - Login (HttpPost) - edmcmahon4571@gmail.com logged in
2021-06-21 10:55:00.0146 INFO GetRapidApiResults = Getting results from RapidApi 403. FixtureDateTime = 6/21/2021 12:00:00 AM, Now = 6/21/2021 5:55:00 PM
2021-06-21 10:55:00.0146 INFO FixturesByLeagueByDate - League = 403, Date = 2021-06-21
2021-06-21 10:55:11.1396 INFO SetEventCache - Start
2021-06-21 10:55:11.1552 INFO SetCachedItem = setting cache for Events
2021-06-21 10:55:11.1552 INFO SetCachedItem = setting cache for Events, with Expiry Date of 7/21/2021 5:55:11 PM
2021-06-21 10:55:11.1552 INFO SetNextResultCheckDateTime - Start - roundUp = True
2021-06-21 10:55:11.1708 INFO SetNextResultCheckDateTime - Set League 403 next check date to 6/21/2021 8:55:00 PM
2021-06-21 10:55:11.1708 INFO SetNextResultCheckDateTime - Set League 1422 next check date to 10/6/2021 8:40:00 PM
2021-06-21 10:55:11.1708 INFO SetCachedItem = setting cache for NextFixtureCheckDateTime
2021-06-21 10:55:11.1708 INFO SetCachedItem = setting cache for NextFixtureCheckDateTime, with Expiry Date of 7/21/2021 5:55:11 PM
2021-06-21 10:55:44.5616 INFO {
  "success": false,
  "error-codes": [
    "invalid-input-response"
  ]
}
2021-06-21 10:55:49.9679 INFO {
  "success": true,
  "challenge_ts": "2021-06-21T17:55:30Z",
  "hostname": "predictioncomp.com"
}
2021-06-21 10:55:50.0460 INFO Account - Login (HttpPost) - Typist1@wbcs.co.uk logged in
2021-06-21 10:55:51.3273 INFO {
  "success": true,
  "challenge_ts": "2021-06-21T17:55:44Z",
  "hostname": "www.predictioncomp.com"
}
2021-06-21 10:55:51.4210 INFO Account - Login (HttpPost) - pnw72@aol.com logged in
2021-06-21 10:56:15.5932 INFO {
  "success": true,
  "challenge_ts": "2021-06-21T17:56:10Z",
  "hostname": "www.predictioncomp.com"
}
2021-06-21 10:56:15.7182 INFO Account - Login (HttpPost) - Jocooper1272@gmail.com logged in
2021-06-21 10:57:21.4065 INFO {
  "success": true,
  "challenge_ts": "2021-06-21T17:57:01Z",
  "hostname": "predictioncomp.com"
}
2021-06-21 10:57:21.5002 INFO Account - Login (HttpPost) - Ninamdaro8@gmail.com logged in
2021-06-21 10:59:28.1110 INFO {
  "success": true,
  "challenge_ts": "2021-06-21T17:59:14Z",
  "hostname": "www.predictioncomp.com"
}
2021-06-21 10:59:28.2048 INFO Account - Login (HttpPost) - markydoyle11@gmail.com logged in
2021-06-21 10:59:49.9705 INFO {
  "success": false,
  "error-codes": [
    "invalid-input-response"
  ]
}
2021-06-21 10:59:54.7049 INFO {
  "success": true,
  "challenge_ts": "2021-06-21T17:59:50Z",
  "hostname": "www.predictioncomp.com"
}
2021-06-21 10:59:54.7517 INFO Account - Login (HttpPost) - edmcmahon4571@gmail.com logged in
2021-06-21 11:00:05.4081 INFO {
  "success": true,
  "challenge_ts": "2021-06-21T17:59:57Z",
  "hostname": "www.predictioncomp.com"
}
2021-06-21 11:00:05.5487 INFO Account - Login (HttpPost) - vinnieom1@gmail.com logged in
2021-06-21 11:00:20.6739 INFO confirming email starting
2021-06-21 11:00:20.6895 INFO userid --> 077c40fa-7e9d-4651-9c05-ef9b1597554d
2021-06-21 11:00:20.6895 INFO code --> +xDhyuT6LW9iLJx6tU6SAAJhSlDIadt9/L39PKbKqjePx71RA1Vmu5yEUYB1FLL7Se0URG7p/hvSAlOU3p6BY3aUqt1aXhZfseByf35dNz2LhdirLBD13YQNnxPytHx/sg2wISSLE+Dl7O1cGTgB8u9BOgDMbgFyERuiA9aBRvzym9xkAhfK/sl7w6pQt6I0
2021-06-21 11:00:20.6895 INFO both vars are not null
2021-06-21 11:00:20.6895 INFO email not confirmed
2021-06-21 11:00:20.6895 INFO Invalid token.
2021-06-21 11:01:47.2218 INFO confirming email starting
2021-06-21 11:01:47.2218 INFO userid --> 10baf5b0-c7dd-445c-9752-8a62e746e5b0
2021-06-21 11:01:47.2218 INFO code --> yViGe4h574VUOqk0hbDNO+rBeQPpvkagENOWz8KTyhjRUjuWClCfEIBZYbFkeGUJW5F9Ze5lQx+d/oOG6wElm18evkeXzZSgadQ+kb7FMDDPSub3E8xjCsf/ANNpQzDgYyKo9ya9cHiW6PIxk/rQ0LJQO6eR34K34+bU+BHWFp7ZRuvZPrHuVkLrr23fl+0d
2021-06-21 11:01:47.2218 INFO both vars are not null
2021-06-21 11:01:47.2218 INFO email not confirmed
2021-06-21 11:01:47.2218 INFO Invalid token.
2021-06-21 11:01:58.3000 INFO {
  "success": true,
  "challenge_ts": "2021-06-21T18:01:43Z",
  "hostname": "predictioncomp.com"
}
2021-06-21 11:01:58.4096 INFO Account - Login (HttpPost) - hgs_training@hotmail.com logged in
2021-06-21 11:02:21.3941 INFO {
  "success": true,
  "challenge_ts": "2021-06-21T18:02:02Z",
  "hostname": "www.predictioncomp.com"
}
2021-06-21 11:02:21.4885 INFO Account - Login (HttpPost) - roger27272@gmail.com logged in
2021-06-21 11:04:23.8939 INFO {
  "success": true,
  "challenge_ts": "2021-06-21T18:04:21Z",
  "hostname": "predictioncomp.com"
}
2021-06-21 11:04:23.9877 INFO Account - Login (HttpPost) - pete@salsbury.co.uk logged in
2021-06-21 11:07:15.5039 INFO SetEventCache - Start
2021-06-21 11:07:15.5196 INFO SetCachedItem = setting cache for Events
2021-06-21 11:07:15.5196 INFO SetCachedItem = setting cache for Events, with Expiry Date of 7/21/2021 6:07:15 PM
2021-06-21 11:12:11.0234 INFO {
  "success": false,
  "error-codes": [
    "invalid-input-response"
  ]
}
2021-06-21 11:12:17.3359 INFO {
  "success": true,
  "challenge_ts": "2021-06-21T18:12:11Z",
  "hostname": "predictioncomp.com"
}
2021-06-21 11:12:17.3984 INFO Account - Login (HttpPost) - Jan@zanadoo.co.uk logged in
2021-06-21 11:13:46.9763 INFO {
  "success": true,
  "challenge_ts": "2021-06-21T18:13:28Z",
  "hostname": "predictioncomp.com"
}
2021-06-21 11:13:47.1325 INFO Account - Login (HttpPost) - eva.moreda@gmail.com logged in
2021-06-21 11:20:19.4926 INFO {
  "success": true,
  "challenge_ts": "2021-06-21T18:20:15Z",
  "hostname": "predictioncomp.com"
}
2021-06-21 11:20:19.5551 INFO Account - Login (HttpPost) - Lou@salsbury.co.uk logged in
2021-06-21 11:22:19.7911 INFO {
  "success": true,
  "challenge_ts": "2021-06-21T18:22:07Z",
  "hostname": "predictioncomp.com"
}
2021-06-21 11:22:19.8380 INFO Account - Login (HttpPost) - kevmizzi@gmail.com logged in
2021-06-21 11:32:25.8425 INFO {
  "success": true,
  "challenge_ts": "2021-06-21T18:32:10Z",
  "hostname": "www.predictioncomp.com"
}
2021-06-21 11:32:25.8894 INFO Account - Login (HttpPost) - Hotsimon3@gmail.com logged in
2021-06-21 11:38:33.0025 INFO {
  "success": true,
  "challenge_ts": "2021-06-21T18:38:11Z",
  "hostname": "predictioncomp.com"
}
2021-06-21 11:38:33.0493 INFO Account - Login (HttpPost) - Jon.rodger@rci.com logged in
2021-06-21 11:50:07.9452 INFO {
  "success": true,
  "challenge_ts": "2021-06-21T18:49:48Z",
  "hostname": "predictioncomp.com"
}
2021-06-21 11:50:08.0702 INFO Account - Login (HttpPost) - otiszammit@gmail.com logged in
2021-06-21 11:57:16.5703 INFO {
  "success": true,
  "challenge_ts": "2021-06-21T18:57:12Z",
  "hostname": "predictioncomp.com"
}
2021-06-21 11:57:16.6797 INFO Account - Login (HttpPost) - liz.booth@hotmail.co.uk logged in
2021-06-21 11:57:31.5706 INFO {
  "success": false,
  "error-codes": [
    "invalid-input-response"
  ]
}
2021-06-21 11:57:38.4614 INFO {
  "success": true,
  "challenge_ts": "2021-06-21T18:57:31Z",
  "hostname": "predictioncomp.com"
}
2021-06-21 11:57:38.5395 INFO Account - Login (HttpPost) - boldy85@yahoo.co.uk logged in
2021-06-21 11:59:52.6195 INFO {
  "success": false,
  "error-codes": [
    "invalid-input-response"
  ]
}
2021-06-21 12:00:08.2290 INFO {
  "success": true,
  "challenge_ts": "2021-06-21T18:59:52Z",
  "hostname": "predictioncomp.com"
}
2021-06-21 12:00:08.2603 INFO Account - Login (HttpPost) - aftonmontgomery@aol.co.uk logged in
2021-06-21 12:03:19.1522 INFO {
  "success": true,
  "challenge_ts": "2021-06-21T19:02:59Z",
  "hostname": "predictioncomp.com"
}
2021-06-21 12:03:19.2460 INFO Account - Login (HttpPost) - ed_bulkeley@yahoo.com logged in
2021-06-21 12:06:20.9979 INFO {
  "success": true,
  "challenge_ts": "2021-06-21T19:06:17Z",
  "hostname": "predictioncomp.com"
}
2021-06-21 12:06:21.0604 INFO Account - Login (HttpPost) - clare.j.booth@hotmail.co.uk logged in
2021-06-21 12:09:45.2176 INFO {
  "success": true,
  "challenge_ts": "2021-06-21T19:09:42Z",
  "hostname": "predictioncomp.com"
}
2021-06-21 12:09:45.2645 INFO Account - Login (HttpPost) - coenmaher@hotmail.com logged in
2021-06-21 12:11:00.7342 INFO confirming email starting
2021-06-21 12:11:00.7342 INFO userid --> 10baf5b0-c7dd-445c-9752-8a62e746e5b0
2021-06-21 12:11:00.7342 INFO code --> yViGe4h574VUOqk0hbDNO+rBeQPpvkagENOWz8KTyhjRUjuWClCfEIBZYbFkeGUJW5F9Ze5lQx+d/oOG6wElm18evkeXzZSgadQ+kb7FMDDPSub3E8xjCsf/ANNpQzDgYyKo9ya9cHiW6PIxk/rQ0LJQO6eR34K34+bU+BHWFp7ZRuvZPrHuVkLrr23fl+0d
2021-06-21 12:11:00.7342 INFO both vars are not null
2021-06-21 12:11:00.7342 INFO email not confirmed
2021-06-21 12:11:00.7342 INFO Invalid token.
2021-06-21 12:15:06.8297 INFO {
  "success": true,
  "challenge_ts": "2021-06-21T19:14:48Z",
  "hostname": "predictioncomp.com"
}
2021-06-21 12:15:06.9391 INFO Account - Login (HttpPost) - feng.rao.or@gmail.com logged in
2021-06-21 12:15:34.8458 INFO {
  "success": true,
  "challenge_ts": "2021-06-21T19:15:23Z",
  "hostname": "predictioncomp.com"
}
2021-06-21 12:15:34.8927 INFO Account - Login (HttpPost) - donnie.o.williams04@gmail.com logged in
2021-06-21 12:19:57.6259 INFO {
  "success": false,
  "error-codes": [
    "invalid-input-response"
  ]
}
2021-06-21 12:20:02.3134 INFO {
  "success": true,
  "challenge_ts": "2021-06-21T19:19:57Z",
  "hostname": "www.predictioncomp.com"
}
2021-06-21 12:20:02.3915 INFO Account - Login (HttpPost) - edmcmahon4571@gmail.com logged in
2021-06-21 12:20:41.2035 INFO {
  "success": true,
  "challenge_ts": "2021-06-21T19:20:39Z",
  "hostname": "predictioncomp.com"
}
2021-06-21 12:20:41.2972 INFO Account - Login (HttpPost) - yunique84@gmail.com logged in
2021-06-21 12:21:48.1872 INFO {
  "success": true,
  "challenge_ts": "2021-06-21T19:21:24Z",
  "hostname": "predictioncomp.com"
}
2021-06-21 12:21:48.2340 INFO Account - Login (HttpPost) - Laurie.hardman@hotmail.co.uk logged in
2021-06-21 12:22:29.5624 INFO {
  "success": true,
  "challenge_ts": "2021-06-21T19:22:06Z",
  "hostname": "predictioncomp.com"
}
2021-06-21 12:22:29.6406 INFO Account - Login (HttpPost) - Ian_b_78@yahoo.co.uk logged in
2021-06-21 12:33:38.1455 INFO {
  "success": false,
  "error-codes": [
    "invalid-input-response"
  ]
}
2021-06-21 12:33:57.0675 INFO {
  "success": true,
  "challenge_ts": "2021-06-21T19:33:38Z",
  "hostname": "predictioncomp.com"
}
2021-06-21 12:33:57.1143 INFO Account - Login (HttpPost) - Finchy10@gmail.com logged in
2021-06-21 12:35:47.9422 INFO {
  "success": true,
  "challenge_ts": "2021-06-21T19:35:33Z",
  "hostname": "predictioncomp.com"
}
2021-06-21 12:35:47.9735 INFO Account - Login (HttpPost) - jan.rajacic@gmail.com logged in
2021-06-21 12:38:52.8947 INFO {
  "success": true,
  "challenge_ts": "2021-06-21T19:38:49Z",
  "hostname": "predictioncomp.com"
}
2021-06-21 12:38:52.9415 INFO Account - Login (HttpPost) - gordon.theo@gmail.com logged in
2021-06-21 12:49:12.4284 INFO {
  "success": true,
  "challenge_ts": "2021-06-21T19:49:04Z",
  "hostname": "predictioncomp.com"
}
2021-06-21 12:49:12.4753 INFO Account - Login (HttpPost) - bambinu@gmail.com logged in
2021-06-21 12:53:53.9651 INFO {
  "success": false,
  "error-codes": [
    "invalid-input-response"
  ]
}
2021-06-21 12:53:59.6683 INFO {
  "success": true,
  "challenge_ts": "2021-06-21T19:53:54Z",
  "hostname": "www.predictioncomp.com"
}
2021-06-21 12:53:59.7777 INFO Account - Login (HttpPost) - bradshaw.will99@gmail.com logged in
2021-06-21 13:01:40.7952 INFO {
  "success": false,
  "error-codes": [
    "invalid-input-response"
  ]
}
2021-06-21 13:01:47.9358 INFO {
  "success": true,
  "challenge_ts": "2021-06-21T20:01:41Z",
  "hostname": "predictioncomp.com"
}
2021-06-21 13:01:48.3108 INFO Account - Login (HttpPost) - owenop@yahoo.com logged in
2021-06-21 13:05:15.0929 INFO {
  "success": true,
  "challenge_ts": "2021-06-21T20:04:37Z",
  "hostname": "predictioncomp.com"
}
2021-06-21 13:05:15.2648 INFO Account - Login (HttpPost) - Colmconway@gmail.com logged in
2021-06-21 13:06:29.1402 INFO {
  "success": true,
  "challenge_ts": "2021-06-21T20:05:56Z",
  "hostname": "predictioncomp.com"
}
2021-06-21 13:06:29.2027 INFO Account - Login (HttpPost) - jan.rajacic@gmail.com logged in
2021-06-21 13:06:59.6716 INFO {
  "success": false,
  "error-codes": [
    "invalid-input-response"
  ]
}
2021-06-21 13:07:08.5936 INFO {
  "success": true,
  "challenge_ts": "2021-06-21T20:06:59Z",
  "hostname": "www.predictioncomp.com"
}
2021-06-21 13:07:08.7186 INFO Account - Login (HttpPost) - lorraineohagan71@gmail.com logged in
2021-06-21 13:09:05.9847 INFO {
  "success": false,
  "error-codes": [
    "invalid-input-response"
  ]
}
2021-06-21 13:09:14.2528 INFO {
  "success": true,
  "challenge_ts": "2021-06-21T20:09:06Z",
  "hostname": "predictioncomp.com"
}
2021-06-21 13:09:14.2972 INFO Account - Login (HttpPost) - boldy85@yahoo.co.uk logged in
2021-06-21 13:11:49.8442 INFO {
  "success": true,
  "challenge_ts": "2021-06-21T20:11:41Z",
  "hostname": "www.predictioncomp.com"
}
2021-06-21 13:11:49.9067 INFO Account - Login (HttpPost) - unitedtigers@blueyonder.co.uk logged in
2021-06-21 13:13:49.9536 INFO {
  "success": true,
  "challenge_ts": "2021-06-21T20:13:46Z",
  "hostname": "predictioncomp.com"
}
2021-06-21 13:13:50.0005 INFO Account - Login (HttpPost) - robert.wright@havashelia.com logged in
2021-06-21 13:15:55.1723 INFO {
  "success": true,
  "challenge_ts": "2021-06-21T20:15:30Z",
  "hostname": "predictioncomp.com"
}
2021-06-21 13:15:55.2348 INFO Account - Login (HttpPost) - Typist1@wbcs.co.uk logged in
2021-06-21 13:19:55.3447 INFO {
  "success": true,
  "challenge_ts": "2021-06-21T20:19:50Z",
  "hostname": "predictioncomp.com"
}
2021-06-21 13:19:55.4229 INFO Account - Login (HttpPost) - kaarnsa@gmail.com logged in
2021-06-21 13:20:07.0168 INFO {
  "success": true,
  "challenge_ts": "2021-06-21T20:19:53Z",
  "hostname": "predictioncomp.com"
}
2021-06-21 13:20:07.0636 INFO Account - Login (HttpPost) - Alix.clark@virginmedia.co.uk logged in
2021-06-21 13:20:46.7516 INFO {
  "success": true,
  "challenge_ts": "2021-06-21T20:20:37Z",
  "hostname": "predictioncomp.com"
}
2021-06-21 13:20:46.7829 INFO Account - Login (HttpPost) - ashleypj21@gmail.com logged in
2021-06-21 13:24:41.2234 INFO confirming email starting
2021-06-21 13:24:41.2390 INFO userid --> 10baf5b0-c7dd-445c-9752-8a62e746e5b0
2021-06-21 13:24:41.2390 INFO code --> yViGe4h574VUOqk0hbDNO+rBeQPpvkagENOWz8KTyhjRUjuWClCfEIBZYbFkeGUJW5F9Ze5lQx+d/oOG6wElm18evkeXzZSgadQ+kb7FMDDPSub3E8xjCsf/ANNpQzDgYyKo9ya9cHiW6PIxk/rQ0LJQO6eR34K34+bU+BHWFp7ZRuvZPrHuVkLrr23fl+0d
2021-06-21 13:24:41.2390 INFO both vars are not null
2021-06-21 13:24:41.2390 INFO email not confirmed
2021-06-21 13:24:41.2390 INFO Invalid token.
2021-06-21 13:26:42.7406 INFO {
  "success": true,
  "challenge_ts": "2021-06-21T20:26:37Z",
  "hostname": "predictioncomp.com"
}
2021-06-21 13:26:42.8187 INFO Account - Login (HttpPost) - leithalex2000@gmail.com logged in
2021-06-21 13:30:54.2112 INFO {
  "success": true,
  "challenge_ts": "2021-06-21T20:30:25Z",
  "hostname": "predictioncomp.com"
}
2021-06-21 13:30:54.3675 INFO Account - Login (HttpPost) - Grant670@live.co.uk logged in
2021-06-21 13:33:08.4612 INFO {
  "success": true,
  "challenge_ts": "2021-06-21T20:32:32Z",
  "hostname": "predictioncomp.com"
}
2021-06-21 13:33:08.5081 INFO Account - Login (HttpPost) - nikki_alexandra@hotmail.com logged in
2021-06-21 13:33:22.2581 INFO {
  "success": false,
  "error-codes": [
    "invalid-input-response"
  ]
}
2021-06-21 13:33:32.0393 INFO {
  "success": true,
  "challenge_ts": "2021-06-21T20:33:22Z",
  "hostname": "www.predictioncomp.com"
}
2021-06-21 13:33:32.1799 INFO Account - Login (HttpPost) - pnw72@aol.com logged in
2021-06-21 13:34:08.0707 INFO {
  "success": true,
  "challenge_ts": "2021-06-21T20:33:31Z",
  "hostname": "www.predictioncomp.com"
}
2021-06-21 13:34:08.1668 INFO Account - Login (HttpPost) - Paul.reilly03@virginmedia.com logged in
2021-06-21 13:35:21.4616 INFO {
  "success": true,
  "challenge_ts": "2021-06-21T20:34:59Z",
  "hostname": "predictioncomp.com"
}
2021-06-21 13:35:21.5554 INFO Account - Login (HttpPost) - marina_ashton@sky.com logged in
2021-06-21 13:37:25.4937 INFO {
  "success": true,
  "challenge_ts": "2021-06-21T20:37:12Z",
  "hostname": "predictioncomp.com"
}
2021-06-21 13:37:25.5249 INFO Account - Login (HttpPost) - Emmabulkeley@yahoo.co.uk logged in
2021-06-21 13:40:08.2134 INFO {
  "success": true,
  "challenge_ts": "2021-06-21T20:39:35Z",
  "hostname": "predictioncomp.com"
}
2021-06-21 13:40:08.3383 INFO Account - Login (HttpPost) - anneeramsay@aol.com logged in
2021-06-21 13:40:25.0259 INFO {
  "success": true,
  "challenge_ts": "2021-06-21T20:39:40Z",
  "hostname": "predictioncomp.com"
}
2021-06-21 13:40:25.1040 INFO Account - Login (HttpPost) - andrew.ashton50@ntlworld.com logged in
2021-06-21 13:44:15.8398 INFO {
  "success": true,
  "challenge_ts": "2021-06-21T20:44:09Z",
  "hostname": "www.predictioncomp.com"
}
2021-06-21 13:44:15.9023 INFO Account - Login (HttpPost) - unitedtigers@blueyonder.co.uk logged in
2021-06-21 13:45:29.0122 INFO {
  "success": false,
  "error-codes": [
    "invalid-input-response"
  ]
}
2021-06-21 13:45:41.4185 INFO {
  "success": true,
  "challenge_ts": "2021-06-21T20:45:29Z",
  "hostname": "www.predictioncomp.com"
}
2021-06-21 13:45:41.5591 INFO Account - Login (HttpPost) - Taylor-a9@sky.com logged in
2021-06-21 13:46:15.1062 INFO {
  "success": true,
  "challenge_ts": "2021-06-21T20:46:09Z",
  "hostname": "predictioncomp.com"
}
2021-06-21 13:46:15.2000 INFO Account - Login (HttpPost) - marina_ashton@sky.com logged in
2021-06-21 13:49:59.9682 INFO {
  "success": true,
  "challenge_ts": "2021-06-21T20:49:25Z",
  "hostname": "predictioncomp.com"
}
2021-06-21 13:50:00.0295 INFO Account - Login (HttpPost) - nikki_alexandra@hotmail.com logged in
2021-06-21 13:50:09.5608 INFO {
  "success": false,
  "error-codes": [
    "invalid-input-response"
  ]
}
2021-06-21 13:50:17.4984 INFO {
  "success": true,
  "challenge_ts": "2021-06-21T20:50:12Z",
  "hostname": "www.predictioncomp.com"
}
2021-06-21 13:50:17.6236 INFO Account - Login (HttpPost) - valgagnon9@hotmail.com logged in
2021-06-21 13:50:19.8430 INFO {
  "success": true,
  "challenge_ts": "2021-06-21T20:50:04Z",
  "hostname": "www.predictioncomp.com"
}
2021-06-21 13:50:19.9203 INFO Account - Login (HttpPost) - markodoyle@yahoo.ie logged in
2021-06-21 13:51:43.7646 INFO {
  "success": true,
  "challenge_ts": "2021-06-21T20:51:38Z",
  "hostname": "predictioncomp.com"
}
2021-06-21 13:51:43.8427 INFO Account - Login (HttpPost) - archiecoops09@outlook.com logged in
2021-06-21 13:52:47.5931 INFO {
  "success": false,
  "error-codes": [
    "invalid-input-response"
  ]
}
2021-06-21 13:52:53.2494 INFO {
  "success": true,
  "challenge_ts": "2021-06-21T20:52:47Z",
  "hostname": "www.predictioncomp.com"
}
2021-06-21 13:52:53.2963 INFO Account - Login (HttpPost) - edmcmahon4571@gmail.com logged in
2021-06-21 13:53:34.4527 INFO {
  "success": true,
  "challenge_ts": "2021-06-21T20:53:29Z",
  "hostname": "www.predictioncomp.com"
}
2021-06-21 13:53:34.5309 INFO Account - Login (HttpPost) - edmcmahon4571@gmail.com logged in
2021-06-21 13:53:47.4215 INFO {
  "success": true,
  "challenge_ts": "2021-06-21T20:53:34Z",
  "hostname": "predictioncomp.com"
}
2021-06-21 13:53:47.5656 INFO Account - Login (HttpPost) - jan.rajacic@gmail.com logged in
2021-06-21 13:53:52.7341 INFO {
  "success": true,
  "challenge_ts": "2021-06-21T20:53:47Z",
  "hostname": "www.predictioncomp.com"
}
2021-06-21 13:53:52.8434 INFO Account - Login (HttpPost) - dannycanning1@hotmail.co.uk logged in
2021-06-21 13:53:54.1247 INFO {
  "success": true,
  "challenge_ts": "2021-06-21T20:53:47Z",
  "hostname": "predictioncomp.com"
}
2021-06-21 13:53:54.2184 INFO Account - Login (HttpPost) - tapani.ervast@gmail.com logged in
2021-06-21 13:54:26.9686 INFO {
  "success": true,
  "challenge_ts": "2021-06-21T20:53:45Z",
  "hostname": "predictioncomp.com"
}
2021-06-21 13:54:27.0624 INFO Account - Login (HttpPost) - Benmjeffery@gmail.com logged in
2021-06-21 13:54:36.2968 INFO {
  "success": false,
  "error-codes": [
    "invalid-input-response"
  ]
}
2021-06-21 13:55:00.0006 INFO GetRapidApiResults = Getting results from RapidApi 403. FixtureDateTime = 6/21/2021 12:00:00 AM, Now = 6/21/2021 8:55:00 PM
2021-06-21 13:55:00.0006 INFO FixturesByLeagueByDate - League = 403, Date = 2021-06-21
2021-06-21 13:55:03.3595 INFO {
  "success": true,
  "challenge_ts": "2021-06-21T20:54:36Z",
  "hostname": "www.predictioncomp.com"
}
2021-06-21 13:55:03.4376 INFO Account - Login (HttpPost) - Taylor-a9@sky.com logged in
2021-06-21 13:55:04.1720 INFO {
  "success": true,
  "challenge_ts": "2021-06-21T20:54:53Z",
  "hostname": "predictioncomp.com"
}
2021-06-21 13:55:04.2814 INFO Account - Login (HttpPost) - tom_pooker_21@hotmail.co.uk logged in
2021-06-21 13:55:10.2658 INFO SetEventCache - Start
2021-06-21 13:55:10.2818 INFO SetCachedItem = setting cache for Events
2021-06-21 13:55:10.2818 INFO SetCachedItem = setting cache for Events, with Expiry Date of 7/21/2021 8:55:10 PM
2021-06-21 13:55:10.2818 INFO SetNextResultCheckDateTime - Start - roundUp = True
2021-06-21 13:55:10.4064 INFO {
  "success": true,
  "challenge_ts": "2021-06-21T20:54:51Z",
  "hostname": "predictioncomp.com"
}
2021-06-21 13:55:10.5002 INFO SetNextResultCheckDateTime - Set League 403 next check date to 6/22/2021 8:55:00 PM
2021-06-21 13:55:10.5002 INFO SetNextResultCheckDateTime - Set League 1422 next check date to 10/6/2021 8:40:00 PM
2021-06-21 13:55:10.5002 INFO SetCachedItem = setting cache for NextFixtureCheckDateTime
2021-06-21 13:55:10.5002 INFO SetCachedItem = setting cache for NextFixtureCheckDateTime, with Expiry Date of 7/21/2021 8:55:10 PM
2021-06-21 13:55:10.6564 INFO Account - Login (HttpPost) - Kleith463@gmail.com logged in
2021-06-21 13:55:52.2348 INFO {
  "success": true,
  "challenge_ts": "2021-06-21T20:55:47Z",
  "hostname": "www.predictioncomp.com"
}
2021-06-21 13:55:52.2661 INFO Account - Login (HttpPost) - edmcmahon4571@gmail.com logged in
2021-06-21 13:57:47.2668 INFO {
  "success": false,
  "error-codes": [
    "invalid-input-response"
  ]
}
2021-06-21 13:57:54.6887 INFO {
  "success": true,
  "challenge_ts": "2021-06-21T20:57:47Z",
  "hostname": "predictioncomp.com"
}
2021-06-21 13:57:54.8139 INFO Account - Login (HttpPost) - Alix.clark@virginmedia.co.uk logged in
2021-06-21 13:58:03.8450 INFO {
  "success": true,
  "challenge_ts": "2021-06-21T20:57:45Z",
  "hostname": "predictioncomp.com"
}
2021-06-21 13:58:03.9232 INFO Account - Login (HttpPost) - dejan.golcman@gmail.com logged in
2021-06-21 13:58:21.7983 INFO {
  "success": true,
  "challenge_ts": "2021-06-21T20:58:15Z",
  "hostname": "predictioncomp.com"
}
2021-06-21 13:58:21.8451 INFO Account - Login (HttpPost) - colinpike1959@yahoo.com logged in
2021-06-21 13:58:56.3454 INFO {
  "success": true,
  "challenge_ts": "2021-06-21T20:58:44Z",
  "hostname": "predictioncomp.com"
}
2021-06-21 13:58:56.4235 INFO Account - Login (HttpPost) - donnie.o.williams04@gmail.com logged in
2021-06-21 13:59:15.0168 INFO {
  "success": true,
  "challenge_ts": "2021-06-21T20:59:10Z",
  "hostname": "predictioncomp.com"
}
2021-06-21 13:59:15.1261 INFO Account - Login (HttpPost) - andrew.ashton50@ntlworld.com logged in
2021-06-21 13:59:34.1419 INFO {
  "success": true,
  "challenge_ts": "2021-06-21T20:59:28Z",
  "hostname": "predictioncomp.com"
}
2021-06-21 13:59:34.2044 INFO Account - Login (HttpPost) - andrew.ashton50@ntlworld.com logged in
2021-06-21 13:59:55.3143 INFO {
  "success": true,
  "challenge_ts": "2021-06-21T20:59:38Z",
  "hostname": "predictioncomp.com"
}
2021-06-21 13:59:55.4076 INFO Account - Login (HttpPost) - Typist1@wbcs.co.uk logged in
2021-06-21 14:00:55.0643 INFO {
  "success": true,
  "challenge_ts": "2021-06-21T21:00:40Z",
  "hostname": "www.predictioncomp.com"
}
2021-06-21 14:00:55.1424 INFO Account - Login (HttpPost) - joolsbren@hotmail.co.uk logged in
2021-06-21 14:03:23.3935 INFO {
  "success": true,
  "challenge_ts": "2021-06-21T21:03:20Z",
  "hostname": "predictioncomp.com"
}
2021-06-21 14:03:23.5027 INFO Account - Login (HttpPost) - christophemayen01@gmail.com logged in
2021-06-21 14:03:49.4873 INFO {
  "success": true,
  "challenge_ts": "2021-06-21T21:03:33Z",
  "hostname": "predictioncomp.com"
}
2021-06-21 14:03:49.6904 INFO Account - Login (HttpPost) - Eilidhnelson244@gmail.com logged in
2021-06-21 14:04:58.7219 INFO Default Quartz.NET properties loaded from embedded resource file
2021-06-21 14:04:58.8781 INFO Initialized Scheduler Signaller of type: Quartz.Core.SchedulerSignalerImpl
2021-06-21 14:04:58.8781 INFO Quartz Scheduler v.3.2.2.0 created.
2021-06-21 14:04:58.8781 INFO JobFactory set to: Quartz.Simpl.PropertySettingJobFactory
2021-06-21 14:04:58.8781 INFO RAMJobStore initialized.
2021-06-21 14:04:58.8937 INFO Scheduler meta-data: Quartz Scheduler (v3.2.2.0) 'DefaultQuartzScheduler' with instanceId 'NON_CLUSTERED'
  Scheduler class: 'Quartz.Core.QuartzScheduler' - running locally.
  NOT STARTED.
  Currently in standby mode.
  Number of jobs executed: 0
  Using thread pool 'Quartz.Simpl.DefaultThreadPool' - with 10 threads.
  Using job-store 'Quartz.Simpl.RAMJobStore' - which does not support persistence. and is not clustered.

2021-06-21 14:04:58.8937 INFO Quartz scheduler 'DefaultQuartzScheduler' initialized
2021-06-21 14:04:58.8937 INFO Quartz scheduler version: 3.2.2.0
2021-06-21 14:04:58.9094 INFO Scheduler DefaultQuartzScheduler_$_NON_CLUSTERED started.
2021-06-21 14:04:59.0969 INFO Startup Configuration - Start
2021-06-21 14:04:59.1125 INFO SetEventCache - Start
2021-06-21 14:04:59.1906 INFO SetCachedItem = setting cache for Events
2021-06-21 14:04:59.1906 INFO SetCachedItem = setting cache for Events, with Expiry Date of 7/21/2021 9:04:59 PM
2021-06-21 14:04:59.1906 INFO SetNextResultCheckDateTime - Start - roundUp = False
2021-06-21 14:04:59.1906 INFO SetNextResultCheckDateTime - rapidApiResultChecks == null
2021-06-21 14:04:59.2531 INFO SetNextResultCheckDateTime - Set League 403 next check date to 6/22/2021 8:55:00 PM
2021-06-21 14:04:59.2531 INFO SetNextResultCheckDateTime - Set League 1422 next check date to 10/6/2021 8:40:00 PM
2021-06-21 14:04:59.2531 INFO SetCachedItem = setting cache for NextFixtureCheckDateTime
2021-06-21 14:04:59.2531 INFO SetCachedItem = setting cache for NextFixtureCheckDateTime, with Expiry Date of 7/21/2021 9:04:59 PM
2021-06-21 14:05:02.0656 INFO SetCachedItem = setting cache for DailyRapidApiLeagueCheck, with Expiry Date of 6/22/2021 12:00:00 AM
2021-06-21 14:06:12.6673 INFO {
  "success": false,
  "error-codes": [
    "invalid-input-response"
  ]
}
2021-06-21 14:06:18.9956 INFO {
  "success": true,
  "challenge_ts": "2021-06-21T21:06:13Z",
  "hostname": "predictioncomp.com"
}
2021-06-21 14:06:19.1988 INFO Account - Login (HttpPost) - andrew@buurman.co.uk logged in
2021-06-21 14:06:29.5114 INFO {
  "success": false,
  "error-codes": [
    "invalid-input-response"
  ]
}
2021-06-21 14:06:41.9491 INFO {
  "success": true,
  "challenge_ts": "2021-06-21T21:06:30Z",
  "hostname": "predictioncomp.com"
}
2021-06-21 14:06:42.0897 INFO Account - Login (HttpPost) - dpmeechan@sky.com logged in
2021-06-21 14:09:42.4823 INFO {
  "success": true,
  "challenge_ts": "2021-06-21T21:09:33Z",
  "hostname": "www.predictioncomp.com"
}
2021-06-21 14:09:42.5917 INFO Account - Login (HttpPost) - joolsbren@hotmail.co.uk logged in
2021-06-21 14:13:41.8135 INFO {
  "success": true,
  "challenge_ts": "2021-06-21T21:13:29Z",
  "hostname": "predictioncomp.com"
}
2021-06-21 14:13:41.9079 INFO Account - Login (HttpPost) - jan.rajacic@gmail.com logged in
2021-06-21 14:16:01.1434 INFO {
  "success": true,
  "challenge_ts": "2021-06-21T21:15:55Z",
  "hostname": "predictioncomp.com"
}
2021-06-21 14:16:01.2528 INFO Account - Login (HttpPost) - Jaabberwocky@googlemail.com logged in
2021-06-21 14:18:59.7707 INFO {
  "success": true,
  "challenge_ts": "2021-06-21T21:18:53Z",
  "hostname": "predictioncomp.com"
}
2021-06-21 14:18:59.8020 INFO Account - Login (HttpPost) - holloway81deanm@gmail.com logged in
2021-06-21 14:26:48.1378 INFO {
  "success": true,
  "challenge_ts": "2021-06-21T21:25:08Z",
  "hostname": "predictioncomp.com"
}
2021-06-21 14:26:48.1846 INFO Account - Login (HttpPost) - a.d.macfarlane@talk21.com logged in
2021-06-21 14:28:06.8106 INFO {
  "success": true,
  "challenge_ts": "2021-06-21T21:28:01Z",
  "hostname": "predictioncomp.com"
}
2021-06-21 14:28:06.9044 INFO Account - Login (HttpPost) - Mr.j.baker@outlook.com logged in
2021-06-21 14:29:31.1396 INFO Default Quartz.NET properties loaded from embedded resource file
2021-06-21 14:29:31.2646 INFO Initialized Scheduler Signaller of type: Quartz.Core.SchedulerSignalerImpl
2021-06-21 14:29:31.2802 INFO Quartz Scheduler v.3.2.2.0 created.
2021-06-21 14:29:31.2802 INFO JobFactory set to: Quartz.Simpl.PropertySettingJobFactory
2021-06-21 14:29:31.2802 INFO RAMJobStore initialized.
2021-06-21 14:29:31.2802 INFO Scheduler meta-data: Quartz Scheduler (v3.2.2.0) 'DefaultQuartzScheduler' with instanceId 'NON_CLUSTERED'
  Scheduler class: 'Quartz.Core.QuartzScheduler' - running locally.
  NOT STARTED.
  Currently in standby mode.
  Number of jobs executed: 0
  Using thread pool 'Quartz.Simpl.DefaultThreadPool' - with 10 threads.
  Using job-store 'Quartz.Simpl.RAMJobStore' - which does not support persistence. and is not clustered.

2021-06-21 14:29:31.2959 INFO Quartz scheduler 'DefaultQuartzScheduler' initialized
2021-06-21 14:29:31.2959 INFO Quartz scheduler version: 3.2.2.0
2021-06-21 14:29:31.2959 INFO Scheduler DefaultQuartzScheduler_$_NON_CLUSTERED started.
2021-06-21 14:29:32.2178 INFO Startup Configuration - Start
2021-06-21 14:29:32.2178 INFO SetEventCache - Start
2021-06-21 14:29:32.3115 INFO SetCachedItem = setting cache for Events
2021-06-21 14:29:32.3115 INFO SetCachedItem = setting cache for Events, with Expiry Date of 7/21/2021 9:29:32 PM
2021-06-21 14:29:32.3271 INFO SetNextResultCheckDateTime - Start - roundUp = False
2021-06-21 14:29:32.3271 INFO SetNextResultCheckDateTime - rapidApiResultChecks == null
2021-06-21 14:29:32.6396 INFO SetNextResultCheckDateTime - Set League 403 next check date to 6/22/2021 8:55:00 PM
2021-06-21 14:29:32.6396 INFO SetNextResultCheckDateTime - Set League 1422 next check date to 10/6/2021 8:40:00 PM
2021-06-21 14:29:32.6396 INFO SetCachedItem = setting cache for NextFixtureCheckDateTime
2021-06-21 14:29:32.6396 INFO SetCachedItem = setting cache for NextFixtureCheckDateTime, with Expiry Date of 7/21/2021 9:29:32 PM
2021-06-21 14:29:47.3427 INFO {
  "success": false,
  "error-codes": [
    "invalid-input-response"
  ]
}
2021-06-21 14:29:49.3427 INFO {
  "success": true,
  "challenge_ts": "2021-06-21T21:29:46Z",
  "hostname": "predictioncomp.com"
}
2021-06-21 14:29:49.8740 INFO Account - Login (HttpPost) - bambinu@gmail.com logged in
2021-06-21 14:29:52.0146 INFO {
  "success": true,
  "challenge_ts": "2021-06-21T21:29:47Z",
  "hostname": "predictioncomp.com"
}
2021-06-21 14:29:52.0771 INFO Account - Login (HttpPost) - jamie.wilkinson@virginmedia.co.uk logged in
2021-06-21 14:29:53.0928 INFO {
  "success": true,
  "challenge_ts": "2021-06-21T21:29:41Z",
  "hostname": "predictioncomp.com"
}
2021-06-21 14:29:53.1241 INFO Account - Login (HttpPost) - harry.parker@aspect.com logged in
2021-06-21 14:30:00.0928 INFO SetCachedItem = setting cache for DailyRapidApiLeagueCheck, with Expiry Date of 6/22/2021 12:00:00 AM
2021-06-21 14:30:11.7803 INFO {
  "success": false,
  "error-codes": [
    "invalid-input-response"
  ]
}
2021-06-21 14:30:19.3896 INFO {
  "success": true,
  "challenge_ts": "2021-06-21T21:30:15Z",
  "hostname": "predictioncomp.com"
}
2021-06-21 14:30:19.4365 INFO Account - Login (HttpPost) - danny.owens@huktra.co.uk logged in
2021-06-21 14:30:23.7959 INFO {
  "success": true,
  "challenge_ts": "2021-06-21T21:30:20Z",
  "hostname": "predictioncomp.com"
}
2021-06-21 14:30:23.8740 INFO Account - Login (HttpPost) - mr.stuartmcdonald@gmail.com logged in
2021-06-21 14:32:01.3897 INFO {
  "success": false,
  "error-codes": [
    "invalid-input-response"
  ]
}
2021-06-21 14:32:05.0772 INFO {
  "success": true,
  "challenge_ts": "2021-06-21T21:30:07Z",
  "hostname": "predictioncomp.com"
}
2021-06-21 14:32:05.1397 INFO Account - Login (HttpPost) - Alexandre.tournier@snclavalin.com logged in
2021-06-21 14:32:06.9991 INFO {
  "success": true,
  "challenge_ts": "2021-06-21T21:32:01Z",
  "hostname": "predictioncomp.com"
}
2021-06-21 14:32:07.0928 INFO Account - Login (HttpPost) - badbobwilson@gmail.com logged in
2021-06-21 14:32:16.0456 INFO {
  "success": false,
  "error-codes": [
    "invalid-input-response"
  ]
}
2021-06-21 14:32:19.8111 INFO {
  "success": true,
  "challenge_ts": "2021-06-21T21:32:16Z",
  "hostname": "predictioncomp.com"
}
2021-06-21 14:32:19.8892 INFO Account - Login (HttpPost) - jayhall1979@googlemail.com logged in
2021-06-21 14:32:28.5924 INFO {
  "success": true,
  "challenge_ts": "2021-06-21T21:32:13Z",
  "hostname": "www.predictioncomp.com"
}
2021-06-21 14:32:28.7174 INFO Account - Login (HttpPost) - paulohagan29@gmail.com logged in
2021-06-21 14:32:32.4362 INFO {
  "success": false,
  "error-codes": [
    "invalid-input-response"
  ]
}
2021-06-21 14:32:39.5456 INFO {
  "success": true,
  "challenge_ts": "2021-06-21T21:32:32Z",
  "hostname": "predictioncomp.com"
}
2021-06-21 14:32:39.6237 INFO Account - Login (HttpPost) - cronieandrc@aol.com logged in
2021-06-21 14:34:23.0150 INFO {
  "success": true,
  "challenge_ts": "2021-06-21T21:34:03Z",
  "hostname": "predictioncomp.com"
}
2021-06-21 14:34:23.1244 INFO Account - Login (HttpPost) - liamryde84@gmail.com logged in
2021-06-21 14:36:55.2816 INFO {
  "success": false,
  "error-codes": [
    "invalid-input-response"
  ]
}
2021-06-21 14:37:01.7191 INFO {
  "success": false,
  "error-codes": [
    "invalid-input-response"
  ]
}
2021-06-21 14:37:05.6881 INFO {
  "success": true,
  "challenge_ts": "2021-06-21T21:36:55Z",
  "hostname": "predictioncomp.com"
}
2021-06-21 14:37:05.7660 INFO Account - Login (HttpPost) - matt_collins15@hotmail.com logged in
2021-06-21 14:37:09.9848 INFO {
  "success": true,
  "challenge_ts": "2021-06-21T21:37:01Z",
  "hostname": "predictioncomp.com"
}
2021-06-21 14:37:10.0630 INFO Account - Login (HttpPost) - garethmiles@hotmail.com logged in
2021-06-21 14:40:35.6580 INFO {
  "success": true,
  "challenge_ts": "2021-06-21T21:40:28Z",
  "hostname": "predictioncomp.com"
}
2021-06-21 14:40:35.7049 INFO Account - Login (HttpPost) - Johnathan.carter192@gmail.com logged in
2021-06-21 14:41:12.4863 INFO {
  "success": true,
  "challenge_ts": "2021-06-21T21:41:09Z",
  "hostname": "predictioncomp.com"
}
2021-06-21 14:41:12.5488 INFO Account - Login (HttpPost) - robert.wright@havashelia.com logged in
2021-06-21 14:41:14.9707 INFO {
  "success": true,
  "challenge_ts": "2021-06-21T21:41:08Z",
  "hostname": "www.predictioncomp.com"
}
2021-06-21 14:41:15.0175 INFO Account - Login (HttpPost) - bgallagh@tcd.ie logged in
2021-06-21 14:42:19.7367 INFO {
  "success": false,
  "error-codes": [
    "invalid-input-response"
  ]
}
2021-06-21 14:42:27.9555 INFO {
  "success": true,
  "challenge_ts": "2021-06-21T21:42:20Z",
  "hostname": "predictioncomp.com"
}
2021-06-21 14:42:28.0493 INFO Account - Login (HttpPost) - avbeljprimoz1@gmail.com logged in
2021-06-21 14:43:56.2212 INFO {
  "success": true,
  "challenge_ts": "2021-06-21T21:43:53Z",
  "hostname": "predictioncomp.com"
}
2021-06-21 14:43:56.3149 INFO Account - Login (HttpPost) - stuart.bond@virginmedia.co.uk logged in
2021-06-21 14:46:51.4879 INFO {
  "success": true,
  "challenge_ts": "2021-06-21T21:46:41Z",
  "hostname": "predictioncomp.com"
}
2021-06-21 14:46:51.5661 INFO Account - Login (HttpPost) - minnis.tom87@gmail.com logged in
2021-06-21 14:47:56.6759 INFO {
  "success": true,
  "challenge_ts": "2021-06-21T21:47:50Z",
  "hostname": "predictioncomp.com"
}
2021-06-21 14:47:56.7072 INFO Account - Login (HttpPost) - Tonibertram@icloud.com logged in
2021-06-21 14:48:08.0510 INFO Default Quartz.NET properties loaded from embedded resource file
2021-06-21 14:48:08.1917 INFO Initialized Scheduler Signaller of type: Quartz.Core.SchedulerSignalerImpl
2021-06-21 14:48:08.1917 INFO Quartz Scheduler v.3.2.2.0 created.
2021-06-21 14:48:08.1917 INFO JobFactory set to: Quartz.Simpl.PropertySettingJobFactory
2021-06-21 14:48:08.2073 INFO RAMJobStore initialized.
2021-06-21 14:48:08.2073 INFO Scheduler meta-data: Quartz Scheduler (v3.2.2.0) 'DefaultQuartzScheduler' with instanceId 'NON_CLUSTERED'
  Scheduler class: 'Quartz.Core.QuartzScheduler' - running locally.
  NOT STARTED.
  Currently in standby mode.
  Number of jobs executed: 0
  Using thread pool 'Quartz.Simpl.DefaultThreadPool' - with 10 threads.
  Using job-store 'Quartz.Simpl.RAMJobStore' - which does not support persistence. and is not clustered.

2021-06-21 14:48:08.2073 INFO Quartz scheduler 'DefaultQuartzScheduler' initialized
2021-06-21 14:48:08.2073 INFO Quartz scheduler version: 3.2.2.0
2021-06-21 14:48:08.2386 INFO Scheduler DefaultQuartzScheduler_$_NON_CLUSTERED started.
2021-06-21 14:48:08.9261 INFO Startup Configuration - Start
2021-06-21 14:48:08.9261 INFO SetEventCache - Start
2021-06-21 14:48:09.0042 INFO SetCachedItem = setting cache for Events
2021-06-21 14:48:09.0042 INFO SetCachedItem = setting cache for Events, with Expiry Date of 7/21/2021 9:48:09 PM
2021-06-21 14:48:09.0042 INFO SetNextResultCheckDateTime - Start - roundUp = False
2021-06-21 14:48:09.0042 INFO SetNextResultCheckDateTime - rapidApiResultChecks == null
2021-06-21 14:48:09.0823 INFO SetNextResultCheckDateTime - Set League 403 next check date to 6/22/2021 8:55:00 PM
2021-06-21 14:48:09.0823 INFO SetNextResultCheckDateTime - Set League 1422 next check date to 10/6/2021 8:40:00 PM
2021-06-21 14:48:09.0823 INFO SetCachedItem = setting cache for NextFixtureCheckDateTime
2021-06-21 14:48:09.0823 INFO SetCachedItem = setting cache for NextFixtureCheckDateTime, with Expiry Date of 7/21/2021 9:48:09 PM
2021-06-21 14:48:25.8794 INFO Default Quartz.NET properties loaded from embedded resource file
2021-06-21 14:48:25.9575 INFO Initialized Scheduler Signaller of type: Quartz.Core.SchedulerSignalerImpl
2021-06-21 14:48:25.9575 INFO Quartz Scheduler v.3.2.2.0 created.
2021-06-21 14:48:25.9732 INFO JobFactory set to: Quartz.Simpl.PropertySettingJobFactory
2021-06-21 14:48:25.9732 INFO RAMJobStore initialized.
2021-06-21 14:48:25.9732 INFO Scheduler meta-data: Quartz Scheduler (v3.2.2.0) 'DefaultQuartzScheduler' with instanceId 'NON_CLUSTERED'
  Scheduler class: 'Quartz.Core.QuartzScheduler' - running locally.
  NOT STARTED.
  Currently in standby mode.
  Number of jobs executed: 0
  Using thread pool 'Quartz.Simpl.DefaultThreadPool' - with 10 threads.
  Using job-store 'Quartz.Simpl.RAMJobStore' - which does not support persistence. and is not clustered.

2021-06-21 14:48:25.9732 INFO Quartz scheduler 'DefaultQuartzScheduler' initialized
2021-06-21 14:48:25.9732 INFO Quartz scheduler version: 3.2.2.0
2021-06-21 14:48:25.9888 INFO Scheduler DefaultQuartzScheduler_$_NON_CLUSTERED started.
2021-06-21 14:48:26.1294 INFO Startup Configuration - Start
2021-06-21 14:48:26.1294 INFO SetEventCache - Start
2021-06-21 14:48:26.1763 INFO SetCachedItem = setting cache for Events
2021-06-21 14:48:26.1763 INFO SetCachedItem = setting cache for Events, with Expiry Date of 7/21/2021 9:48:26 PM
2021-06-21 14:48:26.1919 INFO SetNextResultCheckDateTime - Start - roundUp = False
2021-06-21 14:48:26.1919 INFO SetNextResultCheckDateTime - rapidApiResultChecks == null
2021-06-21 14:48:26.2544 INFO SetNextResultCheckDateTime - Set League 403 next check date to 6/22/2021 8:55:00 PM
2021-06-21 14:48:26.2544 INFO SetNextResultCheckDateTime - Set League 1422 next check date to 10/6/2021 8:40:00 PM
2021-06-21 14:48:26.2544 INFO SetCachedItem = setting cache for NextFixtureCheckDateTime
2021-06-21 14:48:26.2544 INFO SetCachedItem = setting cache for NextFixtureCheckDateTime, with Expiry Date of 7/21/2021 9:48:26 PM
2021-06-21 14:49:00.0986 INFO DailyRapidApiLeagueCheck --> lastDate = 6/20/2021 12:00:00 AM, Now = 6/21/2021 12:00:00 AM
2021-06-21 14:49:00.4736 INFO SetCachedItem = setting cache for DailyRapidApiLeagueCheck, with Expiry Date of 6/22/2021 12:00:00 AM
2021-06-21 14:49:00.4736 INFO DailyRapidApiLeagueCheck --> Performing daily league update
2021-06-21 14:49:00.6142 INFO FixturesByLeague - League = 3448, EarliestDate = 7/31/2021 12:00:00 AM
2021-06-21 14:49:04.3330 INFO FixturesByOdds - League = 3448
2021-06-21 14:49:04.4580 INFO OddsByLeagueAndBookmaker - League = 3448, pageNbr = 0
2021-06-21 14:49:04.5205 INFO FixturesByLeague - League = 3456, EarliestDate = 8/14/2021 12:00:00 AM
2021-06-21 14:49:09.8956 INFO FixturesByOdds - League = 3456
2021-06-21 14:49:10.0362 INFO OddsByLeagueAndBookmaker - League = 3456, pageNbr = 0
2021-06-21 14:49:10.0518 INFO FixturesByLeague - League = 403, EarliestDate = 6/22/2021 12:00:00 AM
2021-06-21 14:49:10.5675 INFO FixturesByOdds - League = 403
2021-06-21 14:49:12.4269 INFO OddsByLeagueAndBookmaker - League = 403, pageNbr = 2
2021-06-21 14:49:16.9269 INFO OddsByLeagueAndBookmaker - League = 403, pageNbr = 3
2021-06-21 14:49:22.0833 INFO OddsByLeagueAndBookmaker - League = 403, pageNbr = 4
2021-06-21 14:49:22.5989 INFO {
  "success": true,
  "challenge_ts": "2021-06-21T21:49:19Z",
  "hostname": "predictioncomp.com"
}
2021-06-21 14:49:23.1458 INFO Account - Login (HttpPost) - pete@salsbury.co.uk logged in
2021-06-21 14:49:24.6302 INFO OddsByLeagueAndBookmaker - League = 403, pageNbr = 0
2021-06-21 14:49:24.6458 INFO FixturesByLeague - League = 1422, EarliestDate = 10/6/2021 12:00:00 AM
2021-06-21 14:49:25.0833 INFO FixturesByOdds - League = 1422
2021-06-21 14:49:25.2083 INFO OddsByLeagueAndBookmaker - League = 1422, pageNbr = 0
2021-06-21 14:49:25.3958 INFO SetEventCache - Start
2021-06-21 14:49:25.3958 INFO SetCachedItem = setting cache for Events
2021-06-21 14:49:25.3958 INFO SetCachedItem = setting cache for Events, with Expiry Date of 7/21/2021 9:49:25 PM
2021-06-21 14:49:25.4895 INFO SetEventCache - Start
2021-06-21 14:49:25.5061 INFO SetCachedItem = setting cache for Events
2021-06-21 14:49:25.5061 INFO SetCachedItem = setting cache for Events, with Expiry Date of 7/21/2021 9:49:25 PM
2021-06-21 14:49:56.7862 INFO {
  "success": true,
  "challenge_ts": "2021-06-21T21:49:45Z",
  "hostname": "predictioncomp.com"
}
2021-06-21 14:49:56.8487 INFO Account - Login (HttpPost) - jakemclean@hotmail.co.uk logged in
2021-06-21 14:51:18.5841 INFO {
  "success": true,
  "challenge_ts": "2021-06-21T21:51:00Z",
  "hostname": "predictioncomp.com"
}
2021-06-21 14:51:18.6154 INFO Account - Login (HttpPost) - yvonne.mcdonald@blueyonder.co.uk logged in
2021-06-21 14:51:54.3502 INFO {
  "success": false,
  "error-codes": [
    "invalid-input-response"
  ]
}
2021-06-21 14:52:00.0690 INFO {
  "success": true,
  "challenge_ts": "2021-06-21T21:51:54Z",
  "hostname": "predictioncomp.com"
}
2021-06-21 14:52:00.2253 INFO Account - Login (HttpPost) - andraz.avbelj61@gmail.com logged in
2021-06-21 14:52:26.3038 INFO {
  "success": true,
  "challenge_ts": "2021-06-21T21:52:03Z",
  "hostname": "predictioncomp.com"
}
2021-06-21 14:52:26.3819 INFO Account - Login (HttpPost) - jake_henley@hotmail.com logged in
2021-06-21 14:52:26.7256 INFO SetCachedItem = setting cache for Events
2021-06-21 14:52:26.7256 INFO SetCachedItem = setting cache for Events, with Expiry Date of 7/21/2021 9:52:26 PM
2021-06-21 14:52:27.3506 INFO SetCachedItem = setting cache for Events
2021-06-21 14:52:27.3506 INFO SetCachedItem = setting cache for Events, with Expiry Date of 7/21/2021 9:52:27 PM
2021-06-21 14:52:28.0381 INFO SetCachedItem = setting cache for Events
2021-06-21 14:52:28.0381 INFO SetCachedItem = setting cache for Events, with Expiry Date of 7/21/2021 9:52:28 PM
2021-06-21 14:52:28.6631 INFO SetCachedItem = setting cache for Events
2021-06-21 14:52:28.6631 INFO SetCachedItem = setting cache for Events, with Expiry Date of 7/21/2021 9:52:28 PM
2021-06-21 14:52:29.3194 INFO SetCachedItem = setting cache for Events
2021-06-21 14:52:29.3194 INFO SetCachedItem = setting cache for Events, with Expiry Date of 7/21/2021 9:52:29 PM
2021-06-21 14:52:30.1475 INFO SetCachedItem = setting cache for Events
2021-06-21 14:52:30.1475 INFO SetCachedItem = setting cache for Events, with Expiry Date of 7/21/2021 9:52:30 PM
2021-06-21 14:52:30.7413 INFO SetCachedItem = setting cache for Events
2021-06-21 14:52:30.7413 INFO SetCachedItem = setting cache for Events, with Expiry Date of 7/21/2021 9:52:30 PM
2021-06-21 14:52:33.7101 INFO SetCachedItem = setting cache for Events
2021-06-21 14:52:33.7257 INFO SetCachedItem = setting cache for Events, with Expiry Date of 7/21/2021 9:52:33 PM
2021-06-21 14:52:38.1633 INFO {
  "success": true,
  "challenge_ts": "2021-06-21T21:50:56Z",
  "hostname": "predictioncomp.com"
}
2021-06-21 14:52:42.5540 INFO {
  "success": true,
  "challenge_ts": "2021-06-21T21:52:35Z",
  "hostname": "predictioncomp.com"
}
2021-06-21 14:52:42.6321 INFO Account - Login (HttpPost) - gabrielfortmann@gmail.com logged in
2021-06-21 14:52:56.7573 INFO SetEventCache - Start
2021-06-21 14:52:56.7729 INFO SetCachedItem = setting cache for Events
2021-06-21 14:52:56.7729 INFO SetCachedItem = setting cache for Events, with Expiry Date of 7/21/2021 9:52:56 PM
2021-06-21 14:53:14.0856 INFO {
  "success": true,
  "challenge_ts": "2021-06-21T21:52:38Z",
  "hostname": "predictioncomp.com"
}
2021-06-21 14:53:14.9762 INFO SetEventCache - Start
2021-06-21 14:53:14.9762 INFO SetCachedItem = setting cache for Events
2021-06-21 14:53:14.9919 INFO SetCachedItem = setting cache for Events, with Expiry Date of 7/21/2021 9:53:14 PM
2021-06-21 14:53:40.4766 INFO SetCachedItem = setting cache for Events
2021-06-21 14:53:40.4766 INFO SetCachedItem = setting cache for Events, with Expiry Date of 7/21/2021 9:53:40 PM
2021-06-21 14:53:43.0860 INFO SetCachedItem = setting cache for Events
2021-06-21 14:53:43.0860 INFO SetCachedItem = setting cache for Events, with Expiry Date of 7/21/2021 9:53:43 PM
2021-06-21 14:53:43.5860 INFO SetCachedItem = setting cache for Events
2021-06-21 14:53:43.5860 INFO SetCachedItem = setting cache for Events, with Expiry Date of 7/21/2021 9:53:43 PM
2021-06-21 14:53:44.3829 INFO SetCachedItem = setting cache for Events
2021-06-21 14:53:44.3829 INFO SetCachedItem = setting cache for Events, with Expiry Date of 7/21/2021 9:53:44 PM
2021-06-21 14:53:44.9766 INFO SetCachedItem = setting cache for Events
2021-06-21 14:53:44.9923 INFO SetCachedItem = setting cache for Events, with Expiry Date of 7/21/2021 9:53:44 PM
2021-06-21 14:53:45.7110 INFO SetCachedItem = setting cache for Events
2021-06-21 14:53:45.7110 INFO SetCachedItem = setting cache for Events, with Expiry Date of 7/21/2021 9:53:45 PM
2021-06-21 14:53:46.3829 INFO SetCachedItem = setting cache for Events
2021-06-21 14:53:46.3829 INFO SetCachedItem = setting cache for Events, with Expiry Date of 7/21/2021 9:53:46 PM
2021-06-21 14:53:46.9923 INFO SetCachedItem = setting cache for Events
2021-06-21 14:53:46.9923 INFO SetCachedItem = setting cache for Events, with Expiry Date of 7/21/2021 9:53:46 PM
2021-06-21 14:53:47.2579 INFO {
  "success": true,
  "challenge_ts": "2021-06-21T21:53:14Z",
  "hostname": "predictioncomp.com"
}
2021-06-21 14:53:47.2892 INFO Account - Login (HttpPost) - craig.wilson@wbcs.co.uk logged in
2021-06-21 14:53:49.0704 INFO SetCachedItem = setting cache for Events
2021-06-21 14:53:49.0704 INFO SetCachedItem = setting cache for Events, with Expiry Date of 7/21/2021 9:53:49 PM
2021-06-21 14:53:49.9298 INFO SetCachedItem = setting cache for Events
2021-06-21 14:53:49.9298 INFO SetCachedItem = setting cache for Events, with Expiry Date of 7/21/2021 9:53:49 PM
2021-06-21 14:53:50.5548 INFO SetCachedItem = setting cache for Events
2021-06-21 14:53:50.5548 INFO SetCachedItem = setting cache for Events, with Expiry Date of 7/21/2021 9:53:50 PM
2021-06-21 14:53:51.2736 INFO SetCachedItem = setting cache for Events
2021-06-21 14:53:51.2736 INFO SetCachedItem = setting cache for Events, with Expiry Date of 7/21/2021 9:53:51 PM
2021-06-21 14:53:52.0392 INFO SetCachedItem = setting cache for Events
2021-06-21 14:53:52.0548 INFO SetCachedItem = setting cache for Events, with Expiry Date of 7/21/2021 9:53:52 PM
2021-06-21 14:53:52.7267 INFO SetCachedItem = setting cache for Events
2021-06-21 14:53:52.7267 INFO SetCachedItem = setting cache for Events, with Expiry Date of 7/21/2021 9:53:52 PM
2021-06-21 14:53:53.5080 INFO SetCachedItem = setting cache for Events
2021-06-21 14:53:53.5080 INFO SetCachedItem = setting cache for Events, with Expiry Date of 7/21/2021 9:53:53 PM
2021-06-21 14:53:55.6799 INFO SetCachedItem = setting cache for Events
2021-06-21 14:53:55.6799 INFO SetCachedItem = setting cache for Events, with Expiry Date of 7/21/2021 9:53:55 PM
2021-06-21 14:53:56.2580 INFO SetCachedItem = setting cache for Events
2021-06-21 14:53:56.2580 INFO SetCachedItem = setting cache for Events, with Expiry Date of 7/21/2021 9:53:56 PM
2021-06-21 14:53:57.7737 INFO SetCachedItem = setting cache for Events
2021-06-21 14:53:57.7737 INFO SetCachedItem = setting cache for Events, with Expiry Date of 7/21/2021 9:53:57 PM
2021-06-21 14:53:58.9924 INFO SetCachedItem = setting cache for Events
2021-06-21 14:53:58.9924 INFO SetCachedItem = setting cache for Events, with Expiry Date of 7/21/2021 9:53:58 PM
2021-06-21 14:54:00.1958 INFO SetCachedItem = setting cache for Events
2021-06-21 14:54:00.1958 INFO SetCachedItem = setting cache for Events, with Expiry Date of 7/21/2021 9:54:00 PM
2021-06-21 14:54:16.7270 INFO SetEventCache - Start
2021-06-21 14:54:16.7270 INFO SetCachedItem = setting cache for Events
2021-06-21 14:54:16.7270 INFO SetCachedItem = setting cache for Events, with Expiry Date of 7/21/2021 9:54:16 PM
2021-06-21 14:55:02.4943 INFO {
  "success": true,
  "challenge_ts": "2021-06-21T21:54:57Z",
  "hostname": "predictioncomp.com"
}
2021-06-21 14:55:02.6193 INFO Account - Login (HttpPost) - jon_stace@hotmail.com logged in
2021-06-21 14:55:21.5883 INFO {
  "success": true,
  "challenge_ts": "2021-06-21T21:55:16Z",
  "hostname": "predictioncomp.com"
}
2021-06-21 14:55:21.7133 INFO Account - Login (HttpPost) - henigmanluka@gmail.com logged in
2021-06-21 14:59:16.9350 INFO {
  "success": true,
  "challenge_ts": "2021-06-21T21:59:11Z",
  "hostname": "predictioncomp.com"
}
2021-06-21 14:59:17.0444 INFO Account - Login (HttpPost) - pete@salsbury.co.uk logged in
2021-06-21 14:59:52.7480 INFO {
  "success": true,
  "challenge_ts": "2021-06-21T21:59:05Z",
  "hostname": "www.predictioncomp.com"
}
2021-06-21 14:59:52.8105 INFO Account - Login (HttpPost) - dundeedek@gmail.com logged in
2021-06-21 15:00:41.0142 INFO {
  "success": false,
  "error-codes": [
    "invalid-input-response"
  ]
}
2021-06-21 15:00:44.9674 INFO {
  "success": false,
  "error-codes": [
    "invalid-input-response"
  ]
}
2021-06-21 15:00:55.4363 INFO {
  "success": true,
  "challenge_ts": "2021-06-21T22:00:49Z",
  "hostname": "predictioncomp.com"
}
2021-06-21 15:00:55.5144 INFO Account - Login (HttpPost) - petterssonaxel@yahoo.co.uk logged in
2021-06-21 15:01:20.3741 INFO {
  "success": true,
  "challenge_ts": "2021-06-21T22:01:17Z",
  "hostname": "predictioncomp.com"
}
2021-06-21 15:01:20.4994 INFO Account - Login (HttpPost) - pete@salsbury.co.uk logged in
2021-06-21 15:02:07.8747 INFO {
  "success": true,
  "challenge_ts": "2021-06-21T22:01:58Z",
  "hostname": "predictioncomp.com"
}
2021-06-21 15:02:07.9216 INFO Account - Login (HttpPost) - irlkevdoyle@gmail.com logged in
2021-06-21 15:02:17.7499 INFO {
  "success": true,
  "challenge_ts": "2021-06-21T22:02:01Z",
  "hostname": "predictioncomp.com"
}
2021-06-21 15:02:17.8280 INFO Account - Login (HttpPost) - Tapirhenri@yahoo.ca logged in
2021-06-21 15:04:05.4538 INFO {
  "success": false,
  "error-codes": [
    "invalid-input-response"
  ]
}
2021-06-21 15:04:10.6570 INFO {
  "success": true,
  "challenge_ts": "2021-06-21T22:04:05Z",
  "hostname": "predictioncomp.com"
}
2021-06-21 15:04:10.7195 INFO Account - Login (HttpPost) - iamlaurarogers@gmail.com logged in
2021-06-21 15:04:51.1888 INFO {
  "success": false,
  "error-codes": [
    "invalid-input-response"
  ]
}
2021-06-21 15:04:57.1264 INFO {
  "success": true,
  "challenge_ts": "2021-06-21T22:04:51Z",
  "hostname": "predictioncomp.com"
}
2021-06-21 15:04:57.2045 INFO Account - Login (HttpPost) - muikku@iki.fi logged in
2021-06-21 15:08:12.1906 INFO {
  "success": false,
  "error-codes": [
    "invalid-input-response"
  ]
}
2021-06-21 15:08:19.7842 INFO {
  "success": true,
  "challenge_ts": "2021-06-21T22:08:12Z",
  "hostname": "predictioncomp.com"
}
2021-06-21 15:08:19.8467 INFO Account - Login (HttpPost) - geoff.sawyer@portableoffices.co.uk logged in
2021-06-21 15:08:34.9089 INFO {
  "success": true,
  "challenge_ts": "2021-06-21T22:08:25Z",
  "hostname": "predictioncomp.com"
}
2021-06-21 15:08:35.1589 INFO Account - Login (HttpPost) - Leephysio66@gmail.com logged in
2021-06-21 15:09:23.1119 INFO {
  "success": true,
  "challenge_ts": "2021-06-21T22:09:03Z",
  "hostname": "www.predictioncomp.com"
}
2021-06-21 15:09:23.1588 INFO Account - Login (HttpPost) - bobfoy30@gmail.com logged in
2021-06-21 15:11:46.0980 INFO {
  "success": true,
  "challenge_ts": "2021-06-21T22:11:36Z",
  "hostname": "predictioncomp.com"
}
2021-06-21 15:11:46.2074 INFO Account - Login (HttpPost) - timsdaybegins@hotmail.com logged in
2021-06-21 15:13:36.7062 INFO {
  "success": true,
  "challenge_ts": "2021-06-21T22:13:21Z",
  "hostname": "predictioncomp.com"
}
2021-06-21 15:13:36.8312 INFO Account - Login (HttpPost) - christophemayen01@gmail.com logged in
2021-06-21 15:14:11.1125 INFO {
  "success": true,
  "challenge_ts": "2021-06-21T22:14:05Z",
  "hostname": "predictioncomp.com"
}
2021-06-21 15:14:11.2531 INFO Account - Login (HttpPost) - nickcunningham24@gmail.com logged in
2021-06-21 15:19:11.6736 INFO {
  "success": true,
  "challenge_ts": "2021-06-21T22:19:02Z",
  "hostname": "predictioncomp.com"
}
2021-06-21 15:19:11.7830 INFO Account - Login (HttpPost) - lee@wearecapture.com logged in
2021-06-21 15:20:01.4236 INFO {
  "success": true,
  "challenge_ts": "2021-06-21T22:19:44Z",
  "hostname": "predictioncomp.com"
}
2021-06-21 15:20:01.5017 INFO Account - Login (HttpPost) - eva.moreda@gmail.com logged in
2021-06-21 15:20:28.6736 INFO confirming email starting
2021-06-21 15:20:28.6736 INFO userid --> 10baf5b0-c7dd-445c-9752-8a62e746e5b0
2021-06-21 15:20:28.6736 INFO code --> yViGe4h574VUOqk0hbDNO+rBeQPpvkagENOWz8KTyhjRUjuWClCfEIBZYbFkeGUJW5F9Ze5lQx+d/oOG6wElm18evkeXzZSgadQ+kb7FMDDPSub3E8xjCsf/ANNpQzDgYyKo9ya9cHiW6PIxk/rQ0LJQO6eR34K34+bU+BHWFp7ZRuvZPrHuVkLrr23fl+0d
2021-06-21 15:20:28.6736 INFO both vars are not null
2021-06-21 15:20:28.7205 INFO email not confirmed
2021-06-21 15:20:28.7205 INFO Invalid token.
2021-06-21 15:20:38.2986 INFO {
  "success": true,
  "challenge_ts": "2021-06-21T22:20:34Z",
  "hostname": "predictioncomp.com"
}
2021-06-21 15:20:38.3611 INFO Account - Login (HttpPost) - strbad.matija@siol.net logged in
2021-06-21 15:24:11.8626 INFO {
  "success": false,
  "error-codes": [
    "invalid-input-response"
  ]
}
2021-06-21 15:24:18.8627 INFO {
  "success": true,
  "challenge_ts": "2021-06-21T22:24:12Z",
  "hostname": "predictioncomp.com"
}
2021-06-21 15:24:18.9877 INFO Account - Login (HttpPost) - gary.shaft@sky.com logged in
2021-06-21 15:28:14.8508 INFO {
  "success": true,
  "challenge_ts": "2021-06-21T22:27:52Z",
  "hostname": "predictioncomp.com"
}
2021-06-21 15:28:14.9289 INFO Account - Login (HttpPost) - jan.rajacic@gmail.com logged in
