2021-01-02 15:44:57.5407 INFO Default Quartz.NET properties loaded from embedded resource file
2021-01-02 15:44:57.5985 INFO Initialized Scheduler Signaller of type: Quartz.Core.SchedulerSignalerImpl
2021-01-02 15:44:57.5985 INFO Quartz Scheduler v.3.2.2.0 created.
2021-01-02 15:44:57.6135 INFO JobFactory set to: Quartz.Simpl.PropertySettingJobFactory
2021-01-02 15:44:57.6135 INFO RAMJobStore initialized.
2021-01-02 15:44:57.6494 INFO Scheduler meta-data: Quartz Scheduler (v3.2.2.0) 'DefaultQuartzScheduler' with instanceId 'NON_CLUSTERED'
  Scheduler class: 'Quartz.Core.QuartzScheduler' - running locally.
  NOT STARTED.
  Currently in standby mode.
  Number of jobs executed: 0
  Using thread pool 'Quartz.Simpl.DefaultThreadPool' - with 10 threads.
  Using job-store 'Quartz.Simpl.RAMJobStore' - which does not support persistence. and is not clustered.

2021-01-02 15:44:57.6654 INFO Quartz scheduler 'DefaultQuartzScheduler' initialized
2021-01-02 15:44:57.6654 INFO Quartz scheduler version: 3.2.2.0
2021-01-02 15:44:57.6783 INFO Scheduler DefaultQuartzScheduler_$_NON_CLUSTERED started.
2021-01-02 15:44:57.8180 INFO Startup Configuration - Start
2021-01-02 15:44:57.8180 INFO SetEventCache - Start
2021-01-02 15:44:57.8649 INFO SetCachedItem = setting cache for Events
2021-01-02 15:44:57.8649 INFO SetCachedItem = setting cache for Events, with Expiry Date of 01/02/2021 15:44:57
2021-01-02 15:44:57.8649 INFO SetNextResultCheckDateTime - Start - roundUp = False
2021-01-02 15:44:57.8649 INFO SetNextResultCheckDateTime - rapidApiResultChecks == null
2021-01-02 15:44:57.9087 INFO SetNextResultCheckDateTime - Set League 2790 next check date to 01/01/2021 19:25:00
2021-01-02 15:44:57.9087 INFO SetCachedItem = setting cache for NextFixtureCheckDateTime
2021-01-02 15:44:57.9087 INFO SetCachedItem = setting cache for NextFixtureCheckDateTime, with Expiry Date of 01/02/2021 15:44:57
2021-01-02 15:45:00.0429 INFO GetRapidApiResults = Getting results from RapidApi 2790. FixtureDateTime = 01/01/2021 00:00:00, Now = 02/01/2021 15:45:00
2021-01-02 15:45:00.0429 INFO FixturesByLeague - League = 2790
2021-01-02 15:45:03.8782 INFO SetEventCache - Start
2021-01-02 15:45:03.8782 INFO SetCachedItem = setting cache for Events
2021-01-02 15:45:03.8782 INFO SetCachedItem = setting cache for Events, with Expiry Date of 01/02/2021 15:45:03
2021-01-02 15:45:03.8782 INFO SetNextResultCheckDateTime - Start - roundUp = True
2021-01-02 15:45:03.8971 INFO SetNextResultCheckDateTime - Set League 2790 next check date to 02/01/2021 16:55:00
2021-01-02 15:45:03.8971 INFO SetCachedItem = setting cache for NextFixtureCheckDateTime
2021-01-02 15:45:03.8971 INFO SetCachedItem = setting cache for NextFixtureCheckDateTime, with Expiry Date of 01/02/2021 15:45:03
2021-01-02 15:45:03.8971 INFO DailyRapidApiLeagueCheck --> lastDate = 31/12/2020 00:00:00, Now = 02/01/2021 00:00:00
2021-01-02 15:45:03.9141 INFO SetCachedItem = setting cache for DailyRapidApiLeagueCheck, with Expiry Date of 03/01/2021 00:00:00
2021-01-02 15:45:03.9141 INFO DailyRapidApiLeagueCheck --> Performing daily league update
2021-01-02 15:45:03.9540 INFO FixturesByLeague - League = 2790
2021-01-02 15:45:07.0786 INFO FixturesByLeague - League = 2794
2021-01-02 15:45:11.3584 INFO SetEventCache - Start
2021-01-02 15:45:11.3614 INFO SetCachedItem = setting cache for Events
2021-01-02 15:45:11.3614 INFO SetCachedItem = setting cache for Events, with Expiry Date of 01/02/2021 15:45:11
2021-01-02 16:11:00.8020 INFO Default Quartz.NET properties loaded from embedded resource file
2021-01-02 16:11:00.8588 INFO Initialized Scheduler Signaller of type: Quartz.Core.SchedulerSignalerImpl
2021-01-02 16:11:00.8877 INFO Quartz Scheduler v.3.2.2.0 created.
2021-01-02 16:11:00.9316 INFO JobFactory set to: Quartz.Simpl.PropertySettingJobFactory
2021-01-02 16:11:00.9466 INFO RAMJobStore initialized.
2021-01-02 16:11:00.9466 INFO Scheduler meta-data: Quartz Scheduler (v3.2.2.0) 'DefaultQuartzScheduler' with instanceId 'NON_CLUSTERED'
  Scheduler class: 'Quartz.Core.QuartzScheduler' - running locally.
  NOT STARTED.
  Currently in standby mode.
  Number of jobs executed: 0
  Using thread pool 'Quartz.Simpl.DefaultThreadPool' - with 10 threads.
  Using job-store 'Quartz.Simpl.RAMJobStore' - which does not support persistence. and is not clustered.

2021-01-02 16:11:00.9466 INFO Quartz scheduler 'DefaultQuartzScheduler' initialized
2021-01-02 16:11:00.9536 INFO Quartz scheduler version: 3.2.2.0
2021-01-02 16:11:00.9536 INFO Scheduler DefaultQuartzScheduler_$_NON_CLUSTERED started.
2021-01-02 16:11:01.0313 INFO SetNextResultCheckDateTime - Start - roundUp = False
2021-01-02 16:11:01.0313 INFO SetNextResultCheckDateTime - rapidApiResultChecks == null
2021-01-02 16:11:01.0742 INFO SetNextResultCheckDateTime - Set League 2790 next check date to 02/01/2021 16:55:00
2021-01-02 16:11:01.0742 INFO SetCachedItem = setting cache for NextFixtureCheckDateTime
2021-01-02 16:11:01.0742 INFO SetCachedItem = setting cache for NextFixtureCheckDateTime, with Expiry Date of 01/02/2021 16:11:01
2021-01-02 16:11:01.1101 INFO Startup Configuration - Start
2021-01-02 16:11:01.1101 INFO SetEventCache - Start
2021-01-02 16:11:01.1101 INFO SetCachedItem = setting cache for DailyRapidApiLeagueCheck, with Expiry Date of 03/01/2021 00:00:00
2021-01-02 16:11:01.1511 INFO SetCachedItem = setting cache for Events
2021-01-02 16:11:01.1511 INFO SetCachedItem = setting cache for Events, with Expiry Date of 01/02/2021 16:11:01
2021-01-02 16:11:01.1511 INFO SetNextResultCheckDateTime - Start - roundUp = False
2021-01-02 16:13:43.6415 INFO Default Quartz.NET properties loaded from embedded resource file
2021-01-02 16:13:43.7083 INFO Initialized Scheduler Signaller of type: Quartz.Core.SchedulerSignalerImpl
2021-01-02 16:13:43.7273 INFO Quartz Scheduler v.3.2.2.0 created.
2021-01-02 16:13:43.7532 INFO JobFactory set to: Quartz.Simpl.PropertySettingJobFactory
2021-01-02 16:13:43.7851 INFO RAMJobStore initialized.
2021-01-02 16:13:43.7851 INFO Scheduler meta-data: Quartz Scheduler (v3.2.2.0) 'DefaultQuartzScheduler' with instanceId 'NON_CLUSTERED'
  Scheduler class: 'Quartz.Core.QuartzScheduler' - running locally.
  NOT STARTED.
  Currently in standby mode.
  Number of jobs executed: 0
  Using thread pool 'Quartz.Simpl.DefaultThreadPool' - with 10 threads.
  Using job-store 'Quartz.Simpl.RAMJobStore' - which does not support persistence. and is not clustered.

2021-01-02 16:13:43.7851 INFO Quartz scheduler 'DefaultQuartzScheduler' initialized
2021-01-02 16:13:43.7851 INFO Quartz scheduler version: 3.2.2.0
2021-01-02 16:13:43.8031 INFO Scheduler DefaultQuartzScheduler_$_NON_CLUSTERED started.
2021-01-02 16:13:44.4074 INFO Startup Configuration - Start
2021-01-02 16:13:44.4074 INFO SetEventCache - Start
2021-01-02 16:13:44.4623 INFO SetCachedItem = setting cache for Events
2021-01-02 16:13:44.4723 INFO SetCachedItem = setting cache for Events, with Expiry Date of 01/02/2021 16:13:44
2021-01-02 16:13:44.4852 INFO SetNextResultCheckDateTime - Start - roundUp = False
2021-01-02 16:13:44.4852 INFO SetNextResultCheckDateTime - rapidApiResultChecks == null
2021-01-02 16:13:44.5191 INFO SetNextResultCheckDateTime - Set League 2790 next check date to 02/01/2021 16:55:00
2021-01-02 16:13:44.5191 INFO SetCachedItem = setting cache for NextFixtureCheckDateTime
2021-01-02 16:13:44.5191 INFO SetCachedItem = setting cache for NextFixtureCheckDateTime, with Expiry Date of 01/02/2021 16:13:44
2021-01-02 16:14:00.0643 INFO DailyRapidApiLeagueCheck --> lastDate = 01/01/2021 00:00:00, Now = 02/01/2021 00:00:00
2021-01-02 16:14:00.3206 INFO SetCachedItem = setting cache for DailyRapidApiLeagueCheck, with Expiry Date of 03/01/2021 00:00:00
2021-01-02 16:14:00.3206 INFO DailyRapidApiLeagueCheck --> Performing daily league update
2021-01-02 16:14:00.3365 INFO FixturesByLeague - League = 2790
2021-01-02 16:14:03.4306 INFO FixturesByLeague - League = 2794
2021-01-02 16:15:51.0412 INFO SetEventCache - Start
2021-01-02 16:15:51.0471 INFO SetCachedItem = setting cache for Events
2021-01-02 16:15:51.0471 INFO SetCachedItem = setting cache for Events, with Expiry Date of 01/02/2021 16:15:51
2021-01-02 16:16:01.8430 INFO SetEventCache - Start
2021-01-02 16:16:01.8480 INFO SetCachedItem = setting cache for Events
2021-01-02 16:16:01.8480 INFO SetCachedItem = setting cache for Events, with Expiry Date of 01/02/2021 16:16:01
2021-01-02 16:39:07.7294 INFO Default Quartz.NET properties loaded from embedded resource file
2021-01-02 16:39:07.7873 INFO Initialized Scheduler Signaller of type: Quartz.Core.SchedulerSignalerImpl
2021-01-02 16:39:07.8182 INFO Quartz Scheduler v.3.2.2.0 created.
2021-01-02 16:39:07.8541 INFO JobFactory set to: Quartz.Simpl.PropertySettingJobFactory
2021-01-02 16:39:07.8750 INFO RAMJobStore initialized.
2021-01-02 16:39:07.8800 INFO Scheduler meta-data: Quartz Scheduler (v3.2.2.0) 'DefaultQuartzScheduler' with instanceId 'NON_CLUSTERED'
  Scheduler class: 'Quartz.Core.QuartzScheduler' - running locally.
  NOT STARTED.
  Currently in standby mode.
  Number of jobs executed: 0
  Using thread pool 'Quartz.Simpl.DefaultThreadPool' - with 10 threads.
  Using job-store 'Quartz.Simpl.RAMJobStore' - which does not support persistence. and is not clustered.

2021-01-02 16:39:07.8800 INFO Quartz scheduler 'DefaultQuartzScheduler' initialized
2021-01-02 16:39:07.8800 INFO Quartz scheduler version: 3.2.2.0
2021-01-02 16:39:07.8800 INFO Scheduler DefaultQuartzScheduler_$_NON_CLUSTERED started.
2021-01-02 16:39:08.0077 INFO Startup Configuration - Start
2021-01-02 16:39:08.0077 INFO SetEventCache - Start
2021-01-02 16:39:08.0566 INFO SetCachedItem = setting cache for Events
2021-01-02 16:39:08.0566 INFO SetCachedItem = setting cache for Events, with Expiry Date of 01/02/2021 16:39:08
2021-01-02 16:39:08.0566 INFO SetNextResultCheckDateTime - Start - roundUp = False
2021-01-02 16:39:08.0566 INFO SetNextResultCheckDateTime - rapidApiResultChecks == null
2021-01-02 16:39:08.1064 INFO SetNextResultCheckDateTime - Set League 2790 next check date to 02/01/2021 16:55:00
2021-01-02 16:39:08.1064 INFO SetCachedItem = setting cache for NextFixtureCheckDateTime
2021-01-02 16:39:08.1064 INFO SetCachedItem = setting cache for NextFixtureCheckDateTime, with Expiry Date of 01/02/2021 16:39:08
2021-01-02 16:40:00.0867 INFO SetCachedItem = setting cache for DailyRapidApiLeagueCheck, with Expiry Date of 03/01/2021 00:00:00
2021-01-02 17:05:41.1337 INFO Default Quartz.NET properties loaded from embedded resource file
2021-01-02 17:05:41.1925 INFO Initialized Scheduler Signaller of type: Quartz.Core.SchedulerSignalerImpl
2021-01-02 17:05:41.2185 INFO Quartz Scheduler v.3.2.2.0 created.
2021-01-02 17:05:41.2544 INFO JobFactory set to: Quartz.Simpl.PropertySettingJobFactory
2021-01-02 17:05:41.2753 INFO RAMJobStore initialized.
2021-01-02 17:05:41.2753 INFO Scheduler meta-data: Quartz Scheduler (v3.2.2.0) 'DefaultQuartzScheduler' with instanceId 'NON_CLUSTERED'
  Scheduler class: 'Quartz.Core.QuartzScheduler' - running locally.
  NOT STARTED.
  Currently in standby mode.
  Number of jobs executed: 0
  Using thread pool 'Quartz.Simpl.DefaultThreadPool' - with 10 threads.
  Using job-store 'Quartz.Simpl.RAMJobStore' - which does not support persistence. and is not clustered.

2021-01-02 17:05:41.2753 INFO Quartz scheduler 'DefaultQuartzScheduler' initialized
2021-01-02 17:05:41.2753 INFO Quartz scheduler version: 3.2.2.0
2021-01-02 17:05:41.2903 INFO Scheduler DefaultQuartzScheduler_$_NON_CLUSTERED started.
2021-01-02 17:05:41.4100 INFO Startup Configuration - Start
2021-01-02 17:05:41.4100 INFO SetEventCache - Start
2021-01-02 17:05:41.4568 INFO SetCachedItem = setting cache for Events
2021-01-02 17:05:41.4568 INFO SetCachedItem = setting cache for Events, with Expiry Date of 01/02/2021 17:05:41
2021-01-02 17:05:41.4568 INFO SetNextResultCheckDateTime - Start - roundUp = False
2021-01-02 17:05:41.4568 INFO SetNextResultCheckDateTime - rapidApiResultChecks == null
2021-01-02 17:05:41.5067 INFO SetNextResultCheckDateTime - Set League 2790 next check date to 02/01/2021 16:55:00
2021-01-02 17:05:41.5067 INFO SetCachedItem = setting cache for NextFixtureCheckDateTime
2021-01-02 17:05:41.5067 INFO SetCachedItem = setting cache for NextFixtureCheckDateTime, with Expiry Date of 01/02/2021 17:05:41
2021-01-02 17:06:00.0336 INFO GetRapidApiResults = Getting results from RapidApi 2790. FixtureDateTime = 02/01/2021 00:00:00, Now = 02/01/2021 17:06:00
2021-01-02 17:06:00.0336 INFO FixturesByLeagueByDate - League = {0}, Date = {2}
2021-01-02 17:06:01.0150 INFO SetEventCache - Start
2021-01-02 17:06:01.0329 INFO SetCachedItem = setting cache for Events
2021-01-02 17:06:01.0479 INFO SetCachedItem = setting cache for Events, with Expiry Date of 01/02/2021 17:06:01
2021-01-02 17:06:01.0479 INFO SetEventCache - Start
2021-01-02 17:06:01.0479 INFO SetCachedItem = setting cache for Events
2021-01-02 17:06:01.0629 INFO SetCachedItem = setting cache for Events, with Expiry Date of 01/02/2021 17:06:01
2021-01-02 17:06:01.0629 INFO SetNextResultCheckDateTime - Start - roundUp = True
2021-01-02 17:06:01.0629 INFO SetNextResultCheckDateTime - Set League 2790 next check date to 02/01/2021 19:25:00
2021-01-02 17:06:01.0629 INFO SetCachedItem = setting cache for NextFixtureCheckDateTime
2021-01-02 17:06:01.0629 INFO SetCachedItem = setting cache for NextFixtureCheckDateTime, with Expiry Date of 01/02/2021 17:06:01
2021-01-02 17:06:01.0788 INFO SetCachedItem = setting cache for DailyRapidApiLeagueCheck, with Expiry Date of 03/01/2021 00:00:00
2021-01-02 17:07:36.2774 INFO Default Quartz.NET properties loaded from embedded resource file
2021-01-02 17:07:36.3352 INFO Initialized Scheduler Signaller of type: Quartz.Core.SchedulerSignalerImpl
2021-01-02 17:07:36.3581 INFO Quartz Scheduler v.3.2.2.0 created.
2021-01-02 17:07:36.3970 INFO JobFactory set to: Quartz.Simpl.PropertySettingJobFactory
2021-01-02 17:07:36.4150 INFO RAMJobStore initialized.
2021-01-02 17:07:36.4150 INFO Scheduler meta-data: Quartz Scheduler (v3.2.2.0) 'DefaultQuartzScheduler' with instanceId 'NON_CLUSTERED'
  Scheduler class: 'Quartz.Core.QuartzScheduler' - running locally.
  NOT STARTED.
  Currently in standby mode.
  Number of jobs executed: 0
  Using thread pool 'Quartz.Simpl.DefaultThreadPool' - with 10 threads.
  Using job-store 'Quartz.Simpl.RAMJobStore' - which does not support persistence. and is not clustered.

2021-01-02 17:07:36.4150 INFO Quartz scheduler 'DefaultQuartzScheduler' initialized
2021-01-02 17:07:36.4150 INFO Quartz scheduler version: 3.2.2.0
2021-01-02 17:07:36.4310 INFO Scheduler DefaultQuartzScheduler_$_NON_CLUSTERED started.
2021-01-02 17:07:36.5506 INFO Startup Configuration - Start
2021-01-02 17:07:36.5506 INFO SetEventCache - Start
2021-01-02 17:07:36.5965 INFO SetCachedItem = setting cache for Events
2021-01-02 17:07:36.5965 INFO SetCachedItem = setting cache for Events, with Expiry Date of 01/02/2021 17:07:36
2021-01-02 17:07:36.5965 INFO SetNextResultCheckDateTime - Start - roundUp = False
2021-01-02 17:07:36.5965 INFO SetNextResultCheckDateTime - rapidApiResultChecks == null
2021-01-02 17:07:36.6344 INFO SetNextResultCheckDateTime - Set League 2790 next check date to 02/01/2021 19:25:00
2021-01-02 17:07:36.6344 INFO SetCachedItem = setting cache for NextFixtureCheckDateTime
2021-01-02 17:07:36.6344 INFO SetCachedItem = setting cache for NextFixtureCheckDateTime, with Expiry Date of 01/02/2021 17:07:36
2021-01-02 17:08:02.9768 INFO SetCachedItem = setting cache for DailyRapidApiLeagueCheck, with Expiry Date of 03/01/2021 00:00:00
2021-01-02 17:09:16.6013 INFO Default Quartz.NET properties loaded from embedded resource file
2021-01-02 17:09:16.6582 INFO Initialized Scheduler Signaller of type: Quartz.Core.SchedulerSignalerImpl
2021-01-02 17:09:16.6751 INFO Quartz Scheduler v.3.2.2.0 created.
2021-01-02 17:09:16.7140 INFO JobFactory set to: Quartz.Simpl.PropertySettingJobFactory
2021-01-02 17:09:16.7360 INFO RAMJobStore initialized.
2021-01-02 17:09:16.7360 INFO Scheduler meta-data: Quartz Scheduler (v3.2.2.0) 'DefaultQuartzScheduler' with instanceId 'NON_CLUSTERED'
  Scheduler class: 'Quartz.Core.QuartzScheduler' - running locally.
  NOT STARTED.
  Currently in standby mode.
  Number of jobs executed: 0
  Using thread pool 'Quartz.Simpl.DefaultThreadPool' - with 10 threads.
  Using job-store 'Quartz.Simpl.RAMJobStore' - which does not support persistence. and is not clustered.

2021-01-02 17:09:16.7360 INFO Quartz scheduler 'DefaultQuartzScheduler' initialized
2021-01-02 17:09:16.7360 INFO Quartz scheduler version: 3.2.2.0
2021-01-02 17:09:16.7529 INFO Scheduler DefaultQuartzScheduler_$_NON_CLUSTERED started.
2021-01-02 17:09:16.8746 INFO Startup Configuration - Start
2021-01-02 17:09:16.8756 INFO SetEventCache - Start
2021-01-02 17:09:16.9205 INFO SetCachedItem = setting cache for Events
2021-01-02 17:09:16.9205 INFO SetCachedItem = setting cache for Events, with Expiry Date of 01/02/2021 17:09:16
2021-01-02 17:09:16.9245 INFO SetNextResultCheckDateTime - Start - roundUp = False
2021-01-02 17:09:16.9245 INFO SetNextResultCheckDateTime - rapidApiResultChecks == null
2021-01-02 17:09:16.9584 INFO SetNextResultCheckDateTime - Set League 2790 next check date to 02/01/2021 19:25:00
2021-01-02 17:09:16.9584 INFO SetCachedItem = setting cache for NextFixtureCheckDateTime
2021-01-02 17:09:16.9584 INFO SetCachedItem = setting cache for NextFixtureCheckDateTime, with Expiry Date of 01/02/2021 17:09:16
2021-01-02 17:10:00.1430 INFO SetCachedItem = setting cache for DailyRapidApiLeagueCheck, with Expiry Date of 03/01/2021 00:00:00
