2021-09-23 20:57:37.4240 INFO Default Quartz.NET properties loaded from embedded resource file
2021-09-23 20:57:37.4818 INFO Initialized Scheduler Signaller of type: Quartz.Core.SchedulerSignalerImpl
2021-09-23 20:57:37.4818 INFO Quartz Scheduler v.3.2.2.0 created.
2021-09-23 20:57:37.5457 INFO JobFactory set to: Quartz.Simpl.PropertySettingJobFactory
2021-09-23 20:57:37.5826 INFO RAMJobStore initialized.
2021-09-23 20:57:37.5826 INFO Scheduler meta-data: Quartz Scheduler (v3.2.2.0) 'DefaultQuartzScheduler' with instanceId 'NON_CLUSTERED'
  Scheduler class: 'Quartz.Core.QuartzScheduler' - running locally.
  NOT STARTED.
  Currently in standby mode.
  Number of jobs executed: 0
  Using thread pool 'Quartz.Simpl.DefaultThreadPool' - with 10 threads.
  Using job-store 'Quartz.Simpl.RAMJobStore' - which does not support persistence. and is not clustered.

2021-09-23 20:57:37.6005 INFO Quartz scheduler 'DefaultQuartzScheduler' initialized
2021-09-23 20:57:37.6005 INFO Quartz scheduler version: 3.2.2.0
2021-09-23 20:57:37.6085 INFO Scheduler DefaultQuartzScheduler_$_NON_CLUSTERED started.
2021-09-23 20:57:37.7551 INFO Startup Configuration - Start
2021-09-23 20:57:37.7551 INFO SetEventCache - Start
2021-09-23 20:57:37.8050 INFO SetCachedItem = setting cache for Events
2021-09-23 20:57:37.8050 INFO SetCachedItem = setting cache for Events, with Expiry Date of 23/10/2021 19:57:37
2021-09-23 20:57:37.8110 INFO SetNextResultCheckDateTime - Start - roundUp = False
2021-09-23 20:57:37.8110 INFO SetNextResultCheckDateTime - rapidApiResultChecks == null
2021-09-23 20:57:37.8469 INFO SetNextResultCheckDateTime - Set League 1422 next check date to 06/10/2021 20:40:00
2021-09-23 20:57:37.8469 INFO SetNextResultCheckDateTime - Set League 3448 next check date to 21/08/2021 15:55:00
2021-09-23 20:57:37.8469 INFO SetNextResultCheckDateTime - Set League 3456 next check date to 21/08/2021 13:25:00
2021-09-23 20:57:37.8469 INFO SetCachedItem = setting cache for NextFixtureCheckDateTime
2021-09-23 20:57:37.8469 INFO SetCachedItem = setting cache for NextFixtureCheckDateTime, with Expiry Date of 23/10/2021 19:57:37
2021-09-23 20:58:00.0953 INFO GetRapidApiResults = Getting results from RapidApi 3448. FixtureDateTime = 21/08/2021 00:00:00, Now = 23/09/2021 19:58:00
2021-09-23 20:58:00.0953 INFO FixturesByLeague - League = 3448, EarliestDate = 21/08/2021 00:00:00
2021-09-23 20:58:03.3795 INFO SetEventCache - Start
2021-09-23 20:58:03.3795 INFO SetCachedItem = setting cache for Events
2021-09-23 20:58:03.3795 INFO SetCachedItem = setting cache for Events, with Expiry Date of 23/10/2021 19:58:03
2021-09-23 20:58:03.4153 INFO SetCachedItem = setting cache for Events
2021-09-23 20:58:03.4153 INFO SetCachedItem = setting cache for Events, with Expiry Date of 23/10/2021 19:58:03
2021-09-23 20:58:03.4153 INFO GetRapidApiResults = Getting results from RapidApi 3456. FixtureDateTime = 21/08/2021 00:00:00, Now = 23/09/2021 19:58:03
2021-09-23 20:58:03.4153 INFO FixturesByLeague - League = 3456, EarliestDate = 21/08/2021 00:00:00
2021-09-23 20:59:14.9619 INFO Default Quartz.NET properties loaded from embedded resource file
2021-09-23 20:59:15.0636 INFO Initialized Scheduler Signaller of type: Quartz.Core.SchedulerSignalerImpl
2021-09-23 20:59:15.1005 INFO Quartz Scheduler v.3.2.2.0 created.
2021-09-23 20:59:15.1095 INFO JobFactory set to: Quartz.Simpl.PropertySettingJobFactory
2021-09-23 20:59:15.1095 INFO RAMJobStore initialized.
2021-09-23 20:59:15.1095 INFO Scheduler meta-data: Quartz Scheduler (v3.2.2.0) 'DefaultQuartzScheduler' with instanceId 'NON_CLUSTERED'
  Scheduler class: 'Quartz.Core.QuartzScheduler' - running locally.
  NOT STARTED.
  Currently in standby mode.
  Number of jobs executed: 0
  Using thread pool 'Quartz.Simpl.DefaultThreadPool' - with 10 threads.
  Using job-store 'Quartz.Simpl.RAMJobStore' - which does not support persistence. and is not clustered.

2021-09-23 20:59:15.1095 INFO Quartz scheduler 'DefaultQuartzScheduler' initialized
2021-09-23 20:59:15.1095 INFO Quartz scheduler version: 3.2.2.0
2021-09-23 20:59:15.1314 INFO Scheduler DefaultQuartzScheduler_$_NON_CLUSTERED started.
2021-09-23 20:59:15.7957 INFO Startup Configuration - Start
2021-09-23 20:59:15.7957 INFO SetEventCache - Start
2021-09-23 20:59:15.8605 INFO SetCachedItem = setting cache for Events
2021-09-23 20:59:15.8605 INFO SetCachedItem = setting cache for Events, with Expiry Date of 23/10/2021 19:59:15
2021-09-23 20:59:15.8735 INFO SetNextResultCheckDateTime - Start - roundUp = False
2021-09-23 20:59:15.8735 INFO SetNextResultCheckDateTime - rapidApiResultChecks == null
2021-09-23 20:59:15.9024 INFO SetNextResultCheckDateTime - Set League 1422 next check date to 06/10/2021 20:40:00
2021-09-23 20:59:15.9024 INFO SetNextResultCheckDateTime - Set League 3456 next check date to 21/08/2021 13:25:00
2021-09-23 20:59:15.9024 INFO SetCachedItem = setting cache for NextFixtureCheckDateTime
2021-09-23 20:59:15.9044 INFO SetCachedItem = setting cache for NextFixtureCheckDateTime, with Expiry Date of 23/10/2021 19:59:15
2021-09-23 20:59:25.9343 INFO Account - Login (HttpPost) - pete@salsbury.co.uk logged in
2021-09-23 21:00:00.0316 INFO GetRapidApiResults = Getting results from RapidApi 3456. FixtureDateTime = 21/08/2021 00:00:00, Now = 23/09/2021 20:00:00
2021-09-23 21:00:00.0316 INFO FixturesByLeague - League = 3456, EarliestDate = 21/08/2021 00:00:00
2021-09-23 21:00:04.3971 INFO SetEventCache - Start
2021-09-23 21:00:04.4131 INFO SetCachedItem = setting cache for Events
2021-09-23 21:00:04.4231 INFO SetCachedItem = setting cache for Events, with Expiry Date of 23/10/2021 20:00:04
2021-09-23 21:00:04.4380 INFO SetNextResultCheckDateTime - Start - roundUp = True
2021-09-23 21:00:04.4380 INFO SetNextResultCheckDateTime - Set League 1422 next check date to 06/10/2021 20:40:00
2021-09-23 21:00:04.4380 INFO SetCachedItem = setting cache for NextFixtureCheckDateTime
2021-09-23 21:00:04.4380 INFO SetCachedItem = setting cache for NextFixtureCheckDateTime, with Expiry Date of 23/10/2021 20:00:04
2021-09-23 21:00:04.4899 INFO DailyRapidApiLeagueCheck --> lastDate = 15/08/2021 00:00:00, Now = 23/09/2021 00:00:00
2021-09-23 21:00:04.5298 INFO SetCachedItem = setting cache for DailyRapidApiLeagueCheck, with Expiry Date of 24/09/2021 00:00:00
2021-09-23 21:00:04.5298 INFO DailyRapidApiLeagueCheck --> performUpdate = True
2021-09-23 21:00:04.5298 INFO DailyRapidApiLeagueCheck --> Performing daily league update
2021-09-23 21:00:04.5996 INFO FixturesByLeague - League = 3448, EarliestDate = 25/09/2021 00:00:00
2021-09-23 21:00:05.9869 INFO FixturesByOdds - League = 3448
2021-09-23 21:00:09.8251 INFO OddsByLeagueAndBookmaker - League = 3448, pageNbr = 2
2021-09-23 21:00:12.9898 INFO OddsByLeagueAndBookmaker - League = 3448, pageNbr = 0
2021-09-23 21:00:13.0178 INFO FixturesByLeague - League = 3456, EarliestDate = 25/09/2021 00:00:00
2021-09-23 21:00:15.5280 INFO FixturesByOdds - League = 3456
2021-09-23 21:00:19.6097 INFO OddsByLeagueAndBookmaker - League = 3456, pageNbr = 2
2021-09-23 21:00:25.1132 INFO OddsByLeagueAndBookmaker - League = 3456, pageNbr = 3
2021-09-23 21:00:33.5596 INFO OddsByLeagueAndBookmaker - League = 3456, pageNbr = 4
2021-09-23 21:00:37.6556 INFO OddsByLeagueAndBookmaker - League = 3456, pageNbr = 0
2021-09-23 21:00:37.6806 INFO FixturesByLeague - League = 1422, EarliestDate = 06/10/2021 00:00:00
2021-09-23 21:00:38.0536 INFO FixturesByOdds - League = 1422
2021-09-23 21:00:38.2401 INFO OddsByLeagueAndBookmaker - League = 1422, pageNbr = 0
2021-09-23 21:00:38.3717 INFO SetEventCache - Start
2021-09-23 21:00:38.3877 INFO SetCachedItem = setting cache for Events
2021-09-23 21:00:38.3967 INFO SetCachedItem = setting cache for Events, with Expiry Date of 23/10/2021 20:00:38
2021-09-23 21:00:38.4924 INFO SetEventCache - Start
2021-09-23 21:00:38.4924 INFO SetCachedItem = setting cache for Events
2021-09-23 21:00:38.4924 INFO SetCachedItem = setting cache for Events, with Expiry Date of 23/10/2021 20:00:38
2021-09-23 21:02:41.6829 INFO Default Quartz.NET properties loaded from embedded resource file
2021-09-23 21:02:41.7547 INFO Initialized Scheduler Signaller of type: Quartz.Core.SchedulerSignalerImpl
2021-09-23 21:02:41.7866 INFO Quartz Scheduler v.3.2.2.0 created.
2021-09-23 21:02:41.8205 INFO JobFactory set to: Quartz.Simpl.PropertySettingJobFactory
2021-09-23 21:02:41.8205 INFO RAMJobStore initialized.
2021-09-23 21:02:41.8255 INFO Scheduler meta-data: Quartz Scheduler (v3.2.2.0) 'DefaultQuartzScheduler' with instanceId 'NON_CLUSTERED'
  Scheduler class: 'Quartz.Core.QuartzScheduler' - running locally.
  NOT STARTED.
  Currently in standby mode.
  Number of jobs executed: 0
  Using thread pool 'Quartz.Simpl.DefaultThreadPool' - with 10 threads.
  Using job-store 'Quartz.Simpl.RAMJobStore' - which does not support persistence. and is not clustered.

2021-09-23 21:02:41.8255 INFO Quartz scheduler 'DefaultQuartzScheduler' initialized
2021-09-23 21:02:41.8255 INFO Quartz scheduler version: 3.2.2.0
2021-09-23 21:02:41.8255 INFO Scheduler DefaultQuartzScheduler_$_NON_CLUSTERED started.
2021-09-23 21:02:42.4937 INFO Startup Configuration - Start
2021-09-23 21:02:42.5037 INFO SetEventCache - Start
2021-09-23 21:02:42.5606 INFO SetCachedItem = setting cache for Events
2021-09-23 21:02:42.5606 INFO SetCachedItem = setting cache for Events, with Expiry Date of 23/10/2021 20:02:42
2021-09-23 21:02:42.5606 INFO SetNextResultCheckDateTime - Start - roundUp = False
2021-09-23 21:02:42.5606 INFO SetNextResultCheckDateTime - rapidApiResultChecks == null
2021-09-23 21:02:42.6024 INFO SetNextResultCheckDateTime - Set League 1422 next check date to 06/10/2021 20:40:00
2021-09-23 21:02:42.6024 INFO SetNextResultCheckDateTime - Set League 3448 next check date to 02/10/2021 15:55:00
2021-09-23 21:02:42.6024 INFO SetNextResultCheckDateTime - Set League 3456 next check date to 02/10/2021 13:25:00
2021-09-23 21:02:42.6024 INFO SetCachedItem = setting cache for NextFixtureCheckDateTime
2021-09-23 21:02:42.6024 INFO SetCachedItem = setting cache for NextFixtureCheckDateTime, with Expiry Date of 23/10/2021 20:02:42
2021-09-23 21:03:00.0544 INFO DailyRapidApiLeagueCheck --> lastDate = 23/09/2021 00:00:00, Now = 23/09/2021 00:00:00
2021-09-23 21:03:00.0544 INFO SetCachedItem = setting cache for DailyRapidApiLeagueCheck, with Expiry Date of 24/09/2021 00:00:00
2021-09-23 21:03:00.0544 INFO DailyRapidApiLeagueCheck --> performUpdate = False
2021-09-23 21:06:40.8300 INFO Default Quartz.NET properties loaded from embedded resource file
2021-09-23 21:06:40.9008 INFO Initialized Scheduler Signaller of type: Quartz.Core.SchedulerSignalerImpl
2021-09-23 21:06:40.9078 INFO Quartz Scheduler v.3.2.2.0 created.
2021-09-23 21:06:40.9357 INFO JobFactory set to: Quartz.Simpl.PropertySettingJobFactory
2021-09-23 21:06:40.9357 INFO RAMJobStore initialized.
2021-09-23 21:06:40.9357 INFO Scheduler meta-data: Quartz Scheduler (v3.2.2.0) 'DefaultQuartzScheduler' with instanceId 'NON_CLUSTERED'
  Scheduler class: 'Quartz.Core.QuartzScheduler' - running locally.
  NOT STARTED.
  Currently in standby mode.
  Number of jobs executed: 0
  Using thread pool 'Quartz.Simpl.DefaultThreadPool' - with 10 threads.
  Using job-store 'Quartz.Simpl.RAMJobStore' - which does not support persistence. and is not clustered.

2021-09-23 21:06:40.9357 INFO Quartz scheduler 'DefaultQuartzScheduler' initialized
2021-09-23 21:06:40.9357 INFO Quartz scheduler version: 3.2.2.0
2021-09-23 21:06:40.9636 INFO Scheduler DefaultQuartzScheduler_$_NON_CLUSTERED started.
2021-09-23 21:06:41.6159 INFO Startup Configuration - Start
2021-09-23 21:06:41.6159 INFO SetEventCache - Start
2021-09-23 21:06:41.6627 INFO SetCachedItem = setting cache for Events
2021-09-23 21:06:41.6627 INFO SetCachedItem = setting cache for Events, with Expiry Date of 23/10/2021 20:06:41
2021-09-23 21:06:41.6627 INFO SetNextResultCheckDateTime - Start - roundUp = False
2021-09-23 21:06:41.6627 INFO SetNextResultCheckDateTime - rapidApiResultChecks == null
2021-09-23 21:06:41.6967 INFO SetNextResultCheckDateTime - Set League 1422 next check date to 06/10/2021 20:40:00
2021-09-23 21:06:41.6967 INFO SetNextResultCheckDateTime - Set League 3448 next check date to 02/10/2021 15:55:00
2021-09-23 21:06:41.6967 INFO SetNextResultCheckDateTime - Set League 3456 next check date to 02/10/2021 13:25:00
2021-09-23 21:06:41.6967 INFO SetCachedItem = setting cache for NextFixtureCheckDateTime
2021-09-23 21:06:41.6967 INFO SetCachedItem = setting cache for NextFixtureCheckDateTime, with Expiry Date of 23/10/2021 20:06:41
2021-09-23 21:07:00.0560 INFO DailyRapidApiLeagueCheck --> lastDate = 23/09/2021 00:00:00, Now = 23/09/2021 00:00:00
2021-09-23 21:07:00.0650 INFO SetCachedItem = setting cache for DailyRapidApiLeagueCheck, with Expiry Date of 24/09/2021 00:00:00
2021-09-23 21:07:00.0650 INFO DailyRapidApiLeagueCheck --> performUpdate = False
2021-09-23 21:18:46.7947 INFO Default Quartz.NET properties loaded from embedded resource file
2021-09-23 21:18:46.8515 INFO Initialized Scheduler Signaller of type: Quartz.Core.SchedulerSignalerImpl
2021-09-23 21:18:46.8904 INFO Quartz Scheduler v.3.2.2.0 created.
2021-09-23 21:18:46.9193 INFO JobFactory set to: Quartz.Simpl.PropertySettingJobFactory
2021-09-23 21:18:46.9393 INFO RAMJobStore initialized.
2021-09-23 21:18:46.9393 INFO Scheduler meta-data: Quartz Scheduler (v3.2.2.0) 'DefaultQuartzScheduler' with instanceId 'NON_CLUSTERED'
  Scheduler class: 'Quartz.Core.QuartzScheduler' - running locally.
  NOT STARTED.
  Currently in standby mode.
  Number of jobs executed: 0
  Using thread pool 'Quartz.Simpl.DefaultThreadPool' - with 10 threads.
  Using job-store 'Quartz.Simpl.RAMJobStore' - which does not support persistence. and is not clustered.

2021-09-23 21:18:46.9393 INFO Quartz scheduler 'DefaultQuartzScheduler' initialized
2021-09-23 21:18:46.9393 INFO Quartz scheduler version: 3.2.2.0
2021-09-23 21:18:46.9552 INFO Scheduler DefaultQuartzScheduler_$_NON_CLUSTERED started.
2021-09-23 21:18:47.0749 INFO Startup Configuration - Start
2021-09-23 21:18:47.0759 INFO SetEventCache - Start
2021-09-23 21:18:47.1388 INFO SetCachedItem = setting cache for Events
2021-09-23 21:18:47.1388 INFO SetCachedItem = setting cache for Events, with Expiry Date of 23/10/2021 20:18:47
2021-09-23 21:18:47.1388 INFO SetNextResultCheckDateTime - Start - roundUp = False
2021-09-23 21:18:47.1388 INFO SetNextResultCheckDateTime - rapidApiResultChecks == null
2021-09-23 21:18:47.1737 INFO SetNextResultCheckDateTime - Set League 1422 next check date to 06/10/2021 20:40:00
2021-09-23 21:18:47.1737 INFO SetNextResultCheckDateTime - Set League 3448 next check date to 02/10/2021 15:55:00
2021-09-23 21:18:47.1737 INFO SetNextResultCheckDateTime - Set League 3456 next check date to 02/10/2021 13:25:00
2021-09-23 21:18:47.1737 INFO SetCachedItem = setting cache for NextFixtureCheckDateTime
2021-09-23 21:18:47.1737 INFO SetCachedItem = setting cache for NextFixtureCheckDateTime, with Expiry Date of 23/10/2021 20:18:47
2021-09-23 21:19:00.0479 INFO DailyRapidApiLeagueCheck --> lastDate = 23/09/2021 00:00:00, Now = 23/09/2021 00:00:00
2021-09-23 21:19:00.0479 INFO SetCachedItem = setting cache for DailyRapidApiLeagueCheck, with Expiry Date of 24/09/2021 00:00:00
2021-09-23 21:19:00.0479 INFO DailyRapidApiLeagueCheck --> performUpdate = False
2021-09-23 21:21:44.3613 INFO Default Quartz.NET properties loaded from embedded resource file
2021-09-23 21:21:44.4321 INFO Initialized Scheduler Signaller of type: Quartz.Core.SchedulerSignalerImpl
2021-09-23 21:21:44.4510 INFO Quartz Scheduler v.3.2.2.0 created.
2021-09-23 21:21:44.4889 INFO JobFactory set to: Quartz.Simpl.PropertySettingJobFactory
2021-09-23 21:21:44.5108 INFO RAMJobStore initialized.
2021-09-23 21:21:44.5148 INFO Scheduler meta-data: Quartz Scheduler (v3.2.2.0) 'DefaultQuartzScheduler' with instanceId 'NON_CLUSTERED'
  Scheduler class: 'Quartz.Core.QuartzScheduler' - running locally.
  NOT STARTED.
  Currently in standby mode.
  Number of jobs executed: 0
  Using thread pool 'Quartz.Simpl.DefaultThreadPool' - with 10 threads.
  Using job-store 'Quartz.Simpl.RAMJobStore' - which does not support persistence. and is not clustered.

2021-09-23 21:21:44.5148 INFO Quartz scheduler 'DefaultQuartzScheduler' initialized
2021-09-23 21:21:44.5148 INFO Quartz scheduler version: 3.2.2.0
2021-09-23 21:21:44.5148 INFO Scheduler DefaultQuartzScheduler_$_NON_CLUSTERED started.
2021-09-23 21:21:44.6515 INFO Startup Configuration - Start
2021-09-23 21:21:44.6515 INFO SetEventCache - Start
2021-09-23 21:21:44.6973 INFO SetCachedItem = setting cache for Events
2021-09-23 21:21:44.6973 INFO SetCachedItem = setting cache for Events, with Expiry Date of 23/10/2021 20:21:44
2021-09-23 21:21:44.7023 INFO SetNextResultCheckDateTime - Start - roundUp = False
2021-09-23 21:21:44.7023 INFO SetNextResultCheckDateTime - rapidApiResultChecks == null
2021-09-23 21:21:44.7312 INFO SetNextResultCheckDateTime - Set League 1422 next check date to 06/10/2021 20:40:00
2021-09-23 21:21:44.7322 INFO SetNextResultCheckDateTime - Set League 3448 next check date to 02/10/2021 15:55:00
2021-09-23 21:21:44.7322 INFO SetNextResultCheckDateTime - Set League 3456 next check date to 02/10/2021 13:25:00
2021-09-23 21:21:44.7322 INFO SetCachedItem = setting cache for NextFixtureCheckDateTime
2021-09-23 21:21:44.7322 INFO SetCachedItem = setting cache for NextFixtureCheckDateTime, with Expiry Date of 23/10/2021 20:21:44
2021-09-23 21:22:17.3325 INFO DailyRapidApiLeagueCheck --> lastDate = 23/09/2021 00:00:00, Now = 23/09/2021 00:00:00
2021-09-23 21:22:17.3325 INFO SetCachedItem = setting cache for DailyRapidApiLeagueCheck, with Expiry Date of 24/09/2021 00:00:00
2021-09-23 21:22:17.3325 INFO DailyRapidApiLeagueCheck --> performUpdate = False
2021-09-23 21:24:01.7361 INFO Default Quartz.NET properties loaded from embedded resource file
2021-09-23 21:24:01.7929 INFO Initialized Scheduler Signaller of type: Quartz.Core.SchedulerSignalerImpl
2021-09-23 21:24:01.8129 INFO Quartz Scheduler v.3.2.2.0 created.
2021-09-23 21:24:01.8508 INFO JobFactory set to: Quartz.Simpl.PropertySettingJobFactory
2021-09-23 21:24:01.8727 INFO RAMJobStore initialized.
2021-09-23 21:24:01.8727 INFO Scheduler meta-data: Quartz Scheduler (v3.2.2.0) 'DefaultQuartzScheduler' with instanceId 'NON_CLUSTERED'
  Scheduler class: 'Quartz.Core.QuartzScheduler' - running locally.
  NOT STARTED.
  Currently in standby mode.
  Number of jobs executed: 0
  Using thread pool 'Quartz.Simpl.DefaultThreadPool' - with 10 threads.
  Using job-store 'Quartz.Simpl.RAMJobStore' - which does not support persistence. and is not clustered.

2021-09-23 21:24:01.8727 INFO Quartz scheduler 'DefaultQuartzScheduler' initialized
2021-09-23 21:24:01.8727 INFO Quartz scheduler version: 3.2.2.0
2021-09-23 21:24:01.8887 INFO Scheduler DefaultQuartzScheduler_$_NON_CLUSTERED started.
2021-09-23 21:24:02.0084 INFO Startup Configuration - Start
2021-09-23 21:24:02.0084 INFO SetEventCache - Start
2021-09-23 21:24:02.0553 INFO SetCachedItem = setting cache for Events
2021-09-23 21:24:02.0553 INFO SetCachedItem = setting cache for Events, with Expiry Date of 23/10/2021 20:24:02
2021-09-23 21:24:02.0553 INFO SetNextResultCheckDateTime - Start - roundUp = False
2021-09-23 21:24:02.0603 INFO SetNextResultCheckDateTime - rapidApiResultChecks == null
2021-09-23 21:24:02.0901 INFO SetNextResultCheckDateTime - Set League 1422 next check date to 06/10/2021 20:40:00
2021-09-23 21:24:02.0901 INFO SetNextResultCheckDateTime - Set League 3448 next check date to 02/10/2021 15:55:00
2021-09-23 21:24:02.0901 INFO SetNextResultCheckDateTime - Set League 3456 next check date to 02/10/2021 13:25:00
2021-09-23 21:24:02.0911 INFO SetCachedItem = setting cache for NextFixtureCheckDateTime
2021-09-23 21:24:02.0911 INFO SetCachedItem = setting cache for NextFixtureCheckDateTime, with Expiry Date of 23/10/2021 20:24:02
2021-09-23 21:26:30.0271 INFO DailyRapidApiLeagueCheck --> lastDate = 23/09/2021 00:00:00, Now = 23/09/2021 00:00:00
2021-09-23 21:26:30.0271 INFO DailyRapidApiLeagueCheck --> lastDate = 23/09/2021 00:00:00, Now = 23/09/2021 00:00:00
2021-09-23 21:26:30.0530 INFO SetCachedItem = setting cache for DailyRapidApiLeagueCheck, with Expiry Date of 24/09/2021 00:00:00
2021-09-23 21:26:30.0530 INFO DailyRapidApiLeagueCheck --> performUpdate = False
2021-09-23 21:26:30.0530 INFO SetCachedItem = setting cache for DailyRapidApiLeagueCheck, with Expiry Date of 24/09/2021 00:00:00
2021-09-23 21:26:30.0530 INFO DailyRapidApiLeagueCheck --> performUpdate = False
2021-09-23 21:28:21.0324 INFO Default Quartz.NET properties loaded from embedded resource file
2021-09-23 21:28:21.0883 INFO Initialized Scheduler Signaller of type: Quartz.Core.SchedulerSignalerImpl
2021-09-23 21:28:21.1072 INFO Quartz Scheduler v.3.2.2.0 created.
2021-09-23 21:28:21.1561 INFO JobFactory set to: Quartz.Simpl.PropertySettingJobFactory
2021-09-23 21:28:21.1730 INFO RAMJobStore initialized.
2021-09-23 21:28:21.1730 INFO Scheduler meta-data: Quartz Scheduler (v3.2.2.0) 'DefaultQuartzScheduler' with instanceId 'NON_CLUSTERED'
  Scheduler class: 'Quartz.Core.QuartzScheduler' - running locally.
  NOT STARTED.
  Currently in standby mode.
  Number of jobs executed: 0
  Using thread pool 'Quartz.Simpl.DefaultThreadPool' - with 10 threads.
  Using job-store 'Quartz.Simpl.RAMJobStore' - which does not support persistence. and is not clustered.

2021-09-23 21:28:21.1730 INFO Quartz scheduler 'DefaultQuartzScheduler' initialized
2021-09-23 21:28:21.1730 INFO Quartz scheduler version: 3.2.2.0
2021-09-23 21:28:21.1730 INFO Scheduler DefaultQuartzScheduler_$_NON_CLUSTERED started.
2021-09-23 21:28:21.3007 INFO Startup Configuration - Start
2021-09-23 21:28:21.3007 INFO SetEventCache - Start
2021-09-23 21:28:21.3486 INFO SetCachedItem = setting cache for Events
2021-09-23 21:28:21.3486 INFO SetCachedItem = setting cache for Events, with Expiry Date of 23/10/2021 20:28:21
2021-09-23 21:28:21.3486 INFO SetNextResultCheckDateTime - Start - roundUp = False
2021-09-23 21:28:21.3486 INFO SetNextResultCheckDateTime - rapidApiResultChecks == null
2021-09-23 21:28:21.3865 INFO SetNextResultCheckDateTime - Set League 1422 next check date to 06/10/2021 20:40:00
2021-09-23 21:28:21.3865 INFO SetNextResultCheckDateTime - Set League 3448 next check date to 02/10/2021 15:55:00
2021-09-23 21:28:21.3865 INFO SetNextResultCheckDateTime - Set League 3456 next check date to 02/10/2021 13:25:00
2021-09-23 21:28:21.3865 INFO SetCachedItem = setting cache for NextFixtureCheckDateTime
2021-09-23 21:28:21.3865 INFO SetCachedItem = setting cache for NextFixtureCheckDateTime, with Expiry Date of 23/10/2021 20:28:21
2021-09-23 21:34:05.2187 INFO Default Quartz.NET properties loaded from embedded resource file
2021-09-23 21:34:05.2745 INFO Initialized Scheduler Signaller of type: Quartz.Core.SchedulerSignalerImpl
2021-09-23 21:34:05.2964 INFO Quartz Scheduler v.3.2.2.0 created.
2021-09-23 21:34:05.3353 INFO JobFactory set to: Quartz.Simpl.PropertySettingJobFactory
2021-09-23 21:34:05.3533 INFO RAMJobStore initialized.
2021-09-23 21:34:05.3573 INFO Scheduler meta-data: Quartz Scheduler (v3.2.2.0) 'DefaultQuartzScheduler' with instanceId 'NON_CLUSTERED'
  Scheduler class: 'Quartz.Core.QuartzScheduler' - running locally.
  NOT STARTED.
  Currently in standby mode.
  Number of jobs executed: 0
  Using thread pool 'Quartz.Simpl.DefaultThreadPool' - with 10 threads.
  Using job-store 'Quartz.Simpl.RAMJobStore' - which does not support persistence. and is not clustered.

2021-09-23 21:34:05.3573 INFO Quartz scheduler 'DefaultQuartzScheduler' initialized
2021-09-23 21:34:05.3573 INFO Quartz scheduler version: 3.2.2.0
2021-09-23 21:34:05.3573 INFO Scheduler DefaultQuartzScheduler_$_NON_CLUSTERED started.
2021-09-23 21:34:05.4839 INFO Startup Configuration - Start
2021-09-23 21:34:05.4839 INFO SetEventCache - Start
2021-09-23 21:34:05.5308 INFO SetCachedItem = setting cache for Events
2021-09-23 21:34:05.5308 INFO SetCachedItem = setting cache for Events, with Expiry Date of 23/10/2021 20:34:05
2021-09-23 21:34:05.5308 INFO SetNextResultCheckDateTime - Start - roundUp = False
2021-09-23 21:34:05.5308 INFO SetNextResultCheckDateTime - rapidApiResultChecks == null
2021-09-23 21:34:05.5657 INFO SetNextResultCheckDateTime - Set League 1422 next check date to 06/10/2021 20:40:00
2021-09-23 21:34:05.5657 INFO SetNextResultCheckDateTime - Set League 3448 next check date to 02/10/2021 15:55:00
2021-09-23 21:34:05.5657 INFO SetNextResultCheckDateTime - Set League 3456 next check date to 02/10/2021 13:25:00
2021-09-23 21:34:05.5657 INFO SetCachedItem = setting cache for NextFixtureCheckDateTime
2021-09-23 21:34:05.5657 INFO SetCachedItem = setting cache for NextFixtureCheckDateTime, with Expiry Date of 23/10/2021 20:34:05
2021-09-23 21:35:00.1726 INFO DailyRapidApiLeagueCheck --> lastDate = 23/09/2021 00:00:00, Now = 23/09/2021 00:00:00
2021-09-23 21:35:00.1726 INFO SetCachedItem = setting cache for DailyRapidApiLeagueCheck, with Expiry Date of 24/09/2021 00:00:00
2021-09-23 21:35:00.1726 INFO DailyRapidApiLeagueCheck --> performUpdate = False
2021-09-23 21:45:57.0549 INFO Default Quartz.NET properties loaded from embedded resource file
2021-09-23 21:45:57.1107 INFO Initialized Scheduler Signaller of type: Quartz.Core.SchedulerSignalerImpl
2021-09-23 21:45:57.1307 INFO Quartz Scheduler v.3.2.2.0 created.
2021-09-23 21:45:57.1586 INFO JobFactory set to: Quartz.Simpl.PropertySettingJobFactory
2021-09-23 21:45:57.1796 INFO RAMJobStore initialized.
2021-09-23 21:45:57.1796 INFO Scheduler meta-data: Quartz Scheduler (v3.2.2.0) 'DefaultQuartzScheduler' with instanceId 'NON_CLUSTERED'
  Scheduler class: 'Quartz.Core.QuartzScheduler' - running locally.
  NOT STARTED.
  Currently in standby mode.
  Number of jobs executed: 0
  Using thread pool 'Quartz.Simpl.DefaultThreadPool' - with 10 threads.
  Using job-store 'Quartz.Simpl.RAMJobStore' - which does not support persistence. and is not clustered.

2021-09-23 21:45:57.1855 INFO Quartz scheduler 'DefaultQuartzScheduler' initialized
2021-09-23 21:45:57.1855 INFO Quartz scheduler version: 3.2.2.0
2021-09-23 21:45:57.1855 INFO Scheduler DefaultQuartzScheduler_$_NON_CLUSTERED started.
2021-09-23 21:45:57.3182 INFO Startup Configuration - Start
2021-09-23 21:45:57.3182 INFO SetEventCache - Start
2021-09-23 21:45:57.3651 INFO SetCachedItem = setting cache for Events
2021-09-23 21:45:57.3651 INFO SetCachedItem = setting cache for Events, with Expiry Date of 23/10/2021 20:45:57
2021-09-23 21:45:57.3651 INFO SetNextResultCheckDateTime - Start - roundUp = False
2021-09-23 21:45:57.3651 INFO SetNextResultCheckDateTime - rapidApiResultChecks == null
2021-09-23 21:45:57.4030 INFO SetNextResultCheckDateTime - Set League 1422 next check date to 06/10/2021 20:40:00
2021-09-23 21:45:57.4040 INFO SetNextResultCheckDateTime - Set League 3448 next check date to 02/10/2021 15:55:00
2021-09-23 21:45:57.4040 INFO SetNextResultCheckDateTime - Set League 3456 next check date to 02/10/2021 13:25:00
2021-09-23 21:45:57.4040 INFO SetCachedItem = setting cache for NextFixtureCheckDateTime
2021-09-23 21:45:57.4040 INFO SetCachedItem = setting cache for NextFixtureCheckDateTime, with Expiry Date of 23/10/2021 20:45:57
2021-09-23 21:46:00.0624 INFO DailyRapidApiLeagueCheck --> lastDate = 23/09/2021 00:00:00, Now = 23/09/2021 00:00:00
2021-09-23 21:46:00.0624 INFO SetCachedItem = setting cache for DailyRapidApiLeagueCheck, with Expiry Date of 24/09/2021 00:00:00
2021-09-23 21:46:00.0804 INFO DailyRapidApiLeagueCheck --> performUpdate = False
2021-09-23 21:51:40.1390 INFO Default Quartz.NET properties loaded from embedded resource file
2021-09-23 21:51:40.1959 INFO Initialized Scheduler Signaller of type: Quartz.Core.SchedulerSignalerImpl
2021-09-23 21:51:40.2268 INFO Quartz Scheduler v.3.2.2.0 created.
2021-09-23 21:51:40.2617 INFO JobFactory set to: Quartz.Simpl.PropertySettingJobFactory
2021-09-23 21:51:40.2767 INFO RAMJobStore initialized.
2021-09-23 21:51:40.2807 INFO Scheduler meta-data: Quartz Scheduler (v3.2.2.0) 'DefaultQuartzScheduler' with instanceId 'NON_CLUSTERED'
  Scheduler class: 'Quartz.Core.QuartzScheduler' - running locally.
  NOT STARTED.
  Currently in standby mode.
  Number of jobs executed: 0
  Using thread pool 'Quartz.Simpl.DefaultThreadPool' - with 10 threads.
  Using job-store 'Quartz.Simpl.RAMJobStore' - which does not support persistence. and is not clustered.

2021-09-23 21:51:40.2807 INFO Quartz scheduler 'DefaultQuartzScheduler' initialized
2021-09-23 21:51:40.2807 INFO Quartz scheduler version: 3.2.2.0
2021-09-23 21:51:40.2807 INFO Scheduler DefaultQuartzScheduler_$_NON_CLUSTERED started.
2021-09-23 21:51:40.4103 INFO Startup Configuration - Start
2021-09-23 21:51:40.4103 INFO SetEventCache - Start
2021-09-23 21:51:40.4582 INFO SetCachedItem = setting cache for Events
2021-09-23 21:51:40.4582 INFO SetCachedItem = setting cache for Events, with Expiry Date of 23/10/2021 20:51:40
2021-09-23 21:51:40.4582 INFO SetNextResultCheckDateTime - Start - roundUp = False
2021-09-23 21:51:40.4582 INFO SetNextResultCheckDateTime - rapidApiResultChecks == null
2021-09-23 21:51:40.4961 INFO SetNextResultCheckDateTime - Set League 1422 next check date to 06/10/2021 20:40:00
2021-09-23 21:51:40.4961 INFO SetNextResultCheckDateTime - Set League 3448 next check date to 02/10/2021 15:55:00
2021-09-23 21:51:40.4961 INFO SetNextResultCheckDateTime - Set League 3456 next check date to 02/10/2021 13:25:00
2021-09-23 21:51:40.4961 INFO SetCachedItem = setting cache for NextFixtureCheckDateTime
2021-09-23 21:51:40.4981 INFO SetCachedItem = setting cache for NextFixtureCheckDateTime, with Expiry Date of 23/10/2021 20:51:40
2021-09-23 21:52:00.0626 INFO DailyRapidApiLeagueCheck --> lastDate = 23/09/2021 00:00:00, Now = 23/09/2021 00:00:00
2021-09-23 21:52:00.0626 INFO SetCachedItem = setting cache for DailyRapidApiLeagueCheck, with Expiry Date of 24/09/2021 00:00:00
2021-09-23 21:52:00.0626 INFO DailyRapidApiLeagueCheck --> performUpdate = False
2021-09-23 22:04:01.5249 INFO Default Quartz.NET properties loaded from embedded resource file
2021-09-23 22:04:01.5807 INFO Initialized Scheduler Signaller of type: Quartz.Core.SchedulerSignalerImpl
2021-09-23 22:04:01.6117 INFO Quartz Scheduler v.3.2.2.0 created.
2021-09-23 22:04:01.6426 INFO JobFactory set to: Quartz.Simpl.PropertySettingJobFactory
2021-09-23 22:04:01.6595 INFO RAMJobStore initialized.
2021-09-23 22:04:01.6595 INFO Scheduler meta-data: Quartz Scheduler (v3.2.2.0) 'DefaultQuartzScheduler' with instanceId 'NON_CLUSTERED'
  Scheduler class: 'Quartz.Core.QuartzScheduler' - running locally.
  NOT STARTED.
  Currently in standby mode.
  Number of jobs executed: 0
  Using thread pool 'Quartz.Simpl.DefaultThreadPool' - with 10 threads.
  Using job-store 'Quartz.Simpl.RAMJobStore' - which does not support persistence. and is not clustered.

2021-09-23 22:04:01.6595 INFO Quartz scheduler 'DefaultQuartzScheduler' initialized
2021-09-23 22:04:01.6595 INFO Quartz scheduler version: 3.2.2.0
2021-09-23 22:04:01.6755 INFO Scheduler DefaultQuartzScheduler_$_NON_CLUSTERED started.
2021-09-23 22:04:01.7912 INFO Startup Configuration - Start
2021-09-23 22:04:01.7912 INFO SetEventCache - Start
2021-09-23 22:04:01.8381 INFO SetCachedItem = setting cache for Events
2021-09-23 22:04:01.8381 INFO SetCachedItem = setting cache for Events, with Expiry Date of 23/10/2021 21:04:01
2021-09-23 22:04:01.8431 INFO SetNextResultCheckDateTime - Start - roundUp = False
2021-09-23 22:04:01.8431 INFO SetNextResultCheckDateTime - rapidApiResultChecks == null
2021-09-23 22:04:01.8769 INFO SetNextResultCheckDateTime - Set League 1422 next check date to 06/10/2021 20:40:00
2021-09-23 22:04:01.8769 INFO SetNextResultCheckDateTime - Set League 3448 next check date to 02/10/2021 15:55:00
2021-09-23 22:04:01.8769 INFO SetNextResultCheckDateTime - Set League 3456 next check date to 02/10/2021 13:25:00
2021-09-23 22:04:01.8769 INFO SetCachedItem = setting cache for NextFixtureCheckDateTime
2021-09-23 22:04:01.8769 INFO SetCachedItem = setting cache for NextFixtureCheckDateTime, with Expiry Date of 23/10/2021 21:04:01
2021-09-23 22:05:00.0663 INFO DailyRapidApiLeagueCheck --> lastDate = 23/09/2021 00:00:00, Now = 23/09/2021 00:00:00
2021-09-23 22:05:00.0663 INFO SetCachedItem = setting cache for DailyRapidApiLeagueCheck, with Expiry Date of 24/09/2021 00:00:00
2021-09-23 22:05:00.0763 INFO DailyRapidApiLeagueCheck --> performUpdate = False
2021-09-23 22:16:38.0534 INFO Default Quartz.NET properties loaded from embedded resource file
2021-09-23 22:16:38.1093 INFO Initialized Scheduler Signaller of type: Quartz.Core.SchedulerSignalerImpl
2021-09-23 22:16:38.1372 INFO Quartz Scheduler v.3.2.2.0 created.
2021-09-23 22:16:38.1721 INFO JobFactory set to: Quartz.Simpl.PropertySettingJobFactory
2021-09-23 22:16:38.1911 INFO RAMJobStore initialized.
2021-09-23 22:16:38.1911 INFO Scheduler meta-data: Quartz Scheduler (v3.2.2.0) 'DefaultQuartzScheduler' with instanceId 'NON_CLUSTERED'
  Scheduler class: 'Quartz.Core.QuartzScheduler' - running locally.
  NOT STARTED.
  Currently in standby mode.
  Number of jobs executed: 0
  Using thread pool 'Quartz.Simpl.DefaultThreadPool' - with 10 threads.
  Using job-store 'Quartz.Simpl.RAMJobStore' - which does not support persistence. and is not clustered.

2021-09-23 22:16:38.1911 INFO Quartz scheduler 'DefaultQuartzScheduler' initialized
2021-09-23 22:16:38.1911 INFO Quartz scheduler version: 3.2.2.0
2021-09-23 22:16:38.2060 INFO Scheduler DefaultQuartzScheduler_$_NON_CLUSTERED started.
2021-09-23 22:16:38.3277 INFO Startup Configuration - Start
2021-09-23 22:16:38.3277 INFO SetEventCache - Start
2021-09-23 22:16:38.3736 INFO SetCachedItem = setting cache for Events
2021-09-23 22:16:38.3736 INFO SetCachedItem = setting cache for Events, with Expiry Date of 23/10/2021 21:16:38
2021-09-23 22:16:38.3736 INFO SetNextResultCheckDateTime - Start - roundUp = False
2021-09-23 22:16:38.3736 INFO SetNextResultCheckDateTime - rapidApiResultChecks == null
2021-09-23 22:16:38.4125 INFO SetNextResultCheckDateTime - Set League 1422 next check date to 06/10/2021 20:40:00
2021-09-23 22:16:38.4125 INFO SetNextResultCheckDateTime - Set League 3448 next check date to 02/10/2021 15:55:00
2021-09-23 22:16:38.4125 INFO SetNextResultCheckDateTime - Set League 3456 next check date to 02/10/2021 13:25:00
2021-09-23 22:16:38.4125 INFO SetCachedItem = setting cache for NextFixtureCheckDateTime
2021-09-23 22:16:38.4125 INFO SetCachedItem = setting cache for NextFixtureCheckDateTime, with Expiry Date of 23/10/2021 21:16:38
2021-09-23 22:18:28.8652 INFO Default Quartz.NET properties loaded from embedded resource file
2021-09-23 22:18:28.9221 INFO Initialized Scheduler Signaller of type: Quartz.Core.SchedulerSignalerImpl
2021-09-23 22:18:28.9450 INFO Quartz Scheduler v.3.2.2.0 created.
2021-09-23 22:18:28.9779 INFO JobFactory set to: Quartz.Simpl.PropertySettingJobFactory
2021-09-23 22:18:28.9979 INFO RAMJobStore initialized.
2021-09-23 22:18:28.9979 INFO Scheduler meta-data: Quartz Scheduler (v3.2.2.0) 'DefaultQuartzScheduler' with instanceId 'NON_CLUSTERED'
  Scheduler class: 'Quartz.Core.QuartzScheduler' - running locally.
  NOT STARTED.
  Currently in standby mode.
  Number of jobs executed: 0
  Using thread pool 'Quartz.Simpl.DefaultThreadPool' - with 10 threads.
  Using job-store 'Quartz.Simpl.RAMJobStore' - which does not support persistence. and is not clustered.

2021-09-23 22:18:28.9979 INFO Quartz scheduler 'DefaultQuartzScheduler' initialized
2021-09-23 22:18:28.9979 INFO Quartz scheduler version: 3.2.2.0
2021-09-23 22:18:29.0128 INFO Scheduler DefaultQuartzScheduler_$_NON_CLUSTERED started.
2021-09-23 22:18:29.1325 INFO Startup Configuration - Start
2021-09-23 22:18:29.1325 INFO SetEventCache - Start
2021-09-23 22:18:29.1804 INFO SetCachedItem = setting cache for Events
2021-09-23 22:18:29.1804 INFO SetCachedItem = setting cache for Events, with Expiry Date of 23/10/2021 21:18:29
2021-09-23 22:18:29.1804 INFO SetNextResultCheckDateTime - Start - roundUp = False
2021-09-23 22:18:29.1854 INFO SetNextResultCheckDateTime - rapidApiResultChecks == null
2021-09-23 22:18:29.2183 INFO SetNextResultCheckDateTime - Set League 1422 next check date to 06/10/2021 20:40:00
2021-09-23 22:18:29.2183 INFO SetNextResultCheckDateTime - Set League 3448 next check date to 02/10/2021 15:55:00
2021-09-23 22:18:29.2183 INFO SetNextResultCheckDateTime - Set League 3456 next check date to 02/10/2021 13:25:00
2021-09-23 22:18:29.2183 INFO SetCachedItem = setting cache for NextFixtureCheckDateTime
2021-09-23 22:18:29.2183 INFO SetCachedItem = setting cache for NextFixtureCheckDateTime, with Expiry Date of 23/10/2021 21:18:29
2021-09-23 22:19:00.0560 INFO DailyRapidApiLeagueCheck --> lastDate = 23/09/2021 00:00:00, Now = 23/09/2021 00:00:00
2021-09-23 22:19:00.0660 INFO SetCachedItem = setting cache for DailyRapidApiLeagueCheck, with Expiry Date of 24/09/2021 00:00:00
2021-09-23 22:19:00.0760 INFO DailyRapidApiLeagueCheck --> performUpdate = False
2021-09-23 22:23:42.3588 INFO Default Quartz.NET properties loaded from embedded resource file
2021-09-23 22:23:42.4256 INFO Initialized Scheduler Signaller of type: Quartz.Core.SchedulerSignalerImpl
2021-09-23 22:23:42.4585 INFO Quartz Scheduler v.3.2.2.0 created.
2021-09-23 22:23:42.4884 INFO JobFactory set to: Quartz.Simpl.PropertySettingJobFactory
2021-09-23 22:23:42.5084 INFO RAMJobStore initialized.
2021-09-23 22:23:42.5084 INFO Scheduler meta-data: Quartz Scheduler (v3.2.2.0) 'DefaultQuartzScheduler' with instanceId 'NON_CLUSTERED'
  Scheduler class: 'Quartz.Core.QuartzScheduler' - running locally.
  NOT STARTED.
  Currently in standby mode.
  Number of jobs executed: 0
  Using thread pool 'Quartz.Simpl.DefaultThreadPool' - with 10 threads.
  Using job-store 'Quartz.Simpl.RAMJobStore' - which does not support persistence. and is not clustered.

2021-09-23 22:23:42.5084 INFO Quartz scheduler 'DefaultQuartzScheduler' initialized
2021-09-23 22:23:42.5134 INFO Quartz scheduler version: 3.2.2.0
2021-09-23 22:23:42.5134 INFO Scheduler DefaultQuartzScheduler_$_NON_CLUSTERED started.
2021-09-23 22:23:43.1427 INFO Startup Configuration - Start
2021-09-23 22:23:43.1427 INFO SetEventCache - Start
2021-09-23 22:23:43.2165 INFO SetCachedItem = setting cache for Events
2021-09-23 22:23:43.2165 INFO SetCachedItem = setting cache for Events, with Expiry Date of 23/10/2021 21:23:43
2021-09-23 22:23:43.2165 INFO SetNextResultCheckDateTime - Start - roundUp = False
2021-09-23 22:23:43.2165 INFO SetNextResultCheckDateTime - rapidApiResultChecks == null
2021-09-23 22:23:43.2634 INFO SetNextResultCheckDateTime - Set League 1422 next check date to 06/10/2021 20:40:00
2021-09-23 22:23:43.2634 INFO SetNextResultCheckDateTime - Set League 3448 next check date to 02/10/2021 15:55:00
2021-09-23 22:23:43.2634 INFO SetNextResultCheckDateTime - Set League 3456 next check date to 02/10/2021 13:25:00
2021-09-23 22:23:43.2634 INFO SetCachedItem = setting cache for NextFixtureCheckDateTime
2021-09-23 22:23:43.2634 INFO SetCachedItem = setting cache for NextFixtureCheckDateTime, with Expiry Date of 23/10/2021 21:23:43
2021-09-23 22:24:00.0490 INFO DailyRapidApiLeagueCheck --> lastDate = 23/09/2021 00:00:00, Now = 23/09/2021 00:00:00
2021-09-23 22:24:00.0490 INFO SetCachedItem = setting cache for DailyRapidApiLeagueCheck, with Expiry Date of 24/09/2021 00:00:00
2021-09-23 22:24:00.0600 INFO DailyRapidApiLeagueCheck --> performUpdate = False
2021-09-23 22:25:15.0713 INFO Default Quartz.NET properties loaded from embedded resource file
2021-09-23 22:25:15.1272 INFO Initialized Scheduler Signaller of type: Quartz.Core.SchedulerSignalerImpl
2021-09-23 22:25:15.1541 INFO Quartz Scheduler v.3.2.2.0 created.
2021-09-23 22:25:15.1870 INFO JobFactory set to: Quartz.Simpl.PropertySettingJobFactory
2021-09-23 22:25:15.2050 INFO RAMJobStore initialized.
2021-09-23 22:25:15.2050 INFO Scheduler meta-data: Quartz Scheduler (v3.2.2.0) 'DefaultQuartzScheduler' with instanceId 'NON_CLUSTERED'
  Scheduler class: 'Quartz.Core.QuartzScheduler' - running locally.
  NOT STARTED.
  Currently in standby mode.
  Number of jobs executed: 0
  Using thread pool 'Quartz.Simpl.DefaultThreadPool' - with 10 threads.
  Using job-store 'Quartz.Simpl.RAMJobStore' - which does not support persistence. and is not clustered.

2021-09-23 22:25:15.2050 INFO Quartz scheduler 'DefaultQuartzScheduler' initialized
2021-09-23 22:25:15.2050 INFO Quartz scheduler version: 3.2.2.0
2021-09-23 22:25:15.2199 INFO Scheduler DefaultQuartzScheduler_$_NON_CLUSTERED started.
2021-09-23 22:25:15.3366 INFO Startup Configuration - Start
2021-09-23 22:25:15.3366 INFO SetEventCache - Start
2021-09-23 22:25:15.3825 INFO SetCachedItem = setting cache for Events
2021-09-23 22:25:15.3825 INFO SetCachedItem = setting cache for Events, with Expiry Date of 23/10/2021 21:25:15
2021-09-23 22:25:15.3825 INFO SetNextResultCheckDateTime - Start - roundUp = False
2021-09-23 22:25:15.3825 INFO SetNextResultCheckDateTime - rapidApiResultChecks == null
2021-09-23 22:25:15.4194 INFO SetNextResultCheckDateTime - Set League 1422 next check date to 06/10/2021 20:40:00
2021-09-23 22:25:15.4194 INFO SetNextResultCheckDateTime - Set League 3448 next check date to 02/10/2021 15:55:00
2021-09-23 22:25:15.4194 INFO SetNextResultCheckDateTime - Set League 3456 next check date to 02/10/2021 13:25:00
2021-09-23 22:25:15.4194 INFO SetCachedItem = setting cache for NextFixtureCheckDateTime
2021-09-23 22:25:15.4194 INFO SetCachedItem = setting cache for NextFixtureCheckDateTime, with Expiry Date of 23/10/2021 21:25:15
2021-09-23 22:27:05.6902 INFO DailyRapidApiLeagueCheck --> lastDate = 23/09/2021 00:00:00, Now = 23/09/2021 00:00:00
2021-09-23 22:27:05.6902 INFO SetCachedItem = setting cache for DailyRapidApiLeagueCheck, with Expiry Date of 24/09/2021 00:00:00
2021-09-23 22:27:05.6902 INFO DailyRapidApiLeagueCheck --> performUpdate = False
2021-09-23 22:27:05.6902 INFO DailyRapidApiLeagueCheck --> lastDate = 23/09/2021 00:00:00, Now = 23/09/2021 00:00:00
2021-09-23 22:27:05.6902 INFO SetCachedItem = setting cache for DailyRapidApiLeagueCheck, with Expiry Date of 24/09/2021 00:00:00
2021-09-23 22:27:05.6902 INFO DailyRapidApiLeagueCheck --> performUpdate = False
