2021-01-30 00:00:00.0126 INFO GetRapidApiResults = Getting results from RapidApi 2794. FixtureDateTime = 1/30/2021 12:00:00 AM, Now = 1/30/2021 7:00:00 AM
2021-01-30 00:00:00.0126 INFO FixturesByLeagueByDate - League = {0}, Date = {2}
2021-01-30 00:00:00.3251 INFO SetNextResultCheckDateTime - Start - roundUp = True
2021-01-30 00:00:00.3429 INFO SetNextResultCheckDateTime - Set League 2790 next check date to 1/30/2021 2:25:00 PM
2021-01-30 00:00:00.3429 INFO SetNextResultCheckDateTime - Set League 2794 next check date to 1/30/2021 7:05:00 AM
2021-01-30 00:00:00.3429 INFO SetCachedItem = setting cache for NextFixtureCheckDateTime
2021-01-30 00:00:00.3564 INFO SetCachedItem = setting cache for NextFixtureCheckDateTime, with Expiry Date of 3/1/2021 7:00:00 AM
2021-01-30 00:00:00.3564 INFO DailyRapidApiLeagueCheck --> lastDate = 1/29/2021 12:00:00 AM, Now = 1/30/2021 12:00:00 AM
2021-01-30 00:00:00.3720 INFO SetCachedItem = setting cache for DailyRapidApiLeagueCheck, with Expiry Date of 1/31/2021 12:00:00 AM
2021-01-30 00:00:00.3720 INFO DailyRapidApiLeagueCheck --> Performing daily league update
2021-01-30 00:00:00.4032 INFO FixturesByLeague - League = 2790
2021-01-30 00:00:04.1689 INFO SetEventCache - Start
2021-01-30 00:00:04.1689 INFO SetCachedItem = setting cache for Events
2021-01-30 00:00:04.1689 INFO SetCachedItem = setting cache for Events, with Expiry Date of 3/1/2021 7:00:04 AM
2021-01-30 00:00:04.1689 INFO FixturesByOdds - League = 2790
2021-01-30 00:00:06.6221 INFO FixturesByOdds - League = 2790, pageNbr = 5
2021-01-30 00:00:08.3721 INFO FixturesByOdds - League = 2790, pageNbr = 0
2021-01-30 00:00:08.3721 INFO FixturesByLeague - League = 2794
2021-01-30 00:00:15.8722 INFO SetEventCache - Start
2021-01-30 00:00:15.8722 INFO SetCachedItem = setting cache for Events
2021-01-30 00:00:15.8722 INFO SetCachedItem = setting cache for Events, with Expiry Date of 3/1/2021 7:00:15 AM
2021-01-30 00:00:15.8722 INFO FixturesByOdds - League = 2794
2021-01-30 00:00:18.1378 INFO FixturesByOdds - League = 2794, pageNbr = 5
2021-01-30 00:00:19.6222 INFO FixturesByOdds - League = 2794, pageNbr = 0
2021-01-30 00:05:00.0129 INFO GetRapidApiResults = Getting results from RapidApi 2794. FixtureDateTime = 1/30/2021 12:00:00 AM, Now = 1/30/2021 7:05:00 AM
2021-01-30 00:05:00.0129 INFO FixturesByLeagueByDate - League = {0}, Date = {2}
2021-01-30 00:05:00.2941 INFO SetNextResultCheckDateTime - Start - roundUp = True
2021-01-30 00:05:00.3097 INFO SetNextResultCheckDateTime - Set League 2790 next check date to 1/30/2021 2:25:00 PM
2021-01-30 00:05:00.3097 INFO SetNextResultCheckDateTime - Set League 2794 next check date to 1/30/2021 2:25:00 PM
2021-01-30 00:05:00.3097 INFO SetCachedItem = setting cache for NextFixtureCheckDateTime
2021-01-30 00:05:00.3097 INFO SetCachedItem = setting cache for NextFixtureCheckDateTime, with Expiry Date of 3/1/2021 7:05:00 AM
2021-01-30 10:37:55.2388 INFO Default Quartz.NET properties loaded from embedded resource file
2021-01-30 10:37:55.2857 INFO Initialized Scheduler Signaller of type: Quartz.Core.SchedulerSignalerImpl
2021-01-30 10:37:55.2857 INFO Quartz Scheduler v.3.2.2.0 created.
2021-01-30 10:37:55.2857 INFO JobFactory set to: Quartz.Simpl.PropertySettingJobFactory
2021-01-30 10:37:55.2857 INFO RAMJobStore initialized.
2021-01-30 10:37:55.2857 INFO Scheduler meta-data: Quartz Scheduler (v3.2.2.0) 'DefaultQuartzScheduler' with instanceId 'NON_CLUSTERED'
  Scheduler class: 'Quartz.Core.QuartzScheduler' - running locally.
  NOT STARTED.
  Currently in standby mode.
  Number of jobs executed: 0
  Using thread pool 'Quartz.Simpl.DefaultThreadPool' - with 10 threads.
  Using job-store 'Quartz.Simpl.RAMJobStore' - which does not support persistence. and is not clustered.

2021-01-30 10:37:55.2857 INFO Quartz scheduler 'DefaultQuartzScheduler' initialized
2021-01-30 10:37:55.2857 INFO Quartz scheduler version: 3.2.2.0
2021-01-30 10:37:55.3037 INFO Scheduler DefaultQuartzScheduler_$_NON_CLUSTERED started.
2021-01-30 10:37:55.4323 INFO Startup Configuration - Start
2021-01-30 10:37:55.4323 INFO SetEventCache - Start
2021-01-30 10:37:55.4683 INFO SetCachedItem = setting cache for Events
2021-01-30 10:37:55.4683 INFO SetCachedItem = setting cache for Events, with Expiry Date of 01/03/2021 10:37:55
2021-01-30 10:37:55.4722 INFO SetNextResultCheckDateTime - Start - roundUp = False
2021-01-30 10:37:55.4722 INFO SetNextResultCheckDateTime - rapidApiResultChecks == null
2021-01-30 10:37:55.4981 INFO SetNextResultCheckDateTime - Set League 2790 next check date to 30/01/2021 14:25:00
2021-01-30 10:37:55.4981 INFO SetNextResultCheckDateTime - Set League 2794 next check date to 30/01/2021 16:55:00
2021-01-30 10:37:55.4981 INFO SetCachedItem = setting cache for NextFixtureCheckDateTime
2021-01-30 10:37:55.4981 INFO SetCachedItem = setting cache for NextFixtureCheckDateTime, with Expiry Date of 01/03/2021 10:37:55
2021-01-30 10:38:00.0471 INFO DailyRapidApiLeagueCheck --> lastDate = 29/01/2021 00:00:00, Now = 30/01/2021 00:00:00
2021-01-30 10:38:00.2286 INFO SetCachedItem = setting cache for DailyRapidApiLeagueCheck, with Expiry Date of 31/01/2021 00:00:00
2021-01-30 10:38:00.2286 INFO DailyRapidApiLeagueCheck --> Performing daily league update
