2021-08-30 00:00:00.0424 INFO DailyRapidApiLeagueCheck --> lastDate = 8/30/2021 12:00:00 AM, Now = 8/30/2021 12:00:00 AM
2021-08-30 00:00:00.0424 INFO SetCachedItem = setting cache for DailyRapidApiLeagueCheck, with Expiry Date of 8/31/2021 12:00:00 AM
2021-08-30 00:00:00.0424 INFO DailyRapidApiLeagueCheck --> performUpdate = False
2021-08-30 04:58:24.0089 INFO Default Quartz.NET properties loaded from embedded resource file
2021-08-30 04:58:24.1026 INFO Initialized Scheduler Signaller of type: Quartz.Core.SchedulerSignalerImpl
2021-08-30 04:58:24.1026 INFO Quartz Scheduler v.3.2.2.0 created.
2021-08-30 04:58:24.1183 INFO JobFactory set to: Quartz.Simpl.PropertySettingJobFactory
2021-08-30 04:58:24.1183 INFO RAMJobStore initialized.
2021-08-30 04:58:24.1183 INFO Scheduler meta-data: Quartz Scheduler (v3.2.2.0) 'DefaultQuartzScheduler' with instanceId 'NON_CLUSTERED'
  Scheduler class: 'Quartz.Core.QuartzScheduler' - running locally.
  NOT STARTED.
  Currently in standby mode.
  Number of jobs executed: 0
  Using thread pool 'Quartz.Simpl.DefaultThreadPool' - with 10 threads.
  Using job-store 'Quartz.Simpl.RAMJobStore' - which does not support persistence. and is not clustered.

2021-08-30 04:58:24.1183 INFO Quartz scheduler 'DefaultQuartzScheduler' initialized
2021-08-30 04:58:24.1183 INFO Quartz scheduler version: 3.2.2.0
2021-08-30 04:58:24.1339 INFO Scheduler DefaultQuartzScheduler_$_NON_CLUSTERED started.
2021-08-30 04:58:24.8058 INFO Startup Configuration - Start
2021-08-30 04:58:24.8058 INFO SetEventCache - Start
2021-08-30 04:58:24.8683 INFO SetCachedItem = setting cache for Events
2021-08-30 04:58:24.8683 INFO SetCachedItem = setting cache for Events, with Expiry Date of 9/29/2021 11:58:24 AM
2021-08-30 04:58:24.8683 INFO SetNextResultCheckDateTime - Start - roundUp = False
2021-08-30 04:58:24.8683 INFO SetNextResultCheckDateTime - rapidApiResultChecks == null
2021-08-30 04:58:24.9151 INFO SetNextResultCheckDateTime - Set League 1422 next check date to 10/6/2021 8:40:00 PM
2021-08-30 04:58:24.9151 INFO SetNextResultCheckDateTime - Set League 3448 next check date to 9/11/2021 1:25:00 PM
2021-08-30 04:58:24.9151 INFO SetNextResultCheckDateTime - Set League 3456 next check date to 9/11/2021 1:25:00 PM
2021-08-30 04:58:24.9151 INFO SetCachedItem = setting cache for NextFixtureCheckDateTime
2021-08-30 04:58:24.9151 INFO SetCachedItem = setting cache for NextFixtureCheckDateTime, with Expiry Date of 9/29/2021 11:58:24 AM
2021-08-30 04:59:00.0714 INFO DailyRapidApiLeagueCheck --> lastDate = 8/30/2021 12:00:00 AM, Now = 8/30/2021 12:00:00 AM
2021-08-30 04:59:00.0714 INFO SetCachedItem = setting cache for DailyRapidApiLeagueCheck, with Expiry Date of 8/31/2021 12:00:00 AM
2021-08-30 04:59:00.0714 INFO DailyRapidApiLeagueCheck --> performUpdate = False
2021-08-30 07:55:12.5893 INFO {
  "success": false,
  "error-codes": [
    "invalid-input-response"
  ]
}
2021-08-30 07:55:19.9798 INFO {
  "success": true,
  "challenge_ts": "2021-08-30T14:55:13Z",
  "hostname": "predictioncomp.com"
}
2021-08-30 07:55:20.6048 INFO Account - Login (HttpPost) - Jocooper1272@gmail.com logged in
2021-08-30 17:53:20.5151 INFO Default Quartz.NET properties loaded from embedded resource file
2021-08-30 17:53:20.5933 INFO Initialized Scheduler Signaller of type: Quartz.Core.SchedulerSignalerImpl
2021-08-30 17:53:20.6089 INFO Quartz Scheduler v.3.2.2.0 created.
2021-08-30 17:53:20.6089 INFO JobFactory set to: Quartz.Simpl.PropertySettingJobFactory
2021-08-30 17:53:20.6089 INFO RAMJobStore initialized.
2021-08-30 17:53:20.6089 INFO Scheduler meta-data: Quartz Scheduler (v3.2.2.0) 'DefaultQuartzScheduler' with instanceId 'NON_CLUSTERED'
  Scheduler class: 'Quartz.Core.QuartzScheduler' - running locally.
  NOT STARTED.
  Currently in standby mode.
  Number of jobs executed: 0
  Using thread pool 'Quartz.Simpl.DefaultThreadPool' - with 10 threads.
  Using job-store 'Quartz.Simpl.RAMJobStore' - which does not support persistence. and is not clustered.

2021-08-30 17:53:20.6089 INFO Quartz scheduler 'DefaultQuartzScheduler' initialized
2021-08-30 17:53:20.6245 INFO Quartz scheduler version: 3.2.2.0
2021-08-30 17:53:20.6245 INFO Scheduler DefaultQuartzScheduler_$_NON_CLUSTERED started.
2021-08-30 17:53:20.7808 INFO Startup Configuration - Start
2021-08-30 17:53:20.7964 INFO SetEventCache - Start
2021-08-30 17:53:20.8433 INFO SetCachedItem = setting cache for Events
2021-08-30 17:53:20.8433 INFO SetCachedItem = setting cache for Events, with Expiry Date of 9/30/2021 12:53:20 AM
2021-08-30 17:53:20.8589 INFO SetNextResultCheckDateTime - Start - roundUp = False
2021-08-30 17:53:20.8589 INFO SetNextResultCheckDateTime - rapidApiResultChecks == null
2021-08-30 17:53:20.9057 INFO SetNextResultCheckDateTime - Set League 1422 next check date to 10/6/2021 8:40:00 PM
2021-08-30 17:53:20.9057 INFO SetNextResultCheckDateTime - Set League 3448 next check date to 9/11/2021 1:25:00 PM
2021-08-30 17:53:20.9057 INFO SetNextResultCheckDateTime - Set League 3456 next check date to 9/11/2021 1:25:00 PM
2021-08-30 17:53:20.9057 INFO SetCachedItem = setting cache for NextFixtureCheckDateTime
2021-08-30 17:53:20.9057 INFO SetCachedItem = setting cache for NextFixtureCheckDateTime, with Expiry Date of 9/30/2021 12:53:20 AM
2021-08-30 17:54:00.0772 INFO DailyRapidApiLeagueCheck --> lastDate = 8/30/2021 12:00:00 AM, Now = 8/31/2021 12:00:00 AM
2021-08-30 17:54:00.3272 INFO SetCachedItem = setting cache for DailyRapidApiLeagueCheck, with Expiry Date of 8/31/2021 12:00:00 AM
2021-08-30 17:54:00.3428 INFO DailyRapidApiLeagueCheck --> performUpdate = True
2021-08-30 17:54:00.3428 INFO DailyRapidApiLeagueCheck --> Performing daily league update
2021-08-30 17:54:00.4678 INFO FixturesByLeague - League = 3448, EarliestDate = 9/11/2021 12:00:00 AM
2021-08-30 17:54:02.4053 INFO FixturesByOdds - League = 3448
2021-08-30 17:54:05.5928 INFO OddsByLeagueAndBookmaker - League = 3448, pageNbr = 2
2021-08-30 17:54:09.0303 INFO OddsByLeagueAndBookmaker - League = 3448, pageNbr = 0
2021-08-30 17:54:09.0616 INFO FixturesByLeague - League = 3456, EarliestDate = 9/11/2021 12:00:00 AM
2021-08-30 17:54:11.3272 INFO FixturesByOdds - League = 3456
2021-08-30 17:54:13.5147 INFO OddsByLeagueAndBookmaker - League = 3456, pageNbr = 2
2021-08-30 17:54:15.6866 INFO OddsByLeagueAndBookmaker - League = 3456, pageNbr = 3
2021-08-30 17:54:19.8585 INFO OddsByLeagueAndBookmaker - League = 3456, pageNbr = 0
2021-08-30 17:54:19.8741 INFO FixturesByLeague - League = 1422, EarliestDate = 10/6/2021 12:00:00 AM
2021-08-30 17:54:20.1710 INFO FixturesByOdds - League = 1422
2021-08-30 17:54:20.3272 INFO OddsByLeagueAndBookmaker - League = 1422, pageNbr = 0
