2021-02-06 09:39:58.8515 INFO Default Quartz.NET properties loaded from embedded resource file
2021-02-06 09:39:58.9074 INFO Initialized Scheduler Signaller of type: Quartz.Core.SchedulerSignalerImpl
2021-02-06 09:39:58.9074 INFO Quartz Scheduler v.3.2.2.0 created.
2021-02-06 09:39:58.9203 INFO JobFactory set to: Quartz.Simpl.PropertySettingJobFactory
2021-02-06 09:39:58.9203 INFO RAMJobStore initialized.
2021-02-06 09:39:58.9203 INFO Scheduler meta-data: Quartz Scheduler (v3.2.2.0) 'DefaultQuartzScheduler' with instanceId 'NON_CLUSTERED'
  Scheduler class: 'Quartz.Core.QuartzScheduler' - running locally.
  NOT STARTED.
  Currently in standby mode.
  Number of jobs executed: 0
  Using thread pool 'Quartz.Simpl.DefaultThreadPool' - with 10 threads.
  Using job-store 'Quartz.Simpl.RAMJobStore' - which does not support persistence. and is not clustered.

2021-02-06 09:39:58.9353 INFO Quartz scheduler 'DefaultQuartzScheduler' initialized
2021-02-06 09:39:58.9353 INFO Quartz scheduler version: 3.2.2.0
2021-02-06 09:39:58.9353 INFO Scheduler DefaultQuartzScheduler_$_NON_CLUSTERED started.
2021-02-06 09:39:59.0799 INFO Startup Configuration - Start
2021-02-06 09:39:59.0799 INFO SetEventCache - Start
2021-02-06 09:39:59.1278 INFO SetCachedItem = setting cache for Events
2021-02-06 09:39:59.1278 INFO SetCachedItem = setting cache for Events, with Expiry Date of 08/03/2021 09:39:59
2021-02-06 09:39:59.1278 INFO SetNextResultCheckDateTime - Start - roundUp = False
2021-02-06 09:39:59.1278 INFO SetNextResultCheckDateTime - rapidApiResultChecks == null
2021-02-06 09:39:59.1637 INFO SetNextResultCheckDateTime - Set League 2790 next check date to 06/02/2021 14:25:00
2021-02-06 09:39:59.1637 INFO SetCachedItem = setting cache for NextFixtureCheckDateTime
2021-02-06 09:39:59.1637 INFO SetCachedItem = setting cache for NextFixtureCheckDateTime, with Expiry Date of 08/03/2021 09:39:59
2021-02-06 09:40:14.4084 INFO DailyRapidApiLeagueCheck --> lastDate = 05/02/2021 00:00:00, Now = 06/02/2021 00:00:00
2021-02-06 09:40:14.6737 INFO SetCachedItem = setting cache for DailyRapidApiLeagueCheck, with Expiry Date of 07/02/2021 00:00:00
2021-02-06 09:40:14.6737 INFO DailyRapidApiLeagueCheck --> Performing daily league update
2021-02-06 09:40:14.7305 INFO FixturesByLeague - League = 2790, EarliestDate = 06/02/2021 00:00:00
2021-02-06 09:40:17.1972 INFO FixturesByOdds - League = 2790
2021-02-06 09:40:19.6301 INFO OddsByLeagueAndBookmaker - League = 2790, pageNbr = 2
2021-02-06 09:40:21.8819 INFO OddsByLeagueAndBookmaker - League = 2790, pageNbr = 3
2021-02-06 09:40:24.1309 INFO OddsByLeagueAndBookmaker - League = 2790, pageNbr = 4
2021-02-06 09:40:27.3376 INFO OddsByLeagueAndBookmaker - League = 2790, pageNbr = 5
2021-02-06 09:40:31.9785 INFO OddsByLeagueAndBookmaker - League = 2790, pageNbr = 6
2021-02-06 09:40:33.6425 INFO OddsByLeagueAndBookmaker - League = 2790, pageNbr = 0
2021-02-06 09:40:33.6425 INFO FixturesByLeague - League = 2794, EarliestDate = 05/02/2021 00:00:00
2021-02-06 09:40:36.7650 INFO SetEventCache - Start
2021-02-06 09:40:36.7650 INFO SetCachedItem = setting cache for Events
2021-02-06 09:40:36.7650 INFO SetCachedItem = setting cache for Events, with Expiry Date of 08/03/2021 09:40:36
2021-02-06 09:40:36.7650 INFO FixturesByOdds - League = 2794
2021-02-06 09:40:39.1696 INFO OddsByLeagueAndBookmaker - League = 2794, pageNbr = 2
2021-02-06 09:40:41.4308 INFO OddsByLeagueAndBookmaker - League = 2794, pageNbr = 3
2021-02-06 09:40:43.5402 INFO OddsByLeagueAndBookmaker - League = 2794, pageNbr = 4
2021-02-06 09:40:45.2369 INFO OddsByLeagueAndBookmaker - League = 2794, pageNbr = 5
2021-02-06 09:40:47.0939 INFO OddsByLeagueAndBookmaker - League = 2794, pageNbr = 0
2021-02-06 10:04:39.4644 INFO Default Quartz.NET properties loaded from embedded resource file
2021-02-06 10:04:39.5223 INFO Initialized Scheduler Signaller of type: Quartz.Core.SchedulerSignalerImpl
2021-02-06 10:04:39.5661 INFO Quartz Scheduler v.3.2.2.0 created.
2021-02-06 10:04:39.6120 INFO JobFactory set to: Quartz.Simpl.PropertySettingJobFactory
2021-02-06 10:04:39.6250 INFO RAMJobStore initialized.
2021-02-06 10:04:39.6250 INFO Scheduler meta-data: Quartz Scheduler (v3.2.2.0) 'DefaultQuartzScheduler' with instanceId 'NON_CLUSTERED'
  Scheduler class: 'Quartz.Core.QuartzScheduler' - running locally.
  NOT STARTED.
  Currently in standby mode.
  Number of jobs executed: 0
  Using thread pool 'Quartz.Simpl.DefaultThreadPool' - with 10 threads.
  Using job-store 'Quartz.Simpl.RAMJobStore' - which does not support persistence. and is not clustered.

2021-02-06 10:04:39.6250 INFO Quartz scheduler 'DefaultQuartzScheduler' initialized
2021-02-06 10:04:39.6250 INFO Quartz scheduler version: 3.2.2.0
2021-02-06 10:04:39.6390 INFO Scheduler DefaultQuartzScheduler_$_NON_CLUSTERED started.
2021-02-06 10:04:39.7716 INFO Startup Configuration - Start
2021-02-06 10:04:39.7716 INFO SetEventCache - Start
2021-02-06 10:04:39.8175 INFO SetCachedItem = setting cache for Events
2021-02-06 10:04:39.8175 INFO SetCachedItem = setting cache for Events, with Expiry Date of 08/03/2021 10:04:39
2021-02-06 10:04:39.8175 INFO SetNextResultCheckDateTime - Start - roundUp = False
2021-02-06 10:04:39.8175 INFO SetNextResultCheckDateTime - rapidApiResultChecks == null
2021-02-06 10:04:39.8554 INFO SetNextResultCheckDateTime - Set League 2790 next check date to 06/02/2021 14:25:00
2021-02-06 10:04:39.8554 INFO SetCachedItem = setting cache for NextFixtureCheckDateTime
2021-02-06 10:04:39.8554 INFO SetCachedItem = setting cache for NextFixtureCheckDateTime, with Expiry Date of 08/03/2021 10:04:39
2021-02-06 10:05:00.0477 INFO SetCachedItem = setting cache for DailyRapidApiLeagueCheck, with Expiry Date of 07/02/2021 00:00:00
2021-02-06 10:10:52.8275 INFO Default Quartz.NET properties loaded from embedded resource file
2021-02-06 10:10:52.8854 INFO Initialized Scheduler Signaller of type: Quartz.Core.SchedulerSignalerImpl
2021-02-06 10:10:52.9113 INFO Quartz Scheduler v.3.2.2.0 created.
2021-02-06 10:10:52.9472 INFO JobFactory set to: Quartz.Simpl.PropertySettingJobFactory
2021-02-06 10:10:52.9641 INFO RAMJobStore initialized.
2021-02-06 10:10:52.9701 INFO Scheduler meta-data: Quartz Scheduler (v3.2.2.0) 'DefaultQuartzScheduler' with instanceId 'NON_CLUSTERED'
  Scheduler class: 'Quartz.Core.QuartzScheduler' - running locally.
  NOT STARTED.
  Currently in standby mode.
  Number of jobs executed: 0
  Using thread pool 'Quartz.Simpl.DefaultThreadPool' - with 10 threads.
  Using job-store 'Quartz.Simpl.RAMJobStore' - which does not support persistence. and is not clustered.

2021-02-06 10:10:52.9701 INFO Quartz scheduler 'DefaultQuartzScheduler' initialized
2021-02-06 10:10:52.9701 INFO Quartz scheduler version: 3.2.2.0
2021-02-06 10:10:52.9831 INFO Scheduler DefaultQuartzScheduler_$_NON_CLUSTERED started.
2021-02-06 10:10:53.1317 INFO Startup Configuration - Start
2021-02-06 10:10:53.1317 INFO SetEventCache - Start
2021-02-06 10:10:53.1795 INFO SetCachedItem = setting cache for Events
2021-02-06 10:10:53.1795 INFO SetCachedItem = setting cache for Events, with Expiry Date of 08/03/2021 10:10:53
2021-02-06 10:10:53.1795 INFO SetNextResultCheckDateTime - Start - roundUp = False
2021-02-06 10:10:53.1795 INFO SetNextResultCheckDateTime - rapidApiResultChecks == null
2021-02-06 10:10:53.2184 INFO SetNextResultCheckDateTime - Set League 2790 next check date to 06/02/2021 14:25:00
2021-02-06 10:10:53.2184 INFO SetCachedItem = setting cache for NextFixtureCheckDateTime
2021-02-06 10:10:53.2184 INFO SetCachedItem = setting cache for NextFixtureCheckDateTime, with Expiry Date of 08/03/2021 10:10:53
2021-02-06 10:11:00.0557 INFO SetCachedItem = setting cache for DailyRapidApiLeagueCheck, with Expiry Date of 07/02/2021 00:00:00
2021-02-06 10:16:05.7402 INFO Default Quartz.NET properties loaded from embedded resource file
2021-02-06 10:16:05.7990 INFO Initialized Scheduler Signaller of type: Quartz.Core.SchedulerSignalerImpl
2021-02-06 10:16:05.8399 INFO Quartz Scheduler v.3.2.2.0 created.
2021-02-06 10:16:05.8678 INFO JobFactory set to: Quartz.Simpl.PropertySettingJobFactory
2021-02-06 10:16:05.8837 INFO RAMJobStore initialized.
2021-02-06 10:16:05.8887 INFO Scheduler meta-data: Quartz Scheduler (v3.2.2.0) 'DefaultQuartzScheduler' with instanceId 'NON_CLUSTERED'
  Scheduler class: 'Quartz.Core.QuartzScheduler' - running locally.
  NOT STARTED.
  Currently in standby mode.
  Number of jobs executed: 0
  Using thread pool 'Quartz.Simpl.DefaultThreadPool' - with 10 threads.
  Using job-store 'Quartz.Simpl.RAMJobStore' - which does not support persistence. and is not clustered.

2021-02-06 10:16:05.8887 INFO Quartz scheduler 'DefaultQuartzScheduler' initialized
2021-02-06 10:16:05.8887 INFO Quartz scheduler version: 3.2.2.0
2021-02-06 10:16:05.8887 INFO Scheduler DefaultQuartzScheduler_$_NON_CLUSTERED started.
2021-02-06 10:16:06.0293 INFO Startup Configuration - Start
2021-02-06 10:16:06.0293 INFO SetEventCache - Start
2021-02-06 10:16:06.0762 INFO SetCachedItem = setting cache for Events
2021-02-06 10:16:06.0762 INFO SetCachedItem = setting cache for Events, with Expiry Date of 08/03/2021 10:16:06
2021-02-06 10:16:06.0762 INFO SetNextResultCheckDateTime - Start - roundUp = False
2021-02-06 10:16:06.0762 INFO SetNextResultCheckDateTime - rapidApiResultChecks == null
2021-02-06 10:16:06.1161 INFO SetNextResultCheckDateTime - Set League 2790 next check date to 06/02/2021 14:25:00
2021-02-06 10:16:06.1161 INFO SetCachedItem = setting cache for NextFixtureCheckDateTime
2021-02-06 10:16:06.1161 INFO SetCachedItem = setting cache for NextFixtureCheckDateTime, with Expiry Date of 08/03/2021 10:16:06
2021-02-06 10:17:00.0654 INFO SetCachedItem = setting cache for DailyRapidApiLeagueCheck, with Expiry Date of 07/02/2021 00:00:00
2021-02-06 10:18:58.1366 INFO Default Quartz.NET properties loaded from embedded resource file
2021-02-06 10:18:58.1945 INFO Initialized Scheduler Signaller of type: Quartz.Core.SchedulerSignalerImpl
2021-02-06 10:18:58.2114 INFO Quartz Scheduler v.3.2.2.0 created.
2021-02-06 10:18:58.2483 INFO JobFactory set to: Quartz.Simpl.PropertySettingJobFactory
2021-02-06 10:18:58.2682 INFO RAMJobStore initialized.
2021-02-06 10:18:58.2682 INFO Scheduler meta-data: Quartz Scheduler (v3.2.2.0) 'DefaultQuartzScheduler' with instanceId 'NON_CLUSTERED'
  Scheduler class: 'Quartz.Core.QuartzScheduler' - running locally.
  NOT STARTED.
  Currently in standby mode.
  Number of jobs executed: 0
  Using thread pool 'Quartz.Simpl.DefaultThreadPool' - with 10 threads.
  Using job-store 'Quartz.Simpl.RAMJobStore' - which does not support persistence. and is not clustered.

2021-02-06 10:18:58.2682 INFO Quartz scheduler 'DefaultQuartzScheduler' initialized
2021-02-06 10:18:58.2682 INFO Quartz scheduler version: 3.2.2.0
2021-02-06 10:18:58.2842 INFO Scheduler DefaultQuartzScheduler_$_NON_CLUSTERED started.
2021-02-06 10:18:58.4278 INFO Startup Configuration - Start
2021-02-06 10:18:58.4278 INFO SetEventCache - Start
2021-02-06 10:18:58.4747 INFO SetCachedItem = setting cache for Events
2021-02-06 10:18:58.4747 INFO SetCachedItem = setting cache for Events, with Expiry Date of 08/03/2021 10:18:58
2021-02-06 10:18:58.4747 INFO SetNextResultCheckDateTime - Start - roundUp = False
2021-02-06 10:18:58.4747 INFO SetNextResultCheckDateTime - rapidApiResultChecks == null
2021-02-06 10:18:58.5126 INFO SetNextResultCheckDateTime - Set League 2790 next check date to 06/02/2021 14:25:00
2021-02-06 10:18:58.5126 INFO SetCachedItem = setting cache for NextFixtureCheckDateTime
2021-02-06 10:18:58.5136 INFO SetCachedItem = setting cache for NextFixtureCheckDateTime, with Expiry Date of 08/03/2021 10:18:58
2021-02-06 10:19:00.0729 INFO SetCachedItem = setting cache for DailyRapidApiLeagueCheck, with Expiry Date of 07/02/2021 00:00:00
2021-02-06 10:24:27.3969 INFO Default Quartz.NET properties loaded from embedded resource file
2021-02-06 10:24:27.4557 INFO Initialized Scheduler Signaller of type: Quartz.Core.SchedulerSignalerImpl
2021-02-06 10:24:27.4797 INFO Quartz Scheduler v.3.2.2.0 created.
2021-02-06 10:24:27.5215 INFO JobFactory set to: Quartz.Simpl.PropertySettingJobFactory
2021-02-06 10:24:27.5385 INFO RAMJobStore initialized.
2021-02-06 10:24:27.5385 INFO Scheduler meta-data: Quartz Scheduler (v3.2.2.0) 'DefaultQuartzScheduler' with instanceId 'NON_CLUSTERED'
  Scheduler class: 'Quartz.Core.QuartzScheduler' - running locally.
  NOT STARTED.
  Currently in standby mode.
  Number of jobs executed: 0
  Using thread pool 'Quartz.Simpl.DefaultThreadPool' - with 10 threads.
  Using job-store 'Quartz.Simpl.RAMJobStore' - which does not support persistence. and is not clustered.

2021-02-06 10:24:27.5445 INFO Quartz scheduler 'DefaultQuartzScheduler' initialized
2021-02-06 10:24:27.5445 INFO Quartz scheduler version: 3.2.2.0
2021-02-06 10:24:27.5445 INFO Scheduler DefaultQuartzScheduler_$_NON_CLUSTERED started.
2021-02-06 10:24:27.6951 INFO Startup Configuration - Start
2021-02-06 10:24:27.6951 INFO SetEventCache - Start
2021-02-06 10:24:27.7410 INFO SetCachedItem = setting cache for Events
2021-02-06 10:24:27.7410 INFO SetCachedItem = setting cache for Events, with Expiry Date of 08/03/2021 10:24:27
2021-02-06 10:24:27.7410 INFO SetNextResultCheckDateTime - Start - roundUp = False
2021-02-06 10:24:27.7410 INFO SetNextResultCheckDateTime - rapidApiResultChecks == null
2021-02-06 10:24:27.7789 INFO SetNextResultCheckDateTime - Set League 2790 next check date to 06/02/2021 14:25:00
2021-02-06 10:24:27.7789 INFO SetCachedItem = setting cache for NextFixtureCheckDateTime
2021-02-06 10:24:27.7789 INFO SetCachedItem = setting cache for NextFixtureCheckDateTime, with Expiry Date of 08/03/2021 10:24:27
2021-02-06 10:25:00.0445 INFO SetCachedItem = setting cache for DailyRapidApiLeagueCheck, with Expiry Date of 07/02/2021 00:00:00
2021-02-06 10:29:42.6845 INFO Default Quartz.NET properties loaded from embedded resource file
2021-02-06 10:29:42.7403 INFO Initialized Scheduler Signaller of type: Quartz.Core.SchedulerSignalerImpl
2021-02-06 10:29:42.7723 INFO Quartz Scheduler v.3.2.2.0 created.
2021-02-06 10:29:42.8151 INFO JobFactory set to: Quartz.Simpl.PropertySettingJobFactory
2021-02-06 10:29:42.8321 INFO RAMJobStore initialized.
2021-02-06 10:29:42.8321 INFO Scheduler meta-data: Quartz Scheduler (v3.2.2.0) 'DefaultQuartzScheduler' with instanceId 'NON_CLUSTERED'
  Scheduler class: 'Quartz.Core.QuartzScheduler' - running locally.
  NOT STARTED.
  Currently in standby mode.
  Number of jobs executed: 0
  Using thread pool 'Quartz.Simpl.DefaultThreadPool' - with 10 threads.
  Using job-store 'Quartz.Simpl.RAMJobStore' - which does not support persistence. and is not clustered.

2021-02-06 10:29:42.8321 INFO Quartz scheduler 'DefaultQuartzScheduler' initialized
2021-02-06 10:29:42.8321 INFO Quartz scheduler version: 3.2.2.0
2021-02-06 10:29:42.8471 INFO Scheduler DefaultQuartzScheduler_$_NON_CLUSTERED started.
2021-02-06 10:29:42.9668 INFO Startup Configuration - Start
2021-02-06 10:29:42.9668 INFO SetEventCache - Start
2021-02-06 10:29:43.0166 INFO SetCachedItem = setting cache for Events
2021-02-06 10:29:43.0166 INFO SetCachedItem = setting cache for Events, with Expiry Date of 08/03/2021 10:29:43
2021-02-06 10:29:43.0166 INFO SetNextResultCheckDateTime - Start - roundUp = False
2021-02-06 10:29:43.0166 INFO SetNextResultCheckDateTime - rapidApiResultChecks == null
2021-02-06 10:29:43.0555 INFO SetNextResultCheckDateTime - Set League 2790 next check date to 06/02/2021 14:25:00
2021-02-06 10:29:43.0555 INFO SetCachedItem = setting cache for NextFixtureCheckDateTime
2021-02-06 10:29:43.0555 INFO SetCachedItem = setting cache for NextFixtureCheckDateTime, with Expiry Date of 08/03/2021 10:29:43
2021-02-06 10:30:00.1633 INFO SetCachedItem = setting cache for DailyRapidApiLeagueCheck, with Expiry Date of 07/02/2021 00:00:00
2021-02-06 10:31:05.2770 INFO Default Quartz.NET properties loaded from embedded resource file
2021-02-06 10:31:05.3339 INFO Initialized Scheduler Signaller of type: Quartz.Core.SchedulerSignalerImpl
2021-02-06 10:31:05.3508 INFO Quartz Scheduler v.3.2.2.0 created.
2021-02-06 10:31:05.3897 INFO JobFactory set to: Quartz.Simpl.PropertySettingJobFactory
2021-02-06 10:31:05.4056 INFO RAMJobStore initialized.
2021-02-06 10:31:05.4056 INFO Scheduler meta-data: Quartz Scheduler (v3.2.2.0) 'DefaultQuartzScheduler' with instanceId 'NON_CLUSTERED'
  Scheduler class: 'Quartz.Core.QuartzScheduler' - running locally.
  NOT STARTED.
  Currently in standby mode.
  Number of jobs executed: 0
  Using thread pool 'Quartz.Simpl.DefaultThreadPool' - with 10 threads.
  Using job-store 'Quartz.Simpl.RAMJobStore' - which does not support persistence. and is not clustered.

2021-02-06 10:31:05.4056 INFO Quartz scheduler 'DefaultQuartzScheduler' initialized
2021-02-06 10:31:05.4056 INFO Quartz scheduler version: 3.2.2.0
2021-02-06 10:31:05.4226 INFO Scheduler DefaultQuartzScheduler_$_NON_CLUSTERED started.
2021-02-06 10:31:05.5423 INFO Startup Configuration - Start
2021-02-06 10:31:05.5423 INFO SetEventCache - Start
2021-02-06 10:31:05.5902 INFO SetCachedItem = setting cache for Events
2021-02-06 10:31:05.5902 INFO SetCachedItem = setting cache for Events, with Expiry Date of 08/03/2021 10:31:05
2021-02-06 10:31:05.5952 INFO SetNextResultCheckDateTime - Start - roundUp = False
2021-02-06 10:31:05.5952 INFO SetNextResultCheckDateTime - rapidApiResultChecks == null
2021-02-06 10:31:05.6291 INFO SetNextResultCheckDateTime - Set League 2790 next check date to 06/02/2021 14:25:00
2021-02-06 10:31:05.6291 INFO SetCachedItem = setting cache for NextFixtureCheckDateTime
2021-02-06 10:31:05.6291 INFO SetCachedItem = setting cache for NextFixtureCheckDateTime, with Expiry Date of 08/03/2021 10:31:05
2021-02-06 10:32:00.1173 INFO SetCachedItem = setting cache for DailyRapidApiLeagueCheck, with Expiry Date of 07/02/2021 00:00:00
2021-02-06 10:54:38.9790 INFO Default Quartz.NET properties loaded from embedded resource file
2021-02-06 10:54:39.0368 INFO Initialized Scheduler Signaller of type: Quartz.Core.SchedulerSignalerImpl
2021-02-06 10:54:39.0618 INFO Quartz Scheduler v.3.2.2.0 created.
2021-02-06 10:54:39.0967 INFO JobFactory set to: Quartz.Simpl.PropertySettingJobFactory
2021-02-06 10:54:39.1116 INFO RAMJobStore initialized.
2021-02-06 10:54:39.1116 INFO Scheduler meta-data: Quartz Scheduler (v3.2.2.0) 'DefaultQuartzScheduler' with instanceId 'NON_CLUSTERED'
  Scheduler class: 'Quartz.Core.QuartzScheduler' - running locally.
  NOT STARTED.
  Currently in standby mode.
  Number of jobs executed: 0
  Using thread pool 'Quartz.Simpl.DefaultThreadPool' - with 10 threads.
  Using job-store 'Quartz.Simpl.RAMJobStore' - which does not support persistence. and is not clustered.

2021-02-06 10:54:39.1116 INFO Quartz scheduler 'DefaultQuartzScheduler' initialized
2021-02-06 10:54:39.1116 INFO Quartz scheduler version: 3.2.2.0
2021-02-06 10:54:39.1286 INFO Scheduler DefaultQuartzScheduler_$_NON_CLUSTERED started.
2021-02-06 10:54:39.2652 INFO Startup Configuration - Start
2021-02-06 10:54:39.2652 INFO SetEventCache - Start
2021-02-06 10:54:39.3121 INFO SetCachedItem = setting cache for Events
2021-02-06 10:54:39.3121 INFO SetCachedItem = setting cache for Events, with Expiry Date of 08/03/2021 10:54:39
2021-02-06 10:54:39.3121 INFO SetNextResultCheckDateTime - Start - roundUp = False
2021-02-06 10:54:39.3121 INFO SetNextResultCheckDateTime - rapidApiResultChecks == null
2021-02-06 10:54:39.3500 INFO SetNextResultCheckDateTime - Set League 2790 next check date to 06/02/2021 14:25:00
2021-02-06 10:54:39.3500 INFO SetCachedItem = setting cache for NextFixtureCheckDateTime
2021-02-06 10:54:39.3500 INFO SetCachedItem = setting cache for NextFixtureCheckDateTime, with Expiry Date of 08/03/2021 10:54:39
2021-02-06 10:55:00.1429 INFO SetCachedItem = setting cache for DailyRapidApiLeagueCheck, with Expiry Date of 07/02/2021 00:00:00
2021-02-06 11:01:47.3319 INFO Default Quartz.NET properties loaded from embedded resource file
2021-02-06 11:01:47.3888 INFO Initialized Scheduler Signaller of type: Quartz.Core.SchedulerSignalerImpl
2021-02-06 11:01:47.4137 INFO Quartz Scheduler v.3.2.2.0 created.
2021-02-06 11:01:47.4436 INFO JobFactory set to: Quartz.Simpl.PropertySettingJobFactory
2021-02-06 11:01:47.4655 INFO RAMJobStore initialized.
2021-02-06 11:01:47.4695 INFO Scheduler meta-data: Quartz Scheduler (v3.2.2.0) 'DefaultQuartzScheduler' with instanceId 'NON_CLUSTERED'
  Scheduler class: 'Quartz.Core.QuartzScheduler' - running locally.
  NOT STARTED.
  Currently in standby mode.
  Number of jobs executed: 0
  Using thread pool 'Quartz.Simpl.DefaultThreadPool' - with 10 threads.
  Using job-store 'Quartz.Simpl.RAMJobStore' - which does not support persistence. and is not clustered.

2021-02-06 11:01:47.4695 INFO Quartz scheduler 'DefaultQuartzScheduler' initialized
2021-02-06 11:01:47.4695 INFO Quartz scheduler version: 3.2.2.0
2021-02-06 11:01:47.4695 INFO Scheduler DefaultQuartzScheduler_$_NON_CLUSTERED started.
2021-02-06 11:01:47.6082 INFO Startup Configuration - Start
2021-02-06 11:01:47.6082 INFO SetEventCache - Start
2021-02-06 11:01:47.6560 INFO SetCachedItem = setting cache for Events
2021-02-06 11:01:47.6560 INFO SetCachedItem = setting cache for Events, with Expiry Date of 08/03/2021 11:01:47
2021-02-06 11:01:47.6560 INFO SetNextResultCheckDateTime - Start - roundUp = False
2021-02-06 11:01:47.6560 INFO SetNextResultCheckDateTime - rapidApiResultChecks == null
2021-02-06 11:01:47.6939 INFO SetNextResultCheckDateTime - Set League 2790 next check date to 06/02/2021 14:25:00
2021-02-06 11:01:47.6939 INFO SetCachedItem = setting cache for NextFixtureCheckDateTime
2021-02-06 11:01:47.6939 INFO SetCachedItem = setting cache for NextFixtureCheckDateTime, with Expiry Date of 08/03/2021 11:01:47
2021-02-06 11:02:00.1487 INFO SetCachedItem = setting cache for DailyRapidApiLeagueCheck, with Expiry Date of 07/02/2021 00:00:00
2021-02-06 11:24:04.7245 INFO Default Quartz.NET properties loaded from embedded resource file
2021-02-06 11:24:04.7923 INFO Initialized Scheduler Signaller of type: Quartz.Core.SchedulerSignalerImpl
2021-02-06 11:24:04.8242 INFO Quartz Scheduler v.3.2.2.0 created.
2021-02-06 11:24:04.8581 INFO JobFactory set to: Quartz.Simpl.PropertySettingJobFactory
2021-02-06 11:24:04.8751 INFO RAMJobStore initialized.
2021-02-06 11:24:04.8751 INFO Scheduler meta-data: Quartz Scheduler (v3.2.2.0) 'DefaultQuartzScheduler' with instanceId 'NON_CLUSTERED'
  Scheduler class: 'Quartz.Core.QuartzScheduler' - running locally.
  NOT STARTED.
  Currently in standby mode.
  Number of jobs executed: 0
  Using thread pool 'Quartz.Simpl.DefaultThreadPool' - with 10 threads.
  Using job-store 'Quartz.Simpl.RAMJobStore' - which does not support persistence. and is not clustered.

2021-02-06 11:24:04.8751 INFO Quartz scheduler 'DefaultQuartzScheduler' initialized
2021-02-06 11:24:04.8751 INFO Quartz scheduler version: 3.2.2.0
2021-02-06 11:24:04.8890 INFO Scheduler DefaultQuartzScheduler_$_NON_CLUSTERED started.
2021-02-06 11:24:05.4969 INFO Startup Configuration - Start
2021-02-06 11:24:05.5068 INFO SetEventCache - Start
2021-02-06 11:24:05.5727 INFO SetCachedItem = setting cache for Events
2021-02-06 11:24:05.5826 INFO SetCachedItem = setting cache for Events, with Expiry Date of 08/03/2021 11:24:05
2021-02-06 11:24:05.5826 INFO SetNextResultCheckDateTime - Start - roundUp = False
2021-02-06 11:24:05.5826 INFO SetNextResultCheckDateTime - rapidApiResultChecks == null
2021-02-06 11:24:05.6315 INFO SetNextResultCheckDateTime - Set League 2790 next check date to 06/02/2021 14:25:00
2021-02-06 11:24:05.6315 INFO SetCachedItem = setting cache for NextFixtureCheckDateTime
2021-02-06 11:24:05.6315 INFO SetCachedItem = setting cache for NextFixtureCheckDateTime, with Expiry Date of 08/03/2021 11:24:05
2021-02-06 11:25:00.1426 INFO DailyRapidApiLeagueCheck --> lastDate = 05/02/2021 00:00:00, Now = 06/02/2021 00:00:00
2021-02-06 11:25:00.4359 INFO SetCachedItem = setting cache for DailyRapidApiLeagueCheck, with Expiry Date of 07/02/2021 00:00:00
2021-02-06 11:25:00.4359 INFO DailyRapidApiLeagueCheck --> Performing daily league update
2021-02-06 11:25:00.4748 INFO FixturesByLeague - League = 2790, EarliestDate = 06/02/2021 00:00:00
2021-02-06 11:25:02.4535 INFO FixturesByOdds - League = 2790
2021-02-06 11:25:03.8885 INFO OddsByLeagueAndBookmaker - League = 2790, pageNbr = 2
2021-02-06 11:25:05.0844 INFO OddsByLeagueAndBookmaker - League = 2790, pageNbr = 3
2021-02-06 11:25:06.2478 INFO OddsByLeagueAndBookmaker - League = 2790, pageNbr = 4
2021-02-06 11:25:08.4785 INFO OddsByLeagueAndBookmaker - League = 2790, pageNbr = 5
2021-02-06 11:25:09.4626 INFO OddsByLeagueAndBookmaker - League = 2790, pageNbr = 6
2021-02-06 11:25:10.5418 INFO OddsByLeagueAndBookmaker - League = 2790, pageNbr = 0
2021-02-06 11:25:10.5507 INFO FixturesByLeague - League = 2794, EarliestDate = 06/02/2021 00:00:00
2021-02-06 11:25:12.5479 INFO FixturesByOdds - League = 2794
2021-02-06 11:25:13.7135 INFO OddsByLeagueAndBookmaker - League = 2794, pageNbr = 2
2021-02-06 11:25:15.6109 INFO OddsByLeagueAndBookmaker - League = 2794, pageNbr = 3
2021-02-06 11:25:16.6112 INFO OddsByLeagueAndBookmaker - League = 2794, pageNbr = 4
2021-02-06 11:25:17.6990 INFO OddsByLeagueAndBookmaker - League = 2794, pageNbr = 5
2021-02-06 11:25:20.2209 INFO OddsByLeagueAndBookmaker - League = 2794, pageNbr = 0
