2021-02-11 20:13:29.3526 INFO Default Quartz.NET properties loaded from embedded resource file
2021-02-11 20:13:29.4115 INFO Initialized Scheduler Signaller of type: Quartz.Core.SchedulerSignalerImpl
2021-02-11 20:13:29.4733 INFO Quartz Scheduler v.3.2.2.0 created.
2021-02-11 20:13:29.5132 INFO JobFactory set to: Quartz.Simpl.PropertySettingJobFactory
2021-02-11 20:13:29.5132 INFO RAMJobStore initialized.
2021-02-11 20:13:29.5132 INFO Scheduler meta-data: Quartz Scheduler (v3.2.2.0) 'DefaultQuartzScheduler' with instanceId 'NON_CLUSTERED'
  Scheduler class: 'Quartz.Core.QuartzScheduler' - running locally.
  NOT STARTED.
  Currently in standby mode.
  Number of jobs executed: 0
  Using thread pool 'Quartz.Simpl.DefaultThreadPool' - with 10 threads.
  Using job-store 'Quartz.Simpl.RAMJobStore' - which does not support persistence. and is not clustered.

2021-02-11 20:13:29.5272 INFO Quartz scheduler 'DefaultQuartzScheduler' initialized
2021-02-11 20:13:29.5272 INFO Quartz scheduler version: 3.2.2.0
2021-02-11 20:13:29.5272 INFO Scheduler DefaultQuartzScheduler_$_NON_CLUSTERED started.
2021-02-11 20:13:29.6618 INFO Startup Configuration - Start
2021-02-11 20:13:29.6618 INFO SetEventCache - Start
2021-02-11 20:13:29.7077 INFO SetCachedItem = setting cache for Events
2021-02-11 20:13:29.7077 INFO SetCachedItem = setting cache for Events, with Expiry Date of 13/03/2021 20:13:29
2021-02-11 20:13:29.7077 INFO SetNextResultCheckDateTime - Start - roundUp = False
2021-02-11 20:13:29.7077 INFO SetNextResultCheckDateTime - rapidApiResultChecks == null
2021-02-11 20:13:29.7466 INFO SetNextResultCheckDateTime - Set League 2790 next check date to 13/02/2021 14:25:00
2021-02-11 20:13:29.7466 INFO SetNextResultCheckDateTime - Set League 2794 next check date to 10/02/2021 20:55:00
2021-02-11 20:13:29.7466 INFO SetCachedItem = setting cache for NextFixtureCheckDateTime
2021-02-11 20:13:29.7466 INFO SetCachedItem = setting cache for NextFixtureCheckDateTime, with Expiry Date of 13/03/2021 20:13:29
2021-02-11 20:14:00.0264 INFO GetRapidApiResults = Getting results from RapidApi 2794. FixtureDateTime = 10/02/2021 00:00:00, Now = 11/02/2021 20:14:00
2021-02-11 20:14:00.0264 INFO FixturesByLeague - League = 2794, EarliestDate = 10/02/2021 00:00:00
2021-02-11 20:14:03.1854 INFO SetEventCache - Start
2021-02-11 20:14:03.1854 INFO SetCachedItem = setting cache for Events
2021-02-11 20:14:03.1924 INFO SetCachedItem = setting cache for Events, with Expiry Date of 13/03/2021 20:14:03
2021-02-11 20:14:03.1924 INFO SetNextResultCheckDateTime - Start - roundUp = True
2021-02-11 20:14:03.1924 INFO SetNextResultCheckDateTime - Set League 2790 next check date to 13/02/2021 14:25:00
2021-02-11 20:14:03.1924 INFO SetNextResultCheckDateTime - Set League 2794 next check date to 12/02/2021 21:40:00
2021-02-11 20:14:03.1924 INFO SetCachedItem = setting cache for NextFixtureCheckDateTime
2021-02-11 20:14:03.1924 INFO SetCachedItem = setting cache for NextFixtureCheckDateTime, with Expiry Date of 13/03/2021 20:14:03
2021-02-11 20:14:03.2133 INFO DailyRapidApiLeagueCheck --> lastDate = 10/02/2021 00:00:00, Now = 11/02/2021 00:00:00
2021-02-11 20:14:03.2233 INFO SetCachedItem = setting cache for DailyRapidApiLeagueCheck, with Expiry Date of 12/02/2021 00:00:00
2021-02-11 20:14:03.2233 INFO DailyRapidApiLeagueCheck --> Performing daily league update
2021-02-11 20:14:03.3539 INFO FixturesByLeague - League = 2790, EarliestDate = 13/02/2021 00:00:00
2021-02-11 20:14:04.6176 INFO FixturesByOdds - League = 2790
2021-02-11 20:14:06.6818 INFO OddsByLeagueAndBookmaker - League = 2790, pageNbr = 2
2021-02-11 20:14:08.4409 INFO OddsByLeagueAndBookmaker - League = 2790, pageNbr = 3
2021-02-11 20:14:10.1914 INFO OddsByLeagueAndBookmaker - League = 2790, pageNbr = 4
2021-02-11 20:14:11.9736 INFO OddsByLeagueAndBookmaker - League = 2790, pageNbr = 5
2021-02-11 20:14:14.2589 INFO OddsByLeagueAndBookmaker - League = 2790, pageNbr = 6
2021-02-11 20:14:16.2931 INFO OddsByLeagueAndBookmaker - League = 2790, pageNbr = 0
2021-02-11 20:14:16.3041 INFO FixturesByLeague - League = 2794, EarliestDate = 12/02/2021 00:00:00
2021-02-11 20:14:18.1302 INFO FixturesByOdds - League = 2794
2021-02-11 20:14:19.8677 INFO OddsByLeagueAndBookmaker - League = 2794, pageNbr = 2
2021-02-11 20:14:21.6048 INFO OddsByLeagueAndBookmaker - League = 2794, pageNbr = 3
2021-02-11 20:14:23.3470 INFO OddsByLeagueAndBookmaker - League = 2794, pageNbr = 4
2021-02-11 20:14:25.2079 INFO OddsByLeagueAndBookmaker - League = 2794, pageNbr = 5
2021-02-11 20:14:27.2033 INFO OddsByLeagueAndBookmaker - League = 2794, pageNbr = 6
2021-02-11 20:14:28.0049 INFO OddsByLeagueAndBookmaker - League = 2794, pageNbr = 0
2021-02-11 20:14:28.0049 INFO FixturesByLeague - League = 403, EarliestDate = 11/02/2021 00:00:00
2021-02-11 20:14:28.4997 INFO FixturesByOdds - League = 403
2021-02-11 20:14:28.6434 INFO OddsByLeagueAndBookmaker - League = 403, pageNbr = 0
2021-02-11 20:23:08.2190 INFO Default Quartz.NET properties loaded from embedded resource file
2021-02-11 20:23:08.2858 INFO Initialized Scheduler Signaller of type: Quartz.Core.SchedulerSignalerImpl
2021-02-11 20:23:08.2858 INFO Quartz Scheduler v.3.2.2.0 created.
2021-02-11 20:23:08.2858 INFO JobFactory set to: Quartz.Simpl.PropertySettingJobFactory
2021-02-11 20:23:08.2858 INFO RAMJobStore initialized.
2021-02-11 20:23:08.3148 INFO Scheduler meta-data: Quartz Scheduler (v3.2.2.0) 'DefaultQuartzScheduler' with instanceId 'NON_CLUSTERED'
  Scheduler class: 'Quartz.Core.QuartzScheduler' - running locally.
  NOT STARTED.
  Currently in standby mode.
  Number of jobs executed: 0
  Using thread pool 'Quartz.Simpl.DefaultThreadPool' - with 10 threads.
  Using job-store 'Quartz.Simpl.RAMJobStore' - which does not support persistence. and is not clustered.

2021-02-11 20:23:08.3168 INFO Quartz scheduler 'DefaultQuartzScheduler' initialized
2021-02-11 20:23:08.3168 INFO Quartz scheduler version: 3.2.2.0
2021-02-11 20:23:08.3168 INFO Scheduler DefaultQuartzScheduler_$_NON_CLUSTERED started.
2021-02-11 20:23:08.9145 INFO Startup Configuration - Start
2021-02-11 20:23:08.9145 INFO SetEventCache - Start
2021-02-11 20:23:08.9684 INFO SetCachedItem = setting cache for Events
2021-02-11 20:23:08.9684 INFO SetCachedItem = setting cache for Events, with Expiry Date of 13/03/2021 20:23:08
2021-02-11 20:23:08.9684 INFO SetNextResultCheckDateTime - Start - roundUp = False
2021-02-11 20:23:08.9734 INFO SetNextResultCheckDateTime - rapidApiResultChecks == null
2021-02-11 20:23:09.0013 INFO SetNextResultCheckDateTime - Set League 2790 next check date to 13/02/2021 14:25:00
2021-02-11 20:23:09.0013 INFO SetNextResultCheckDateTime - Set League 2794 next check date to 12/02/2021 21:40:00
2021-02-11 20:23:09.0013 INFO SetCachedItem = setting cache for NextFixtureCheckDateTime
2021-02-11 20:23:09.0013 INFO SetCachedItem = setting cache for NextFixtureCheckDateTime, with Expiry Date of 13/03/2021 20:23:09
2021-02-11 20:24:00.1286 INFO SetCachedItem = setting cache for DailyRapidApiLeagueCheck, with Expiry Date of 12/02/2021 00:00:00
2021-02-11 20:26:25.0767 INFO Account - Login (HttpPost) - pete@salsbury.co.uk logged in
2021-02-11 20:49:41.9656 INFO Default Quartz.NET properties loaded from embedded resource file
2021-02-11 20:49:42.0354 INFO Initialized Scheduler Signaller of type: Quartz.Core.SchedulerSignalerImpl
2021-02-11 20:49:42.0354 INFO Quartz Scheduler v.3.2.2.0 created.
2021-02-11 20:49:42.0354 INFO JobFactory set to: Quartz.Simpl.PropertySettingJobFactory
2021-02-11 20:49:42.0534 INFO RAMJobStore initialized.
2021-02-11 20:49:42.0743 INFO Scheduler meta-data: Quartz Scheduler (v3.2.2.0) 'DefaultQuartzScheduler' with instanceId 'NON_CLUSTERED'
  Scheduler class: 'Quartz.Core.QuartzScheduler' - running locally.
  NOT STARTED.
  Currently in standby mode.
  Number of jobs executed: 0
  Using thread pool 'Quartz.Simpl.DefaultThreadPool' - with 10 threads.
  Using job-store 'Quartz.Simpl.RAMJobStore' - which does not support persistence. and is not clustered.

2021-02-11 20:49:42.0743 INFO Quartz scheduler 'DefaultQuartzScheduler' initialized
2021-02-11 20:49:42.0743 INFO Quartz scheduler version: 3.2.2.0
2021-02-11 20:49:42.0913 INFO Scheduler DefaultQuartzScheduler_$_NON_CLUSTERED started.
2021-02-11 20:49:42.6935 INFO Startup Configuration - Start
2021-02-11 20:49:42.6935 INFO SetEventCache - Start
2021-02-11 20:49:42.7404 INFO SetCachedItem = setting cache for Events
2021-02-11 20:49:42.7404 INFO SetCachedItem = setting cache for Events, with Expiry Date of 13/03/2021 20:49:42
2021-02-11 20:49:42.7404 INFO SetNextResultCheckDateTime - Start - roundUp = False
2021-02-11 20:49:42.7404 INFO SetNextResultCheckDateTime - rapidApiResultChecks == null
2021-02-11 20:49:42.7753 INFO SetNextResultCheckDateTime - Set League 2790 next check date to 13/02/2021 14:25:00
2021-02-11 20:49:42.7753 INFO SetNextResultCheckDateTime - Set League 2794 next check date to 12/02/2021 21:40:00
2021-02-11 20:49:42.7753 INFO SetCachedItem = setting cache for NextFixtureCheckDateTime
2021-02-11 20:49:42.7753 INFO SetCachedItem = setting cache for NextFixtureCheckDateTime, with Expiry Date of 13/03/2021 20:49:42
2021-02-11 20:50:00.0581 INFO SetCachedItem = setting cache for DailyRapidApiLeagueCheck, with Expiry Date of 12/02/2021 00:00:00
2021-02-11 21:02:13.5248 INFO Default Quartz.NET properties loaded from embedded resource file
2021-02-11 21:02:13.6156 INFO Initialized Scheduler Signaller of type: Quartz.Core.SchedulerSignalerImpl
2021-02-11 21:02:13.6295 INFO Quartz Scheduler v.3.2.2.0 created.
2021-02-11 21:02:13.6295 INFO JobFactory set to: Quartz.Simpl.PropertySettingJobFactory
2021-02-11 21:02:13.6295 INFO RAMJobStore initialized.
2021-02-11 21:02:13.6734 INFO Scheduler meta-data: Quartz Scheduler (v3.2.2.0) 'DefaultQuartzScheduler' with instanceId 'NON_CLUSTERED'
  Scheduler class: 'Quartz.Core.QuartzScheduler' - running locally.
  NOT STARTED.
  Currently in standby mode.
  Number of jobs executed: 0
  Using thread pool 'Quartz.Simpl.DefaultThreadPool' - with 10 threads.
  Using job-store 'Quartz.Simpl.RAMJobStore' - which does not support persistence. and is not clustered.

2021-02-11 21:02:13.6734 INFO Quartz scheduler 'DefaultQuartzScheduler' initialized
2021-02-11 21:02:13.6734 INFO Quartz scheduler version: 3.2.2.0
2021-02-11 21:02:13.6993 INFO Scheduler DefaultQuartzScheduler_$_NON_CLUSTERED started.
2021-02-11 21:02:14.4643 INFO Startup Configuration - Start
2021-02-11 21:02:14.4643 INFO SetEventCache - Start
2021-02-11 21:02:14.5231 INFO SetCachedItem = setting cache for Events
2021-02-11 21:02:14.5231 INFO SetCachedItem = setting cache for Events, with Expiry Date of 13/03/2021 21:02:14
2021-02-11 21:02:14.5231 INFO SetNextResultCheckDateTime - Start - roundUp = False
2021-02-11 21:02:14.5231 INFO SetNextResultCheckDateTime - rapidApiResultChecks == null
2021-02-11 21:02:14.5645 INFO SetNextResultCheckDateTime - Set League 2790 next check date to 13/02/2021 14:25:00
2021-02-11 21:02:14.5645 INFO SetNextResultCheckDateTime - Set League 2794 next check date to 12/02/2021 21:40:00
2021-02-11 21:02:14.5645 INFO SetCachedItem = setting cache for NextFixtureCheckDateTime
2021-02-11 21:02:14.5645 INFO SetCachedItem = setting cache for NextFixtureCheckDateTime, with Expiry Date of 13/03/2021 21:02:14
2021-02-11 21:03:00.0672 INFO SetCachedItem = setting cache for DailyRapidApiLeagueCheck, with Expiry Date of 12/02/2021 00:00:00
2021-02-11 21:07:20.9908 INFO Default Quartz.NET properties loaded from embedded resource file
2021-02-11 21:07:21.0576 INFO Initialized Scheduler Signaller of type: Quartz.Core.SchedulerSignalerImpl
2021-02-11 21:07:21.0865 INFO Quartz Scheduler v.3.2.2.0 created.
2021-02-11 21:07:21.1274 INFO JobFactory set to: Quartz.Simpl.PropertySettingJobFactory
2021-02-11 21:07:21.1414 INFO RAMJobStore initialized.
2021-02-11 21:07:21.1454 INFO Scheduler meta-data: Quartz Scheduler (v3.2.2.0) 'DefaultQuartzScheduler' with instanceId 'NON_CLUSTERED'
  Scheduler class: 'Quartz.Core.QuartzScheduler' - running locally.
  NOT STARTED.
  Currently in standby mode.
  Number of jobs executed: 0
  Using thread pool 'Quartz.Simpl.DefaultThreadPool' - with 10 threads.
  Using job-store 'Quartz.Simpl.RAMJobStore' - which does not support persistence. and is not clustered.

2021-02-11 21:07:21.1454 INFO Quartz scheduler 'DefaultQuartzScheduler' initialized
2021-02-11 21:07:21.1454 INFO Quartz scheduler version: 3.2.2.0
2021-02-11 21:07:21.1454 INFO Scheduler DefaultQuartzScheduler_$_NON_CLUSTERED started.
2021-02-11 21:07:21.7648 INFO Startup Configuration - Start
2021-02-11 21:07:21.7648 INFO SetEventCache - Start
2021-02-11 21:07:21.8126 INFO SetCachedItem = setting cache for Events
2021-02-11 21:07:21.8126 INFO SetCachedItem = setting cache for Events, with Expiry Date of 13/03/2021 21:07:21
2021-02-11 21:07:21.8166 INFO SetNextResultCheckDateTime - Start - roundUp = False
2021-02-11 21:07:21.8166 INFO SetNextResultCheckDateTime - rapidApiResultChecks == null
2021-02-11 21:07:21.8505 INFO SetNextResultCheckDateTime - Set League 2790 next check date to 13/02/2021 14:25:00
2021-02-11 21:07:21.8505 INFO SetNextResultCheckDateTime - Set League 2794 next check date to 12/02/2021 21:40:00
2021-02-11 21:07:21.8505 INFO SetCachedItem = setting cache for NextFixtureCheckDateTime
2021-02-11 21:07:21.8505 INFO SetCachedItem = setting cache for NextFixtureCheckDateTime, with Expiry Date of 13/03/2021 21:07:21
2021-02-11 21:08:00.0842 INFO SetCachedItem = setting cache for DailyRapidApiLeagueCheck, with Expiry Date of 12/02/2021 00:00:00
2021-02-11 21:18:17.3768 INFO Default Quartz.NET properties loaded from embedded resource file
2021-02-11 21:18:17.4505 INFO Initialized Scheduler Signaller of type: Quartz.Core.SchedulerSignalerImpl
2021-02-11 21:18:17.4854 INFO Quartz Scheduler v.3.2.2.0 created.
2021-02-11 21:18:17.5134 INFO JobFactory set to: Quartz.Simpl.PropertySettingJobFactory
2021-02-11 21:18:17.5283 INFO RAMJobStore initialized.
2021-02-11 21:18:17.5283 INFO Scheduler meta-data: Quartz Scheduler (v3.2.2.0) 'DefaultQuartzScheduler' with instanceId 'NON_CLUSTERED'
  Scheduler class: 'Quartz.Core.QuartzScheduler' - running locally.
  NOT STARTED.
  Currently in standby mode.
  Number of jobs executed: 0
  Using thread pool 'Quartz.Simpl.DefaultThreadPool' - with 10 threads.
  Using job-store 'Quartz.Simpl.RAMJobStore' - which does not support persistence. and is not clustered.

2021-02-11 21:18:17.5283 INFO Quartz scheduler 'DefaultQuartzScheduler' initialized
2021-02-11 21:18:17.5283 INFO Quartz scheduler version: 3.2.2.0
2021-02-11 21:18:17.5413 INFO Scheduler DefaultQuartzScheduler_$_NON_CLUSTERED started.
2021-02-11 21:18:18.1197 INFO Startup Configuration - Start
2021-02-11 21:18:18.1197 INFO SetEventCache - Start
2021-02-11 21:18:18.1674 INFO SetCachedItem = setting cache for Events
2021-02-11 21:18:18.1674 INFO SetCachedItem = setting cache for Events, with Expiry Date of 13/03/2021 21:18:18
2021-02-11 21:18:18.1674 INFO SetNextResultCheckDateTime - Start - roundUp = False
2021-02-11 21:18:18.1674 INFO SetNextResultCheckDateTime - rapidApiResultChecks == null
2021-02-11 21:18:18.1996 INFO SetNextResultCheckDateTime - Set League 2790 next check date to 13/02/2021 14:25:00
2021-02-11 21:18:18.1996 INFO SetNextResultCheckDateTime - Set League 2794 next check date to 12/02/2021 21:40:00
2021-02-11 21:18:18.1996 INFO SetCachedItem = setting cache for NextFixtureCheckDateTime
2021-02-11 21:18:18.1996 INFO SetCachedItem = setting cache for NextFixtureCheckDateTime, with Expiry Date of 13/03/2021 21:18:18
2021-02-11 21:19:00.0628 INFO SetCachedItem = setting cache for DailyRapidApiLeagueCheck, with Expiry Date of 12/02/2021 00:00:00
2021-02-11 21:35:30.9757 INFO Default Quartz.NET properties loaded from embedded resource file
2021-02-11 21:35:31.0328 INFO Initialized Scheduler Signaller of type: Quartz.Core.SchedulerSignalerImpl
2021-02-11 21:35:31.0328 INFO Quartz Scheduler v.3.2.2.0 created.
2021-02-11 21:35:31.0428 INFO JobFactory set to: Quartz.Simpl.PropertySettingJobFactory
2021-02-11 21:35:31.0428 INFO RAMJobStore initialized.
2021-02-11 21:35:31.0428 INFO Scheduler meta-data: Quartz Scheduler (v3.2.2.0) 'DefaultQuartzScheduler' with instanceId 'NON_CLUSTERED'
  Scheduler class: 'Quartz.Core.QuartzScheduler' - running locally.
  NOT STARTED.
  Currently in standby mode.
  Number of jobs executed: 0
  Using thread pool 'Quartz.Simpl.DefaultThreadPool' - with 10 threads.
  Using job-store 'Quartz.Simpl.RAMJobStore' - which does not support persistence. and is not clustered.

2021-02-11 21:35:31.0507 INFO Quartz scheduler 'DefaultQuartzScheduler' initialized
2021-02-11 21:35:31.0507 INFO Quartz scheduler version: 3.2.2.0
2021-02-11 21:35:31.0507 INFO Scheduler DefaultQuartzScheduler_$_NON_CLUSTERED started.
2021-02-11 21:35:31.1924 INFO Startup Configuration - Start
2021-02-11 21:35:31.1924 INFO SetEventCache - Start
2021-02-11 21:35:31.2322 INFO SetCachedItem = setting cache for Events
2021-02-11 21:35:31.2322 INFO SetCachedItem = setting cache for Events, with Expiry Date of 13/03/2021 21:35:31
2021-02-11 21:35:31.2322 INFO SetNextResultCheckDateTime - Start - roundUp = False
2021-02-11 21:35:31.2322 INFO SetNextResultCheckDateTime - rapidApiResultChecks == null
2021-02-11 21:35:31.2682 INFO SetNextResultCheckDateTime - Set League 2790 next check date to 13/02/2021 14:25:00
2021-02-11 21:35:31.2692 INFO SetNextResultCheckDateTime - Set League 2794 next check date to 12/02/2021 21:40:00
2021-02-11 21:35:31.2692 INFO SetCachedItem = setting cache for NextFixtureCheckDateTime
2021-02-11 21:35:31.2692 INFO SetCachedItem = setting cache for NextFixtureCheckDateTime, with Expiry Date of 13/03/2021 21:35:31
2021-02-11 21:36:00.0894 INFO SetCachedItem = setting cache for DailyRapidApiLeagueCheck, with Expiry Date of 12/02/2021 00:00:00
2021-02-11 21:46:02.5808 INFO Default Quartz.NET properties loaded from embedded resource file
2021-02-11 21:46:02.6586 INFO Initialized Scheduler Signaller of type: Quartz.Core.SchedulerSignalerImpl
2021-02-11 21:46:02.7075 INFO Quartz Scheduler v.3.2.2.0 created.
2021-02-11 21:46:02.7314 INFO JobFactory set to: Quartz.Simpl.PropertySettingJobFactory
2021-02-11 21:46:02.7314 INFO RAMJobStore initialized.
2021-02-11 21:46:02.7314 INFO Scheduler meta-data: Quartz Scheduler (v3.2.2.0) 'DefaultQuartzScheduler' with instanceId 'NON_CLUSTERED'
  Scheduler class: 'Quartz.Core.QuartzScheduler' - running locally.
  NOT STARTED.
  Currently in standby mode.
  Number of jobs executed: 0
  Using thread pool 'Quartz.Simpl.DefaultThreadPool' - with 10 threads.
  Using job-store 'Quartz.Simpl.RAMJobStore' - which does not support persistence. and is not clustered.

2021-02-11 21:46:02.7374 INFO Quartz scheduler 'DefaultQuartzScheduler' initialized
2021-02-11 21:46:02.7374 INFO Quartz scheduler version: 3.2.2.0
2021-02-11 21:46:02.7374 INFO Scheduler DefaultQuartzScheduler_$_NON_CLUSTERED started.
2021-02-11 21:46:03.3600 INFO Startup Configuration - Start
2021-02-11 21:46:03.3600 INFO SetEventCache - Start
2021-02-11 21:46:03.4211 INFO SetCachedItem = setting cache for Events
2021-02-11 21:46:03.4211 INFO SetCachedItem = setting cache for Events, with Expiry Date of 13/03/2021 21:46:03
2021-02-11 21:46:03.4261 INFO SetNextResultCheckDateTime - Start - roundUp = False
2021-02-11 21:46:03.4261 INFO SetNextResultCheckDateTime - rapidApiResultChecks == null
2021-02-11 21:46:03.4580 INFO SetNextResultCheckDateTime - Set League 2790 next check date to 13/02/2021 14:25:00
2021-02-11 21:46:03.4580 INFO SetNextResultCheckDateTime - Set League 2794 next check date to 12/02/2021 21:40:00
2021-02-11 21:46:03.4580 INFO SetCachedItem = setting cache for NextFixtureCheckDateTime
2021-02-11 21:46:03.4580 INFO SetCachedItem = setting cache for NextFixtureCheckDateTime, with Expiry Date of 13/03/2021 21:46:03
2021-02-11 21:47:00.0932 INFO SetCachedItem = setting cache for DailyRapidApiLeagueCheck, with Expiry Date of 12/02/2021 00:00:00
