2021-04-10 17:07:02.4298 INFO Default Quartz.NET properties loaded from embedded resource file
2021-04-10 17:07:02.4886 INFO Initialized Scheduler Signaller of type: Quartz.Core.SchedulerSignalerImpl
2021-04-10 17:07:02.4886 INFO Quartz Scheduler v.3.2.2.0 created.
2021-04-10 17:07:02.4886 INFO JobFactory set to: Quartz.Simpl.PropertySettingJobFactory
2021-04-10 17:07:02.4886 INFO RAMJobStore initialized.
2021-04-10 17:07:02.4886 INFO Scheduler meta-data: Quartz Scheduler (v3.2.2.0) 'DefaultQuartzScheduler' with instanceId 'NON_CLUSTERED'
  Scheduler class: 'Quartz.Core.QuartzScheduler' - running locally.
  NOT STARTED.
  Currently in standby mode.
  Number of jobs executed: 0
  Using thread pool 'Quartz.Simpl.DefaultThreadPool' - with 10 threads.
  Using job-store 'Quartz.Simpl.RAMJobStore' - which does not support persistence. and is not clustered.

2021-04-10 17:07:02.4886 INFO Quartz scheduler 'DefaultQuartzScheduler' initialized
2021-04-10 17:07:02.4886 INFO Quartz scheduler version: 3.2.2.0
2021-04-10 17:07:02.5126 INFO Scheduler DefaultQuartzScheduler_$_NON_CLUSTERED started.
2021-04-10 17:07:02.7140 INFO Startup Configuration - Start
2021-04-10 17:07:02.7140 INFO SetEventCache - Start
2021-04-10 17:07:02.7659 INFO SetCachedItem = setting cache for Events
2021-04-10 17:07:02.7659 INFO SetCachedItem = setting cache for Events, with Expiry Date of 10/05/2021 16:07:02
2021-04-10 17:07:02.7699 INFO SetNextResultCheckDateTime - Start - roundUp = False
2021-04-10 17:07:02.7699 INFO SetNextResultCheckDateTime - rapidApiResultChecks == null
2021-04-10 17:07:02.8177 INFO SetNextResultCheckDateTime - Set League 2794 next check date to 13/04/2021 19:55:00
2021-04-10 17:07:02.8177 INFO SetCachedItem = setting cache for NextFixtureCheckDateTime
2021-04-10 17:07:02.8177 INFO SetCachedItem = setting cache for NextFixtureCheckDateTime, with Expiry Date of 10/05/2021 16:07:02
2021-04-10 17:07:17.6216 INFO Account - Login (HttpPost) - pete@salsbury.co.uk logged in
2021-04-10 17:08:00.0526 INFO DailyRapidApiLeagueCheck --> lastDate = 16/03/2021 00:00:00, Now = 10/04/2021 00:00:00
2021-04-10 17:08:00.3219 INFO SetCachedItem = setting cache for DailyRapidApiLeagueCheck, with Expiry Date of 11/04/2021 00:00:00
2021-04-10 17:08:00.3219 INFO DailyRapidApiLeagueCheck --> Performing daily league update
2021-04-10 17:08:00.3967 INFO FixturesByLeague - League = 2790, EarliestDate = 19/03/2021 00:00:00
2021-04-10 17:08:02.8044 INFO SetEventCache - Start
2021-04-10 17:08:02.8044 INFO SetCachedItem = setting cache for Events
2021-04-10 17:08:02.8044 INFO SetCachedItem = setting cache for Events, with Expiry Date of 10/05/2021 16:08:02
2021-04-10 17:08:02.8044 INFO FixturesByOdds - League = 2790
2021-04-10 17:08:07.7123 INFO OddsByLeagueAndBookmaker - League = 2790, pageNbr = 2
2021-04-10 17:08:11.9935 INFO OddsByLeagueAndBookmaker - League = 2790, pageNbr = 3
2021-04-10 17:08:15.7474 INFO OddsByLeagueAndBookmaker - League = 2790, pageNbr = 0
2021-04-10 17:08:15.7573 INFO FixturesByLeague - League = 2794, EarliestDate = 16/03/2021 00:00:00
2021-04-10 17:08:17.8777 INFO SetEventCache - Start
2021-04-10 17:08:17.8777 INFO SetCachedItem = setting cache for Events
2021-04-10 17:08:17.8777 INFO SetCachedItem = setting cache for Events, with Expiry Date of 10/05/2021 16:08:17
2021-04-10 17:08:17.8777 INFO FixturesByOdds - League = 2794
2021-04-10 17:08:22.6745 INFO OddsByLeagueAndBookmaker - League = 2794, pageNbr = 2
2021-04-10 17:08:27.8130 INFO OddsByLeagueAndBookmaker - League = 2794, pageNbr = 3
2021-04-10 17:08:33.1116 INFO OddsByLeagueAndBookmaker - League = 2794, pageNbr = 4
2021-04-10 17:08:36.2458 INFO OddsByLeagueAndBookmaker - League = 2794, pageNbr = 0
2021-04-10 17:08:36.2558 INFO FixturesByLeague - League = 403, EarliestDate = 10/04/2021 00:00:00
2021-04-10 17:08:36.8432 INFO FixturesByOdds - League = 403
2021-04-10 17:08:37.0866 INFO OddsByLeagueAndBookmaker - League = 403, pageNbr = 0
2021-04-10 17:24:17.4688 INFO Default Quartz.NET properties loaded from embedded resource file
2021-04-10 17:24:17.5576 INFO Initialized Scheduler Signaller of type: Quartz.Core.SchedulerSignalerImpl
2021-04-10 17:24:17.5576 INFO Quartz Scheduler v.3.2.2.0 created.
2021-04-10 17:24:17.5965 INFO JobFactory set to: Quartz.Simpl.PropertySettingJobFactory
2021-04-10 17:24:17.5965 INFO RAMJobStore initialized.
2021-04-10 17:24:17.5965 INFO Scheduler meta-data: Quartz Scheduler (v3.2.2.0) 'DefaultQuartzScheduler' with instanceId 'NON_CLUSTERED'
  Scheduler class: 'Quartz.Core.QuartzScheduler' - running locally.
  NOT STARTED.
  Currently in standby mode.
  Number of jobs executed: 0
  Using thread pool 'Quartz.Simpl.DefaultThreadPool' - with 10 threads.
  Using job-store 'Quartz.Simpl.RAMJobStore' - which does not support persistence. and is not clustered.

2021-04-10 17:24:17.5965 INFO Quartz scheduler 'DefaultQuartzScheduler' initialized
2021-04-10 17:24:17.5965 INFO Quartz scheduler version: 3.2.2.0
2021-04-10 17:24:17.6234 INFO Scheduler DefaultQuartzScheduler_$_NON_CLUSTERED started.
2021-04-10 17:24:18.4248 INFO Startup Configuration - Start
2021-04-10 17:24:18.4248 INFO SetEventCache - Start
2021-04-10 17:24:18.4817 INFO SetCachedItem = setting cache for Events
2021-04-10 17:24:18.4817 INFO SetCachedItem = setting cache for Events, with Expiry Date of 10/05/2021 16:24:18
2021-04-10 17:24:18.4886 INFO SetNextResultCheckDateTime - Start - roundUp = False
2021-04-10 17:24:18.4886 INFO SetNextResultCheckDateTime - rapidApiResultChecks == null
2021-04-10 17:24:18.5265 INFO SetNextResultCheckDateTime - Set League 2794 next check date to 13/04/2021 19:55:00
2021-04-10 17:24:18.5265 INFO SetCachedItem = setting cache for NextFixtureCheckDateTime
2021-04-10 17:24:18.5265 INFO SetCachedItem = setting cache for NextFixtureCheckDateTime, with Expiry Date of 10/05/2021 16:24:18
2021-04-10 17:25:00.0445 INFO SetCachedItem = setting cache for DailyRapidApiLeagueCheck, with Expiry Date of 11/04/2021 00:00:00
2021-04-10 17:40:30.6223 INFO Default Quartz.NET properties loaded from embedded resource file
2021-04-10 17:40:30.6911 INFO Initialized Scheduler Signaller of type: Quartz.Core.SchedulerSignalerImpl
2021-04-10 17:40:30.6911 INFO Quartz Scheduler v.3.2.2.0 created.
2021-04-10 17:40:30.6911 INFO JobFactory set to: Quartz.Simpl.PropertySettingJobFactory
2021-04-10 17:40:30.6911 INFO RAMJobStore initialized.
2021-04-10 17:40:30.7070 INFO Scheduler meta-data: Quartz Scheduler (v3.2.2.0) 'DefaultQuartzScheduler' with instanceId 'NON_CLUSTERED'
  Scheduler class: 'Quartz.Core.QuartzScheduler' - running locally.
  NOT STARTED.
  Currently in standby mode.
  Number of jobs executed: 0
  Using thread pool 'Quartz.Simpl.DefaultThreadPool' - with 10 threads.
  Using job-store 'Quartz.Simpl.RAMJobStore' - which does not support persistence. and is not clustered.

2021-04-10 17:40:30.7070 INFO Quartz scheduler 'DefaultQuartzScheduler' initialized
2021-04-10 17:40:30.7070 INFO Quartz scheduler version: 3.2.2.0
2021-04-10 17:40:30.7240 INFO Scheduler DefaultQuartzScheduler_$_NON_CLUSTERED started.
2021-04-10 17:40:31.3728 INFO Startup Configuration - Start
2021-04-10 17:40:31.3728 INFO SetEventCache - Start
2021-04-10 17:40:31.4216 INFO SetCachedItem = setting cache for Events
2021-04-10 17:40:31.4216 INFO SetCachedItem = setting cache for Events, with Expiry Date of 10/05/2021 16:40:31
2021-04-10 17:40:31.4266 INFO SetNextResultCheckDateTime - Start - roundUp = False
2021-04-10 17:40:31.4266 INFO SetNextResultCheckDateTime - rapidApiResultChecks == null
2021-04-10 17:40:31.4626 INFO SetNextResultCheckDateTime - Set League 2794 next check date to 13/04/2021 19:55:00
2021-04-10 17:40:31.4626 INFO SetCachedItem = setting cache for NextFixtureCheckDateTime
2021-04-10 17:40:31.4626 INFO SetCachedItem = setting cache for NextFixtureCheckDateTime, with Expiry Date of 10/05/2021 16:40:31
2021-04-10 17:41:00.0862 INFO SetCachedItem = setting cache for DailyRapidApiLeagueCheck, with Expiry Date of 11/04/2021 00:00:00
2021-04-10 17:47:45.8712 INFO Default Quartz.NET properties loaded from embedded resource file
2021-04-10 17:47:45.9510 INFO Initialized Scheduler Signaller of type: Quartz.Core.SchedulerSignalerImpl
2021-04-10 17:47:45.9510 INFO Quartz Scheduler v.3.2.2.0 created.
2021-04-10 17:47:45.9649 INFO JobFactory set to: Quartz.Simpl.PropertySettingJobFactory
2021-04-10 17:47:45.9649 INFO RAMJobStore initialized.
2021-04-10 17:47:45.9719 INFO Scheduler meta-data: Quartz Scheduler (v3.2.2.0) 'DefaultQuartzScheduler' with instanceId 'NON_CLUSTERED'
  Scheduler class: 'Quartz.Core.QuartzScheduler' - running locally.
  NOT STARTED.
  Currently in standby mode.
  Number of jobs executed: 0
  Using thread pool 'Quartz.Simpl.DefaultThreadPool' - with 10 threads.
  Using job-store 'Quartz.Simpl.RAMJobStore' - which does not support persistence. and is not clustered.

2021-04-10 17:47:45.9719 INFO Quartz scheduler 'DefaultQuartzScheduler' initialized
2021-04-10 17:47:45.9719 INFO Quartz scheduler version: 3.2.2.0
2021-04-10 17:47:45.9919 INFO Scheduler DefaultQuartzScheduler_$_NON_CLUSTERED started.
2021-04-10 17:47:46.5954 INFO Startup Configuration - Start
2021-04-10 17:47:46.5964 INFO SetEventCache - Start
2021-04-10 17:47:46.6413 INFO SetCachedItem = setting cache for Events
2021-04-10 17:47:46.6413 INFO SetCachedItem = setting cache for Events, with Expiry Date of 10/05/2021 16:47:46
2021-04-10 17:47:46.6453 INFO SetNextResultCheckDateTime - Start - roundUp = False
2021-04-10 17:47:46.6453 INFO SetNextResultCheckDateTime - rapidApiResultChecks == null
2021-04-10 17:47:46.6732 INFO SetNextResultCheckDateTime - Set League 2794 next check date to 13/04/2021 19:55:00
2021-04-10 17:47:46.6732 INFO SetCachedItem = setting cache for NextFixtureCheckDateTime
2021-04-10 17:47:46.6732 INFO SetCachedItem = setting cache for NextFixtureCheckDateTime, with Expiry Date of 10/05/2021 16:47:46
2021-04-10 17:48:00.0718 INFO SetCachedItem = setting cache for DailyRapidApiLeagueCheck, with Expiry Date of 11/04/2021 00:00:00
2021-04-10 18:05:50.8053 INFO Default Quartz.NET properties loaded from embedded resource file
2021-04-10 18:05:50.8811 INFO Initialized Scheduler Signaller of type: Quartz.Core.SchedulerSignalerImpl
2021-04-10 18:05:50.9040 INFO Quartz Scheduler v.3.2.2.0 created.
2021-04-10 18:05:50.9509 INFO JobFactory set to: Quartz.Simpl.PropertySettingJobFactory
2021-04-10 18:05:50.9668 INFO RAMJobStore initialized.
2021-04-10 18:05:50.9668 INFO Scheduler meta-data: Quartz Scheduler (v3.2.2.0) 'DefaultQuartzScheduler' with instanceId 'NON_CLUSTERED'
  Scheduler class: 'Quartz.Core.QuartzScheduler' - running locally.
  NOT STARTED.
  Currently in standby mode.
  Number of jobs executed: 0
  Using thread pool 'Quartz.Simpl.DefaultThreadPool' - with 10 threads.
  Using job-store 'Quartz.Simpl.RAMJobStore' - which does not support persistence. and is not clustered.

2021-04-10 18:05:50.9718 INFO Quartz scheduler 'DefaultQuartzScheduler' initialized
2021-04-10 18:05:50.9718 INFO Quartz scheduler version: 3.2.2.0
2021-04-10 18:05:50.9718 INFO Scheduler DefaultQuartzScheduler_$_NON_CLUSTERED started.
2021-04-10 18:05:51.1264 INFO Startup Configuration - Start
2021-04-10 18:05:51.1284 INFO SetEventCache - Start
2021-04-10 18:05:51.2072 INFO SetCachedItem = setting cache for Events
2021-04-10 18:05:51.2072 INFO SetCachedItem = setting cache for Events, with Expiry Date of 10/05/2021 17:05:51
2021-04-10 18:05:51.2072 INFO SetNextResultCheckDateTime - Start - roundUp = False
2021-04-10 18:05:51.2072 INFO SetNextResultCheckDateTime - rapidApiResultChecks == null
2021-04-10 18:05:51.2760 INFO SetNextResultCheckDateTime - Set League 2794 next check date to 13/04/2021 19:55:00
2021-04-10 18:05:51.2760 INFO SetCachedItem = setting cache for NextFixtureCheckDateTime
2021-04-10 18:05:51.2760 INFO SetCachedItem = setting cache for NextFixtureCheckDateTime, with Expiry Date of 10/05/2021 17:05:51
2021-04-10 18:06:00.0550 INFO SetCachedItem = setting cache for DailyRapidApiLeagueCheck, with Expiry Date of 11/04/2021 00:00:00
