2021-06-09 00:38:37.3345 INFO Default Quartz.NET properties loaded from embedded resource file
2021-06-09 00:38:37.4492 INFO Initialized Scheduler Signaller of type: Quartz.Core.SchedulerSignalerImpl
2021-06-09 00:38:37.4582 INFO Quartz Scheduler v.3.2.2.0 created.
2021-06-09 00:38:37.4771 INFO JobFactory set to: Quartz.Simpl.PropertySettingJobFactory
2021-06-09 00:38:37.4921 INFO RAMJobStore initialized.
2021-06-09 00:38:37.6197 INFO Scheduler meta-data: Quartz Scheduler (v3.2.2.0) 'DefaultQuartzScheduler' with instanceId 'NON_CLUSTERED'
  Scheduler class: 'Quartz.Core.QuartzScheduler' - running locally.
  NOT STARTED.
  Currently in standby mode.
  Number of jobs executed: 0
  Using thread pool 'Quartz.Simpl.DefaultThreadPool' - with 10 threads.
  Using job-store 'Quartz.Simpl.RAMJobStore' - which does not support persistence. and is not clustered.

2021-06-09 00:38:37.6197 INFO Quartz scheduler 'DefaultQuartzScheduler' initialized
2021-06-09 00:38:37.6197 INFO Quartz scheduler version: 3.2.2.0
2021-06-09 00:38:37.6397 INFO Scheduler DefaultQuartzScheduler_$_NON_CLUSTERED started.
2021-06-09 00:38:37.8172 INFO Startup Configuration - Start
2021-06-09 00:38:37.8172 INFO SetEventCache - Start
2021-06-09 00:38:37.9020 INFO SetCachedItem = setting cache for Events
2021-06-09 00:38:37.9020 INFO SetCachedItem = setting cache for Events, with Expiry Date of 08/07/2021 23:38:37
2021-06-09 00:38:37.9090 INFO SetNextResultCheckDateTime - Start - roundUp = False
2021-06-09 00:38:37.9090 INFO SetNextResultCheckDateTime - rapidApiResultChecks == null
2021-06-09 00:38:37.9628 INFO SetNextResultCheckDateTime - Set League 403 next check date to 13/06/2021 17:55:00
2021-06-09 00:38:37.9628 INFO SetCachedItem = setting cache for NextFixtureCheckDateTime
2021-06-09 00:38:37.9628 INFO SetCachedItem = setting cache for NextFixtureCheckDateTime, with Expiry Date of 08/07/2021 23:38:37
2021-06-09 00:39:00.0688 INFO SetCachedItem = setting cache for DailyRapidApiLeagueCheck, with Expiry Date of 10/06/2021 00:00:00
2021-06-09 00:39:17.5518 INFO peter@salsbury.co.uk has registered
2021-06-09 00:39:18.1811 INFO peter@salsbury.co.uk Event id = 1
2021-06-09 00:39:18.1911 INFO peter@salsbury.co.uk Adding player, Display name = Petedr
2021-06-09 00:39:18.2160 INFO peter@salsbury.co.uk player saved ok
2021-06-09 00:39:18.5681 INFO peter@salsbury.co.uk role saved ok
2021-06-09 00:39:18.6389 INFO peter@salsbury.co.uk changes saved to database ok
2021-06-09 00:39:18.6389 INFO peter@salsbury.co.uk confirm email address = True
2021-06-09 00:39:33.6447 INFO confirming email starting
2021-06-09 00:39:33.6447 INFO userid --> d000d57b-c7dd-4f67-bc1a-a521a2264e1f
2021-06-09 00:39:33.6447 INFO code --> prVkyhRKDwGkxVR9K57ZoIJ9TqTFDp6GrgtSXVGmtnFn7I6idvdr6wiBHhMNIR6fs647At2uS8csTmJ0k/vEY4JG9bIZl2w2jAQWqndy3LKNk+fFzUmB0YZBzxZ40loRW+gK2NY3y6sWJLo3YJnQovsyBQlfKusUT/wlbGT5XgTt2szMqsqU9hzsgieFwa0n
2021-06-09 00:39:33.6447 INFO both vars are not null
2021-06-09 00:39:34.0127 INFO email confirmed
2021-06-09 00:39:41.9857 INFO Account - Login (HttpPost) - peter@salsbury.co.uk logged in
2021-06-09 00:47:05.3819 INFO Default Quartz.NET properties loaded from embedded resource file
2021-06-09 00:47:05.5066 INFO Initialized Scheduler Signaller of type: Quartz.Core.SchedulerSignalerImpl
2021-06-09 00:47:05.5704 INFO Quartz Scheduler v.3.2.2.0 created.
2021-06-09 00:47:05.6482 INFO JobFactory set to: Quartz.Simpl.PropertySettingJobFactory
2021-06-09 00:47:05.6791 INFO RAMJobStore initialized.
2021-06-09 00:47:05.6871 INFO Scheduler meta-data: Quartz Scheduler (v3.2.2.0) 'DefaultQuartzScheduler' with instanceId 'NON_CLUSTERED'
  Scheduler class: 'Quartz.Core.QuartzScheduler' - running locally.
  NOT STARTED.
  Currently in standby mode.
  Number of jobs executed: 0
  Using thread pool 'Quartz.Simpl.DefaultThreadPool' - with 10 threads.
  Using job-store 'Quartz.Simpl.RAMJobStore' - which does not support persistence. and is not clustered.

2021-06-09 00:47:05.6871 INFO Quartz scheduler 'DefaultQuartzScheduler' initialized
2021-06-09 00:47:05.6871 INFO Quartz scheduler version: 3.2.2.0
2021-06-09 00:47:05.7121 INFO Scheduler DefaultQuartzScheduler_$_NON_CLUSTERED started.
2021-06-09 00:47:05.9644 INFO Startup Configuration - Start
2021-06-09 00:47:05.9644 INFO SetEventCache - Start
2021-06-09 00:47:06.0531 INFO SetCachedItem = setting cache for Events
2021-06-09 00:47:06.0531 INFO SetCachedItem = setting cache for Events, with Expiry Date of 08/07/2021 23:47:06
2021-06-09 00:47:06.0621 INFO SetNextResultCheckDateTime - Start - roundUp = False
2021-06-09 00:47:06.0621 INFO SetNextResultCheckDateTime - rapidApiResultChecks == null
2021-06-09 00:47:06.1539 INFO SetNextResultCheckDateTime - Set League 403 next check date to 13/06/2021 17:55:00
2021-06-09 00:47:06.1539 INFO SetCachedItem = setting cache for NextFixtureCheckDateTime
2021-06-09 00:47:06.1569 INFO SetCachedItem = setting cache for NextFixtureCheckDateTime, with Expiry Date of 08/07/2021 23:47:06
2021-06-09 00:49:02.3158 INFO Default Quartz.NET properties loaded from embedded resource file
2021-06-09 00:49:02.4565 INFO Initialized Scheduler Signaller of type: Quartz.Core.SchedulerSignalerImpl
2021-06-09 00:49:02.4828 INFO Quartz Scheduler v.3.2.2.0 created.
2021-06-09 00:49:02.6050 INFO JobFactory set to: Quartz.Simpl.PropertySettingJobFactory
2021-06-09 00:49:02.6619 INFO RAMJobStore initialized.
2021-06-09 00:49:02.6619 INFO Scheduler meta-data: Quartz Scheduler (v3.2.2.0) 'DefaultQuartzScheduler' with instanceId 'NON_CLUSTERED'
  Scheduler class: 'Quartz.Core.QuartzScheduler' - running locally.
  NOT STARTED.
  Currently in standby mode.
  Number of jobs executed: 0
  Using thread pool 'Quartz.Simpl.DefaultThreadPool' - with 10 threads.
  Using job-store 'Quartz.Simpl.RAMJobStore' - which does not support persistence. and is not clustered.

2021-06-09 00:49:02.6724 INFO Quartz scheduler 'DefaultQuartzScheduler' initialized
2021-06-09 00:49:02.6724 INFO Quartz scheduler version: 3.2.2.0
2021-06-09 00:49:02.7043 INFO Scheduler DefaultQuartzScheduler_$_NON_CLUSTERED started.
2021-06-09 00:49:04.6401 INFO Startup Configuration - Start
2021-06-09 00:49:04.6401 INFO SetEventCache - Start
2021-06-09 00:49:04.7957 INFO SetCachedItem = setting cache for Events
2021-06-09 00:49:04.8197 INFO SetCachedItem = setting cache for Events, with Expiry Date of 08/07/2021 23:49:04
2021-06-09 00:49:04.8576 INFO SetNextResultCheckDateTime - Start - roundUp = False
2021-06-09 00:49:04.8596 INFO SetNextResultCheckDateTime - rapidApiResultChecks == null
2021-06-09 00:49:05.0072 INFO SetNextResultCheckDateTime - Set League 403 next check date to 13/06/2021 17:55:00
2021-06-09 00:49:05.0072 INFO SetCachedItem = setting cache for NextFixtureCheckDateTime
2021-06-09 00:49:05.0072 INFO SetCachedItem = setting cache for NextFixtureCheckDateTime, with Expiry Date of 08/07/2021 23:49:05
2021-06-09 00:49:38.2392 INFO Account - Login (HttpPost) - peter@salsbury.co.uk logged in
2021-06-09 00:50:47.5405 INFO Default Quartz.NET properties loaded from embedded resource file
2021-06-09 00:50:47.7026 INFO Initialized Scheduler Signaller of type: Quartz.Core.SchedulerSignalerImpl
2021-06-09 00:50:47.7560 INFO Quartz Scheduler v.3.2.2.0 created.
2021-06-09 00:50:47.8119 INFO JobFactory set to: Quartz.Simpl.PropertySettingJobFactory
2021-06-09 00:50:47.8508 INFO RAMJobStore initialized.
2021-06-09 00:50:47.8587 INFO Scheduler meta-data: Quartz Scheduler (v3.2.2.0) 'DefaultQuartzScheduler' with instanceId 'NON_CLUSTERED'
  Scheduler class: 'Quartz.Core.QuartzScheduler' - running locally.
  NOT STARTED.
  Currently in standby mode.
  Number of jobs executed: 0
  Using thread pool 'Quartz.Simpl.DefaultThreadPool' - with 10 threads.
  Using job-store 'Quartz.Simpl.RAMJobStore' - which does not support persistence. and is not clustered.

2021-06-09 00:50:47.8587 INFO Quartz scheduler 'DefaultQuartzScheduler' initialized
2021-06-09 00:50:47.8587 INFO Quartz scheduler version: 3.2.2.0
2021-06-09 00:50:47.8837 INFO Scheduler DefaultQuartzScheduler_$_NON_CLUSTERED started.
2021-06-09 00:50:49.3314 INFO Startup Configuration - Start
2021-06-09 00:50:49.3474 INFO SetEventCache - Start
2021-06-09 00:50:49.4611 INFO SetCachedItem = setting cache for Events
2021-06-09 00:50:49.4820 INFO SetCachedItem = setting cache for Events, with Expiry Date of 08/07/2021 23:50:49
2021-06-09 00:50:49.4880 INFO SetNextResultCheckDateTime - Start - roundUp = False
2021-06-09 00:50:49.4880 INFO SetNextResultCheckDateTime - rapidApiResultChecks == null
2021-06-09 00:50:49.5469 INFO SetNextResultCheckDateTime - Set League 403 next check date to 13/06/2021 17:55:00
2021-06-09 00:50:49.5469 INFO SetCachedItem = setting cache for NextFixtureCheckDateTime
2021-06-09 00:50:49.5469 INFO SetCachedItem = setting cache for NextFixtureCheckDateTime, with Expiry Date of 08/07/2021 23:50:49
2021-06-09 00:51:00.1215 INFO SetCachedItem = setting cache for DailyRapidApiLeagueCheck, with Expiry Date of 10/06/2021 00:00:00
2021-06-09 09:17:32.1418 INFO Default Quartz.NET properties loaded from embedded resource file
2021-06-09 09:17:32.2096 INFO Initialized Scheduler Signaller of type: Quartz.Core.SchedulerSignalerImpl
2021-06-09 09:17:32.2096 INFO Quartz Scheduler v.3.2.2.0 created.
2021-06-09 09:17:32.2156 INFO JobFactory set to: Quartz.Simpl.PropertySettingJobFactory
2021-06-09 09:17:32.2156 INFO RAMJobStore initialized.
2021-06-09 09:17:32.2315 INFO Scheduler meta-data: Quartz Scheduler (v3.2.2.0) 'DefaultQuartzScheduler' with instanceId 'NON_CLUSTERED'
  Scheduler class: 'Quartz.Core.QuartzScheduler' - running locally.
  NOT STARTED.
  Currently in standby mode.
  Number of jobs executed: 0
  Using thread pool 'Quartz.Simpl.DefaultThreadPool' - with 10 threads.
  Using job-store 'Quartz.Simpl.RAMJobStore' - which does not support persistence. and is not clustered.

2021-06-09 09:17:32.2315 INFO Quartz scheduler 'DefaultQuartzScheduler' initialized
2021-06-09 09:17:32.2315 INFO Quartz scheduler version: 3.2.2.0
2021-06-09 09:17:32.2465 INFO Scheduler DefaultQuartzScheduler_$_NON_CLUSTERED started.
2021-06-09 09:17:32.4070 INFO Startup Configuration - Start
2021-06-09 09:17:32.4070 INFO SetEventCache - Start
2021-06-09 09:17:32.4549 INFO SetCachedItem = setting cache for Events
2021-06-09 09:17:32.4549 INFO SetCachedItem = setting cache for Events, with Expiry Date of 09/07/2021 08:17:32
2021-06-09 09:17:32.4549 INFO SetNextResultCheckDateTime - Start - roundUp = False
2021-06-09 09:17:32.4549 INFO SetNextResultCheckDateTime - rapidApiResultChecks == null
2021-06-09 09:17:32.4948 INFO SetNextResultCheckDateTime - Set League 403 next check date to 13/06/2021 17:55:00
2021-06-09 09:17:32.4948 INFO SetCachedItem = setting cache for NextFixtureCheckDateTime
2021-06-09 09:17:32.4948 INFO SetCachedItem = setting cache for NextFixtureCheckDateTime, with Expiry Date of 09/07/2021 08:17:32
2021-06-09 09:18:00.0761 INFO SetCachedItem = setting cache for DailyRapidApiLeagueCheck, with Expiry Date of 10/06/2021 00:00:00
2021-06-09 09:24:55.3404 INFO Account - Login (HttpPost) - pete@salsbury.co.uk logged in
2021-06-09 09:34:10.6025 INFO Default Quartz.NET properties loaded from embedded resource file
2021-06-09 09:34:10.6603 INFO Initialized Scheduler Signaller of type: Quartz.Core.SchedulerSignalerImpl
2021-06-09 09:34:10.6803 INFO Quartz Scheduler v.3.2.2.0 created.
2021-06-09 09:34:10.7112 INFO JobFactory set to: Quartz.Simpl.PropertySettingJobFactory
2021-06-09 09:34:10.7341 INFO RAMJobStore initialized.
2021-06-09 09:34:10.7341 INFO Scheduler meta-data: Quartz Scheduler (v3.2.2.0) 'DefaultQuartzScheduler' with instanceId 'NON_CLUSTERED'
  Scheduler class: 'Quartz.Core.QuartzScheduler' - running locally.
  NOT STARTED.
  Currently in standby mode.
  Number of jobs executed: 0
  Using thread pool 'Quartz.Simpl.DefaultThreadPool' - with 10 threads.
  Using job-store 'Quartz.Simpl.RAMJobStore' - which does not support persistence. and is not clustered.

2021-06-09 09:34:10.7341 INFO Quartz scheduler 'DefaultQuartzScheduler' initialized
2021-06-09 09:34:10.7341 INFO Quartz scheduler version: 3.2.2.0
2021-06-09 09:34:10.7501 INFO Scheduler DefaultQuartzScheduler_$_NON_CLUSTERED started.
2021-06-09 09:34:10.8817 INFO Startup Configuration - Start
2021-06-09 09:34:10.8817 INFO SetEventCache - Start
2021-06-09 09:34:10.9286 INFO SetCachedItem = setting cache for Events
2021-06-09 09:34:10.9286 INFO SetCachedItem = setting cache for Events, with Expiry Date of 09/07/2021 08:34:10
2021-06-09 09:34:10.9286 INFO SetNextResultCheckDateTime - Start - roundUp = False
2021-06-09 09:34:10.9286 INFO SetNextResultCheckDateTime - rapidApiResultChecks == null
2021-06-09 09:34:10.9764 INFO SetNextResultCheckDateTime - Set League 403 next check date to 13/06/2021 17:55:00
2021-06-09 09:34:10.9764 INFO SetCachedItem = setting cache for NextFixtureCheckDateTime
2021-06-09 09:34:10.9764 INFO SetCachedItem = setting cache for NextFixtureCheckDateTime, with Expiry Date of 09/07/2021 08:34:10
2021-06-09 09:34:38.8437 INFO SetCachedItem = setting cache for Events
2021-06-09 09:34:38.8556 INFO SetCachedItem = setting cache for Events, with Expiry Date of 09/07/2021 08:34:38
2021-06-09 09:34:39.5497 INFO SetCachedItem = setting cache for Events
2021-06-09 09:34:39.5497 INFO SetCachedItem = setting cache for Events, with Expiry Date of 09/07/2021 08:34:39
2021-06-09 09:34:50.3944 INFO SetEventCache - Start
2021-06-09 09:34:50.4034 INFO SetCachedItem = setting cache for Events
2021-06-09 09:34:50.4034 INFO SetCachedItem = setting cache for Events, with Expiry Date of 09/07/2021 08:34:50
2021-06-09 09:35:00.1321 INFO SetCachedItem = setting cache for DailyRapidApiLeagueCheck, with Expiry Date of 10/06/2021 00:00:00
2021-06-09 09:52:25.0671 INFO Default Quartz.NET properties loaded from embedded resource file
2021-06-09 09:52:25.1230 INFO Initialized Scheduler Signaller of type: Quartz.Core.SchedulerSignalerImpl
2021-06-09 09:52:25.1549 INFO Quartz Scheduler v.3.2.2.0 created.
2021-06-09 09:52:25.1898 INFO JobFactory set to: Quartz.Simpl.PropertySettingJobFactory
2021-06-09 09:52:25.2057 INFO RAMJobStore initialized.
2021-06-09 09:52:25.2057 INFO Scheduler meta-data: Quartz Scheduler (v3.2.2.0) 'DefaultQuartzScheduler' with instanceId 'NON_CLUSTERED'
  Scheduler class: 'Quartz.Core.QuartzScheduler' - running locally.
  NOT STARTED.
  Currently in standby mode.
  Number of jobs executed: 0
  Using thread pool 'Quartz.Simpl.DefaultThreadPool' - with 10 threads.
  Using job-store 'Quartz.Simpl.RAMJobStore' - which does not support persistence. and is not clustered.

2021-06-09 09:52:25.2057 INFO Quartz scheduler 'DefaultQuartzScheduler' initialized
2021-06-09 09:52:25.2057 INFO Quartz scheduler version: 3.2.2.0
2021-06-09 09:52:25.2187 INFO Scheduler DefaultQuartzScheduler_$_NON_CLUSTERED started.
2021-06-09 09:52:25.3344 INFO Startup Configuration - Start
2021-06-09 09:52:25.3344 INFO SetEventCache - Start
2021-06-09 09:52:25.3803 INFO SetCachedItem = setting cache for Events
2021-06-09 09:52:25.3803 INFO SetCachedItem = setting cache for Events, with Expiry Date of 09/07/2021 08:52:25
2021-06-09 09:52:25.3803 INFO SetNextResultCheckDateTime - Start - roundUp = False
2021-06-09 09:52:25.3803 INFO SetNextResultCheckDateTime - rapidApiResultChecks == null
2021-06-09 09:52:25.4281 INFO SetNextResultCheckDateTime - Set League 403 next check date to 13/06/2021 17:55:00
2021-06-09 09:52:25.4281 INFO SetCachedItem = setting cache for NextFixtureCheckDateTime
2021-06-09 09:52:25.4281 INFO SetCachedItem = setting cache for NextFixtureCheckDateTime, with Expiry Date of 09/07/2021 08:52:25
2021-06-09 09:52:52.1082 INFO SetCachedItem = setting cache for ForceUpdate*e51699d7-7cf2-4565-905c-4a89c4f80063*1
2021-06-09 09:52:52.1082 INFO SetCachedItem = setting cache for ForceUpdate*e51699d7-7cf2-4565-905c-4a89c4f80063*1, with Expiry Date of 09/07/2021 08:52:52
2021-06-09 09:53:00.0851 INFO SetCachedItem = setting cache for DailyRapidApiLeagueCheck, with Expiry Date of 10/06/2021 00:00:00
2021-06-09 09:53:10.8093 INFO SetCachedItem = setting cache for ForceUpdate*e51699d7-7cf2-4565-905c-4a89c4f80063*1
2021-06-09 09:53:10.8262 INFO SetCachedItem = setting cache for ForceUpdate*e51699d7-7cf2-4565-905c-4a89c4f80063*1, with Expiry Date of 09/07/2021 08:53:10
2021-06-09 09:54:09.2597 INFO Default Quartz.NET properties loaded from embedded resource file
2021-06-09 09:54:09.3304 INFO Initialized Scheduler Signaller of type: Quartz.Core.SchedulerSignalerImpl
2021-06-09 09:54:09.3644 INFO Quartz Scheduler v.3.2.2.0 created.
2021-06-09 09:54:09.3923 INFO JobFactory set to: Quartz.Simpl.PropertySettingJobFactory
2021-06-09 09:54:09.4082 INFO RAMJobStore initialized.
2021-06-09 09:54:09.4082 INFO Scheduler meta-data: Quartz Scheduler (v3.2.2.0) 'DefaultQuartzScheduler' with instanceId 'NON_CLUSTERED'
  Scheduler class: 'Quartz.Core.QuartzScheduler' - running locally.
  NOT STARTED.
  Currently in standby mode.
  Number of jobs executed: 0
  Using thread pool 'Quartz.Simpl.DefaultThreadPool' - with 10 threads.
  Using job-store 'Quartz.Simpl.RAMJobStore' - which does not support persistence. and is not clustered.

2021-06-09 09:54:09.4082 INFO Quartz scheduler 'DefaultQuartzScheduler' initialized
2021-06-09 09:54:09.4082 INFO Quartz scheduler version: 3.2.2.0
2021-06-09 09:54:09.4082 INFO Scheduler DefaultQuartzScheduler_$_NON_CLUSTERED started.
2021-06-09 09:54:10.0195 INFO Startup Configuration - Start
2021-06-09 09:54:10.0195 INFO SetEventCache - Start
2021-06-09 09:54:10.0813 INFO SetCachedItem = setting cache for Events
2021-06-09 09:54:10.0813 INFO SetCachedItem = setting cache for Events, with Expiry Date of 09/07/2021 08:54:10
2021-06-09 09:54:10.0943 INFO SetNextResultCheckDateTime - Start - roundUp = False
2021-06-09 09:54:10.0943 INFO SetNextResultCheckDateTime - rapidApiResultChecks == null
2021-06-09 09:54:10.1272 INFO SetNextResultCheckDateTime - Set League 403 next check date to 13/06/2021 17:55:00
2021-06-09 09:54:10.1272 INFO SetCachedItem = setting cache for NextFixtureCheckDateTime
2021-06-09 09:54:10.1272 INFO SetCachedItem = setting cache for NextFixtureCheckDateTime, with Expiry Date of 09/07/2021 08:54:10
2021-06-09 09:54:40.8425 INFO SetCachedItem = setting cache for ForceUpdate*e51699d7-7cf2-4565-905c-4a89c4f80063*1
2021-06-09 09:54:40.8425 INFO SetCachedItem = setting cache for ForceUpdate*e51699d7-7cf2-4565-905c-4a89c4f80063*1, with Expiry Date of 09/07/2021 08:54:40
2021-06-09 09:55:00.3007 INFO SetCachedItem = setting cache for DailyRapidApiLeagueCheck, with Expiry Date of 10/06/2021 00:00:00
2021-06-09 09:55:00.6248 INFO SetCachedItem = setting cache for ForceUpdate*e51699d7-7cf2-4565-905c-4a89c4f80063*1
2021-06-09 09:55:00.6327 INFO SetCachedItem = setting cache for ForceUpdate*e51699d7-7cf2-4565-905c-4a89c4f80063*1, with Expiry Date of 09/07/2021 08:55:00
2021-06-09 09:57:04.7062 INFO Default Quartz.NET properties loaded from embedded resource file
2021-06-09 09:57:04.7611 INFO Initialized Scheduler Signaller of type: Quartz.Core.SchedulerSignalerImpl
2021-06-09 09:57:04.7870 INFO Quartz Scheduler v.3.2.2.0 created.
2021-06-09 09:57:04.8199 INFO JobFactory set to: Quartz.Simpl.PropertySettingJobFactory
2021-06-09 09:57:04.8388 INFO RAMJobStore initialized.
2021-06-09 09:57:04.8388 INFO Scheduler meta-data: Quartz Scheduler (v3.2.2.0) 'DefaultQuartzScheduler' with instanceId 'NON_CLUSTERED'
  Scheduler class: 'Quartz.Core.QuartzScheduler' - running locally.
  NOT STARTED.
  Currently in standby mode.
  Number of jobs executed: 0
  Using thread pool 'Quartz.Simpl.DefaultThreadPool' - with 10 threads.
  Using job-store 'Quartz.Simpl.RAMJobStore' - which does not support persistence. and is not clustered.

2021-06-09 09:57:04.8388 INFO Quartz scheduler 'DefaultQuartzScheduler' initialized
2021-06-09 09:57:04.8388 INFO Quartz scheduler version: 3.2.2.0
2021-06-09 09:57:04.8568 INFO Scheduler DefaultQuartzScheduler_$_NON_CLUSTERED started.
2021-06-09 09:57:04.9735 INFO Startup Configuration - Start
2021-06-09 09:57:04.9735 INFO SetEventCache - Start
2021-06-09 09:57:05.0194 INFO SetCachedItem = setting cache for Events
2021-06-09 09:57:05.0194 INFO SetCachedItem = setting cache for Events, with Expiry Date of 09/07/2021 08:57:05
2021-06-09 09:57:05.0234 INFO SetNextResultCheckDateTime - Start - roundUp = False
2021-06-09 09:57:05.0234 INFO SetNextResultCheckDateTime - rapidApiResultChecks == null
2021-06-09 09:57:05.0563 INFO SetNextResultCheckDateTime - Set League 403 next check date to 13/06/2021 17:55:00
2021-06-09 09:57:05.0563 INFO SetCachedItem = setting cache for NextFixtureCheckDateTime
2021-06-09 09:57:05.0563 INFO SetCachedItem = setting cache for NextFixtureCheckDateTime, with Expiry Date of 09/07/2021 08:57:05
2021-06-09 09:57:23.1404 INFO SetCachedItem = setting cache for ForceUpdate*e51699d7-7cf2-4565-905c-4a89c4f80063*1
2021-06-09 09:57:23.1404 INFO SetCachedItem = setting cache for ForceUpdate*e51699d7-7cf2-4565-905c-4a89c4f80063*1, with Expiry Date of 09/07/2021 08:57:23
2021-06-09 09:58:00.0815 INFO SetCachedItem = setting cache for DailyRapidApiLeagueCheck, with Expiry Date of 10/06/2021 00:00:00
2021-06-09 09:58:24.8922 INFO Default Quartz.NET properties loaded from embedded resource file
2021-06-09 09:58:24.9700 INFO Initialized Scheduler Signaller of type: Quartz.Core.SchedulerSignalerImpl
2021-06-09 09:58:24.9979 INFO Quartz Scheduler v.3.2.2.0 created.
2021-06-09 09:58:24.9979 INFO JobFactory set to: Quartz.Simpl.PropertySettingJobFactory
2021-06-09 09:58:25.0129 INFO RAMJobStore initialized.
2021-06-09 09:58:25.0129 INFO Scheduler meta-data: Quartz Scheduler (v3.2.2.0) 'DefaultQuartzScheduler' with instanceId 'NON_CLUSTERED'
  Scheduler class: 'Quartz.Core.QuartzScheduler' - running locally.
  NOT STARTED.
  Currently in standby mode.
  Number of jobs executed: 0
  Using thread pool 'Quartz.Simpl.DefaultThreadPool' - with 10 threads.
  Using job-store 'Quartz.Simpl.RAMJobStore' - which does not support persistence. and is not clustered.

2021-06-09 09:58:25.0129 INFO Quartz scheduler 'DefaultQuartzScheduler' initialized
2021-06-09 09:58:25.0129 INFO Quartz scheduler version: 3.2.2.0
2021-06-09 09:58:25.0388 INFO Scheduler DefaultQuartzScheduler_$_NON_CLUSTERED started.
2021-06-09 09:58:25.6750 INFO Startup Configuration - Start
2021-06-09 09:58:25.6750 INFO SetEventCache - Start
2021-06-09 09:58:25.7448 INFO SetCachedItem = setting cache for Events
2021-06-09 09:58:25.7578 INFO SetCachedItem = setting cache for Events, with Expiry Date of 09/07/2021 08:58:25
2021-06-09 09:58:25.7628 INFO SetNextResultCheckDateTime - Start - roundUp = False
2021-06-09 09:58:25.7628 INFO SetNextResultCheckDateTime - rapidApiResultChecks == null
2021-06-09 09:58:25.8037 INFO SetNextResultCheckDateTime - Set League 403 next check date to 13/06/2021 17:55:00
2021-06-09 09:58:25.8037 INFO SetCachedItem = setting cache for NextFixtureCheckDateTime
2021-06-09 09:58:25.8037 INFO SetCachedItem = setting cache for NextFixtureCheckDateTime, with Expiry Date of 09/07/2021 08:58:25
2021-06-09 09:59:00.0552 INFO SetCachedItem = setting cache for DailyRapidApiLeagueCheck, with Expiry Date of 10/06/2021 00:00:00
2021-06-09 09:59:54.7479 INFO SetCachedItem = setting cache for ForceUpdate*e51699d7-7cf2-4565-905c-4a89c4f80063*1
2021-06-09 09:59:54.7479 INFO SetCachedItem = setting cache for ForceUpdate*e51699d7-7cf2-4565-905c-4a89c4f80063*1, with Expiry Date of 09/07/2021 08:59:54
2021-06-09 23:06:26.0968 INFO Default Quartz.NET properties loaded from embedded resource file
2021-06-09 23:06:26.1696 INFO Initialized Scheduler Signaller of type: Quartz.Core.SchedulerSignalerImpl
2021-06-09 23:06:26.1835 INFO Quartz Scheduler v.3.2.2.0 created.
2021-06-09 23:06:26.1955 INFO JobFactory set to: Quartz.Simpl.PropertySettingJobFactory
2021-06-09 23:06:26.1955 INFO RAMJobStore initialized.
2021-06-09 23:06:26.2085 INFO Scheduler meta-data: Quartz Scheduler (v3.2.2.0) 'DefaultQuartzScheduler' with instanceId 'NON_CLUSTERED'
  Scheduler class: 'Quartz.Core.QuartzScheduler' - running locally.
  NOT STARTED.
  Currently in standby mode.
  Number of jobs executed: 0
  Using thread pool 'Quartz.Simpl.DefaultThreadPool' - with 10 threads.
  Using job-store 'Quartz.Simpl.RAMJobStore' - which does not support persistence. and is not clustered.

2021-06-09 23:06:26.2085 INFO Quartz scheduler 'DefaultQuartzScheduler' initialized
2021-06-09 23:06:26.2085 INFO Quartz scheduler version: 3.2.2.0
2021-06-09 23:06:26.2254 INFO Scheduler DefaultQuartzScheduler_$_NON_CLUSTERED started.
2021-06-09 23:06:26.3860 INFO Startup Configuration - Start
2021-06-09 23:06:26.3860 INFO SetEventCache - Start
2021-06-09 23:06:26.4329 INFO SetCachedItem = setting cache for Events
2021-06-09 23:06:26.4329 INFO SetCachedItem = setting cache for Events, with Expiry Date of 09/07/2021 22:06:26
2021-06-09 23:06:26.4329 INFO SetNextResultCheckDateTime - Start - roundUp = False
2021-06-09 23:06:26.4329 INFO SetNextResultCheckDateTime - rapidApiResultChecks == null
2021-06-09 23:06:26.4698 INFO SetNextResultCheckDateTime - Set League 403 next check date to 13/06/2021 17:55:00
2021-06-09 23:06:26.4698 INFO SetCachedItem = setting cache for NextFixtureCheckDateTime
2021-06-09 23:06:26.4698 INFO SetCachedItem = setting cache for NextFixtureCheckDateTime, with Expiry Date of 09/07/2021 22:06:26
2021-06-09 23:07:00.0563 INFO SetCachedItem = setting cache for DailyRapidApiLeagueCheck, with Expiry Date of 10/06/2021 00:00:00
2021-06-09 23:07:15.1280 INFO SetEventCache - Start
2021-06-09 23:07:15.1339 INFO SetCachedItem = setting cache for Events
2021-06-09 23:07:15.1339 INFO SetCachedItem = setting cache for Events, with Expiry Date of 09/07/2021 22:07:15
2021-06-09 23:07:23.6214 INFO SetCachedItem = setting cache for Events
2021-06-09 23:07:23.6314 INFO SetCachedItem = setting cache for Events, with Expiry Date of 09/07/2021 22:07:23
2021-06-09 23:07:26.3597 INFO SetCachedItem = setting cache for Events
2021-06-09 23:07:26.3597 INFO SetCachedItem = setting cache for Events, with Expiry Date of 09/07/2021 22:07:26
2021-06-09 23:07:26.9601 INFO SetCachedItem = setting cache for Events
2021-06-09 23:07:26.9601 INFO SetCachedItem = setting cache for Events, with Expiry Date of 09/07/2021 22:07:26
2021-06-09 23:07:27.4316 INFO SetCachedItem = setting cache for Events
2021-06-09 23:07:27.4316 INFO SetCachedItem = setting cache for Events, with Expiry Date of 09/07/2021 22:07:27
2021-06-09 23:08:18.3639 INFO SetEventCache - Start
2021-06-09 23:08:18.3639 INFO SetCachedItem = setting cache for Events
2021-06-09 23:08:18.3859 INFO SetCachedItem = setting cache for Events, with Expiry Date of 09/07/2021 22:08:18
2021-06-09 23:10:27.0193 INFO Default Quartz.NET properties loaded from embedded resource file
2021-06-09 23:10:27.0811 INFO Initialized Scheduler Signaller of type: Quartz.Core.SchedulerSignalerImpl
2021-06-09 23:10:27.1090 INFO Quartz Scheduler v.3.2.2.0 created.
2021-06-09 23:10:27.1429 INFO JobFactory set to: Quartz.Simpl.PropertySettingJobFactory
2021-06-09 23:10:27.1619 INFO RAMJobStore initialized.
2021-06-09 23:10:27.1619 INFO Scheduler meta-data: Quartz Scheduler (v3.2.2.0) 'DefaultQuartzScheduler' with instanceId 'NON_CLUSTERED'
  Scheduler class: 'Quartz.Core.QuartzScheduler' - running locally.
  NOT STARTED.
  Currently in standby mode.
  Number of jobs executed: 0
  Using thread pool 'Quartz.Simpl.DefaultThreadPool' - with 10 threads.
  Using job-store 'Quartz.Simpl.RAMJobStore' - which does not support persistence. and is not clustered.

2021-06-09 23:10:27.1619 INFO Quartz scheduler 'DefaultQuartzScheduler' initialized
2021-06-09 23:10:27.1619 INFO Quartz scheduler version: 3.2.2.0
2021-06-09 23:10:27.1619 INFO Scheduler DefaultQuartzScheduler_$_NON_CLUSTERED started.
2021-06-09 23:10:27.2925 INFO Startup Configuration - Start
2021-06-09 23:10:27.2925 INFO SetEventCache - Start
2021-06-09 23:10:27.3424 INFO SetCachedItem = setting cache for Events
2021-06-09 23:10:27.3424 INFO SetCachedItem = setting cache for Events, with Expiry Date of 09/07/2021 22:10:27
2021-06-09 23:10:27.3424 INFO SetNextResultCheckDateTime - Start - roundUp = False
2021-06-09 23:10:27.3474 INFO SetNextResultCheckDateTime - rapidApiResultChecks == null
2021-06-09 23:10:27.3913 INFO SetNextResultCheckDateTime - Set League 403 next check date to 13/06/2021 17:55:00
2021-06-09 23:10:27.3913 INFO SetCachedItem = setting cache for NextFixtureCheckDateTime
2021-06-09 23:10:27.3913 INFO SetCachedItem = setting cache for NextFixtureCheckDateTime, with Expiry Date of 09/07/2021 22:10:27
2021-06-09 23:10:51.4822 INFO SetEventCache - Start
2021-06-09 23:10:51.4952 INFO SetCachedItem = setting cache for Events
2021-06-09 23:10:51.5102 INFO SetCachedItem = setting cache for Events, with Expiry Date of 09/07/2021 22:10:51
2021-06-09 23:11:00.0702 INFO SetCachedItem = setting cache for DailyRapidApiLeagueCheck, with Expiry Date of 10/06/2021 00:00:00
2021-06-09 23:11:01.2101 INFO SetCachedItem = setting cache for Events
2021-06-09 23:11:01.2101 INFO SetCachedItem = setting cache for Events, with Expiry Date of 09/07/2021 22:11:01
2021-06-09 23:11:01.8753 INFO SetCachedItem = setting cache for Events
2021-06-09 23:11:01.8753 INFO SetCachedItem = setting cache for Events, with Expiry Date of 09/07/2021 22:11:01
2021-06-09 23:11:02.5695 INFO SetCachedItem = setting cache for Events
2021-06-09 23:11:02.5695 INFO SetCachedItem = setting cache for Events, with Expiry Date of 09/07/2021 22:11:02
2021-06-09 23:11:03.2331 INFO SetCachedItem = setting cache for Events
2021-06-09 23:11:03.2331 INFO SetCachedItem = setting cache for Events, with Expiry Date of 09/07/2021 22:11:03
2021-06-09 23:11:27.4781 INFO SetEventCache - Start
2021-06-09 23:11:27.4781 INFO SetCachedItem = setting cache for Events
2021-06-09 23:11:27.4781 INFO SetCachedItem = setting cache for Events, with Expiry Date of 09/07/2021 22:11:27
2021-06-09 23:11:57.6465 INFO SetEventCache - Start
2021-06-09 23:11:57.6465 INFO SetCachedItem = setting cache for Events
2021-06-09 23:11:57.6465 INFO SetCachedItem = setting cache for Events, with Expiry Date of 09/07/2021 22:11:57
2021-06-09 23:17:32.8999 INFO Default Quartz.NET properties loaded from embedded resource file
2021-06-09 23:17:32.9548 INFO Initialized Scheduler Signaller of type: Quartz.Core.SchedulerSignalerImpl
2021-06-09 23:17:32.9757 INFO Quartz Scheduler v.3.2.2.0 created.
2021-06-09 23:17:33.0047 INFO JobFactory set to: Quartz.Simpl.PropertySettingJobFactory
2021-06-09 23:17:33.0296 INFO RAMJobStore initialized.
2021-06-09 23:17:33.0366 INFO Scheduler meta-data: Quartz Scheduler (v3.2.2.0) 'DefaultQuartzScheduler' with instanceId 'NON_CLUSTERED'
  Scheduler class: 'Quartz.Core.QuartzScheduler' - running locally.
  NOT STARTED.
  Currently in standby mode.
  Number of jobs executed: 0
  Using thread pool 'Quartz.Simpl.DefaultThreadPool' - with 10 threads.
  Using job-store 'Quartz.Simpl.RAMJobStore' - which does not support persistence. and is not clustered.

2021-06-09 23:17:33.0366 INFO Quartz scheduler 'DefaultQuartzScheduler' initialized
2021-06-09 23:17:33.0366 INFO Quartz scheduler version: 3.2.2.0
2021-06-09 23:17:33.0366 INFO Scheduler DefaultQuartzScheduler_$_NON_CLUSTERED started.
2021-06-09 23:17:33.1812 INFO Startup Configuration - Start
2021-06-09 23:17:33.1812 INFO SetEventCache - Start
2021-06-09 23:17:33.2291 INFO SetCachedItem = setting cache for Events
2021-06-09 23:17:33.2291 INFO SetCachedItem = setting cache for Events, with Expiry Date of 09/07/2021 22:17:33
2021-06-09 23:17:33.2291 INFO SetNextResultCheckDateTime - Start - roundUp = False
2021-06-09 23:17:33.2291 INFO SetNextResultCheckDateTime - rapidApiResultChecks == null
2021-06-09 23:17:33.2650 INFO SetNextResultCheckDateTime - Set League 403 next check date to 13/06/2021 17:55:00
2021-06-09 23:17:33.2650 INFO SetCachedItem = setting cache for NextFixtureCheckDateTime
2021-06-09 23:17:33.2650 INFO SetCachedItem = setting cache for NextFixtureCheckDateTime, with Expiry Date of 09/07/2021 22:17:33
2021-06-09 23:18:00.1637 INFO SetCachedItem = setting cache for DailyRapidApiLeagueCheck, with Expiry Date of 10/06/2021 00:00:00
2021-06-09 23:22:26.8928 INFO SetEventCache - Start
2021-06-09 23:22:26.8978 INFO SetCachedItem = setting cache for Events
2021-06-09 23:22:26.8978 INFO SetCachedItem = setting cache for Events, with Expiry Date of 09/07/2021 22:22:26
