2021-05-31 22:22:47.3727 INFO Default Quartz.NET properties loaded from embedded resource file
2021-05-31 22:22:47.4326 INFO Initialized Scheduler Signaller of type: Quartz.Core.SchedulerSignalerImpl
2021-05-31 22:22:47.4326 INFO Quartz Scheduler v.3.2.2.0 created.
2021-05-31 22:22:47.4326 INFO JobFactory set to: Quartz.Simpl.PropertySettingJobFactory
2021-05-31 22:22:47.4326 INFO RAMJobStore initialized.
2021-05-31 22:22:47.4326 INFO Scheduler meta-data: Quartz Scheduler (v3.2.2.0) 'DefaultQuartzScheduler' with instanceId 'NON_CLUSTERED'
  Scheduler class: 'Quartz.Core.QuartzScheduler' - running locally.
  NOT STARTED.
  Currently in standby mode.
  Number of jobs executed: 0
  Using thread pool 'Quartz.Simpl.DefaultThreadPool' - with 10 threads.
  Using job-store 'Quartz.Simpl.RAMJobStore' - which does not support persistence. and is not clustered.

2021-05-31 22:22:47.4326 INFO Quartz scheduler 'DefaultQuartzScheduler' initialized
2021-05-31 22:22:47.4326 INFO Quartz scheduler version: 3.2.2.0
2021-05-31 22:22:47.4545 INFO Scheduler DefaultQuartzScheduler_$_NON_CLUSTERED started.
2021-05-31 22:22:47.6430 INFO Startup Configuration - Start
2021-05-31 22:22:47.6430 INFO SetEventCache - Start
2021-05-31 22:22:47.6879 INFO SetCachedItem = setting cache for Events
2021-05-31 22:22:47.6879 INFO SetCachedItem = setting cache for Events, with Expiry Date of 30/06/2021 21:22:47
2021-05-31 22:22:47.6879 INFO SetNextResultCheckDateTime - Start - roundUp = False
2021-05-31 22:22:47.6879 INFO SetNextResultCheckDateTime - rapidApiResultChecks == null
2021-05-31 22:22:47.7268 INFO SetCachedItem = setting cache for NextFixtureCheckDateTime
2021-05-31 22:22:47.7278 INFO SetCachedItem = setting cache for NextFixtureCheckDateTime, with Expiry Date of 30/06/2021 21:22:47
2021-05-31 22:23:00.1825 INFO DailyRapidApiLeagueCheck --> lastDate = 29/05/2021 00:00:00, Now = 31/05/2021 00:00:00
2021-05-31 22:23:00.4198 INFO SetCachedItem = setting cache for DailyRapidApiLeagueCheck, with Expiry Date of 01/06/2021 00:00:00
2021-05-31 22:23:00.4198 INFO DailyRapidApiLeagueCheck --> Performing daily league update
2021-05-31 22:23:00.4757 INFO FixturesByLeague - League = 2790, EarliestDate = 31/05/2021 00:00:00
2021-05-31 22:23:01.2418 INFO FixturesByOdds - League = 2790
2021-05-31 22:23:02.9169 INFO OddsByLeagueAndBookmaker - League = 2790, pageNbr = 2
2021-05-31 22:23:04.7743 INFO OddsByLeagueAndBookmaker - League = 2790, pageNbr = 3
2021-05-31 22:23:06.4012 INFO OddsByLeagueAndBookmaker - League = 2790, pageNbr = 0
