2021-05-26 00:00:00.0933 INFO DailyRapidApiLeagueCheck --> lastDate = 5/25/2021 12:00:00 AM, Now = 5/26/2021 12:00:00 AM
2021-05-26 00:00:00.3902 INFO SetCachedItem = setting cache for DailyRapidApiLeagueCheck, with Expiry Date of 5/27/2021 12:00:00 AM
2021-05-26 00:00:00.3902 INFO DailyRapidApiLeagueCheck --> Performing daily league update
2021-05-26 00:00:00.5933 INFO FixturesByLeague - League = 403, EarliestDate = 6/15/2021 12:00:00 AM
2021-05-26 00:00:01.7340 INFO FixturesByOdds - League = 403
2021-05-26 00:00:02.3903 INFO OddsByLeagueAndBookmaker - League = 403, pageNbr = 0
2021-05-26 00:00:02.4059 INFO FixturesByLeague - League = 2790, EarliestDate = 5/26/2021 12:00:00 AM
2021-05-26 00:00:03.2653 INFO FixturesByOdds - League = 2790
2021-05-26 00:00:05.8904 INFO OddsByLeagueAndBookmaker - League = 2790, pageNbr = 2
2021-05-26 00:00:07.9999 INFO OddsByLeagueAndBookmaker - League = 2790, pageNbr = 3
2021-05-26 00:00:10.5781 INFO OddsByLeagueAndBookmaker - League = 2790, pageNbr = 4
2021-05-26 00:00:11.9376 INFO OddsByLeagueAndBookmaker - League = 2790, pageNbr = 0
2021-05-26 01:25:00.1999 INFO phil.reus@yahoo.com has registered
2021-05-26 01:25:00.3093 INFO {
  "success": true,
  "challenge_ts": "2021-05-26T08:23:59Z",
  "hostname": "predictioncomp.com"
}
2021-05-26 01:25:34.7632 INFO phil.reus@yahoo.com has registered
2021-05-26 01:25:34.7944 INFO {
  "success": true,
  "challenge_ts": "2021-05-26T08:25:01Z",
  "hostname": "predictioncomp.com"
}
2021-05-26 01:25:34.9195 INFO phil.reus@yahoo.com Evenyt id = 1
2021-05-26 01:25:34.9195 INFO phil.reus@yahoo.com Adding player, Display name = Ike Smith's Welding Shop
2021-05-26 01:25:34.9351 INFO phil.reus@yahoo.com player saved ok
2021-05-26 01:25:35.1226 INFO phil.reus@yahoo.com role saved ok
2021-05-26 01:25:35.1695 INFO phil.reus@yahoo.com changes saved to database ok
2021-05-26 01:25:35.1695 INFO phil.reus@yahoo.com confirm email address = True
2021-05-26 01:27:44.5304 INFO {
  "success": true,
  "challenge_ts": "2021-05-26T08:27:31Z",
  "hostname": "predictioncomp.com"
}
2021-05-26 01:27:44.6402 INFO Account - Login (HttpPost) - phil.reus@yahoo.com logged in
2021-05-26 02:04:06.3385 INFO {
  "success": false,
  "error-codes": [
    "invalid-input-response"
  ]
}
2021-05-26 02:04:11.8386 INFO {
  "success": true,
  "challenge_ts": "2021-05-26T09:04:06Z",
  "hostname": "predictioncomp.com"
}
2021-05-26 02:04:11.9011 INFO Account - Login (HttpPost) - justinmercieca@gmail.com logged in
2021-05-26 02:24:13.3946 INFO dcamillu@gmail.com has registered
2021-05-26 02:24:13.5978 INFO {
  "success": true,
  "challenge_ts": "2021-05-26T09:23:39Z",
  "hostname": "predictioncomp.com"
}
2021-05-26 02:24:13.6603 INFO dcamillu@gmail.com Evenyt id = 1
2021-05-26 02:24:13.6759 INFO dcamillu@gmail.com Adding player, Display name = Camillu03
2021-05-26 02:24:13.6759 INFO dcamillu@gmail.com player saved ok
2021-05-26 02:24:13.7228 INFO dcamillu@gmail.com role saved ok
2021-05-26 02:24:13.7696 INFO dcamillu@gmail.com changes saved to database ok
2021-05-26 02:24:13.7696 INFO dcamillu@gmail.com confirm email address = True
2021-05-26 02:25:44.2700 INFO {
  "success": true,
  "challenge_ts": "2021-05-26T09:25:31Z",
  "hostname": "predictioncomp.com"
}
2021-05-26 02:25:44.3169 INFO Account - Login (HttpPost) - dcamillu@gmail.com logged in
2021-05-26 02:27:51.2396 INFO SetCachedItem = setting cache for ForceUpdate*4c7a2de3-108a-4c75-9f44-c86cf362ee48*1
2021-05-26 02:27:51.2552 INFO SetCachedItem = setting cache for ForceUpdate*4c7a2de3-108a-4c75-9f44-c86cf362ee48*1, with Expiry Date of 6/25/2021 9:27:51 AM
2021-05-26 02:59:44.0500 INFO {
  "success": true,
  "challenge_ts": "2021-05-26T09:59:40Z",
  "hostname": "predictioncomp.com"
}
2021-05-26 02:59:44.1125 INFO Account - Login (HttpPost) - pete@salsbury.co.uk logged in
2021-05-26 03:14:00.3189 INFO gabriel.breen@gmail.com has registered
2021-05-26 03:14:00.4282 INFO {
  "success": true,
  "challenge_ts": "2021-05-26T10:13:20Z",
  "hostname": "predictioncomp.com"
}
2021-05-26 03:14:00.4907 INFO gabriel.breen@gmail.com Evenyt id = 1
2021-05-26 03:14:00.4907 INFO gabriel.breen@gmail.com Adding player, Display name = Gabe
2021-05-26 03:14:00.4907 INFO gabriel.breen@gmail.com player saved ok
2021-05-26 03:14:00.6001 INFO gabriel.breen@gmail.com role saved ok
2021-05-26 03:14:00.6470 INFO gabriel.breen@gmail.com changes saved to database ok
2021-05-26 03:14:00.6470 INFO gabriel.breen@gmail.com confirm email address = True
2021-05-26 03:15:46.9441 INFO {
  "success": true,
  "challenge_ts": "2021-05-26T10:15:23Z",
  "hostname": "predictioncomp.com"
}
2021-05-26 03:15:46.9753 INFO Account - Login (HttpPost) - gabriel.breen@gmail.com logged in
2021-05-26 03:21:03.0415 INFO jepetocavale@yahoo.ca has registered
2021-05-26 03:21:03.0728 INFO {
  "success": true,
  "challenge_ts": "2021-05-26T10:20:17Z",
  "hostname": "www.predictioncomp.com"
}
2021-05-26 03:21:03.1196 INFO jepetocavale@yahoo.ca Evenyt id = 1
2021-05-26 03:21:03.1353 INFO jepetocavale@yahoo.ca Adding player, Display name = Jepeto
2021-05-26 03:21:03.1353 INFO jepetocavale@yahoo.ca player saved ok
2021-05-26 03:21:03.1665 INFO jepetocavale@yahoo.ca role saved ok
2021-05-26 03:21:03.1821 INFO jepetocavale@yahoo.ca changes saved to database ok
2021-05-26 03:21:03.1821 INFO jepetocavale@yahoo.ca confirm email address = True
2021-05-26 03:23:17.2003 INFO {
  "success": true,
  "challenge_ts": "2021-05-26T10:23:04Z",
  "hostname": "www.predictioncomp.com"
}
2021-05-26 03:23:17.2472 INFO Account - Login (HttpPost) - jepetocavale@yahoo.ca logged in
2021-05-26 03:25:04.0767 INFO SetCachedItem = setting cache for ForceUpdate*2e6086cc-36a5-4b03-972e-8102fbffc939*1
2021-05-26 03:25:04.0767 INFO SetCachedItem = setting cache for ForceUpdate*2e6086cc-36a5-4b03-972e-8102fbffc939*1, with Expiry Date of 6/25/2021 10:25:04 AM
2021-05-26 04:03:27.8068 INFO {
  "success": true,
  "challenge_ts": "2021-05-26T11:02:08Z",
  "hostname": "predictioncomp.com"
}
2021-05-26 04:03:27.8850 INFO Account - Login (HttpPost) - stexforbes@hotmail.com logged in
2021-05-26 04:06:59.2148 INFO SetCachedItem = setting cache for ForceUpdate*8e6d2d51-7eb2-4ea8-a5a7-6fbf2bb892c4*1
2021-05-26 04:06:59.2148 INFO SetCachedItem = setting cache for ForceUpdate*8e6d2d51-7eb2-4ea8-a5a7-6fbf2bb892c4*1, with Expiry Date of 6/25/2021 11:06:59 AM
2021-05-26 04:45:57.4099 INFO {
  "success": true,
  "challenge_ts": "2021-05-26T11:45:28Z",
  "hostname": "predictioncomp.com"
}
2021-05-26 04:46:15.6131 INFO {
  "success": true,
  "challenge_ts": "2021-05-26T11:45:58Z",
  "hostname": "predictioncomp.com"
}
2021-05-26 04:46:35.3790 INFO {
  "success": true,
  "challenge_ts": "2021-05-26T11:46:16Z",
  "hostname": "predictioncomp.com"
}
2021-05-26 04:46:35.5040 INFO Account - Login (HttpPost) - stexforbes@hotmail.com logged in
2021-05-26 05:55:24.2647 INFO hotsimon3@gmail.com has registered
2021-05-26 05:55:32.7491 INFO hotsimon3@gmail.com has errored. Error is as follows --> The remote name could not be resolved: 'www.google.com'
2021-05-26 06:09:55.8344 INFO tombudoman@yahoo.com has registered
2021-05-26 06:10:00.4438 INFO tombudoman@yahoo.com has errored. Error is as follows --> The remote name could not be resolved: 'www.google.com'
2021-05-26 06:11:16.7713 INFO tombudoman@yahoo.com has registered
2021-05-26 06:11:21.6930 INFO tombudoman@yahoo.com has errored. Error is as follows --> The remote name could not be resolved: 'www.google.com'
2021-05-26 06:12:40.8479 INFO Default Quartz.NET properties loaded from embedded resource file
2021-05-26 06:12:40.9260 INFO Initialized Scheduler Signaller of type: Quartz.Core.SchedulerSignalerImpl
2021-05-26 06:12:40.9260 INFO Quartz Scheduler v.3.2.2.0 created.
2021-05-26 06:12:40.9416 INFO JobFactory set to: Quartz.Simpl.PropertySettingJobFactory
2021-05-26 06:12:40.9416 INFO RAMJobStore initialized.
2021-05-26 06:12:40.9416 INFO Scheduler meta-data: Quartz Scheduler (v3.2.2.0) 'DefaultQuartzScheduler' with instanceId 'NON_CLUSTERED'
  Scheduler class: 'Quartz.Core.QuartzScheduler' - running locally.
  NOT STARTED.
  Currently in standby mode.
  Number of jobs executed: 0
  Using thread pool 'Quartz.Simpl.DefaultThreadPool' - with 10 threads.
  Using job-store 'Quartz.Simpl.RAMJobStore' - which does not support persistence. and is not clustered.

2021-05-26 06:12:40.9416 INFO Quartz scheduler 'DefaultQuartzScheduler' initialized
2021-05-26 06:12:40.9573 INFO Quartz scheduler version: 3.2.2.0
2021-05-26 06:12:40.9573 INFO Scheduler DefaultQuartzScheduler_$_NON_CLUSTERED started.
2021-05-26 06:12:41.1135 INFO Startup Configuration - Start
2021-05-26 06:12:41.1135 INFO SetEventCache - Start
2021-05-26 06:12:41.1760 INFO SetCachedItem = setting cache for Events
2021-05-26 06:12:41.1760 INFO SetCachedItem = setting cache for Events, with Expiry Date of 6/25/2021 1:12:41 PM
2021-05-26 06:12:41.1916 INFO SetNextResultCheckDateTime - Start - roundUp = False
2021-05-26 06:12:41.1916 INFO SetNextResultCheckDateTime - rapidApiResultChecks == null
2021-05-26 06:12:41.2541 INFO SetNextResultCheckDateTime - Set League 403 next check date to 6/11/2021 9:55:00 PM
2021-05-26 06:12:41.2541 INFO SetCachedItem = setting cache for NextFixtureCheckDateTime
2021-05-26 06:12:41.2541 INFO SetCachedItem = setting cache for NextFixtureCheckDateTime, with Expiry Date of 6/25/2021 1:12:41 PM
2021-05-26 06:13:00.0664 INFO SetCachedItem = setting cache for DailyRapidApiLeagueCheck, with Expiry Date of 5/27/2021 12:00:00 AM
2021-05-26 06:13:09.3944 INFO pete@salsbury.co.uk has errored logging in. Error is as follows --> The remote name could not be resolved: 'www.google.com'
2021-05-26 06:18:57.5956 INFO Default Quartz.NET properties loaded from embedded resource file
2021-05-26 06:18:57.6737 INFO Initialized Scheduler Signaller of type: Quartz.Core.SchedulerSignalerImpl
2021-05-26 06:18:57.6737 INFO Quartz Scheduler v.3.2.2.0 created.
2021-05-26 06:18:57.6893 INFO JobFactory set to: Quartz.Simpl.PropertySettingJobFactory
2021-05-26 06:18:57.6893 INFO RAMJobStore initialized.
2021-05-26 06:18:57.6893 INFO Scheduler meta-data: Quartz Scheduler (v3.2.2.0) 'DefaultQuartzScheduler' with instanceId 'NON_CLUSTERED'
  Scheduler class: 'Quartz.Core.QuartzScheduler' - running locally.
  NOT STARTED.
  Currently in standby mode.
  Number of jobs executed: 0
  Using thread pool 'Quartz.Simpl.DefaultThreadPool' - with 10 threads.
  Using job-store 'Quartz.Simpl.RAMJobStore' - which does not support persistence. and is not clustered.

2021-05-26 06:18:57.6893 INFO Quartz scheduler 'DefaultQuartzScheduler' initialized
2021-05-26 06:18:57.6893 INFO Quartz scheduler version: 3.2.2.0
2021-05-26 06:18:57.7050 INFO Scheduler DefaultQuartzScheduler_$_NON_CLUSTERED started.
2021-05-26 06:18:57.8456 INFO Startup Configuration - Start
2021-05-26 06:18:57.8456 INFO SetEventCache - Start
2021-05-26 06:18:57.8925 INFO SetCachedItem = setting cache for Events
2021-05-26 06:18:57.8925 INFO SetCachedItem = setting cache for Events, with Expiry Date of 6/25/2021 1:18:57 PM
2021-05-26 06:18:57.9081 INFO SetNextResultCheckDateTime - Start - roundUp = False
2021-05-26 06:18:57.9081 INFO SetNextResultCheckDateTime - rapidApiResultChecks == null
2021-05-26 06:18:57.9706 INFO SetNextResultCheckDateTime - Set League 403 next check date to 6/11/2021 9:55:00 PM
2021-05-26 06:18:57.9706 INFO SetCachedItem = setting cache for NextFixtureCheckDateTime
2021-05-26 06:18:57.9706 INFO SetCachedItem = setting cache for NextFixtureCheckDateTime, with Expiry Date of 6/25/2021 1:18:57 PM
2021-05-26 06:19:00.0643 INFO SetCachedItem = setting cache for DailyRapidApiLeagueCheck, with Expiry Date of 5/27/2021 12:00:00 AM
2021-05-26 06:19:21.6581 INFO  Google captcha has failed. Error is as follows --> The remote name could not be resolved: 'www.google.com'
2021-05-26 06:19:22.2831 INFO Account - Login (HttpPost) - pete@salsbury.co.uk logged in
2021-05-26 06:27:30.2572 INFO Default Quartz.NET properties loaded from embedded resource file
2021-05-26 06:27:30.3353 INFO Initialized Scheduler Signaller of type: Quartz.Core.SchedulerSignalerImpl
2021-05-26 06:27:30.3353 INFO Quartz Scheduler v.3.2.2.0 created.
2021-05-26 06:27:30.3509 INFO JobFactory set to: Quartz.Simpl.PropertySettingJobFactory
2021-05-26 06:27:30.3509 INFO RAMJobStore initialized.
2021-05-26 06:27:30.3509 INFO Scheduler meta-data: Quartz Scheduler (v3.2.2.0) 'DefaultQuartzScheduler' with instanceId 'NON_CLUSTERED'
  Scheduler class: 'Quartz.Core.QuartzScheduler' - running locally.
  NOT STARTED.
  Currently in standby mode.
  Number of jobs executed: 0
  Using thread pool 'Quartz.Simpl.DefaultThreadPool' - with 10 threads.
  Using job-store 'Quartz.Simpl.RAMJobStore' - which does not support persistence. and is not clustered.

2021-05-26 06:27:30.3509 INFO Quartz scheduler 'DefaultQuartzScheduler' initialized
2021-05-26 06:27:30.3509 INFO Quartz scheduler version: 3.2.2.0
2021-05-26 06:27:30.3665 INFO Scheduler DefaultQuartzScheduler_$_NON_CLUSTERED started.
2021-05-26 06:27:30.5072 INFO Startup Configuration - Start
2021-05-26 06:27:30.5072 INFO SetEventCache - Start
2021-05-26 06:27:30.5697 INFO SetCachedItem = setting cache for Events
2021-05-26 06:27:30.5697 INFO SetCachedItem = setting cache for Events, with Expiry Date of 6/25/2021 1:27:30 PM
2021-05-26 06:27:30.5853 INFO SetNextResultCheckDateTime - Start - roundUp = False
2021-05-26 06:27:30.5853 INFO SetNextResultCheckDateTime - rapidApiResultChecks == null
2021-05-26 06:27:30.6634 INFO SetNextResultCheckDateTime - Set League 403 next check date to 6/11/2021 9:55:00 PM
2021-05-26 06:27:30.6634 INFO SetCachedItem = setting cache for NextFixtureCheckDateTime
2021-05-26 06:27:30.6634 INFO SetCachedItem = setting cache for NextFixtureCheckDateTime, with Expiry Date of 6/25/2021 1:27:30 PM
2021-05-26 06:28:00.0542 INFO SetCachedItem = setting cache for DailyRapidApiLeagueCheck, with Expiry Date of 5/27/2021 12:00:00 AM
2021-05-26 06:32:37.6499 INFO {
  "success": true,
  "challenge_ts": "2021-05-26T13:32:34Z",
  "hostname": "predictioncomp.com"
}
2021-05-26 06:32:38.0092 INFO Account - Login (HttpPost) - pete@salsbury.co.uk logged in
2021-05-26 06:54:35.6901 INFO {
  "success": true,
  "challenge_ts": "2021-05-26T13:54:29Z",
  "hostname": "predictioncomp.com"
}
2021-05-26 06:54:35.7838 INFO Account - Login (HttpPost) - pete@salsbury.co.uk logged in
2021-05-26 07:29:57.4049 INFO Hotsimon3@gmail.com has registered
2021-05-26 07:29:57.6393 INFO {
  "success": true,
  "challenge_ts": "2021-05-26T14:28:03Z",
  "hostname": "www.predictioncomp.com"
}
2021-05-26 07:29:58.0299 INFO Hotsimon3@gmail.com Evenyt id = 1
2021-05-26 07:29:58.0299 INFO Hotsimon3@gmail.com Adding player, Display name = Hotsimon
2021-05-26 07:29:58.0456 INFO Hotsimon3@gmail.com player saved ok
2021-05-26 07:29:58.1862 INFO Hotsimon3@gmail.com role saved ok
2021-05-26 07:29:58.2799 INFO Hotsimon3@gmail.com changes saved to database ok
2021-05-26 07:29:58.2799 INFO Hotsimon3@gmail.com confirm email address = True
2021-05-26 07:35:46.8630 INFO {
  "success": true,
  "challenge_ts": "2021-05-26T14:35:24Z",
  "hostname": "www.predictioncomp.com"
}
2021-05-26 07:35:46.9568 INFO Account - Login (HttpPost) - Hotsimon3@gmail.com logged in
2021-05-26 07:48:17.8669 INFO barrydibbs@hotmail.com has registered
2021-05-26 07:48:17.9919 INFO {
  "success": true,
  "challenge_ts": "2021-05-26T14:47:19Z",
  "hostname": "predictioncomp.com"
}
2021-05-26 07:48:18.0388 INFO barrydibbs@hotmail.com Evenyt id = 1
2021-05-26 07:48:18.0388 INFO barrydibbs@hotmail.com Adding player, Display name = BDibbs
2021-05-26 07:48:18.0388 INFO barrydibbs@hotmail.com player saved ok
2021-05-26 07:48:18.0700 INFO barrydibbs@hotmail.com role saved ok
2021-05-26 07:48:18.0700 INFO barrydibbs@hotmail.com changes saved to database ok
2021-05-26 07:48:18.0700 INFO barrydibbs@hotmail.com confirm email address = True
2021-05-26 07:50:02.9770 INFO {
  "success": true,
  "challenge_ts": "2021-05-26T14:49:50Z",
  "hostname": "predictioncomp.com"
}
2021-05-26 07:50:03.0395 INFO Account - Login (HttpPost) - barrydibbs@hotmail.com logged in
2021-05-26 07:50:36.8518 INFO SetCachedItem = setting cache for ForceUpdate*f0fb9469-b873-440a-aa63-0cba9c4df06e*1
2021-05-26 07:50:36.8518 INFO SetCachedItem = setting cache for ForceUpdate*f0fb9469-b873-440a-aa63-0cba9c4df06e*1, with Expiry Date of 6/25/2021 2:50:36 PM
2021-05-26 08:01:37.2778 INFO {
  "success": true,
  "challenge_ts": "2021-05-26T15:01:19Z",
  "hostname": "predictioncomp.com"
}
2021-05-26 08:01:37.3247 INFO Account - Login (HttpPost) - phil.reus@yahoo.com logged in
2021-05-26 08:01:49.4029 INFO {
  "success": true,
  "challenge_ts": "2021-05-26T15:01:27Z",
  "hostname": "www.predictioncomp.com"
}
2021-05-26 08:01:49.4497 INFO Account - Login (HttpPost) - hotsimon3@gmail.com logged in
2021-05-26 08:02:25.4968 INFO SetCachedItem = setting cache for ForceUpdate*040bc641-774d-4973-869c-255a0f74f048*1
2021-05-26 08:02:25.4968 INFO SetCachedItem = setting cache for ForceUpdate*040bc641-774d-4973-869c-255a0f74f048*1, with Expiry Date of 6/25/2021 3:02:25 PM
2021-05-26 08:44:29.6305 INFO SetCachedItem = setting cache for ForceUpdate*11282283-6c1e-4997-ab56-384665bd54ea*1
2021-05-26 08:44:29.6305 INFO SetCachedItem = setting cache for ForceUpdate*11282283-6c1e-4997-ab56-384665bd54ea*1, with Expiry Date of 6/25/2021 3:44:29 PM
2021-05-26 08:44:52.3046 INFO SetCachedItem = setting cache for ForceUpdate*11282283-6c1e-4997-ab56-384665bd54ea*1
2021-05-26 08:44:52.3046 INFO SetCachedItem = setting cache for ForceUpdate*11282283-6c1e-4997-ab56-384665bd54ea*1, with Expiry Date of 6/25/2021 3:44:52 PM
2021-05-26 09:49:11.5719 INFO {
  "success": true,
  "challenge_ts": "2021-05-26T16:48:58Z",
  "hostname": "www.predictioncomp.com"
}
2021-05-26 09:49:11.6657 INFO Account - Login (HttpPost) - pytournier@gmail.com logged in
2021-05-26 11:40:58.8033 INFO {
  "success": true,
  "challenge_ts": "2021-05-26T18:40:40Z",
  "hostname": "www.predictioncomp.com"
}
2021-05-26 12:31:03.0630 INFO martinhugh@live.co.uk has registered
2021-05-26 12:31:03.6255 INFO {
  "success": true,
  "challenge_ts": "2021-05-26T19:30:18Z",
  "hostname": "predictioncomp.com"
}
2021-05-26 12:31:52.5952 INFO martin.ferry@strath.ac.uk has registered
2021-05-26 12:31:52.6108 INFO {
  "success": true,
  "challenge_ts": "2021-05-26T19:31:05Z",
  "hostname": "predictioncomp.com"
}
2021-05-26 12:32:15.5648 INFO {
  "success": true,
  "challenge_ts": "2021-05-26T19:32:01Z",
  "hostname": "predictioncomp.com"
}
2021-05-26 12:33:26.5668 INFO martinhugh@live.co.uk has registered
2021-05-26 12:33:26.6449 INFO {
  "success": false,
  "error-codes": [
    "invalid-input-response"
  ]
}
2021-05-26 12:33:52.5202 INFO martinhugh@live.co.uk has registered
2021-05-26 12:33:52.6609 INFO {
  "success": true,
  "challenge_ts": "2021-05-26T19:33:26Z",
  "hostname": "predictioncomp.com"
}
2021-05-26 12:35:02.7256 INFO martin.ferry@strath.ac.uk has registered
2021-05-26 12:35:02.7412 INFO {
  "success": true,
  "challenge_ts": "2021-05-26T19:33:53Z",
  "hostname": "predictioncomp.com"
}
2021-05-26 12:35:22.9756 INFO {
  "success": true,
  "challenge_ts": "2021-05-26T19:35:07Z",
  "hostname": "predictioncomp.com"
}
2021-05-26 12:35:46.5696 INFO {
  "success": true,
  "challenge_ts": "2021-05-26T19:35:23Z",
  "hostname": "predictioncomp.com"
}
2021-05-26 12:35:46.6634 INFO Account - Login (HttpPost) - martin.ferry@strath.ac.uk logged in
2021-05-26 12:41:55.7888 INFO martinhugh@live.co.uk has registered
2021-05-26 12:41:55.8200 INFO {
  "success": true,
  "challenge_ts": "2021-05-26T19:41:24Z",
  "hostname": "predictioncomp.com"
}
2021-05-26 12:45:07.6494 INFO martin.ferry@strath.ac.uk has registered
2021-05-26 12:45:07.8056 INFO {
  "success": true,
  "challenge_ts": "2021-05-26T19:41:56Z",
  "hostname": "predictioncomp.com"
}
2021-05-26 12:46:29.0718 INFO {
  "success": true,
  "challenge_ts": "2021-05-26T19:46:17Z",
  "hostname": "predictioncomp.com"
}
2021-05-26 12:46:51.1813 INFO {
  "success": true,
  "challenge_ts": "2021-05-26T19:46:29Z",
  "hostname": "predictioncomp.com"
}
2021-05-26 12:46:51.2438 INFO Account - Login (HttpPost) - martin.ferry@strath.ac.uk logged in
2021-05-26 12:49:19.6818 INFO eva.moreda@gmail.com has registered
2021-05-26 12:49:19.7131 INFO {
  "success": true,
  "challenge_ts": "2021-05-26T19:48:35Z",
  "hostname": "predictioncomp.com"
}
2021-05-26 12:49:19.7600 INFO eva.moreda@gmail.com Evenyt id = 1
2021-05-26 12:49:19.7756 INFO eva.moreda@gmail.com Adding player, Display name = Armitage Shanks
2021-05-26 12:49:19.7756 INFO eva.moreda@gmail.com player saved ok
2021-05-26 12:49:19.8693 INFO eva.moreda@gmail.com role saved ok
2021-05-26 12:49:19.9162 INFO eva.moreda@gmail.com changes saved to database ok
2021-05-26 12:49:19.9162 INFO eva.moreda@gmail.com confirm email address = True
2021-05-26 12:52:23.7614 INFO {
  "success": true,
  "challenge_ts": "2021-05-26T19:52:06Z",
  "hostname": "predictioncomp.com"
}
2021-05-26 12:52:23.8396 INFO Account - Login (HttpPost) - eva.moreda@gmail.com logged in
2021-05-26 12:53:47.8716 INFO SetCachedItem = setting cache for ForceUpdate*bbb71de3-3a12-4f68-9b50-eb3a7bc13021*1
2021-05-26 12:53:47.8716 INFO SetCachedItem = setting cache for ForceUpdate*bbb71de3-3a12-4f68-9b50-eb3a7bc13021*1, with Expiry Date of 6/25/2021 7:53:47 PM
2021-05-26 14:11:14.2847 INFO Default Quartz.NET properties loaded from embedded resource file
2021-05-26 14:11:14.3628 INFO Initialized Scheduler Signaller of type: Quartz.Core.SchedulerSignalerImpl
2021-05-26 14:11:14.3628 INFO Quartz Scheduler v.3.2.2.0 created.
2021-05-26 14:11:14.3784 INFO JobFactory set to: Quartz.Simpl.PropertySettingJobFactory
2021-05-26 14:11:14.3784 INFO RAMJobStore initialized.
2021-05-26 14:11:14.3784 INFO Scheduler meta-data: Quartz Scheduler (v3.2.2.0) 'DefaultQuartzScheduler' with instanceId 'NON_CLUSTERED'
  Scheduler class: 'Quartz.Core.QuartzScheduler' - running locally.
  NOT STARTED.
  Currently in standby mode.
  Number of jobs executed: 0
  Using thread pool 'Quartz.Simpl.DefaultThreadPool' - with 10 threads.
  Using job-store 'Quartz.Simpl.RAMJobStore' - which does not support persistence. and is not clustered.

2021-05-26 14:11:14.3784 INFO Quartz scheduler 'DefaultQuartzScheduler' initialized
2021-05-26 14:11:14.3784 INFO Quartz scheduler version: 3.2.2.0
2021-05-26 14:11:14.3941 INFO Scheduler DefaultQuartzScheduler_$_NON_CLUSTERED started.
2021-05-26 14:11:14.5816 INFO Startup Configuration - Start
2021-05-26 14:11:14.5816 INFO SetEventCache - Start
2021-05-26 14:11:14.6597 INFO SetCachedItem = setting cache for Events
2021-05-26 14:11:14.6597 INFO SetCachedItem = setting cache for Events, with Expiry Date of 6/25/2021 9:11:14 PM
2021-05-26 14:11:14.6597 INFO SetNextResultCheckDateTime - Start - roundUp = False
2021-05-26 14:11:14.6597 INFO SetNextResultCheckDateTime - rapidApiResultChecks == null
2021-05-26 14:11:14.7066 INFO SetNextResultCheckDateTime - Set League 403 next check date to 6/11/2021 9:55:00 PM
2021-05-26 14:11:14.7222 INFO SetCachedItem = setting cache for NextFixtureCheckDateTime
2021-05-26 14:11:14.7222 INFO SetCachedItem = setting cache for NextFixtureCheckDateTime, with Expiry Date of 6/25/2021 9:11:14 PM
2021-05-26 14:12:00.0507 INFO SetCachedItem = setting cache for DailyRapidApiLeagueCheck, with Expiry Date of 5/27/2021 12:00:00 AM
