2021-02-07 19:04:58.7900 INFO Default Quartz.NET properties loaded from embedded resource file
2021-02-07 19:04:58.8638 INFO Initialized Scheduler Signaller of type: Quartz.Core.SchedulerSignalerImpl
2021-02-07 19:04:58.8638 INFO Quartz Scheduler v.3.2.2.0 created.
2021-02-07 19:04:58.8858 INFO JobFactory set to: Quartz.Simpl.PropertySettingJobFactory
2021-02-07 19:04:58.8858 INFO RAMJobStore initialized.
2021-02-07 19:04:58.8918 INFO Scheduler meta-data: Quartz Scheduler (v3.2.2.0) 'DefaultQuartzScheduler' with instanceId 'NON_CLUSTERED'
  Scheduler class: 'Quartz.Core.QuartzScheduler' - running locally.
  NOT STARTED.
  Currently in standby mode.
  Number of jobs executed: 0
  Using thread pool 'Quartz.Simpl.DefaultThreadPool' - with 10 threads.
  Using job-store 'Quartz.Simpl.RAMJobStore' - which does not support persistence. and is not clustered.

2021-02-07 19:04:59.0094 INFO Quartz scheduler 'DefaultQuartzScheduler' initialized
2021-02-07 19:04:59.0094 INFO Quartz scheduler version: 3.2.2.0
2021-02-07 19:04:59.0234 INFO Scheduler DefaultQuartzScheduler_$_NON_CLUSTERED started.
2021-02-07 19:04:59.1680 INFO Startup Configuration - Start
2021-02-07 19:04:59.1680 INFO SetEventCache - Start
2021-02-07 19:04:59.2309 INFO SetCachedItem = setting cache for Events
2021-02-07 19:04:59.2309 INFO SetCachedItem = setting cache for Events, with Expiry Date of 09/03/2021 19:04:59
2021-02-07 19:04:59.2368 INFO SetNextResultCheckDateTime - Start - roundUp = False
2021-02-07 19:04:59.2368 INFO SetNextResultCheckDateTime - rapidApiResultChecks == null
2021-02-07 19:04:59.2847 INFO SetNextResultCheckDateTime - Set League 2790 next check date to 06/02/2021 14:25:00
2021-02-07 19:04:59.2847 INFO SetCachedItem = setting cache for NextFixtureCheckDateTime
2021-02-07 19:04:59.2847 INFO SetCachedItem = setting cache for NextFixtureCheckDateTime, with Expiry Date of 09/03/2021 19:04:59
2021-02-07 19:05:00.0746 INFO GetRapidApiResults = Getting results from RapidApi 2790. FixtureDateTime = 06/02/2021 00:00:00, Now = 07/02/2021 19:05:00
2021-02-07 19:05:00.0746 INFO FixturesByLeague - League = 2790, EarliestDate = 06/02/2021 00:00:00
2021-02-07 19:05:03.5104 INFO SetEventCache - Start
2021-02-07 19:05:03.5144 INFO SetCachedItem = setting cache for Events
2021-02-07 19:05:03.5144 INFO SetCachedItem = setting cache for Events, with Expiry Date of 09/03/2021 19:05:03
2021-02-07 19:05:03.5144 INFO SetNextResultCheckDateTime - Start - roundUp = True
2021-02-07 19:05:03.5144 INFO SetNextResultCheckDateTime - Set League 2790 next check date to 07/02/2021 21:10:00
2021-02-07 19:05:03.5144 INFO SetCachedItem = setting cache for NextFixtureCheckDateTime
2021-02-07 19:05:03.5144 INFO SetCachedItem = setting cache for NextFixtureCheckDateTime, with Expiry Date of 09/03/2021 19:05:03
2021-02-07 19:05:03.5304 INFO DailyRapidApiLeagueCheck --> lastDate = 06/02/2021 00:00:00, Now = 07/02/2021 00:00:00
2021-02-07 19:05:03.5304 INFO SetCachedItem = setting cache for DailyRapidApiLeagueCheck, with Expiry Date of 08/02/2021 00:00:00
2021-02-07 19:05:03.5304 INFO DailyRapidApiLeagueCheck --> Performing daily league update
2021-02-07 19:05:03.5702 INFO FixturesByLeague - League = 2790, EarliestDate = 07/02/2021 00:00:00
2021-02-07 19:05:05.6198 INFO FixturesByOdds - League = 2790
2021-02-07 19:05:08.9588 INFO OddsByLeagueAndBookmaker - League = 2790, pageNbr = 2
2021-02-07 19:05:12.0645 INFO OddsByLeagueAndBookmaker - League = 2790, pageNbr = 3
2021-02-07 19:05:14.7723 INFO OddsByLeagueAndBookmaker - League = 2790, pageNbr = 4
2021-02-07 19:05:18.0942 INFO OddsByLeagueAndBookmaker - League = 2790, pageNbr = 5
2021-02-07 19:05:21.0760 INFO OddsByLeagueAndBookmaker - League = 2790, pageNbr = 6
2021-02-07 19:05:23.2152 INFO OddsByLeagueAndBookmaker - League = 2790, pageNbr = 0
2021-02-07 19:05:23.2231 INFO FixturesByLeague - League = 2794, EarliestDate = 06/02/2021 00:00:00
2021-02-07 19:05:25.7431 INFO SetEventCache - Start
2021-02-07 19:05:25.7431 INFO SetCachedItem = setting cache for Events
2021-02-07 19:05:25.7431 INFO SetCachedItem = setting cache for Events, with Expiry Date of 09/03/2021 19:05:25
2021-02-07 19:05:25.7431 INFO FixturesByOdds - League = 2794
2021-02-07 19:05:28.0295 INFO OddsByLeagueAndBookmaker - League = 2794, pageNbr = 2
2021-02-07 19:05:30.0976 INFO OddsByLeagueAndBookmaker - League = 2794, pageNbr = 3
2021-02-07 19:05:32.4275 INFO OddsByLeagueAndBookmaker - League = 2794, pageNbr = 4
2021-02-07 19:05:35.2750 INFO OddsByLeagueAndBookmaker - League = 2794, pageNbr = 5
2021-02-07 19:05:38.2621 INFO OddsByLeagueAndBookmaker - League = 2794, pageNbr = 6
2021-02-07 19:05:41.1098 INFO OddsByLeagueAndBookmaker - League = 2794, pageNbr = 0
2021-02-07 19:10:57.2342 INFO Default Quartz.NET properties loaded from embedded resource file
2021-02-07 19:10:57.2920 INFO Initialized Scheduler Signaller of type: Quartz.Core.SchedulerSignalerImpl
2021-02-07 19:10:57.3219 INFO Quartz Scheduler v.3.2.2.0 created.
2021-02-07 19:10:57.3489 INFO JobFactory set to: Quartz.Simpl.PropertySettingJobFactory
2021-02-07 19:10:57.3668 INFO RAMJobStore initialized.
2021-02-07 19:10:57.3668 INFO Scheduler meta-data: Quartz Scheduler (v3.2.2.0) 'DefaultQuartzScheduler' with instanceId 'NON_CLUSTERED'
  Scheduler class: 'Quartz.Core.QuartzScheduler' - running locally.
  NOT STARTED.
  Currently in standby mode.
  Number of jobs executed: 0
  Using thread pool 'Quartz.Simpl.DefaultThreadPool' - with 10 threads.
  Using job-store 'Quartz.Simpl.RAMJobStore' - which does not support persistence. and is not clustered.

2021-02-07 19:10:57.3668 INFO Quartz scheduler 'DefaultQuartzScheduler' initialized
2021-02-07 19:10:57.3728 INFO Quartz scheduler version: 3.2.2.0
2021-02-07 19:10:57.3728 INFO Scheduler DefaultQuartzScheduler_$_NON_CLUSTERED started.
2021-02-07 19:10:57.5035 INFO Startup Configuration - Start
2021-02-07 19:10:57.5035 INFO SetEventCache - Start
2021-02-07 19:10:57.5494 INFO SetCachedItem = setting cache for Events
2021-02-07 19:10:57.5494 INFO SetCachedItem = setting cache for Events, with Expiry Date of 09/03/2021 19:10:57
2021-02-07 19:10:57.5494 INFO SetNextResultCheckDateTime - Start - roundUp = False
2021-02-07 19:10:57.5494 INFO SetNextResultCheckDateTime - rapidApiResultChecks == null
2021-02-07 19:10:57.5872 INFO SetNextResultCheckDateTime - Set League 2790 next check date to 07/02/2021 21:10:00
2021-02-07 19:10:57.5872 INFO SetCachedItem = setting cache for NextFixtureCheckDateTime
2021-02-07 19:10:57.5872 INFO SetCachedItem = setting cache for NextFixtureCheckDateTime, with Expiry Date of 09/03/2021 19:10:57
2021-02-07 19:11:00.0691 INFO DailyRapidApiLeagueCheck --> lastDate = 06/02/2021 00:00:00, Now = 07/02/2021 00:00:00
2021-02-07 19:11:00.3235 INFO SetCachedItem = setting cache for DailyRapidApiLeagueCheck, with Expiry Date of 08/02/2021 00:00:00
2021-02-07 19:11:00.3325 INFO DailyRapidApiLeagueCheck --> Performing daily league update
2021-02-07 19:29:33.9949 INFO Default Quartz.NET properties loaded from embedded resource file
2021-02-07 19:29:34.0537 INFO Initialized Scheduler Signaller of type: Quartz.Core.SchedulerSignalerImpl
2021-02-07 19:29:34.0836 INFO Quartz Scheduler v.3.2.2.0 created.
2021-02-07 19:29:34.1185 INFO JobFactory set to: Quartz.Simpl.PropertySettingJobFactory
2021-02-07 19:29:34.1385 INFO RAMJobStore initialized.
2021-02-07 19:29:34.1385 INFO Scheduler meta-data: Quartz Scheduler (v3.2.2.0) 'DefaultQuartzScheduler' with instanceId 'NON_CLUSTERED'
  Scheduler class: 'Quartz.Core.QuartzScheduler' - running locally.
  NOT STARTED.
  Currently in standby mode.
  Number of jobs executed: 0
  Using thread pool 'Quartz.Simpl.DefaultThreadPool' - with 10 threads.
  Using job-store 'Quartz.Simpl.RAMJobStore' - which does not support persistence. and is not clustered.

2021-02-07 19:29:34.1385 INFO Quartz scheduler 'DefaultQuartzScheduler' initialized
2021-02-07 19:29:34.1385 INFO Quartz scheduler version: 3.2.2.0
2021-02-07 19:29:34.1565 INFO Scheduler DefaultQuartzScheduler_$_NON_CLUSTERED started.
2021-02-07 19:29:34.2891 INFO Startup Configuration - Start
2021-02-07 19:29:34.2891 INFO SetEventCache - Start
2021-02-07 19:29:34.3354 INFO SetCachedItem = setting cache for Events
2021-02-07 19:29:34.3354 INFO SetCachedItem = setting cache for Events, with Expiry Date of 09/03/2021 19:29:34
2021-02-07 19:29:34.3354 INFO SetNextResultCheckDateTime - Start - roundUp = False
2021-02-07 19:29:34.3354 INFO SetNextResultCheckDateTime - rapidApiResultChecks == null
2021-02-07 19:29:34.3743 INFO SetNextResultCheckDateTime - Set League 2790 next check date to 07/02/2021 21:10:00
2021-02-07 19:29:34.3743 INFO SetCachedItem = setting cache for NextFixtureCheckDateTime
2021-02-07 19:29:34.3743 INFO SetCachedItem = setting cache for NextFixtureCheckDateTime, with Expiry Date of 09/03/2021 19:29:34
2021-02-07 19:30:00.0541 INFO DailyRapidApiLeagueCheck --> lastDate = 06/02/2021 00:00:00, Now = 07/02/2021 00:00:00
2021-02-07 19:30:00.3194 INFO SetCachedItem = setting cache for DailyRapidApiLeagueCheck, with Expiry Date of 08/02/2021 00:00:00
2021-02-07 19:30:00.3194 INFO DailyRapidApiLeagueCheck --> Performing daily league update
2021-02-07 19:31:12.9821 INFO FixturesByLeague - League = 403, EarliestDate = 01/01/0001 00:00:00
2021-02-07 19:31:26.4285 INFO SetEventCache - Start
2021-02-07 19:31:26.4375 INFO SetCachedItem = setting cache for Events
2021-02-07 19:31:26.4535 INFO SetCachedItem = setting cache for Events, with Expiry Date of 09/03/2021 19:31:26
2021-02-07 19:31:26.7816 INFO SetEventCache - Start
2021-02-07 19:31:26.8015 INFO SetCachedItem = setting cache for Events
2021-02-07 19:31:26.8165 INFO SetCachedItem = setting cache for Events, with Expiry Date of 09/03/2021 19:31:26
2021-02-07 19:47:27.1392 INFO Default Quartz.NET properties loaded from embedded resource file
2021-02-07 19:47:27.2011 INFO Initialized Scheduler Signaller of type: Quartz.Core.SchedulerSignalerImpl
2021-02-07 19:47:27.2469 INFO Quartz Scheduler v.3.2.2.0 created.
2021-02-07 19:47:27.2928 INFO JobFactory set to: Quartz.Simpl.PropertySettingJobFactory
2021-02-07 19:47:27.3247 INFO RAMJobStore initialized.
2021-02-07 19:47:27.3317 INFO Scheduler meta-data: Quartz Scheduler (v3.2.2.0) 'DefaultQuartzScheduler' with instanceId 'NON_CLUSTERED'
  Scheduler class: 'Quartz.Core.QuartzScheduler' - running locally.
  NOT STARTED.
  Currently in standby mode.
  Number of jobs executed: 0
  Using thread pool 'Quartz.Simpl.DefaultThreadPool' - with 10 threads.
  Using job-store 'Quartz.Simpl.RAMJobStore' - which does not support persistence. and is not clustered.

2021-02-07 19:47:27.3317 INFO Quartz scheduler 'DefaultQuartzScheduler' initialized
2021-02-07 19:47:27.3317 INFO Quartz scheduler version: 3.2.2.0
2021-02-07 19:47:27.3536 INFO Scheduler DefaultQuartzScheduler_$_NON_CLUSTERED started.
2021-02-07 19:47:27.4983 INFO Startup Configuration - Start
2021-02-07 19:47:27.4983 INFO SetEventCache - Start
2021-02-07 19:47:27.5451 INFO SetCachedItem = setting cache for Events
2021-02-07 19:47:27.5451 INFO SetCachedItem = setting cache for Events, with Expiry Date of 09/03/2021 19:47:27
2021-02-07 19:47:27.5451 INFO SetNextResultCheckDateTime - Start - roundUp = False
2021-02-07 19:47:27.5451 INFO SetNextResultCheckDateTime - rapidApiResultChecks == null
2021-02-07 19:47:27.5920 INFO SetNextResultCheckDateTime - Set League 2790 next check date to 07/02/2021 21:10:00
2021-02-07 19:47:27.5920 INFO SetCachedItem = setting cache for NextFixtureCheckDateTime
2021-02-07 19:47:27.5920 INFO SetCachedItem = setting cache for NextFixtureCheckDateTime, with Expiry Date of 09/03/2021 19:47:27
2021-02-07 19:48:00.0589 INFO SetCachedItem = setting cache for DailyRapidApiLeagueCheck, with Expiry Date of 08/02/2021 00:00:00
2021-02-07 19:48:38.7741 INFO SetEventCache - Start
2021-02-07 19:48:38.7801 INFO SetCachedItem = setting cache for Events
2021-02-07 19:48:38.7801 INFO SetCachedItem = setting cache for Events, with Expiry Date of 09/03/2021 19:48:38
2021-02-07 19:48:48.2064 INFO SetCachedItem = setting cache for Events
2021-02-07 19:48:48.2064 INFO SetCachedItem = setting cache for Events, with Expiry Date of 09/03/2021 19:48:48
2021-02-07 19:48:49.0363 INFO SetCachedItem = setting cache for Events
2021-02-07 19:48:49.0482 INFO SetCachedItem = setting cache for Events, with Expiry Date of 09/03/2021 19:48:49
2021-02-07 19:48:50.2850 INFO SetCachedItem = setting cache for Events
2021-02-07 19:48:50.2850 INFO SetCachedItem = setting cache for Events, with Expiry Date of 09/03/2021 19:48:50
2021-02-07 19:48:50.9283 INFO SetCachedItem = setting cache for Events
2021-02-07 19:48:50.9283 INFO SetCachedItem = setting cache for Events, with Expiry Date of 09/03/2021 19:48:50
2021-02-07 19:48:52.1514 INFO SetCachedItem = setting cache for Events
2021-02-07 19:48:52.1514 INFO SetCachedItem = setting cache for Events, with Expiry Date of 09/03/2021 19:48:52
2021-02-07 19:48:52.8491 INFO SetCachedItem = setting cache for Events
2021-02-07 19:48:52.8491 INFO SetCachedItem = setting cache for Events, with Expiry Date of 09/03/2021 19:48:52
2021-02-07 19:48:53.3348 INFO SetCachedItem = setting cache for Events
2021-02-07 19:48:53.3348 INFO SetCachedItem = setting cache for Events, with Expiry Date of 09/03/2021 19:48:53
2021-02-07 19:48:54.5832 INFO SetCachedItem = setting cache for Events
2021-02-07 19:48:54.5832 INFO SetCachedItem = setting cache for Events, with Expiry Date of 09/03/2021 19:48:54
2021-02-07 19:49:29.1914 INFO SetCachedItem = setting cache for Events
2021-02-07 19:49:29.1914 INFO SetCachedItem = setting cache for Events, with Expiry Date of 09/03/2021 19:49:29
2021-02-07 19:49:30.1486 INFO SetCachedItem = setting cache for Events
2021-02-07 19:49:30.1486 INFO SetCachedItem = setting cache for Events, with Expiry Date of 09/03/2021 19:49:30
2021-02-07 19:49:58.9318 INFO SetCachedItem = setting cache for Events
2021-02-07 19:49:58.9318 INFO SetCachedItem = setting cache for Events, with Expiry Date of 09/03/2021 19:49:58
2021-02-07 19:49:59.7894 INFO SetCachedItem = setting cache for Events
2021-02-07 19:49:59.8024 INFO SetCachedItem = setting cache for Events, with Expiry Date of 09/03/2021 19:49:59
2021-02-07 19:50:00.4018 INFO SetCachedItem = setting cache for Events
2021-02-07 19:50:00.4018 INFO SetCachedItem = setting cache for Events, with Expiry Date of 09/03/2021 19:50:00
2021-02-07 19:50:00.9224 INFO SetCachedItem = setting cache for Events
2021-02-07 19:50:00.9224 INFO SetCachedItem = setting cache for Events, with Expiry Date of 09/03/2021 19:50:00
2021-02-07 19:50:01.5079 INFO SetCachedItem = setting cache for Events
2021-02-07 19:50:01.5079 INFO SetCachedItem = setting cache for Events, with Expiry Date of 09/03/2021 19:50:01
2021-02-07 19:50:02.2033 INFO SetCachedItem = setting cache for Events
2021-02-07 19:50:02.2033 INFO SetCachedItem = setting cache for Events, with Expiry Date of 09/03/2021 19:50:02
2021-02-07 19:50:02.7472 INFO SetCachedItem = setting cache for Events
2021-02-07 19:50:02.7482 INFO SetCachedItem = setting cache for Events, with Expiry Date of 09/03/2021 19:50:02
2021-02-07 19:50:03.2752 INFO SetCachedItem = setting cache for Events
2021-02-07 19:50:03.2752 INFO SetCachedItem = setting cache for Events, with Expiry Date of 09/03/2021 19:50:03
2021-02-07 19:50:04.6557 INFO SetCachedItem = setting cache for Events
2021-02-07 19:50:04.6557 INFO SetCachedItem = setting cache for Events, with Expiry Date of 09/03/2021 19:50:04
2021-02-07 20:06:33.0419 INFO Default Quartz.NET properties loaded from embedded resource file
2021-02-07 20:06:33.1585 INFO Initialized Scheduler Signaller of type: Quartz.Core.SchedulerSignalerImpl
2021-02-07 20:06:33.2094 INFO Quartz Scheduler v.3.2.2.0 created.
2021-02-07 20:06:33.2772 INFO JobFactory set to: Quartz.Simpl.PropertySettingJobFactory
2021-02-07 20:06:33.3400 INFO RAMJobStore initialized.
2021-02-07 20:06:33.3500 INFO Scheduler meta-data: Quartz Scheduler (v3.2.2.0) 'DefaultQuartzScheduler' with instanceId 'NON_CLUSTERED'
  Scheduler class: 'Quartz.Core.QuartzScheduler' - running locally.
  NOT STARTED.
  Currently in standby mode.
  Number of jobs executed: 0
  Using thread pool 'Quartz.Simpl.DefaultThreadPool' - with 10 threads.
  Using job-store 'Quartz.Simpl.RAMJobStore' - which does not support persistence. and is not clustered.

2021-02-07 20:06:33.3500 INFO Quartz scheduler 'DefaultQuartzScheduler' initialized
2021-02-07 20:06:33.3500 INFO Quartz scheduler version: 3.2.2.0
2021-02-07 20:06:33.3710 INFO Scheduler DefaultQuartzScheduler_$_NON_CLUSTERED started.
2021-02-07 20:06:33.6223 INFO Startup Configuration - Start
2021-02-07 20:06:33.6253 INFO SetEventCache - Start
2021-02-07 20:06:33.7021 INFO SetCachedItem = setting cache for Events
2021-02-07 20:06:33.7021 INFO SetCachedItem = setting cache for Events, with Expiry Date of 09/03/2021 20:06:33
2021-02-07 20:06:33.7021 INFO SetNextResultCheckDateTime - Start - roundUp = False
2021-02-07 20:06:33.7021 INFO SetNextResultCheckDateTime - rapidApiResultChecks == null
2021-02-07 20:06:33.7849 INFO SetNextResultCheckDateTime - Set League 403 next check date to 11/06/2021 20:55:00
2021-02-07 20:06:33.7849 INFO SetNextResultCheckDateTime - Set League 2790 next check date to 07/02/2021 21:10:00
2021-02-07 20:06:33.7849 INFO SetCachedItem = setting cache for NextFixtureCheckDateTime
2021-02-07 20:06:33.7849 INFO SetCachedItem = setting cache for NextFixtureCheckDateTime, with Expiry Date of 09/03/2021 20:06:33
2021-02-07 21:20:07.5448 INFO Default Quartz.NET properties loaded from embedded resource file
2021-02-07 21:20:07.6017 INFO Initialized Scheduler Signaller of type: Quartz.Core.SchedulerSignalerImpl
2021-02-07 21:20:07.6186 INFO Quartz Scheduler v.3.2.2.0 created.
2021-02-07 21:20:07.6595 INFO JobFactory set to: Quartz.Simpl.PropertySettingJobFactory
2021-02-07 21:20:07.6765 INFO RAMJobStore initialized.
2021-02-07 21:20:07.6765 INFO Scheduler meta-data: Quartz Scheduler (v3.2.2.0) 'DefaultQuartzScheduler' with instanceId 'NON_CLUSTERED'
  Scheduler class: 'Quartz.Core.QuartzScheduler' - running locally.
  NOT STARTED.
  Currently in standby mode.
  Number of jobs executed: 0
  Using thread pool 'Quartz.Simpl.DefaultThreadPool' - with 10 threads.
  Using job-store 'Quartz.Simpl.RAMJobStore' - which does not support persistence. and is not clustered.

2021-02-07 21:20:07.6765 INFO Quartz scheduler 'DefaultQuartzScheduler' initialized
2021-02-07 21:20:07.6765 INFO Quartz scheduler version: 3.2.2.0
2021-02-07 21:20:07.6924 INFO Scheduler DefaultQuartzScheduler_$_NON_CLUSTERED started.
2021-02-07 21:20:07.8012 INFO Startup Configuration - Start
2021-02-07 21:20:07.8012 INFO SetEventCache - Start
2021-02-07 21:20:07.8590 INFO SetCachedItem = setting cache for Events
2021-02-07 21:20:07.8590 INFO SetCachedItem = setting cache for Events, with Expiry Date of 09/03/2021 21:20:07
2021-02-07 21:20:07.8590 INFO SetNextResultCheckDateTime - Start - roundUp = False
2021-02-07 21:20:07.8590 INFO SetNextResultCheckDateTime - rapidApiResultChecks == null
2021-02-07 21:20:07.8959 INFO SetNextResultCheckDateTime - Set League 403 next check date to 11/06/2021 20:55:00
2021-02-07 21:20:07.8959 INFO SetNextResultCheckDateTime - Set League 2790 next check date to 07/02/2021 21:10:00
2021-02-07 21:20:07.8959 INFO SetCachedItem = setting cache for NextFixtureCheckDateTime
2021-02-07 21:20:07.8959 INFO SetCachedItem = setting cache for NextFixtureCheckDateTime, with Expiry Date of 09/03/2021 21:20:07
2021-02-07 21:21:00.0279 INFO GetRapidApiResults = Getting results from RapidApi 2790. FixtureDateTime = 07/02/2021 00:00:00, Now = 07/02/2021 21:21:00
2021-02-07 21:21:00.0299 INFO FixturesByLeagueByDate - League = 2790, Date = 2021-02-07
2021-02-07 21:21:00.8914 INFO SetEventCache - Start
2021-02-07 21:21:00.8914 INFO SetCachedItem = setting cache for Events
2021-02-07 21:21:00.9044 INFO SetCachedItem = setting cache for Events, with Expiry Date of 09/03/2021 21:21:00
2021-02-07 21:21:00.9044 INFO SetNextResultCheckDateTime - Start - roundUp = True
2021-02-07 21:21:00.9273 INFO SetNextResultCheckDateTime - Set League 403 next check date to 11/06/2021 20:55:00
2021-02-07 21:21:00.9273 INFO SetNextResultCheckDateTime - Set League 2790 next check date to 08/02/2021 21:55:00
2021-02-07 21:21:00.9273 INFO SetCachedItem = setting cache for NextFixtureCheckDateTime
2021-02-07 21:21:00.9273 INFO SetCachedItem = setting cache for NextFixtureCheckDateTime, with Expiry Date of 09/03/2021 21:21:00
2021-02-07 21:21:00.9363 INFO DailyRapidApiLeagueCheck --> lastDate = 06/02/2021 00:00:00, Now = 07/02/2021 00:00:00
2021-02-07 21:21:04.1677 INFO SetCachedItem = setting cache for DailyRapidApiLeagueCheck, with Expiry Date of 08/02/2021 00:00:00
2021-02-07 21:21:12.1129 INFO DailyRapidApiLeagueCheck --> Performing daily league update
