2021-02-02 16:29:47.2937 INFO Default Quartz.NET properties loaded from embedded resource file
2021-02-02 16:29:47.5640 INFO Initialized Scheduler Signaller of type: Quartz.Core.SchedulerSignalerImpl
2021-02-02 16:29:47.5640 INFO Quartz Scheduler v.3.2.2.0 created.
2021-02-02 16:29:47.5640 INFO JobFactory set to: Quartz.Simpl.PropertySettingJobFactory
2021-02-02 16:29:47.5640 INFO RAMJobStore initialized.
2021-02-02 16:29:47.5819 INFO Scheduler meta-data: Quartz Scheduler (v3.2.2.0) 'DefaultQuartzScheduler' with instanceId 'NON_CLUSTERED'
  Scheduler class: 'Quartz.Core.QuartzScheduler' - running locally.
  NOT STARTED.
  Currently in standby mode.
  Number of jobs executed: 0
  Using thread pool 'Quartz.Simpl.DefaultThreadPool' - with 10 threads.
  Using job-store 'Quartz.Simpl.RAMJobStore' - which does not support persistence. and is not clustered.

2021-02-02 16:29:47.5819 INFO Quartz scheduler 'DefaultQuartzScheduler' initialized
2021-02-02 16:29:47.5819 INFO Quartz scheduler version: 3.2.2.0
2021-02-02 16:29:47.6248 INFO Scheduler DefaultQuartzScheduler_$_NON_CLUSTERED started.
2021-02-02 16:29:47.8113 INFO Startup Configuration - Start
2021-02-02 16:29:47.8113 INFO SetEventCache - Start
2021-02-02 16:29:47.8622 INFO SetCachedItem = setting cache for Events
2021-02-02 16:29:47.8622 INFO SetCachedItem = setting cache for Events, with Expiry Date of 04/03/2021 16:29:47
2021-02-02 16:29:47.8622 INFO SetNextResultCheckDateTime - Start - roundUp = False
2021-02-02 16:29:47.8622 INFO SetNextResultCheckDateTime - rapidApiResultChecks == null
2021-02-02 16:29:47.9071 INFO SetNextResultCheckDateTime - Set League 2790 next check date to 02/02/2021 19:55:00
2021-02-02 16:29:47.9081 INFO SetNextResultCheckDateTime - Set League 2794 next check date to 02/02/2021 20:55:00
2021-02-02 16:29:47.9081 INFO SetCachedItem = setting cache for NextFixtureCheckDateTime
2021-02-02 16:29:47.9081 INFO SetCachedItem = setting cache for NextFixtureCheckDateTime, with Expiry Date of 04/03/2021 16:29:47
2021-02-02 16:30:00.0527 INFO DailyRapidApiLeagueCheck --> lastDate = 01/02/2021 00:00:00, Now = 02/02/2021 00:00:00
2021-02-02 16:30:00.3489 INFO SetCachedItem = setting cache for DailyRapidApiLeagueCheck, with Expiry Date of 03/02/2021 00:00:00
2021-02-02 16:30:00.6625 INFO DailyRapidApiLeagueCheck --> Performing daily league update
2021-02-02 16:30:00.7692 INFO FixturesByLeague - League = 2790, EarliestDate = 02/02/2021 00:00:00
2021-02-02 16:30:09.7603 INFO FixturesByOdds - League = 2790
2021-02-02 16:30:13.5547 INFO OddsByLeagueAndBookmaker - League = 2790, pageNbr = 2
2021-02-02 16:30:17.2398 INFO OddsByLeagueAndBookmaker - League = 2790, pageNbr = 3
2021-02-02 16:30:19.6774 INFO OddsByLeagueAndBookmaker - League = 2790, pageNbr = 4
2021-02-02 16:30:23.8542 INFO OddsByLeagueAndBookmaker - League = 2790, pageNbr = 5
2021-02-02 16:30:27.7539 INFO OddsByLeagueAndBookmaker - League = 2790, pageNbr = 6
2021-02-02 16:30:29.6749 INFO OddsByLeagueAndBookmaker - League = 2790, pageNbr = 0
2021-02-02 16:30:29.7128 INFO FixturesByLeague - League = 2794, EarliestDate = 02/02/2021 00:00:00
2021-02-02 16:30:32.7614 INFO FixturesByOdds - League = 2794
2021-02-02 16:30:36.7037 INFO OddsByLeagueAndBookmaker - League = 2794, pageNbr = 2
2021-02-02 16:30:41.4245 INFO OddsByLeagueAndBookmaker - League = 2794, pageNbr = 3
2021-02-02 16:30:44.3170 INFO OddsByLeagueAndBookmaker - League = 2794, pageNbr = 4
2021-02-02 16:30:47.2983 INFO OddsByLeagueAndBookmaker - League = 2794, pageNbr = 5
2021-02-02 16:30:52.7684 INFO OddsByLeagueAndBookmaker - League = 2794, pageNbr = 6
2021-02-02 16:30:54.5627 INFO OddsByLeagueAndBookmaker - League = 2794, pageNbr = 0
2021-02-02 16:31:24.9279 INFO Account - Login (HttpPost) - p_salsbury@yahoo.co.uk logged in
2021-02-02 16:35:37.9743 INFO Default Quartz.NET properties loaded from embedded resource file
2021-02-02 16:35:38.0322 INFO Initialized Scheduler Signaller of type: Quartz.Core.SchedulerSignalerImpl
2021-02-02 16:35:38.0601 INFO Quartz Scheduler v.3.2.2.0 created.
2021-02-02 16:35:38.0880 INFO JobFactory set to: Quartz.Simpl.PropertySettingJobFactory
2021-02-02 16:35:38.1119 INFO RAMJobStore initialized.
2021-02-02 16:35:38.1119 INFO Scheduler meta-data: Quartz Scheduler (v3.2.2.0) 'DefaultQuartzScheduler' with instanceId 'NON_CLUSTERED'
  Scheduler class: 'Quartz.Core.QuartzScheduler' - running locally.
  NOT STARTED.
  Currently in standby mode.
  Number of jobs executed: 0
  Using thread pool 'Quartz.Simpl.DefaultThreadPool' - with 10 threads.
  Using job-store 'Quartz.Simpl.RAMJobStore' - which does not support persistence. and is not clustered.

2021-02-02 16:35:38.1119 INFO Quartz scheduler 'DefaultQuartzScheduler' initialized
2021-02-02 16:35:38.1119 INFO Quartz scheduler version: 3.2.2.0
2021-02-02 16:35:38.1289 INFO Scheduler DefaultQuartzScheduler_$_NON_CLUSTERED started.
2021-02-02 16:35:38.2526 INFO Startup Configuration - Start
2021-02-02 16:35:38.2526 INFO SetEventCache - Start
2021-02-02 16:35:38.2975 INFO SetCachedItem = setting cache for Events
2021-02-02 16:35:38.2985 INFO SetCachedItem = setting cache for Events, with Expiry Date of 04/03/2021 16:35:38
2021-02-02 16:35:38.2985 INFO SetNextResultCheckDateTime - Start - roundUp = False
2021-02-02 16:35:38.2985 INFO SetNextResultCheckDateTime - rapidApiResultChecks == null
2021-02-02 16:35:38.3363 INFO SetNextResultCheckDateTime - Set League 2790 next check date to 02/02/2021 19:55:00
2021-02-02 16:35:38.3363 INFO SetNextResultCheckDateTime - Set League 2794 next check date to 02/02/2021 20:55:00
2021-02-02 16:35:38.3363 INFO SetCachedItem = setting cache for NextFixtureCheckDateTime
2021-02-02 16:35:38.3363 INFO SetCachedItem = setting cache for NextFixtureCheckDateTime, with Expiry Date of 04/03/2021 16:35:38
2021-02-02 16:36:00.1478 INFO SetCachedItem = setting cache for DailyRapidApiLeagueCheck, with Expiry Date of 03/02/2021 00:00:00
2021-02-02 16:37:56.8767 INFO Default Quartz.NET properties loaded from embedded resource file
2021-02-02 16:37:56.9345 INFO Initialized Scheduler Signaller of type: Quartz.Core.SchedulerSignalerImpl
2021-02-02 16:37:56.9545 INFO Quartz Scheduler v.3.2.2.0 created.
2021-02-02 16:37:56.9864 INFO JobFactory set to: Quartz.Simpl.PropertySettingJobFactory
2021-02-02 16:37:57.0093 INFO RAMJobStore initialized.
2021-02-02 16:37:57.0093 INFO Scheduler meta-data: Quartz Scheduler (v3.2.2.0) 'DefaultQuartzScheduler' with instanceId 'NON_CLUSTERED'
  Scheduler class: 'Quartz.Core.QuartzScheduler' - running locally.
  NOT STARTED.
  Currently in standby mode.
  Number of jobs executed: 0
  Using thread pool 'Quartz.Simpl.DefaultThreadPool' - with 10 threads.
  Using job-store 'Quartz.Simpl.RAMJobStore' - which does not support persistence. and is not clustered.

2021-02-02 16:37:57.0093 INFO Quartz scheduler 'DefaultQuartzScheduler' initialized
2021-02-02 16:37:57.0093 INFO Quartz scheduler version: 3.2.2.0
2021-02-02 16:37:57.0253 INFO Scheduler DefaultQuartzScheduler_$_NON_CLUSTERED started.
2021-02-02 16:37:57.1480 INFO Startup Configuration - Start
2021-02-02 16:37:57.1480 INFO SetEventCache - Start
2021-02-02 16:37:57.1938 INFO SetCachedItem = setting cache for Events
2021-02-02 16:37:57.1938 INFO SetCachedItem = setting cache for Events, with Expiry Date of 04/03/2021 16:37:57
2021-02-02 16:37:57.1938 INFO SetNextResultCheckDateTime - Start - roundUp = False
2021-02-02 16:37:57.1938 INFO SetNextResultCheckDateTime - rapidApiResultChecks == null
2021-02-02 16:37:57.2317 INFO SetNextResultCheckDateTime - Set League 2790 next check date to 02/02/2021 19:55:00
2021-02-02 16:37:57.2317 INFO SetNextResultCheckDateTime - Set League 2794 next check date to 02/02/2021 20:55:00
2021-02-02 16:37:57.2317 INFO SetCachedItem = setting cache for NextFixtureCheckDateTime
2021-02-02 16:37:57.2317 INFO SetCachedItem = setting cache for NextFixtureCheckDateTime, with Expiry Date of 04/03/2021 16:37:57
2021-02-02 16:38:00.0470 INFO SetCachedItem = setting cache for DailyRapidApiLeagueCheck, with Expiry Date of 03/02/2021 00:00:00
2021-02-02 16:53:57.0261 INFO Default Quartz.NET properties loaded from embedded resource file
2021-02-02 16:53:57.0879 INFO Initialized Scheduler Signaller of type: Quartz.Core.SchedulerSignalerImpl
2021-02-02 16:53:57.1188 INFO Quartz Scheduler v.3.2.2.0 created.
2021-02-02 16:53:57.1407 INFO JobFactory set to: Quartz.Simpl.PropertySettingJobFactory
2021-02-02 16:53:57.1647 INFO RAMJobStore initialized.
2021-02-02 16:53:57.1647 INFO Scheduler meta-data: Quartz Scheduler (v3.2.2.0) 'DefaultQuartzScheduler' with instanceId 'NON_CLUSTERED'
  Scheduler class: 'Quartz.Core.QuartzScheduler' - running locally.
  NOT STARTED.
  Currently in standby mode.
  Number of jobs executed: 0
  Using thread pool 'Quartz.Simpl.DefaultThreadPool' - with 10 threads.
  Using job-store 'Quartz.Simpl.RAMJobStore' - which does not support persistence. and is not clustered.

2021-02-02 16:53:57.1647 INFO Quartz scheduler 'DefaultQuartzScheduler' initialized
2021-02-02 16:53:57.1647 INFO Quartz scheduler version: 3.2.2.0
2021-02-02 16:53:57.1816 INFO Scheduler DefaultQuartzScheduler_$_NON_CLUSTERED started.
2021-02-02 16:53:57.3193 INFO Startup Configuration - Start
2021-02-02 16:53:57.3193 INFO SetEventCache - Start
2021-02-02 16:53:57.3651 INFO SetCachedItem = setting cache for Events
2021-02-02 16:53:57.3651 INFO SetCachedItem = setting cache for Events, with Expiry Date of 04/03/2021 16:53:57
2021-02-02 16:53:57.3651 INFO SetNextResultCheckDateTime - Start - roundUp = False
2021-02-02 16:53:57.3651 INFO SetNextResultCheckDateTime - rapidApiResultChecks == null
2021-02-02 16:53:57.4031 INFO SetNextResultCheckDateTime - Set League 2790 next check date to 02/02/2021 19:55:00
2021-02-02 16:53:57.4031 INFO SetNextResultCheckDateTime - Set League 2794 next check date to 02/02/2021 20:55:00
2021-02-02 16:53:57.4031 INFO SetCachedItem = setting cache for NextFixtureCheckDateTime
2021-02-02 16:53:57.4031 INFO SetCachedItem = setting cache for NextFixtureCheckDateTime, with Expiry Date of 04/03/2021 16:53:57
2021-02-02 16:54:00.0538 INFO SetCachedItem = setting cache for DailyRapidApiLeagueCheck, with Expiry Date of 03/02/2021 00:00:00
2021-02-02 17:02:42.3474 INFO Default Quartz.NET properties loaded from embedded resource file
2021-02-02 17:02:42.4062 INFO Initialized Scheduler Signaller of type: Quartz.Core.SchedulerSignalerImpl
2021-02-02 17:02:42.4191 INFO Quartz Scheduler v.3.2.2.0 created.
2021-02-02 17:02:42.4511 INFO JobFactory set to: Quartz.Simpl.PropertySettingJobFactory
2021-02-02 17:02:42.4830 INFO RAMJobStore initialized.
2021-02-02 17:02:42.4890 INFO Scheduler meta-data: Quartz Scheduler (v3.2.2.0) 'DefaultQuartzScheduler' with instanceId 'NON_CLUSTERED'
  Scheduler class: 'Quartz.Core.QuartzScheduler' - running locally.
  NOT STARTED.
  Currently in standby mode.
  Number of jobs executed: 0
  Using thread pool 'Quartz.Simpl.DefaultThreadPool' - with 10 threads.
  Using job-store 'Quartz.Simpl.RAMJobStore' - which does not support persistence. and is not clustered.

2021-02-02 17:02:42.4890 INFO Quartz scheduler 'DefaultQuartzScheduler' initialized
2021-02-02 17:02:42.4890 INFO Quartz scheduler version: 3.2.2.0
2021-02-02 17:02:42.5029 INFO Scheduler DefaultQuartzScheduler_$_NON_CLUSTERED started.
2021-02-02 17:02:42.6316 INFO Startup Configuration - Start
2021-02-02 17:02:42.6316 INFO SetEventCache - Start
2021-02-02 17:02:42.6974 INFO SetCachedItem = setting cache for Events
2021-02-02 17:02:42.6974 INFO SetCachedItem = setting cache for Events, with Expiry Date of 04/03/2021 17:02:42
2021-02-02 17:02:42.6974 INFO SetNextResultCheckDateTime - Start - roundUp = False
2021-02-02 17:02:42.6974 INFO SetNextResultCheckDateTime - rapidApiResultChecks == null
2021-02-02 17:02:42.7403 INFO SetNextResultCheckDateTime - Set League 2790 next check date to 02/02/2021 19:55:00
2021-02-02 17:02:42.7403 INFO SetNextResultCheckDateTime - Set League 2794 next check date to 02/02/2021 20:55:00
2021-02-02 17:02:42.7403 INFO SetCachedItem = setting cache for NextFixtureCheckDateTime
2021-02-02 17:02:42.7403 INFO SetCachedItem = setting cache for NextFixtureCheckDateTime, with Expiry Date of 04/03/2021 17:02:42
2021-02-02 17:03:00.0869 INFO SetCachedItem = setting cache for DailyRapidApiLeagueCheck, with Expiry Date of 03/02/2021 00:00:00
2021-02-02 17:05:24.8117 INFO Default Quartz.NET properties loaded from embedded resource file
2021-02-02 17:05:24.8706 INFO Initialized Scheduler Signaller of type: Quartz.Core.SchedulerSignalerImpl
2021-02-02 17:05:24.8945 INFO Quartz Scheduler v.3.2.2.0 created.
2021-02-02 17:05:24.9314 INFO JobFactory set to: Quartz.Simpl.PropertySettingJobFactory
2021-02-02 17:05:24.9563 INFO RAMJobStore initialized.
2021-02-02 17:05:24.9563 INFO Scheduler meta-data: Quartz Scheduler (v3.2.2.0) 'DefaultQuartzScheduler' with instanceId 'NON_CLUSTERED'
  Scheduler class: 'Quartz.Core.QuartzScheduler' - running locally.
  NOT STARTED.
  Currently in standby mode.
  Number of jobs executed: 0
  Using thread pool 'Quartz.Simpl.DefaultThreadPool' - with 10 threads.
  Using job-store 'Quartz.Simpl.RAMJobStore' - which does not support persistence. and is not clustered.

2021-02-02 17:05:24.9563 INFO Quartz scheduler 'DefaultQuartzScheduler' initialized
2021-02-02 17:05:24.9563 INFO Quartz scheduler version: 3.2.2.0
2021-02-02 17:05:24.9723 INFO Scheduler DefaultQuartzScheduler_$_NON_CLUSTERED started.
2021-02-02 17:05:25.0990 INFO Startup Configuration - Start
2021-02-02 17:05:25.0990 INFO SetEventCache - Start
2021-02-02 17:05:25.1478 INFO SetCachedItem = setting cache for Events
2021-02-02 17:05:25.1478 INFO SetCachedItem = setting cache for Events, with Expiry Date of 04/03/2021 17:05:25
2021-02-02 17:05:25.1478 INFO SetNextResultCheckDateTime - Start - roundUp = False
2021-02-02 17:05:25.1478 INFO SetNextResultCheckDateTime - rapidApiResultChecks == null
2021-02-02 17:05:25.1857 INFO SetNextResultCheckDateTime - Set League 2790 next check date to 02/02/2021 19:55:00
2021-02-02 17:05:25.1857 INFO SetNextResultCheckDateTime - Set League 2794 next check date to 02/02/2021 20:55:00
2021-02-02 17:05:25.1857 INFO SetCachedItem = setting cache for NextFixtureCheckDateTime
2021-02-02 17:05:25.1857 INFO SetCachedItem = setting cache for NextFixtureCheckDateTime, with Expiry Date of 04/03/2021 17:05:25
2021-02-02 17:06:00.0410 INFO SetCachedItem = setting cache for DailyRapidApiLeagueCheck, with Expiry Date of 03/02/2021 00:00:00
2021-02-02 17:11:43.6103 INFO Account - Login (HttpPost) - shit@shit.com logged in
2021-02-02 17:16:28.4923 INFO Default Quartz.NET properties loaded from embedded resource file
2021-02-02 17:16:28.5521 INFO Initialized Scheduler Signaller of type: Quartz.Core.SchedulerSignalerImpl
2021-02-02 17:16:28.5731 INFO Quartz Scheduler v.3.2.2.0 created.
2021-02-02 17:16:28.6070 INFO JobFactory set to: Quartz.Simpl.PropertySettingJobFactory
2021-02-02 17:16:28.6349 INFO RAMJobStore initialized.
2021-02-02 17:16:28.6349 INFO Scheduler meta-data: Quartz Scheduler (v3.2.2.0) 'DefaultQuartzScheduler' with instanceId 'NON_CLUSTERED'
  Scheduler class: 'Quartz.Core.QuartzScheduler' - running locally.
  NOT STARTED.
  Currently in standby mode.
  Number of jobs executed: 0
  Using thread pool 'Quartz.Simpl.DefaultThreadPool' - with 10 threads.
  Using job-store 'Quartz.Simpl.RAMJobStore' - which does not support persistence. and is not clustered.

2021-02-02 17:16:28.6419 INFO Quartz scheduler 'DefaultQuartzScheduler' initialized
2021-02-02 17:16:28.6419 INFO Quartz scheduler version: 3.2.2.0
2021-02-02 17:16:28.6419 INFO Scheduler DefaultQuartzScheduler_$_NON_CLUSTERED started.
2021-02-02 17:16:28.7955 INFO Startup Configuration - Start
2021-02-02 17:16:28.7955 INFO SetEventCache - Start
2021-02-02 17:16:28.8433 INFO SetCachedItem = setting cache for Events
2021-02-02 17:16:28.8433 INFO SetCachedItem = setting cache for Events, with Expiry Date of 04/03/2021 17:16:28
2021-02-02 17:16:28.8483 INFO SetNextResultCheckDateTime - Start - roundUp = False
2021-02-02 17:16:28.8483 INFO SetNextResultCheckDateTime - rapidApiResultChecks == null
2021-02-02 17:16:28.8832 INFO SetNextResultCheckDateTime - Set League 2790 next check date to 02/02/2021 19:55:00
2021-02-02 17:16:28.8832 INFO SetNextResultCheckDateTime - Set League 2794 next check date to 02/02/2021 20:55:00
2021-02-02 17:16:28.8832 INFO SetCachedItem = setting cache for NextFixtureCheckDateTime
2021-02-02 17:16:28.8832 INFO SetCachedItem = setting cache for NextFixtureCheckDateTime, with Expiry Date of 04/03/2021 17:16:28
2021-02-02 17:16:44.4221 INFO Account - Login (HttpPost) - poopy@poopy.com logged in
