2021-01-24 20:03:42.2270 INFO Default Quartz.NET properties loaded from embedded resource file
2021-01-24 20:03:42.2849 INFO Initialized Scheduler Signaller of type: Quartz.Core.SchedulerSignalerImpl
2021-01-24 20:03:42.2869 INFO Quartz Scheduler v.3.2.2.0 created.
2021-01-24 20:03:42.2869 INFO JobFactory set to: Quartz.Simpl.PropertySettingJobFactory
2021-01-24 20:03:42.2869 INFO RAMJobStore initialized.
2021-01-24 20:03:42.3447 INFO Scheduler meta-data: Quartz Scheduler (v3.2.2.0) 'DefaultQuartzScheduler' with instanceId 'NON_CLUSTERED'
  Scheduler class: 'Quartz.Core.QuartzScheduler' - running locally.
  NOT STARTED.
  Currently in standby mode.
  Number of jobs executed: 0
  Using thread pool 'Quartz.Simpl.DefaultThreadPool' - with 10 threads.
  Using job-store 'Quartz.Simpl.RAMJobStore' - which does not support persistence. and is not clustered.

2021-01-24 20:03:42.3607 INFO Quartz scheduler 'DefaultQuartzScheduler' initialized
2021-01-24 20:03:42.3607 INFO Quartz scheduler version: 3.2.2.0
2021-01-24 20:03:42.3747 INFO Scheduler DefaultQuartzScheduler_$_NON_CLUSTERED started.
2021-01-24 20:03:42.5043 INFO Startup Configuration - Start
2021-01-24 20:03:42.5053 INFO SetEventCache - Start
2021-01-24 20:03:42.5552 INFO SetCachedItem = setting cache for Events
2021-01-24 20:03:42.5552 INFO SetCachedItem = setting cache for Events, with Expiry Date of 23/02/2021 20:03:42
2021-01-24 20:03:42.5552 INFO SetNextResultCheckDateTime - Start - roundUp = False
2021-01-24 20:03:42.5552 INFO SetNextResultCheckDateTime - rapidApiResultChecks == null
2021-01-24 20:03:42.6001 INFO SetNextResultCheckDateTime - Set League 2790 next check date to 12/01/2021 22:10:00
2021-01-24 20:03:42.6001 INFO SetCachedItem = setting cache for NextFixtureCheckDateTime
2021-01-24 20:03:42.6001 INFO SetCachedItem = setting cache for NextFixtureCheckDateTime, with Expiry Date of 23/02/2021 20:03:42
2021-01-24 20:03:56.4118 INFO Account - Login (HttpPost) - pete@salsbury.co.uk logged in
2021-01-24 20:04:00.0344 INFO GetRapidApiResults = Getting results from RapidApi 2790. FixtureDateTime = 12/01/2021 00:00:00, Now = 24/01/2021 20:04:00
2021-01-24 20:04:00.0344 INFO FixturesByLeague - League = 2790
2021-01-24 20:04:04.8306 INFO SetEventCache - Start
2021-01-24 20:04:04.8365 INFO SetCachedItem = setting cache for Events
2021-01-24 20:04:04.8365 INFO SetCachedItem = setting cache for Events, with Expiry Date of 23/02/2021 20:04:04
2021-01-24 20:04:04.8595 INFO SetCachedItem = setting cache for Events
2021-01-24 20:04:04.8595 INFO SetCachedItem = setting cache for Events, with Expiry Date of 23/02/2021 20:04:04
2021-01-24 20:04:04.8665 INFO SetCachedItem = setting cache for Events
2021-01-24 20:04:04.8665 INFO SetCachedItem = setting cache for Events, with Expiry Date of 23/02/2021 20:04:04
2021-01-24 20:04:04.8844 INFO SetCachedItem = setting cache for Events
2021-01-24 20:04:04.8844 INFO SetCachedItem = setting cache for Events, with Expiry Date of 23/02/2021 20:04:04
2021-01-24 20:04:04.9442 INFO SetCachedItem = setting cache for Events
2021-01-24 20:04:04.9442 INFO SetCachedItem = setting cache for Events, with Expiry Date of 23/02/2021 20:04:04
2021-01-24 20:04:04.9442 INFO SetNextResultCheckDateTime - Start - roundUp = True
2021-01-24 20:04:04.9442 INFO SetNextResultCheckDateTime - Set League 2790 next check date to 26/01/2021 19:55:00
2021-01-24 20:04:04.9442 INFO SetCachedItem = setting cache for NextFixtureCheckDateTime
2021-01-24 20:04:04.9592 INFO SetCachedItem = setting cache for NextFixtureCheckDateTime, with Expiry Date of 23/02/2021 20:04:04
2021-01-24 20:04:04.9592 INFO DailyRapidApiLeagueCheck --> lastDate = 12/01/2021 00:00:00, Now = 24/01/2021 00:00:00
2021-01-24 20:04:04.9772 INFO SetCachedItem = setting cache for DailyRapidApiLeagueCheck, with Expiry Date of 25/01/2021 00:00:00
2021-01-24 20:04:04.9772 INFO DailyRapidApiLeagueCheck --> Performing daily league update
2021-01-24 20:04:04.9772 INFO FixturesByLeague - League = 2790
2021-01-24 20:05:39.9033 INFO FixturesByOdds - League = 2790
2021-01-24 20:33:54.0588 INFO Default Quartz.NET properties loaded from embedded resource file
2021-01-24 20:33:54.1246 INFO Initialized Scheduler Signaller of type: Quartz.Core.SchedulerSignalerImpl
2021-01-24 20:33:54.1635 INFO Quartz Scheduler v.3.2.2.0 created.
2021-01-24 20:33:54.2153 INFO JobFactory set to: Quartz.Simpl.PropertySettingJobFactory
2021-01-24 20:33:54.2612 INFO RAMJobStore initialized.
2021-01-24 20:33:54.2612 INFO Scheduler meta-data: Quartz Scheduler (v3.2.2.0) 'DefaultQuartzScheduler' with instanceId 'NON_CLUSTERED'
  Scheduler class: 'Quartz.Core.QuartzScheduler' - running locally.
  NOT STARTED.
  Currently in standby mode.
  Number of jobs executed: 0
  Using thread pool 'Quartz.Simpl.DefaultThreadPool' - with 10 threads.
  Using job-store 'Quartz.Simpl.RAMJobStore' - which does not support persistence. and is not clustered.

2021-01-24 20:33:54.2612 INFO Quartz scheduler 'DefaultQuartzScheduler' initialized
2021-01-24 20:33:54.2712 INFO Quartz scheduler version: 3.2.2.0
2021-01-24 20:33:54.2901 INFO Scheduler DefaultQuartzScheduler_$_NON_CLUSTERED started.
2021-01-24 20:33:54.4427 INFO Startup Configuration - Start
2021-01-24 20:33:54.4427 INFO SetEventCache - Start
2021-01-24 20:33:54.5116 INFO SetCachedItem = setting cache for Events
2021-01-24 20:33:54.5116 INFO SetCachedItem = setting cache for Events, with Expiry Date of 23/02/2021 20:33:54
2021-01-24 20:33:54.5116 INFO SetNextResultCheckDateTime - Start - roundUp = False
2021-01-24 20:33:54.5116 INFO SetNextResultCheckDateTime - rapidApiResultChecks == null
2021-01-24 20:33:54.5624 INFO SetNextResultCheckDateTime - Set League 2790 next check date to 26/01/2021 19:55:00
2021-01-24 20:33:54.5624 INFO SetCachedItem = setting cache for NextFixtureCheckDateTime
2021-01-24 20:33:54.5624 INFO SetCachedItem = setting cache for NextFixtureCheckDateTime, with Expiry Date of 23/02/2021 20:33:54
2021-01-24 20:34:00.0748 INFO DailyRapidApiLeagueCheck --> lastDate = 23/01/2021 00:00:00, Now = 24/01/2021 00:00:00
2021-01-24 20:34:00.4618 INFO SetCachedItem = setting cache for DailyRapidApiLeagueCheck, with Expiry Date of 25/01/2021 00:00:00
2021-01-24 20:34:00.4748 INFO DailyRapidApiLeagueCheck --> Performing daily league update
2021-01-24 20:34:00.5176 INFO FixturesByLeague - League = 2790
2021-01-24 20:35:06.5050 INFO FixturesByOdds - League = 2790
2021-01-24 20:44:07.9234 INFO Default Quartz.NET properties loaded from embedded resource file
2021-01-24 20:44:08.0212 INFO Initialized Scheduler Signaller of type: Quartz.Core.SchedulerSignalerImpl
2021-01-24 20:44:08.0690 INFO Quartz Scheduler v.3.2.2.0 created.
2021-01-24 20:44:08.1249 INFO JobFactory set to: Quartz.Simpl.PropertySettingJobFactory
2021-01-24 20:44:08.1508 INFO RAMJobStore initialized.
2021-01-24 20:44:08.1508 INFO Scheduler meta-data: Quartz Scheduler (v3.2.2.0) 'DefaultQuartzScheduler' with instanceId 'NON_CLUSTERED'
  Scheduler class: 'Quartz.Core.QuartzScheduler' - running locally.
  NOT STARTED.
  Currently in standby mode.
  Number of jobs executed: 0
  Using thread pool 'Quartz.Simpl.DefaultThreadPool' - with 10 threads.
  Using job-store 'Quartz.Simpl.RAMJobStore' - which does not support persistence. and is not clustered.

2021-01-24 20:44:08.1508 INFO Quartz scheduler 'DefaultQuartzScheduler' initialized
2021-01-24 20:44:08.1618 INFO Quartz scheduler version: 3.2.2.0
2021-01-24 20:44:08.1777 INFO Scheduler DefaultQuartzScheduler_$_NON_CLUSTERED started.
2021-01-24 20:44:08.3593 INFO Startup Configuration - Start
2021-01-24 20:44:08.3593 INFO SetEventCache - Start
2021-01-24 20:44:08.4410 INFO SetCachedItem = setting cache for Events
2021-01-24 20:44:08.4410 INFO SetCachedItem = setting cache for Events, with Expiry Date of 23/02/2021 20:44:08
2021-01-24 20:44:08.4480 INFO SetNextResultCheckDateTime - Start - roundUp = False
2021-01-24 20:44:08.4480 INFO SetNextResultCheckDateTime - rapidApiResultChecks == null
2021-01-24 20:44:08.5029 INFO SetNextResultCheckDateTime - Set League 2790 next check date to 26/01/2021 19:55:00
2021-01-24 20:44:08.5029 INFO SetCachedItem = setting cache for NextFixtureCheckDateTime
2021-01-24 20:44:08.5029 INFO SetCachedItem = setting cache for NextFixtureCheckDateTime, with Expiry Date of 23/02/2021 20:44:08
2021-01-24 20:45:26.3907 INFO SetCachedItem = setting cache for DailyRapidApiLeagueCheck, with Expiry Date of 25/01/2021 00:00:00
2021-01-24 22:59:31.1107 INFO Default Quartz.NET properties loaded from embedded resource file
2021-01-24 22:59:31.1545 INFO Initialized Scheduler Signaller of type: Quartz.Core.SchedulerSignalerImpl
2021-01-24 22:59:31.1685 INFO Quartz Scheduler v.3.2.2.0 created.
2021-01-24 22:59:31.1924 INFO JobFactory set to: Quartz.Simpl.PropertySettingJobFactory
2021-01-24 22:59:31.2114 INFO RAMJobStore initialized.
2021-01-24 22:59:31.2114 INFO Scheduler meta-data: Quartz Scheduler (v3.2.2.0) 'DefaultQuartzScheduler' with instanceId 'NON_CLUSTERED'
  Scheduler class: 'Quartz.Core.QuartzScheduler' - running locally.
  NOT STARTED.
  Currently in standby mode.
  Number of jobs executed: 0
  Using thread pool 'Quartz.Simpl.DefaultThreadPool' - with 10 threads.
  Using job-store 'Quartz.Simpl.RAMJobStore' - which does not support persistence. and is not clustered.

2021-01-24 22:59:31.2114 INFO Quartz scheduler 'DefaultQuartzScheduler' initialized
2021-01-24 22:59:31.2114 INFO Quartz scheduler version: 3.2.2.0
2021-01-24 22:59:31.2254 INFO Scheduler DefaultQuartzScheduler_$_NON_CLUSTERED started.
2021-01-24 22:59:31.3341 INFO Startup Configuration - Start
2021-01-24 22:59:31.3341 INFO SetEventCache - Start
2021-01-24 22:59:31.3829 INFO SetCachedItem = setting cache for Events
2021-01-24 22:59:31.3829 INFO SetCachedItem = setting cache for Events, with Expiry Date of 23/02/2021 22:59:31
2021-01-24 22:59:31.3829 INFO SetNextResultCheckDateTime - Start - roundUp = False
2021-01-24 22:59:31.3829 INFO SetNextResultCheckDateTime - rapidApiResultChecks == null
2021-01-24 22:59:31.4168 INFO SetNextResultCheckDateTime - Set League 2790 next check date to 26/01/2021 19:55:00
2021-01-24 22:59:31.4168 INFO SetCachedItem = setting cache for NextFixtureCheckDateTime
2021-01-24 22:59:31.4168 INFO SetCachedItem = setting cache for NextFixtureCheckDateTime, with Expiry Date of 23/02/2021 22:59:31
2021-01-24 23:00:09.9987 INFO SetCachedItem = setting cache for DailyRapidApiLeagueCheck, with Expiry Date of 25/01/2021 00:00:00
