2021-06-20 22:51:01.4790 INFO Default Quartz.NET properties loaded from embedded resource file
2021-06-20 22:51:01.5528 INFO Initialized Scheduler Signaller of type: Quartz.Core.SchedulerSignalerImpl
2021-06-20 22:51:01.5528 INFO Quartz Scheduler v.3.2.2.0 created.
2021-06-20 22:51:01.6256 INFO JobFactory set to: Quartz.Simpl.PropertySettingJobFactory
2021-06-20 22:51:01.6256 INFO RAMJobStore initialized.
2021-06-20 22:51:01.6306 INFO Scheduler meta-data: Quartz Scheduler (v3.2.2.0) 'DefaultQuartzScheduler' with instanceId 'NON_CLUSTERED'
  Scheduler class: 'Quartz.Core.QuartzScheduler' - running locally.
  NOT STARTED.
  Currently in standby mode.
  Number of jobs executed: 0
  Using thread pool 'Quartz.Simpl.DefaultThreadPool' - with 10 threads.
  Using job-store 'Quartz.Simpl.RAMJobStore' - which does not support persistence. and is not clustered.

2021-06-20 22:51:01.6306 INFO Quartz scheduler 'DefaultQuartzScheduler' initialized
2021-06-20 22:51:01.6306 INFO Quartz scheduler version: 3.2.2.0
2021-06-20 22:51:01.6306 INFO Scheduler DefaultQuartzScheduler_$_NON_CLUSTERED started.
2021-06-20 22:51:02.2908 INFO Startup Configuration - Start
2021-06-20 22:51:02.2908 INFO SetEventCache - Start
2021-06-20 22:51:02.3369 INFO SetCachedItem = setting cache for Events
2021-06-20 22:51:02.3369 INFO SetCachedItem = setting cache for Events, with Expiry Date of 20/07/2021 21:51:02
2021-06-20 22:51:02.3369 INFO SetNextResultCheckDateTime - Start - roundUp = False
2021-06-20 22:51:02.3369 INFO SetNextResultCheckDateTime - rapidApiResultChecks == null
2021-06-20 22:51:02.3752 INFO SetNextResultCheckDateTime - Set League 403 next check date to 18/06/2021 14:55:00
2021-06-20 22:51:02.3752 INFO SetNextResultCheckDateTime - Set League 1422 next check date to 06/10/2021 20:40:00
2021-06-20 22:51:02.3752 INFO SetCachedItem = setting cache for NextFixtureCheckDateTime
2021-06-20 22:51:02.3752 INFO SetCachedItem = setting cache for NextFixtureCheckDateTime, with Expiry Date of 20/07/2021 21:51:02
2021-06-20 22:52:00.0521 INFO GetRapidApiResults = Getting results from RapidApi 403. FixtureDateTime = 18/06/2021 00:00:00, Now = 20/06/2021 21:52:00
2021-06-20 22:52:00.0521 INFO FixturesByLeague - League = 403, EarliestDate = 18/06/2021 00:00:00
2021-06-20 22:52:03.2431 INFO SetEventCache - Start
2021-06-20 22:52:03.2431 INFO SetCachedItem = setting cache for Events
2021-06-20 22:52:03.2431 INFO SetCachedItem = setting cache for Events, with Expiry Date of 20/07/2021 21:52:03
2021-06-20 22:52:03.2431 INFO SetNextResultCheckDateTime - Start - roundUp = True
2021-06-20 22:52:03.2580 INFO SetNextResultCheckDateTime - Set League 403 next check date to 21/06/2021 17:55:00
2021-06-20 22:52:03.2580 INFO SetNextResultCheckDateTime - Set League 1422 next check date to 06/10/2021 20:40:00
2021-06-20 22:52:03.2580 INFO SetCachedItem = setting cache for NextFixtureCheckDateTime
2021-06-20 22:52:03.2580 INFO SetCachedItem = setting cache for NextFixtureCheckDateTime, with Expiry Date of 20/07/2021 21:52:03
2021-06-20 22:52:03.2580 INFO DailyRapidApiLeagueCheck --> lastDate = 17/06/2021 00:00:00, Now = 20/06/2021 00:00:00
2021-06-20 22:52:03.2770 INFO SetCachedItem = setting cache for DailyRapidApiLeagueCheck, with Expiry Date of 21/06/2021 00:00:00
2021-06-20 22:52:03.2770 INFO DailyRapidApiLeagueCheck --> Performing daily league update
2021-06-20 22:52:03.3877 INFO FixturesByLeague - League = 3448, EarliestDate = 20/06/2021 00:00:00
2021-06-20 22:52:07.5833 INFO FixturesByOdds - League = 3448
2021-06-20 22:52:07.7608 INFO OddsByLeagueAndBookmaker - League = 3448, pageNbr = 0
2021-06-20 22:52:07.7738 INFO FixturesByLeague - League = 3456, EarliestDate = 20/06/2021 00:00:00
2021-06-20 22:52:15.5313 INFO FixturesByOdds - League = 3456
2021-06-20 22:52:15.7097 INFO OddsByLeagueAndBookmaker - League = 3456, pageNbr = 0
2021-06-20 22:52:15.7975 ERROR DailyRapidApiLeagueCheck ERRORED with message --> The cast to value type 'System.DateTime' failed because the materialized value is null. Either the result type's generic parameter or the query must use a nullable type.
2021-06-20 23:06:36.2955 INFO Default Quartz.NET properties loaded from embedded resource file
2021-06-20 23:06:36.3583 INFO Initialized Scheduler Signaller of type: Quartz.Core.SchedulerSignalerImpl
2021-06-20 23:06:36.3583 INFO Quartz Scheduler v.3.2.2.0 created.
2021-06-20 23:06:36.3782 INFO JobFactory set to: Quartz.Simpl.PropertySettingJobFactory
2021-06-20 23:06:36.3782 INFO RAMJobStore initialized.
2021-06-20 23:06:36.3782 INFO Scheduler meta-data: Quartz Scheduler (v3.2.2.0) 'DefaultQuartzScheduler' with instanceId 'NON_CLUSTERED'
  Scheduler class: 'Quartz.Core.QuartzScheduler' - running locally.
  NOT STARTED.
  Currently in standby mode.
  Number of jobs executed: 0
  Using thread pool 'Quartz.Simpl.DefaultThreadPool' - with 10 threads.
  Using job-store 'Quartz.Simpl.RAMJobStore' - which does not support persistence. and is not clustered.

2021-06-20 23:06:36.3782 INFO Quartz scheduler 'DefaultQuartzScheduler' initialized
2021-06-20 23:06:36.3782 INFO Quartz scheduler version: 3.2.2.0
2021-06-20 23:06:36.4042 INFO Scheduler DefaultQuartzScheduler_$_NON_CLUSTERED started.
2021-06-20 23:06:37.0299 INFO Startup Configuration - Start
2021-06-20 23:06:37.0299 INFO SetEventCache - Start
2021-06-20 23:06:37.0868 INFO SetCachedItem = setting cache for Events
2021-06-20 23:06:37.0868 INFO SetCachedItem = setting cache for Events, with Expiry Date of 20/07/2021 22:06:37
2021-06-20 23:06:37.0868 INFO SetNextResultCheckDateTime - Start - roundUp = False
2021-06-20 23:06:37.0868 INFO SetNextResultCheckDateTime - rapidApiResultChecks == null
2021-06-20 23:06:37.1276 INFO SetNextResultCheckDateTime - Set League 403 next check date to 21/06/2021 17:55:00
2021-06-20 23:06:37.1276 INFO SetNextResultCheckDateTime - Set League 1422 next check date to 06/10/2021 20:40:00
2021-06-20 23:06:37.1276 INFO SetCachedItem = setting cache for NextFixtureCheckDateTime
2021-06-20 23:06:37.1276 INFO SetCachedItem = setting cache for NextFixtureCheckDateTime, with Expiry Date of 20/07/2021 22:06:37
2021-06-20 23:07:00.0674 INFO SetCachedItem = setting cache for DailyRapidApiLeagueCheck, with Expiry Date of 21/06/2021 00:00:00
