2021-01-10 15:37:35.2695 INFO Default Quartz.NET properties loaded from embedded resource file
2021-01-10 15:37:35.3273 INFO Initialized Scheduler Signaller of type: Quartz.Core.SchedulerSignalerImpl
2021-01-10 15:37:35.3293 INFO Quartz Scheduler v.3.2.2.0 created.
2021-01-10 15:37:35.3293 INFO JobFactory set to: Quartz.Simpl.PropertySettingJobFactory
2021-01-10 15:37:35.3293 INFO RAMJobStore initialized.
2021-01-10 15:37:35.3293 INFO Scheduler meta-data: Quartz Scheduler (v3.2.2.0) 'DefaultQuartzScheduler' with instanceId 'NON_CLUSTERED'
  Scheduler class: 'Quartz.Core.QuartzScheduler' - running locally.
  NOT STARTED.
  Currently in standby mode.
  Number of jobs executed: 0
  Using thread pool 'Quartz.Simpl.DefaultThreadPool' - with 10 threads.
  Using job-store 'Quartz.Simpl.RAMJobStore' - which does not support persistence. and is not clustered.

2021-01-10 15:37:35.3483 INFO Quartz scheduler 'DefaultQuartzScheduler' initialized
2021-01-10 15:37:35.3483 INFO Quartz scheduler version: 3.2.2.0
2021-01-10 15:37:35.3483 INFO Scheduler DefaultQuartzScheduler_$_NON_CLUSTERED started.
2021-01-10 15:37:35.4999 INFO Startup Configuration - Start
2021-01-10 15:37:35.5009 INFO SetEventCache - Start
2021-01-10 15:37:35.5478 INFO SetCachedItem = setting cache for Events
2021-01-10 15:37:35.5478 INFO SetCachedItem = setting cache for Events, with Expiry Date of 09/02/2021 15:37:35
2021-01-10 15:37:35.5478 INFO SetNextResultCheckDateTime - Start - roundUp = False
2021-01-10 15:37:35.5478 INFO SetNextResultCheckDateTime - rapidApiResultChecks == null
2021-01-10 15:37:35.5876 INFO SetNextResultCheckDateTime - Set League 2790 next check date to 12/01/2021 19:55:00
2021-01-10 15:37:35.5876 INFO SetCachedItem = setting cache for NextFixtureCheckDateTime
2021-01-10 15:37:35.5876 INFO SetCachedItem = setting cache for NextFixtureCheckDateTime, with Expiry Date of 09/02/2021 15:37:35
2021-01-10 15:38:00.0765 INFO DailyRapidApiLeagueCheck --> lastDate = 04/01/2021 00:00:00, Now = 10/01/2021 00:00:00
2021-01-10 15:38:00.3358 INFO SetCachedItem = setting cache for DailyRapidApiLeagueCheck, with Expiry Date of 11/01/2021 00:00:00
2021-01-10 15:38:00.3358 INFO DailyRapidApiLeagueCheck --> Performing daily league update
2021-01-10 15:38:00.3518 INFO FixturesByLeague - League = 2790
2021-01-10 15:38:03.8671 INFO FixturesByLeague - League = 2794
2021-01-10 15:38:07.9659 INFO SetEventCache - Start
2021-01-10 15:38:07.9699 INFO SetCachedItem = setting cache for Events
2021-01-10 15:38:07.9699 INFO SetCachedItem = setting cache for Events, with Expiry Date of 09/02/2021 15:38:07
2021-01-10 15:38:15.7680 INFO SetCachedItem = setting cache for Events
2021-01-10 15:38:15.7680 INFO SetCachedItem = setting cache for Events, with Expiry Date of 09/02/2021 15:38:15
2021-01-10 15:38:16.8363 INFO SetCachedItem = setting cache for Events
2021-01-10 15:38:16.8363 INFO SetCachedItem = setting cache for Events, with Expiry Date of 09/02/2021 15:38:16
2021-01-10 15:42:46.4109 INFO SetCachedItem = setting cache for Events
2021-01-10 15:42:46.4109 INFO SetCachedItem = setting cache for Events, with Expiry Date of 09/02/2021 15:42:46
2021-01-10 15:43:45.4395 INFO SetCachedItem = setting cache for Events
2021-01-10 15:43:45.4395 INFO SetCachedItem = setting cache for Events, with Expiry Date of 09/02/2021 15:43:45
2021-01-10 16:01:30.0792 INFO Default Quartz.NET properties loaded from embedded resource file
2021-01-10 16:01:30.1401 INFO Initialized Scheduler Signaller of type: Quartz.Core.SchedulerSignalerImpl
2021-01-10 16:01:30.1501 INFO Quartz Scheduler v.3.2.2.0 created.
2021-01-10 16:01:30.1640 INFO JobFactory set to: Quartz.Simpl.PropertySettingJobFactory
2021-01-10 16:01:30.1880 INFO RAMJobStore initialized.
2021-01-10 16:01:30.1880 INFO Scheduler meta-data: Quartz Scheduler (v3.2.2.0) 'DefaultQuartzScheduler' with instanceId 'NON_CLUSTERED'
  Scheduler class: 'Quartz.Core.QuartzScheduler' - running locally.
  NOT STARTED.
  Currently in standby mode.
  Number of jobs executed: 0
  Using thread pool 'Quartz.Simpl.DefaultThreadPool' - with 10 threads.
  Using job-store 'Quartz.Simpl.RAMJobStore' - which does not support persistence. and is not clustered.

2021-01-10 16:01:30.1880 INFO Quartz scheduler 'DefaultQuartzScheduler' initialized
2021-01-10 16:01:30.1880 INFO Quartz scheduler version: 3.2.2.0
2021-01-10 16:01:30.2079 INFO Scheduler DefaultQuartzScheduler_$_NON_CLUSTERED started.
2021-01-10 16:01:30.3446 INFO Startup Configuration - Start
2021-01-10 16:01:30.3446 INFO SetEventCache - Start
2021-01-10 16:01:30.3924 INFO SetCachedItem = setting cache for Events
2021-01-10 16:01:30.3924 INFO SetCachedItem = setting cache for Events, with Expiry Date of 09/02/2021 16:01:30
2021-01-10 16:01:30.3924 INFO SetNextResultCheckDateTime - Start - roundUp = False
2021-01-10 16:01:30.3924 INFO SetNextResultCheckDateTime - rapidApiResultChecks == null
2021-01-10 16:01:30.4413 INFO SetNextResultCheckDateTime - Set League 2790 next check date to 12/01/2021 19:55:00
2021-01-10 16:01:30.4413 INFO SetCachedItem = setting cache for NextFixtureCheckDateTime
2021-01-10 16:01:30.4413 INFO SetCachedItem = setting cache for NextFixtureCheckDateTime, with Expiry Date of 09/02/2021 16:01:30
2021-01-10 16:02:00.0707 INFO SetCachedItem = setting cache for DailyRapidApiLeagueCheck, with Expiry Date of 11/01/2021 00:00:00
2021-01-10 16:18:43.7656 INFO Default Quartz.NET properties loaded from embedded resource file
2021-01-10 16:18:43.8434 INFO Initialized Scheduler Signaller of type: Quartz.Core.SchedulerSignalerImpl
2021-01-10 16:18:43.8763 INFO Quartz Scheduler v.3.2.2.0 created.
2021-01-10 16:18:43.9062 INFO JobFactory set to: Quartz.Simpl.PropertySettingJobFactory
2021-01-10 16:18:43.9192 INFO RAMJobStore initialized.
2021-01-10 16:18:43.9232 INFO Scheduler meta-data: Quartz Scheduler (v3.2.2.0) 'DefaultQuartzScheduler' with instanceId 'NON_CLUSTERED'
  Scheduler class: 'Quartz.Core.QuartzScheduler' - running locally.
  NOT STARTED.
  Currently in standby mode.
  Number of jobs executed: 0
  Using thread pool 'Quartz.Simpl.DefaultThreadPool' - with 10 threads.
  Using job-store 'Quartz.Simpl.RAMJobStore' - which does not support persistence. and is not clustered.

2021-01-10 16:18:43.9232 INFO Quartz scheduler 'DefaultQuartzScheduler' initialized
2021-01-10 16:18:43.9232 INFO Quartz scheduler version: 3.2.2.0
2021-01-10 16:18:43.9232 INFO Scheduler DefaultQuartzScheduler_$_NON_CLUSTERED started.
2021-01-10 16:18:44.5026 INFO Startup Configuration - Start
2021-01-10 16:18:44.5026 INFO SetEventCache - Start
2021-01-10 16:18:44.5525 INFO SetCachedItem = setting cache for Events
2021-01-10 16:18:44.5525 INFO SetCachedItem = setting cache for Events, with Expiry Date of 09/02/2021 16:18:44
2021-01-10 16:18:44.5525 INFO SetNextResultCheckDateTime - Start - roundUp = False
2021-01-10 16:18:44.5525 INFO SetNextResultCheckDateTime - rapidApiResultChecks == null
2021-01-10 16:18:44.5864 INFO SetNextResultCheckDateTime - Set League 2790 next check date to 12/01/2021 19:55:00
2021-01-10 16:18:44.5864 INFO SetCachedItem = setting cache for NextFixtureCheckDateTime
2021-01-10 16:18:44.5864 INFO SetCachedItem = setting cache for NextFixtureCheckDateTime, with Expiry Date of 09/02/2021 16:18:44
2021-01-10 16:19:00.0413 INFO SetCachedItem = setting cache for DailyRapidApiLeagueCheck, with Expiry Date of 11/01/2021 00:00:00
2021-01-10 16:28:07.6774 INFO Default Quartz.NET properties loaded from embedded resource file
2021-01-10 16:28:07.7342 INFO Initialized Scheduler Signaller of type: Quartz.Core.SchedulerSignalerImpl
2021-01-10 16:28:07.7502 INFO Quartz Scheduler v.3.2.2.0 created.
2021-01-10 16:28:07.8000 INFO JobFactory set to: Quartz.Simpl.PropertySettingJobFactory
2021-01-10 16:28:07.8160 INFO RAMJobStore initialized.
2021-01-10 16:28:07.8160 INFO Scheduler meta-data: Quartz Scheduler (v3.2.2.0) 'DefaultQuartzScheduler' with instanceId 'NON_CLUSTERED'
  Scheduler class: 'Quartz.Core.QuartzScheduler' - running locally.
  NOT STARTED.
  Currently in standby mode.
  Number of jobs executed: 0
  Using thread pool 'Quartz.Simpl.DefaultThreadPool' - with 10 threads.
  Using job-store 'Quartz.Simpl.RAMJobStore' - which does not support persistence. and is not clustered.

2021-01-10 16:28:07.8160 INFO Quartz scheduler 'DefaultQuartzScheduler' initialized
2021-01-10 16:28:07.8160 INFO Quartz scheduler version: 3.2.2.0
2021-01-10 16:28:07.8300 INFO Scheduler DefaultQuartzScheduler_$_NON_CLUSTERED started.
2021-01-10 16:28:07.9746 INFO Startup Configuration - Start
2021-01-10 16:28:07.9746 INFO SetEventCache - Start
2021-01-10 16:28:08.0234 INFO SetCachedItem = setting cache for Events
2021-01-10 16:28:08.0234 INFO SetCachedItem = setting cache for Events, with Expiry Date of 09/02/2021 16:28:08
2021-01-10 16:28:08.0234 INFO SetNextResultCheckDateTime - Start - roundUp = False
2021-01-10 16:28:08.0234 INFO SetNextResultCheckDateTime - rapidApiResultChecks == null
2021-01-10 16:28:08.0633 INFO SetNextResultCheckDateTime - Set League 2790 next check date to 12/01/2021 19:55:00
2021-01-10 16:28:08.0633 INFO SetCachedItem = setting cache for NextFixtureCheckDateTime
2021-01-10 16:28:08.0633 INFO SetCachedItem = setting cache for NextFixtureCheckDateTime, with Expiry Date of 09/02/2021 16:28:08
2021-01-10 16:29:00.0393 INFO SetCachedItem = setting cache for DailyRapidApiLeagueCheck, with Expiry Date of 11/01/2021 00:00:00
2021-01-10 16:29:23.7880 INFO SetCachedItem = setting cache for Events
2021-01-10 16:29:23.7880 INFO SetCachedItem = setting cache for Events, with Expiry Date of 09/02/2021 16:29:23
2021-01-10 16:30:00.7504 INFO SetCachedItem = setting cache for Events
2021-01-10 16:30:00.7504 INFO SetCachedItem = setting cache for Events, with Expiry Date of 09/02/2021 16:30:00
2021-01-10 16:30:02.1714 INFO SetCachedItem = setting cache for Events
2021-01-10 16:30:02.1813 INFO SetCachedItem = setting cache for Events, with Expiry Date of 09/02/2021 16:30:02
2021-01-10 16:30:03.1862 INFO SetCachedItem = setting cache for Events
2021-01-10 16:30:03.1862 INFO SetCachedItem = setting cache for Events, with Expiry Date of 09/02/2021 16:30:03
2021-01-10 16:30:04.3421 INFO SetCachedItem = setting cache for Events
2021-01-10 16:30:04.3421 INFO SetCachedItem = setting cache for Events, with Expiry Date of 09/02/2021 16:30:04
2021-01-10 16:30:04.9094 INFO SetCachedItem = setting cache for Events
2021-01-10 16:30:04.9094 INFO SetCachedItem = setting cache for Events, with Expiry Date of 09/02/2021 16:30:04
2021-01-10 16:30:18.9101 INFO SetCachedItem = setting cache for Events
2021-01-10 16:30:18.9101 INFO SetCachedItem = setting cache for Events, with Expiry Date of 09/02/2021 16:30:18
2021-01-10 16:30:20.6054 INFO SetCachedItem = setting cache for Events
2021-01-10 16:30:20.6163 INFO SetCachedItem = setting cache for Events, with Expiry Date of 09/02/2021 16:30:20
2021-01-10 16:59:12.2097 INFO Default Quartz.NET properties loaded from embedded resource file
2021-01-10 16:59:12.2905 INFO Initialized Scheduler Signaller of type: Quartz.Core.SchedulerSignalerImpl
2021-01-10 16:59:12.3373 INFO Quartz Scheduler v.3.2.2.0 created.
2021-01-10 16:59:12.3852 INFO JobFactory set to: Quartz.Simpl.PropertySettingJobFactory
2021-01-10 16:59:12.4111 INFO RAMJobStore initialized.
2021-01-10 16:59:12.4111 INFO Scheduler meta-data: Quartz Scheduler (v3.2.2.0) 'DefaultQuartzScheduler' with instanceId 'NON_CLUSTERED'
  Scheduler class: 'Quartz.Core.QuartzScheduler' - running locally.
  NOT STARTED.
  Currently in standby mode.
  Number of jobs executed: 0
  Using thread pool 'Quartz.Simpl.DefaultThreadPool' - with 10 threads.
  Using job-store 'Quartz.Simpl.RAMJobStore' - which does not support persistence. and is not clustered.

2021-01-10 16:59:12.4221 INFO Quartz scheduler 'DefaultQuartzScheduler' initialized
2021-01-10 16:59:12.4221 INFO Quartz scheduler version: 3.2.2.0
2021-01-10 16:59:12.4430 INFO Scheduler DefaultQuartzScheduler_$_NON_CLUSTERED started.
2021-01-10 16:59:12.5787 INFO Startup Configuration - Start
2021-01-10 16:59:12.5787 INFO SetEventCache - Start
2021-01-10 16:59:12.6335 INFO SetCachedItem = setting cache for Events
2021-01-10 16:59:12.6335 INFO SetCachedItem = setting cache for Events, with Expiry Date of 09/02/2021 16:59:12
2021-01-10 16:59:12.6335 INFO SetNextResultCheckDateTime - Start - roundUp = False
2021-01-10 16:59:12.6335 INFO SetNextResultCheckDateTime - rapidApiResultChecks == null
2021-01-10 16:59:12.6784 INFO SetNextResultCheckDateTime - Set League 2790 next check date to 12/01/2021 19:55:00
2021-01-10 16:59:12.6784 INFO SetCachedItem = setting cache for NextFixtureCheckDateTime
2021-01-10 16:59:12.6784 INFO SetCachedItem = setting cache for NextFixtureCheckDateTime, with Expiry Date of 09/02/2021 16:59:12
2021-01-10 17:00:00.0761 INFO SetCachedItem = setting cache for DailyRapidApiLeagueCheck, with Expiry Date of 11/01/2021 00:00:00
