2021-02-01 21:49:23.8484 INFO Default Quartz.NET properties loaded from embedded resource file
2021-02-01 21:49:23.9112 INFO Initialized Scheduler Signaller of type: Quartz.Core.SchedulerSignalerImpl
2021-02-01 21:49:23.9112 INFO Quartz Scheduler v.3.2.2.0 created.
2021-02-01 21:49:23.9112 INFO JobFactory set to: Quartz.Simpl.PropertySettingJobFactory
2021-02-01 21:49:23.9232 INFO RAMJobStore initialized.
2021-02-01 21:49:23.9232 INFO Scheduler meta-data: Quartz Scheduler (v3.2.2.0) 'DefaultQuartzScheduler' with instanceId 'NON_CLUSTERED'
  Scheduler class: 'Quartz.Core.QuartzScheduler' - running locally.
  NOT STARTED.
  Currently in standby mode.
  Number of jobs executed: 0
  Using thread pool 'Quartz.Simpl.DefaultThreadPool' - with 10 threads.
  Using job-store 'Quartz.Simpl.RAMJobStore' - which does not support persistence. and is not clustered.

2021-02-01 21:49:23.9461 INFO Quartz scheduler 'DefaultQuartzScheduler' initialized
2021-02-01 21:49:23.9461 INFO Quartz scheduler version: 3.2.2.0
2021-02-01 21:49:24.0090 INFO Scheduler DefaultQuartzScheduler_$_NON_CLUSTERED started.
2021-02-01 21:49:24.1536 INFO Startup Configuration - Start
2021-02-01 21:49:24.1536 INFO SetEventCache - Start
2021-02-01 21:49:24.2025 INFO SetCachedItem = setting cache for Events
2021-02-01 21:49:24.2025 INFO SetCachedItem = setting cache for Events, with Expiry Date of 03/03/2021 21:49:24
2021-02-01 21:49:24.2074 INFO SetNextResultCheckDateTime - Start - roundUp = False
2021-02-01 21:49:24.2074 INFO SetNextResultCheckDateTime - rapidApiResultChecks == null
2021-02-01 21:49:24.2494 INFO SetNextResultCheckDateTime - Set League 2790 next check date to 30/01/2021 14:25:00
2021-02-01 21:49:24.2494 INFO SetNextResultCheckDateTime - Set League 2794 next check date to 30/01/2021 16:55:00
2021-02-01 21:49:24.2494 INFO SetCachedItem = setting cache for NextFixtureCheckDateTime
2021-02-01 21:49:24.2494 INFO SetCachedItem = setting cache for NextFixtureCheckDateTime, with Expiry Date of 03/03/2021 21:49:24
2021-02-01 21:50:00.0253 INFO GetRapidApiResults = Getting results from RapidApi 2790. FixtureDateTime = 30/01/2021 00:00:00, Now = 01/02/2021 21:50:00
2021-02-01 21:50:00.0253 INFO FixturesByLeague - League = 2790, EarliestDate = 30/01/2021 00:00:00
2021-02-01 21:50:03.4430 INFO SetEventCache - Start
2021-02-01 21:50:03.4430 INFO SetCachedItem = setting cache for Events
2021-02-01 21:50:03.4430 INFO SetCachedItem = setting cache for Events, with Expiry Date of 03/03/2021 21:50:03
2021-02-01 21:50:03.4730 INFO SetCachedItem = setting cache for Events
2021-02-01 21:50:03.4730 INFO SetCachedItem = setting cache for Events, with Expiry Date of 03/03/2021 21:50:03
2021-02-01 21:50:03.4730 INFO SetCachedItem = setting cache for Events
2021-02-01 21:50:03.4730 INFO SetCachedItem = setting cache for Events, with Expiry Date of 03/03/2021 21:50:03
2021-02-01 21:50:03.5567 INFO SetCachedItem = setting cache for Events
2021-02-01 21:50:03.5567 INFO SetCachedItem = setting cache for Events, with Expiry Date of 03/03/2021 21:50:03
2021-02-01 21:50:03.5567 INFO GetRapidApiResults = Getting results from RapidApi 2794. FixtureDateTime = 30/01/2021 00:00:00, Now = 01/02/2021 21:50:03
2021-02-01 21:50:03.5567 INFO FixturesByLeague - League = 2794, EarliestDate = 30/01/2021 00:00:00
2021-02-01 21:50:06.3677 INFO SetEventCache - Start
2021-02-01 21:50:06.3677 INFO SetCachedItem = setting cache for Events
2021-02-01 21:50:06.3677 INFO SetCachedItem = setting cache for Events, with Expiry Date of 03/03/2021 21:50:06
2021-02-01 21:50:06.3677 INFO SetNextResultCheckDateTime - Start - roundUp = True
2021-02-01 21:50:06.3807 INFO SetNextResultCheckDateTime - Set League 2790 next check date to 02/02/2021 19:55:00
2021-02-01 21:50:06.3807 INFO SetNextResultCheckDateTime - Set League 2794 next check date to 02/02/2021 20:55:00
2021-02-01 21:50:06.3807 INFO SetCachedItem = setting cache for NextFixtureCheckDateTime
2021-02-01 21:50:06.3807 INFO SetCachedItem = setting cache for NextFixtureCheckDateTime, with Expiry Date of 03/03/2021 21:50:06
2021-02-01 21:50:06.3807 INFO DailyRapidApiLeagueCheck --> lastDate = 30/01/2021 00:00:00, Now = 01/02/2021 00:00:00
2021-02-01 21:50:06.3967 INFO SetCachedItem = setting cache for DailyRapidApiLeagueCheck, with Expiry Date of 02/02/2021 00:00:00
2021-02-01 21:50:06.3967 INFO DailyRapidApiLeagueCheck --> Performing daily league update
2021-02-01 21:50:06.4675 INFO FixturesByLeague - League = 2790, EarliestDate = 02/02/2021 00:00:00
2021-02-01 21:50:14.5712 INFO FixturesByOdds - League = 2790
2021-02-01 22:14:31.0658 INFO Default Quartz.NET properties loaded from embedded resource file
2021-02-01 22:14:31.1246 INFO Initialized Scheduler Signaller of type: Quartz.Core.SchedulerSignalerImpl
2021-02-01 22:14:31.1456 INFO Quartz Scheduler v.3.2.2.0 created.
2021-02-01 22:14:31.1885 INFO JobFactory set to: Quartz.Simpl.PropertySettingJobFactory
2021-02-01 22:14:31.2054 INFO RAMJobStore initialized.
2021-02-01 22:14:31.2054 INFO Scheduler meta-data: Quartz Scheduler (v3.2.2.0) 'DefaultQuartzScheduler' with instanceId 'NON_CLUSTERED'
  Scheduler class: 'Quartz.Core.QuartzScheduler' - running locally.
  NOT STARTED.
  Currently in standby mode.
  Number of jobs executed: 0
  Using thread pool 'Quartz.Simpl.DefaultThreadPool' - with 10 threads.
  Using job-store 'Quartz.Simpl.RAMJobStore' - which does not support persistence. and is not clustered.

2021-02-01 22:14:31.2054 INFO Quartz scheduler 'DefaultQuartzScheduler' initialized
2021-02-01 22:14:31.2054 INFO Quartz scheduler version: 3.2.2.0
2021-02-01 22:14:31.2054 INFO Scheduler DefaultQuartzScheduler_$_NON_CLUSTERED started.
2021-02-01 22:14:31.3411 INFO Startup Configuration - Start
2021-02-01 22:14:31.3411 INFO SetEventCache - Start
2021-02-01 22:14:31.3879 INFO SetCachedItem = setting cache for Events
2021-02-01 22:14:31.3879 INFO SetCachedItem = setting cache for Events, with Expiry Date of 03/03/2021 22:14:31
2021-02-01 22:14:31.3919 INFO SetNextResultCheckDateTime - Start - roundUp = False
2021-02-01 22:14:31.3919 INFO SetNextResultCheckDateTime - rapidApiResultChecks == null
2021-02-01 22:14:31.4268 INFO SetNextResultCheckDateTime - Set League 2790 next check date to 02/02/2021 19:55:00
2021-02-01 22:14:31.4268 INFO SetNextResultCheckDateTime - Set League 2794 next check date to 02/02/2021 20:55:00
2021-02-01 22:14:31.4268 INFO SetCachedItem = setting cache for NextFixtureCheckDateTime
2021-02-01 22:14:31.4268 INFO SetCachedItem = setting cache for NextFixtureCheckDateTime, with Expiry Date of 03/03/2021 22:14:31
2021-02-01 22:15:00.0808 INFO DailyRapidApiLeagueCheck --> lastDate = 31/01/2021 00:00:00, Now = 01/02/2021 00:00:00
2021-02-01 22:15:00.3620 INFO SetCachedItem = setting cache for DailyRapidApiLeagueCheck, with Expiry Date of 02/02/2021 00:00:00
2021-02-01 22:15:00.3620 INFO DailyRapidApiLeagueCheck --> Performing daily league update
2021-02-01 22:15:00.3989 INFO FixturesByLeague - League = 2790, EarliestDate = 02/02/2021 00:00:00
2021-02-01 22:15:03.1138 INFO FixturesByOdds - League = 2790
2021-02-01 22:15:06.5892 INFO FixturesByOdds - League = 2790, pageNbr = 6
2021-02-01 22:15:09.8196 INFO FixturesByOdds - League = 2790, pageNbr = 5
2021-02-01 22:15:13.6805 INFO FixturesByOdds - League = 2790, pageNbr = 4
2021-02-01 22:15:15.5229 INFO FixturesByOdds - League = 2790, pageNbr = 0
2021-02-01 22:15:15.5329 INFO FixturesByLeague - League = 2794, EarliestDate = 29/01/2021 00:00:00
2021-02-01 22:15:18.1875 INFO SetEventCache - Start
2021-02-01 22:15:18.1911 INFO SetCachedItem = setting cache for Events
2021-02-01 22:15:18.1911 INFO SetCachedItem = setting cache for Events, with Expiry Date of 03/03/2021 22:15:18
2021-02-01 22:15:18.2091 INFO FixturesByOdds - League = 2794
2021-02-01 22:15:21.0827 INFO FixturesByOdds - League = 2794, pageNbr = 7
2021-02-01 22:15:22.5302 INFO FixturesByOdds - League = 2794, pageNbr = 0
2021-02-01 22:15:22.7057 INFO SetEventCache - Start
2021-02-01 22:15:22.7057 INFO SetCachedItem = setting cache for Events
2021-02-01 22:15:22.7057 INFO SetCachedItem = setting cache for Events, with Expiry Date of 03/03/2021 22:15:22
2021-02-01 22:15:22.7875 INFO SetEventCache - Start
2021-02-01 22:15:22.7875 INFO SetCachedItem = setting cache for Events
2021-02-01 22:15:22.7875 INFO SetCachedItem = setting cache for Events, with Expiry Date of 03/03/2021 22:15:22
2021-02-01 22:15:22.8613 INFO SetEventCache - Start
2021-02-01 22:15:22.8613 INFO SetCachedItem = setting cache for Events
2021-02-01 22:15:22.8613 INFO SetCachedItem = setting cache for Events, with Expiry Date of 03/03/2021 22:15:22
2021-02-01 22:16:16.2500 INFO Default Quartz.NET properties loaded from embedded resource file
2021-02-01 22:16:16.3078 INFO Initialized Scheduler Signaller of type: Quartz.Core.SchedulerSignalerImpl
2021-02-01 22:16:16.3337 INFO Quartz Scheduler v.3.2.2.0 created.
2021-02-01 22:16:16.3706 INFO JobFactory set to: Quartz.Simpl.PropertySettingJobFactory
2021-02-01 22:16:16.3886 INFO RAMJobStore initialized.
2021-02-01 22:16:16.3926 INFO Scheduler meta-data: Quartz Scheduler (v3.2.2.0) 'DefaultQuartzScheduler' with instanceId 'NON_CLUSTERED'
  Scheduler class: 'Quartz.Core.QuartzScheduler' - running locally.
  NOT STARTED.
  Currently in standby mode.
  Number of jobs executed: 0
  Using thread pool 'Quartz.Simpl.DefaultThreadPool' - with 10 threads.
  Using job-store 'Quartz.Simpl.RAMJobStore' - which does not support persistence. and is not clustered.

2021-02-01 22:16:16.3926 INFO Quartz scheduler 'DefaultQuartzScheduler' initialized
2021-02-01 22:16:16.3926 INFO Quartz scheduler version: 3.2.2.0
2021-02-01 22:16:16.3926 INFO Scheduler DefaultQuartzScheduler_$_NON_CLUSTERED started.
2021-02-01 22:16:16.5282 INFO Startup Configuration - Start
2021-02-01 22:16:16.5282 INFO SetEventCache - Start
2021-02-01 22:16:16.5731 INFO SetCachedItem = setting cache for Events
2021-02-01 22:16:16.5731 INFO SetCachedItem = setting cache for Events, with Expiry Date of 03/03/2021 22:16:16
2021-02-01 22:16:16.5731 INFO SetNextResultCheckDateTime - Start - roundUp = False
2021-02-01 22:16:16.5731 INFO SetNextResultCheckDateTime - rapidApiResultChecks == null
2021-02-01 22:16:16.6260 INFO SetNextResultCheckDateTime - Set League 2790 next check date to 02/02/2021 19:55:00
2021-02-01 22:16:16.6269 INFO SetNextResultCheckDateTime - Set League 2794 next check date to 02/02/2021 20:55:00
2021-02-01 22:16:16.6269 INFO SetCachedItem = setting cache for NextFixtureCheckDateTime
2021-02-01 22:16:16.6269 INFO SetCachedItem = setting cache for NextFixtureCheckDateTime, with Expiry Date of 03/03/2021 22:16:16
2021-02-01 22:17:00.0653 INFO DailyRapidApiLeagueCheck --> lastDate = 31/01/2021 00:00:00, Now = 01/02/2021 00:00:00
2021-02-01 22:17:00.3006 INFO SetCachedItem = setting cache for DailyRapidApiLeagueCheck, with Expiry Date of 02/02/2021 00:00:00
2021-02-01 22:17:00.3006 INFO DailyRapidApiLeagueCheck --> Performing daily league update
2021-02-01 22:17:00.3555 INFO FixturesByLeague - League = 2790, EarliestDate = 02/02/2021 00:00:00
2021-02-01 22:17:06.3460 INFO FixturesByOdds - League = 2790
2021-02-01 22:17:57.6568 INFO FixturesByOdds - League = 2790, pageNbr = 6
2021-02-01 22:18:07.1445 INFO FixturesByOdds - League = 2790, pageNbr = 5
2021-02-01 22:18:11.4853 INFO FixturesByOdds - League = 2790, pageNbr = 4
2021-02-01 22:18:14.6334 INFO FixturesByOdds - League = 2790, pageNbr = 0
2021-02-01 22:18:14.6423 INFO FixturesByLeague - League = 2794, EarliestDate = 02/02/2021 00:00:00
2021-02-01 22:18:29.2692 INFO FixturesByOdds - League = 2794
2021-02-01 22:18:35.7424 INFO FixturesByOdds - League = 2794, pageNbr = 7
2021-02-01 22:18:38.7715 INFO FixturesByOdds - League = 2794, pageNbr = 0
2021-02-01 22:24:13.8299 INFO Default Quartz.NET properties loaded from embedded resource file
2021-02-01 22:24:13.8867 INFO Initialized Scheduler Signaller of type: Quartz.Core.SchedulerSignalerImpl
2021-02-01 22:24:13.9057 INFO Quartz Scheduler v.3.2.2.0 created.
2021-02-01 22:24:13.9426 INFO JobFactory set to: Quartz.Simpl.PropertySettingJobFactory
2021-02-01 22:24:13.9655 INFO RAMJobStore initialized.
2021-02-01 22:24:13.9705 INFO Scheduler meta-data: Quartz Scheduler (v3.2.2.0) 'DefaultQuartzScheduler' with instanceId 'NON_CLUSTERED'
  Scheduler class: 'Quartz.Core.QuartzScheduler' - running locally.
  NOT STARTED.
  Currently in standby mode.
  Number of jobs executed: 0
  Using thread pool 'Quartz.Simpl.DefaultThreadPool' - with 10 threads.
  Using job-store 'Quartz.Simpl.RAMJobStore' - which does not support persistence. and is not clustered.

2021-02-01 22:24:13.9705 INFO Quartz scheduler 'DefaultQuartzScheduler' initialized
2021-02-01 22:24:13.9705 INFO Quartz scheduler version: 3.2.2.0
2021-02-01 22:24:13.9705 INFO Scheduler DefaultQuartzScheduler_$_NON_CLUSTERED started.
2021-02-01 22:24:14.1052 INFO Startup Configuration - Start
2021-02-01 22:24:14.1052 INFO SetEventCache - Start
2021-02-01 22:24:14.1500 INFO SetCachedItem = setting cache for Events
2021-02-01 22:24:14.1500 INFO SetCachedItem = setting cache for Events, with Expiry Date of 03/03/2021 22:24:14
2021-02-01 22:24:14.1500 INFO SetNextResultCheckDateTime - Start - roundUp = False
2021-02-01 22:24:14.1500 INFO SetNextResultCheckDateTime - rapidApiResultChecks == null
2021-02-01 22:24:14.1889 INFO SetNextResultCheckDateTime - Set League 2790 next check date to 02/02/2021 19:55:00
2021-02-01 22:24:14.1889 INFO SetNextResultCheckDateTime - Set League 2794 next check date to 02/02/2021 20:55:00
2021-02-01 22:24:14.1889 INFO SetCachedItem = setting cache for NextFixtureCheckDateTime
2021-02-01 22:24:14.1889 INFO SetCachedItem = setting cache for NextFixtureCheckDateTime, with Expiry Date of 03/03/2021 22:24:14
2021-02-01 22:25:00.0912 INFO DailyRapidApiLeagueCheck --> lastDate = 31/01/2021 00:00:00, Now = 01/02/2021 00:00:00
2021-02-01 22:25:00.3226 INFO SetCachedItem = setting cache for DailyRapidApiLeagueCheck, with Expiry Date of 02/02/2021 00:00:00
2021-02-01 22:25:00.3316 INFO DailyRapidApiLeagueCheck --> Performing daily league update
2021-02-01 22:25:00.3795 INFO FixturesByLeague - League = 2790, EarliestDate = 02/02/2021 00:00:00
2021-02-01 22:25:10.8543 INFO FixturesByOdds - League = 2790
2021-02-01 22:25:33.5865 INFO OddsByLeagueAndBookmaker - League = 2790, pageNbr = 6
2021-02-01 22:25:40.0931 INFO OddsByLeagueAndBookmaker - League = 2790, pageNbr = 5
2021-02-01 22:25:43.5960 INFO OddsByLeagueAndBookmaker - League = 2790, pageNbr = 4
2021-02-01 22:25:47.7700 INFO OddsByLeagueAndBookmaker - League = 2790, pageNbr = 0
2021-02-01 22:25:47.7700 INFO FixturesByLeague - League = 2794, EarliestDate = 02/02/2021 00:00:00
2021-02-01 22:25:56.3612 INFO FixturesByOdds - League = 2794
2021-02-01 22:26:36.7667 INFO OddsByLeagueAndBookmaker - League = 2794, pageNbr = 7
2021-02-01 22:33:04.9911 INFO Default Quartz.NET properties loaded from embedded resource file
2021-02-01 22:33:05.0510 INFO Initialized Scheduler Signaller of type: Quartz.Core.SchedulerSignalerImpl
2021-02-01 22:33:05.0769 INFO Quartz Scheduler v.3.2.2.0 created.
2021-02-01 22:33:05.1058 INFO JobFactory set to: Quartz.Simpl.PropertySettingJobFactory
2021-02-01 22:33:05.1238 INFO RAMJobStore initialized.
2021-02-01 22:33:05.1288 INFO Scheduler meta-data: Quartz Scheduler (v3.2.2.0) 'DefaultQuartzScheduler' with instanceId 'NON_CLUSTERED'
  Scheduler class: 'Quartz.Core.QuartzScheduler' - running locally.
  NOT STARTED.
  Currently in standby mode.
  Number of jobs executed: 0
  Using thread pool 'Quartz.Simpl.DefaultThreadPool' - with 10 threads.
  Using job-store 'Quartz.Simpl.RAMJobStore' - which does not support persistence. and is not clustered.

2021-02-01 22:33:05.1288 INFO Quartz scheduler 'DefaultQuartzScheduler' initialized
2021-02-01 22:33:05.1288 INFO Quartz scheduler version: 3.2.2.0
2021-02-01 22:33:05.1288 INFO Scheduler DefaultQuartzScheduler_$_NON_CLUSTERED started.
2021-02-01 22:33:05.2664 INFO Startup Configuration - Start
2021-02-01 22:33:05.2674 INFO SetEventCache - Start
2021-02-01 22:33:05.3113 INFO SetCachedItem = setting cache for Events
2021-02-01 22:33:05.3113 INFO SetCachedItem = setting cache for Events, with Expiry Date of 03/03/2021 22:33:05
2021-02-01 22:33:05.3163 INFO SetNextResultCheckDateTime - Start - roundUp = False
2021-02-01 22:33:05.3163 INFO SetNextResultCheckDateTime - rapidApiResultChecks == null
2021-02-01 22:33:05.3502 INFO SetNextResultCheckDateTime - Set League 2790 next check date to 02/02/2021 19:55:00
2021-02-01 22:33:05.3502 INFO SetNextResultCheckDateTime - Set League 2794 next check date to 02/02/2021 20:55:00
2021-02-01 22:33:05.3502 INFO SetCachedItem = setting cache for NextFixtureCheckDateTime
2021-02-01 22:33:05.3502 INFO SetCachedItem = setting cache for NextFixtureCheckDateTime, with Expiry Date of 03/03/2021 22:33:05
2021-02-01 22:34:00.0927 INFO DailyRapidApiLeagueCheck --> lastDate = 31/01/2021 00:00:00, Now = 01/02/2021 00:00:00
2021-02-01 22:34:00.3391 INFO SetCachedItem = setting cache for DailyRapidApiLeagueCheck, with Expiry Date of 02/02/2021 00:00:00
2021-02-01 22:34:00.3391 INFO DailyRapidApiLeagueCheck --> Performing daily league update
2021-02-01 22:34:00.3780 INFO FixturesByLeague - League = 2790, EarliestDate = 02/02/2021 00:00:00
2021-02-01 22:34:06.1158 INFO FixturesByOdds - League = 2790
2021-02-01 22:34:11.3848 INFO OddsByLeagueAndBookmaker - League = 2790, pageNbr = 2
2021-02-01 22:34:19.9517 INFO OddsByLeagueAndBookmaker - League = 2790, pageNbr = 3
2021-02-01 22:34:26.8356 INFO OddsByLeagueAndBookmaker - League = 2790, pageNbr = 4
2021-02-01 22:34:29.4076 INFO OddsByLeagueAndBookmaker - League = 2790, pageNbr = 5
2021-02-01 22:34:34.2135 INFO OddsByLeagueAndBookmaker - League = 2790, pageNbr = 6
2021-02-01 22:34:43.3802 INFO OddsByLeagueAndBookmaker - League = 2790, pageNbr = 0
2021-02-01 22:34:47.7652 INFO FixturesByLeague - League = 2794, EarliestDate = 02/02/2021 00:00:00
2021-02-01 22:34:50.7493 INFO FixturesByOdds - League = 2794
2021-02-01 22:34:57.2391 INFO OddsByLeagueAndBookmaker - League = 2794, pageNbr = 2
2021-02-01 22:35:01.1529 INFO OddsByLeagueAndBookmaker - League = 2794, pageNbr = 3
2021-02-01 22:35:06.7392 INFO OddsByLeagueAndBookmaker - League = 2794, pageNbr = 4
2021-02-01 22:35:10.3179 INFO OddsByLeagueAndBookmaker - League = 2794, pageNbr = 5
2021-02-01 22:35:15.4153 INFO OddsByLeagueAndBookmaker - League = 2794, pageNbr = 6
2021-02-01 22:35:20.3413 INFO OddsByLeagueAndBookmaker - League = 2794, pageNbr = 7
2021-02-01 22:35:24.6792 INFO OddsByLeagueAndBookmaker - League = 2794, pageNbr = 0
