2021-06-02 14:15:37.7398 INFO Default Quartz.NET properties loaded from embedded resource file
2021-06-02 14:15:37.8226 INFO Initialized Scheduler Signaller of type: Quartz.Core.SchedulerSignalerImpl
2021-06-02 14:15:37.8226 INFO Quartz Scheduler v.3.2.2.0 created.
2021-06-02 14:15:37.8460 INFO JobFactory set to: Quartz.Simpl.PropertySettingJobFactory
2021-06-02 14:15:37.8460 INFO RAMJobStore initialized.
2021-06-02 14:15:37.8580 INFO Scheduler meta-data: Quartz Scheduler (v3.2.2.0) 'DefaultQuartzScheduler' with instanceId 'NON_CLUSTERED'
  Scheduler class: 'Quartz.Core.QuartzScheduler' - running locally.
  NOT STARTED.
  Currently in standby mode.
  Number of jobs executed: 0
  Using thread pool 'Quartz.Simpl.DefaultThreadPool' - with 10 threads.
  Using job-store 'Quartz.Simpl.RAMJobStore' - which does not support persistence. and is not clustered.

2021-06-02 14:15:37.8959 INFO Quartz scheduler 'DefaultQuartzScheduler' initialized
2021-06-02 14:15:37.8959 INFO Quartz scheduler version: 3.2.2.0
2021-06-02 14:15:37.9248 INFO Scheduler DefaultQuartzScheduler_$_NON_CLUSTERED started.
2021-06-02 14:15:38.0624 INFO Startup Configuration - Start
2021-06-02 14:15:38.0624 INFO SetEventCache - Start
2021-06-02 14:18:34.7535 INFO Default Quartz.NET properties loaded from embedded resource file
2021-06-02 14:18:34.8093 INFO Initialized Scheduler Signaller of type: Quartz.Core.SchedulerSignalerImpl
2021-06-02 14:18:34.8303 INFO Quartz Scheduler v.3.2.2.0 created.
2021-06-02 14:18:34.8562 INFO JobFactory set to: Quartz.Simpl.PropertySettingJobFactory
2021-06-02 14:18:34.8801 INFO RAMJobStore initialized.
2021-06-02 14:18:34.8851 INFO Scheduler meta-data: Quartz Scheduler (v3.2.2.0) 'DefaultQuartzScheduler' with instanceId 'NON_CLUSTERED'
  Scheduler class: 'Quartz.Core.QuartzScheduler' - running locally.
  NOT STARTED.
  Currently in standby mode.
  Number of jobs executed: 0
  Using thread pool 'Quartz.Simpl.DefaultThreadPool' - with 10 threads.
  Using job-store 'Quartz.Simpl.RAMJobStore' - which does not support persistence. and is not clustered.

2021-06-02 14:18:34.8851 INFO Quartz scheduler 'DefaultQuartzScheduler' initialized
2021-06-02 14:18:34.8851 INFO Quartz scheduler version: 3.2.2.0
2021-06-02 14:18:34.8851 INFO Scheduler DefaultQuartzScheduler_$_NON_CLUSTERED started.
2021-06-02 14:18:35.0128 INFO Startup Configuration - Start
2021-06-02 14:18:35.0128 INFO SetEventCache - Start
2021-06-02 14:18:35.0696 INFO SetCachedItem = setting cache for Events
2021-06-02 14:18:35.0696 INFO SetCachedItem = setting cache for Events, with Expiry Date of 02/07/2021 13:18:35
2021-06-02 14:18:35.0756 INFO SetNextResultCheckDateTime - Start - roundUp = False
2021-06-02 14:18:35.0756 INFO SetNextResultCheckDateTime - rapidApiResultChecks == null
2021-06-02 14:18:35.1065 INFO SetCachedItem = setting cache for NextFixtureCheckDateTime
2021-06-02 14:18:35.1065 INFO SetCachedItem = setting cache for NextFixtureCheckDateTime, with Expiry Date of 02/07/2021 13:18:35
2021-06-02 15:59:34.4710 INFO Default Quartz.NET properties loaded from embedded resource file
2021-06-02 15:59:34.5369 INFO Initialized Scheduler Signaller of type: Quartz.Core.SchedulerSignalerImpl
2021-06-02 15:59:34.5608 INFO Quartz Scheduler v.3.2.2.0 created.
2021-06-02 15:59:34.6067 INFO JobFactory set to: Quartz.Simpl.PropertySettingJobFactory
2021-06-02 15:59:34.6256 INFO RAMJobStore initialized.
2021-06-02 15:59:34.6256 INFO Scheduler meta-data: Quartz Scheduler (v3.2.2.0) 'DefaultQuartzScheduler' with instanceId 'NON_CLUSTERED'
  Scheduler class: 'Quartz.Core.QuartzScheduler' - running locally.
  NOT STARTED.
  Currently in standby mode.
  Number of jobs executed: 0
  Using thread pool 'Quartz.Simpl.DefaultThreadPool' - with 10 threads.
  Using job-store 'Quartz.Simpl.RAMJobStore' - which does not support persistence. and is not clustered.

2021-06-02 15:59:34.6256 INFO Quartz scheduler 'DefaultQuartzScheduler' initialized
2021-06-02 15:59:34.6256 INFO Quartz scheduler version: 3.2.2.0
2021-06-02 15:59:34.6396 INFO Scheduler DefaultQuartzScheduler_$_NON_CLUSTERED started.
2021-06-02 15:59:34.7643 INFO Startup Configuration - Start
2021-06-02 15:59:34.7643 INFO SetEventCache - Start
2021-06-02 15:59:34.8101 INFO SetCachedItem = setting cache for Events
2021-06-02 15:59:34.8101 INFO SetCachedItem = setting cache for Events, with Expiry Date of 02/07/2021 14:59:34
2021-06-02 15:59:34.8101 INFO SetNextResultCheckDateTime - Start - roundUp = False
2021-06-02 15:59:34.8101 INFO SetNextResultCheckDateTime - rapidApiResultChecks == null
2021-06-02 15:59:34.8451 INFO SetCachedItem = setting cache for NextFixtureCheckDateTime
2021-06-02 15:59:34.8451 INFO SetCachedItem = setting cache for NextFixtureCheckDateTime, with Expiry Date of 02/07/2021 14:59:34
2021-06-02 15:59:50.0698 INFO Account - Login (HttpPost) - pete@salsbury.co.uk logged in
2021-06-02 16:00:00.0527 INFO DailyRapidApiLeagueCheck --> lastDate = 01/06/2021 00:00:00, Now = 02/06/2021 00:00:00
2021-06-02 16:00:00.2931 INFO SetCachedItem = setting cache for DailyRapidApiLeagueCheck, with Expiry Date of 03/06/2021 00:00:00
2021-06-02 16:00:00.2931 INFO DailyRapidApiLeagueCheck --> Performing daily league update
2021-06-02 16:00:00.3629 INFO FixturesByLeague - League = 2790, EarliestDate = 02/06/2021 00:00:00
2021-06-02 16:00:01.2255 INFO FixturesByOdds - League = 2790
2021-06-02 16:00:02.9880 INFO OddsByLeagueAndBookmaker - League = 2790, pageNbr = 2
2021-06-02 16:00:04.8230 INFO OddsByLeagueAndBookmaker - League = 2790, pageNbr = 0
2021-06-02 16:07:48.3968 INFO Default Quartz.NET properties loaded from embedded resource file
2021-06-02 16:07:48.4556 INFO Initialized Scheduler Signaller of type: Quartz.Core.SchedulerSignalerImpl
2021-06-02 16:07:48.4835 INFO Quartz Scheduler v.3.2.2.0 created.
2021-06-02 16:07:48.5234 INFO JobFactory set to: Quartz.Simpl.PropertySettingJobFactory
2021-06-02 16:07:48.5423 INFO RAMJobStore initialized.
2021-06-02 16:07:48.5423 INFO Scheduler meta-data: Quartz Scheduler (v3.2.2.0) 'DefaultQuartzScheduler' with instanceId 'NON_CLUSTERED'
  Scheduler class: 'Quartz.Core.QuartzScheduler' - running locally.
  NOT STARTED.
  Currently in standby mode.
  Number of jobs executed: 0
  Using thread pool 'Quartz.Simpl.DefaultThreadPool' - with 10 threads.
  Using job-store 'Quartz.Simpl.RAMJobStore' - which does not support persistence. and is not clustered.

2021-06-02 16:07:48.5423 INFO Quartz scheduler 'DefaultQuartzScheduler' initialized
2021-06-02 16:07:48.5423 INFO Quartz scheduler version: 3.2.2.0
2021-06-02 16:07:48.5563 INFO Scheduler DefaultQuartzScheduler_$_NON_CLUSTERED started.
2021-06-02 16:07:48.6969 INFO Startup Configuration - Start
2021-06-02 16:07:48.6969 INFO SetEventCache - Start
2021-06-02 16:07:48.7488 INFO SetCachedItem = setting cache for Events
2021-06-02 16:07:48.7488 INFO SetCachedItem = setting cache for Events, with Expiry Date of 02/07/2021 15:07:48
2021-06-02 16:07:48.7488 INFO SetNextResultCheckDateTime - Start - roundUp = False
2021-06-02 16:07:48.7488 INFO SetNextResultCheckDateTime - rapidApiResultChecks == null
2021-06-02 16:07:48.7957 INFO SetCachedItem = setting cache for NextFixtureCheckDateTime
2021-06-02 16:07:48.7957 INFO SetCachedItem = setting cache for NextFixtureCheckDateTime, with Expiry Date of 02/07/2021 15:07:48
2021-06-02 16:08:00.0500 INFO DailyRapidApiLeagueCheck --> lastDate = 01/06/2021 00:00:00, Now = 02/06/2021 00:00:00
2021-06-02 16:08:00.3073 INFO SetCachedItem = setting cache for DailyRapidApiLeagueCheck, with Expiry Date of 03/06/2021 00:00:00
2021-06-02 16:08:00.3073 INFO DailyRapidApiLeagueCheck --> Performing daily league update
2021-06-02 16:08:00.3782 INFO FixturesByLeague - League = 2790, EarliestDate = 02/06/2021 00:00:00
2021-06-02 16:08:18.2357 INFO Default Quartz.NET properties loaded from embedded resource file
2021-06-02 16:08:18.3075 INFO Initialized Scheduler Signaller of type: Quartz.Core.SchedulerSignalerImpl
2021-06-02 16:08:18.3394 INFO Quartz Scheduler v.3.2.2.0 created.
2021-06-02 16:08:18.3394 INFO JobFactory set to: Quartz.Simpl.PropertySettingJobFactory
2021-06-02 16:08:18.3394 INFO RAMJobStore initialized.
2021-06-02 16:08:18.3524 INFO Scheduler meta-data: Quartz Scheduler (v3.2.2.0) 'DefaultQuartzScheduler' with instanceId 'NON_CLUSTERED'
  Scheduler class: 'Quartz.Core.QuartzScheduler' - running locally.
  NOT STARTED.
  Currently in standby mode.
  Number of jobs executed: 0
  Using thread pool 'Quartz.Simpl.DefaultThreadPool' - with 10 threads.
  Using job-store 'Quartz.Simpl.RAMJobStore' - which does not support persistence. and is not clustered.

2021-06-02 16:08:18.3524 INFO Quartz scheduler 'DefaultQuartzScheduler' initialized
2021-06-02 16:08:18.3524 INFO Quartz scheduler version: 3.2.2.0
2021-06-02 16:08:18.3753 INFO Scheduler DefaultQuartzScheduler_$_NON_CLUSTERED started.
2021-06-02 16:08:19.1042 INFO Startup Configuration - Start
2021-06-02 16:08:19.1042 INFO SetEventCache - Start
2021-06-02 16:08:19.1590 INFO SetCachedItem = setting cache for Events
2021-06-02 16:08:19.1590 INFO SetCachedItem = setting cache for Events, with Expiry Date of 02/07/2021 15:08:19
2021-06-02 16:08:19.1590 INFO SetNextResultCheckDateTime - Start - roundUp = False
2021-06-02 16:08:19.1590 INFO SetNextResultCheckDateTime - rapidApiResultChecks == null
2021-06-02 16:08:19.1920 INFO SetCachedItem = setting cache for NextFixtureCheckDateTime
2021-06-02 16:08:19.1920 INFO SetCachedItem = setting cache for NextFixtureCheckDateTime, with Expiry Date of 02/07/2021 15:08:19
2021-06-02 16:09:00.0520 INFO SetCachedItem = setting cache for DailyRapidApiLeagueCheck, with Expiry Date of 03/06/2021 00:00:00
2021-06-02 16:09:55.9266 INFO Default Quartz.NET properties loaded from embedded resource file
2021-06-02 16:09:55.9934 INFO Initialized Scheduler Signaller of type: Quartz.Core.SchedulerSignalerImpl
2021-06-02 16:09:56.0194 INFO Quartz Scheduler v.3.2.2.0 created.
2021-06-02 16:09:56.0273 INFO JobFactory set to: Quartz.Simpl.PropertySettingJobFactory
2021-06-02 16:09:56.0273 INFO RAMJobStore initialized.
2021-06-02 16:09:56.0273 INFO Scheduler meta-data: Quartz Scheduler (v3.2.2.0) 'DefaultQuartzScheduler' with instanceId 'NON_CLUSTERED'
  Scheduler class: 'Quartz.Core.QuartzScheduler' - running locally.
  NOT STARTED.
  Currently in standby mode.
  Number of jobs executed: 0
  Using thread pool 'Quartz.Simpl.DefaultThreadPool' - with 10 threads.
  Using job-store 'Quartz.Simpl.RAMJobStore' - which does not support persistence. and is not clustered.

2021-06-02 16:09:56.0273 INFO Quartz scheduler 'DefaultQuartzScheduler' initialized
2021-06-02 16:09:56.0403 INFO Quartz scheduler version: 3.2.2.0
2021-06-02 16:09:56.0602 INFO Scheduler DefaultQuartzScheduler_$_NON_CLUSTERED started.
2021-06-02 16:09:56.7125 INFO Startup Configuration - Start
2021-06-02 16:09:56.7125 INFO SetEventCache - Start
2021-06-02 16:09:56.7654 INFO SetCachedItem = setting cache for Events
2021-06-02 16:09:56.7654 INFO SetCachedItem = setting cache for Events, with Expiry Date of 02/07/2021 15:09:56
2021-06-02 16:09:56.7654 INFO SetNextResultCheckDateTime - Start - roundUp = False
2021-06-02 16:09:56.7654 INFO SetNextResultCheckDateTime - rapidApiResultChecks == null
2021-06-02 16:09:56.8053 INFO SetCachedItem = setting cache for NextFixtureCheckDateTime
2021-06-02 16:09:56.8063 INFO SetCachedItem = setting cache for NextFixtureCheckDateTime, with Expiry Date of 02/07/2021 15:09:56
2021-06-02 16:10:00.0625 INFO DailyRapidApiLeagueCheck --> lastDate = 01/06/2021 00:00:00, Now = 02/06/2021 00:00:00
2021-06-02 16:10:00.3328 INFO SetCachedItem = setting cache for DailyRapidApiLeagueCheck, with Expiry Date of 03/06/2021 00:00:00
2021-06-02 16:10:00.3328 INFO DailyRapidApiLeagueCheck --> Performing daily league update
2021-06-02 16:10:00.3877 INFO FixturesByLeague - League = 2790, EarliestDate = 02/06/2021 00:00:00
2021-06-02 16:10:01.2564 INFO FixturesByOdds - League = 2790
2021-06-02 16:10:02.5100 INFO OddsByLeagueAndBookmaker - League = 2790, pageNbr = 2
2021-06-02 16:10:03.7008 INFO OddsByLeagueAndBookmaker - League = 2790, pageNbr = 0
2021-06-02 16:11:05.3507 ERROR DailyRapidApiLeagueCheck ERRORED with message --> An error occurred while starting a transaction on the provider connection. See the inner exception for details.
2021-06-02 16:11:05.3876 INFO SetCachedItem = setting cache for DailyRapidApiLeagueCheck, with Expiry Date of 03/06/2021 00:00:00
2021-06-02 16:12:00.0062 INFO SetCachedItem = setting cache for DailyRapidApiLeagueCheck, with Expiry Date of 03/06/2021 00:00:00
2021-06-02 16:13:28.1999 INFO Default Quartz.NET properties loaded from embedded resource file
2021-06-02 16:13:28.2548 INFO Initialized Scheduler Signaller of type: Quartz.Core.SchedulerSignalerImpl
2021-06-02 16:13:28.2687 INFO Quartz Scheduler v.3.2.2.0 created.
2021-06-02 16:13:28.2996 INFO JobFactory set to: Quartz.Simpl.PropertySettingJobFactory
2021-06-02 16:13:28.3206 INFO RAMJobStore initialized.
2021-06-02 16:13:28.3296 INFO Scheduler meta-data: Quartz Scheduler (v3.2.2.0) 'DefaultQuartzScheduler' with instanceId 'NON_CLUSTERED'
  Scheduler class: 'Quartz.Core.QuartzScheduler' - running locally.
  NOT STARTED.
  Currently in standby mode.
  Number of jobs executed: 0
  Using thread pool 'Quartz.Simpl.DefaultThreadPool' - with 10 threads.
  Using job-store 'Quartz.Simpl.RAMJobStore' - which does not support persistence. and is not clustered.

2021-06-02 16:13:28.3296 INFO Quartz scheduler 'DefaultQuartzScheduler' initialized
2021-06-02 16:13:28.3296 INFO Quartz scheduler version: 3.2.2.0
2021-06-02 16:13:28.3435 INFO Scheduler DefaultQuartzScheduler_$_NON_CLUSTERED started.
2021-06-02 16:13:28.4732 INFO Startup Configuration - Start
2021-06-02 16:13:28.4732 INFO SetEventCache - Start
2021-06-02 16:13:28.5191 INFO SetCachedItem = setting cache for Events
2021-06-02 16:13:28.5191 INFO SetCachedItem = setting cache for Events, with Expiry Date of 02/07/2021 15:13:28
2021-06-02 16:13:28.5191 INFO SetNextResultCheckDateTime - Start - roundUp = False
2021-06-02 16:13:28.5191 INFO SetNextResultCheckDateTime - rapidApiResultChecks == null
2021-06-02 16:13:28.5579 INFO SetCachedItem = setting cache for NextFixtureCheckDateTime
2021-06-02 16:13:28.5579 INFO SetCachedItem = setting cache for NextFixtureCheckDateTime, with Expiry Date of 02/07/2021 15:13:28
2021-06-02 16:14:00.0490 INFO DailyRapidApiLeagueCheck --> lastDate = 01/06/2021 00:00:00, Now = 02/06/2021 00:00:00
2021-06-02 16:14:00.2964 INFO SetCachedItem = setting cache for DailyRapidApiLeagueCheck, with Expiry Date of 03/06/2021 00:00:00
2021-06-02 16:14:00.3054 INFO DailyRapidApiLeagueCheck --> Performing daily league update
2021-06-02 16:14:00.3662 INFO FixturesByLeague - League = 2790, EarliestDate = 02/06/2021 00:00:00
2021-06-02 16:14:01.1872 INFO FixturesByOdds - League = 2790
2021-06-02 16:14:02.4847 INFO OddsByLeagueAndBookmaker - League = 2790, pageNbr = 2
2021-06-02 16:14:03.5349 INFO OddsByLeagueAndBookmaker - League = 2790, pageNbr = 0
2021-06-02 16:14:26.1388 INFO FixturesByLeague - League = 2794, EarliestDate = 22/05/2021 00:00:00
2021-06-02 16:14:26.8073 INFO SetEventCache - Start
2021-06-02 16:14:26.8073 INFO SetCachedItem = setting cache for Events
2021-06-02 16:14:26.8073 INFO SetCachedItem = setting cache for Events, with Expiry Date of 02/07/2021 15:14:26
2021-06-02 16:14:26.8293 INFO FixturesByOdds - League = 2794
2021-06-02 16:14:28.9061 INFO OddsByLeagueAndBookmaker - League = 2794, pageNbr = 0
2021-06-02 16:14:31.1427 INFO FixturesByLeague - League = 403, EarliestDate = 02/06/2021 00:00:00
2021-06-02 16:14:31.7097 INFO FixturesByOdds - League = 403
2021-06-02 16:14:36.1046 INFO OddsByLeagueAndBookmaker - League = 403, pageNbr = 0
2021-06-02 16:15:00.0220 INFO SetCachedItem = setting cache for DailyRapidApiLeagueCheck, with Expiry Date of 03/06/2021 00:00:00
2021-06-02 16:16:00.0153 INFO SetCachedItem = setting cache for DailyRapidApiLeagueCheck, with Expiry Date of 03/06/2021 00:00:00
2021-06-02 16:17:00.0201 INFO SetCachedItem = setting cache for DailyRapidApiLeagueCheck, with Expiry Date of 03/06/2021 00:00:00
2021-06-02 16:18:00.0063 INFO SetCachedItem = setting cache for DailyRapidApiLeagueCheck, with Expiry Date of 03/06/2021 00:00:00
2021-06-02 16:19:00.0291 INFO SetCachedItem = setting cache for DailyRapidApiLeagueCheck, with Expiry Date of 03/06/2021 00:00:00
2021-06-02 16:20:00.0231 INFO SetCachedItem = setting cache for DailyRapidApiLeagueCheck, with Expiry Date of 03/06/2021 00:00:00
2021-06-02 16:21:00.0164 INFO SetCachedItem = setting cache for DailyRapidApiLeagueCheck, with Expiry Date of 03/06/2021 00:00:00
2021-06-02 16:22:00.0135 INFO SetCachedItem = setting cache for DailyRapidApiLeagueCheck, with Expiry Date of 03/06/2021 00:00:00
2021-06-02 16:23:00.0099 INFO SetCachedItem = setting cache for DailyRapidApiLeagueCheck, with Expiry Date of 03/06/2021 00:00:00
2021-06-02 16:24:00.0164 INFO SetCachedItem = setting cache for DailyRapidApiLeagueCheck, with Expiry Date of 03/06/2021 00:00:00
2021-06-02 16:25:00.0159 INFO SetCachedItem = setting cache for DailyRapidApiLeagueCheck, with Expiry Date of 03/06/2021 00:00:00
2021-06-02 16:26:00.0134 INFO SetCachedItem = setting cache for DailyRapidApiLeagueCheck, with Expiry Date of 03/06/2021 00:00:00
2021-06-02 17:14:00.5825 INFO Default Quartz.NET properties loaded from embedded resource file
2021-06-02 17:14:00.6443 INFO Initialized Scheduler Signaller of type: Quartz.Core.SchedulerSignalerImpl
2021-06-02 17:14:00.6583 INFO Quartz Scheduler v.3.2.2.0 created.
2021-06-02 17:14:00.7092 INFO JobFactory set to: Quartz.Simpl.PropertySettingJobFactory
2021-06-02 17:14:00.7690 INFO RAMJobStore initialized.
2021-06-02 17:14:00.7760 INFO Scheduler meta-data: Quartz Scheduler (v3.2.2.0) 'DefaultQuartzScheduler' with instanceId 'NON_CLUSTERED'
  Scheduler class: 'Quartz.Core.QuartzScheduler' - running locally.
  NOT STARTED.
  Currently in standby mode.
  Number of jobs executed: 0
  Using thread pool 'Quartz.Simpl.DefaultThreadPool' - with 10 threads.
  Using job-store 'Quartz.Simpl.RAMJobStore' - which does not support persistence. and is not clustered.

2021-06-02 17:14:00.7760 INFO Quartz scheduler 'DefaultQuartzScheduler' initialized
2021-06-02 17:14:00.7760 INFO Quartz scheduler version: 3.2.2.0
2021-06-02 17:14:00.7989 INFO Scheduler DefaultQuartzScheduler_$_NON_CLUSTERED started.
2021-06-02 17:14:00.8937 INFO SetNextResultCheckDateTime - Start - roundUp = False
2021-06-02 17:14:00.8937 INFO SetNextResultCheckDateTime - rapidApiResultChecks == null
2021-06-02 17:14:00.9685 INFO SetNextResultCheckDateTime - Set League 403 next check date to 11/06/2021 21:55:00
2021-06-02 17:14:00.9685 INFO SetCachedItem = setting cache for NextFixtureCheckDateTime
2021-06-02 17:14:00.9685 INFO SetCachedItem = setting cache for NextFixtureCheckDateTime, with Expiry Date of 02/07/2021 16:14:00
2021-06-02 17:14:00.9924 INFO Startup Configuration - Start
2021-06-02 17:14:00.9964 INFO SetEventCache - Start
2021-06-02 17:14:01.0104 INFO DailyRapidApiLeagueCheck --> lastDate = 01/06/2021 00:00:00, Now = 02/06/2021 00:00:00
2021-06-02 17:14:01.0762 INFO SetCachedItem = setting cache for Events
2021-06-02 17:14:01.0762 INFO SetCachedItem = setting cache for Events, with Expiry Date of 02/07/2021 16:14:01
2021-06-02 17:14:01.0762 INFO SetNextResultCheckDateTime - Start - roundUp = False
2021-06-02 17:14:01.2936 INFO SetCachedItem = setting cache for DailyRapidApiLeagueCheck, with Expiry Date of 03/06/2021 00:00:00
2021-06-02 17:14:01.3056 INFO DailyRapidApiLeagueCheck --> Performing daily league update
2021-06-02 17:15:27.0265 INFO SetCachedItem = setting cache for DailyRapidApiLeagueCheck, with Expiry Date of 03/06/2021 00:00:00
2021-06-02 17:15:40.6741 INFO FixturesByLeague - League = 403, EarliestDate = 11/06/2021 00:00:00
2021-06-02 17:16:05.0879 INFO SetCachedItem = setting cache for DailyRapidApiLeagueCheck, with Expiry Date of 03/06/2021 00:00:00
2021-06-02 17:16:39.1532 INFO SetCachedItem = setting cache for Events
2021-06-02 17:16:39.1532 INFO SetCachedItem = setting cache for Events, with Expiry Date of 02/07/2021 16:16:39
2021-06-02 17:16:39.1652 INFO SetCachedItem = setting cache for Events
2021-06-02 17:16:39.1652 INFO SetCachedItem = setting cache for Events, with Expiry Date of 02/07/2021 16:16:39
2021-06-02 17:16:39.1652 INFO FixturesByOdds - League = 403
2021-06-02 17:16:42.3253 INFO OddsByLeagueAndBookmaker - League = 403, pageNbr = 0
2021-06-02 17:17:35.2400 INFO SetCachedItem = setting cache for DailyRapidApiLeagueCheck, with Expiry Date of 03/06/2021 00:00:00
2021-06-02 17:18:04.2202 INFO FixturesByLeague - League = 2794, EarliestDate = 14/06/2021 00:00:00
2021-06-02 17:18:04.2311 INFO SetCachedItem = setting cache for DailyRapidApiLeagueCheck, with Expiry Date of 03/06/2021 00:00:00
2021-06-02 17:18:05.6972 INFO FixturesByOdds - League = 2794
2021-06-02 17:18:07.7459 INFO OddsByLeagueAndBookmaker - League = 2794, pageNbr = 0
2021-06-02 17:20:22.6258 INFO Default Quartz.NET properties loaded from embedded resource file
2021-06-02 17:20:22.6906 INFO Initialized Scheduler Signaller of type: Quartz.Core.SchedulerSignalerImpl
2021-06-02 17:20:22.7175 INFO Quartz Scheduler v.3.2.2.0 created.
2021-06-02 17:20:22.7614 INFO JobFactory set to: Quartz.Simpl.PropertySettingJobFactory
2021-06-02 17:20:22.7983 INFO RAMJobStore initialized.
2021-06-02 17:20:22.7983 INFO Scheduler meta-data: Quartz Scheduler (v3.2.2.0) 'DefaultQuartzScheduler' with instanceId 'NON_CLUSTERED'
  Scheduler class: 'Quartz.Core.QuartzScheduler' - running locally.
  NOT STARTED.
  Currently in standby mode.
  Number of jobs executed: 0
  Using thread pool 'Quartz.Simpl.DefaultThreadPool' - with 10 threads.
  Using job-store 'Quartz.Simpl.RAMJobStore' - which does not support persistence. and is not clustered.

2021-06-02 17:20:22.8062 INFO Quartz scheduler 'DefaultQuartzScheduler' initialized
2021-06-02 17:20:22.8062 INFO Quartz scheduler version: 3.2.2.0
2021-06-02 17:20:22.8272 INFO Scheduler DefaultQuartzScheduler_$_NON_CLUSTERED started.
2021-06-02 17:20:22.9708 INFO Startup Configuration - Start
2021-06-02 17:20:22.9708 INFO SetEventCache - Start
2021-06-02 17:20:23.0327 INFO SetCachedItem = setting cache for Events
2021-06-02 17:20:23.0327 INFO SetCachedItem = setting cache for Events, with Expiry Date of 02/07/2021 16:20:23
2021-06-02 17:20:23.0327 INFO SetNextResultCheckDateTime - Start - roundUp = False
2021-06-02 17:20:23.0327 INFO SetNextResultCheckDateTime - rapidApiResultChecks == null
2021-06-02 17:20:23.0745 INFO SetNextResultCheckDateTime - Set League 403 next check date to 11/06/2021 20:55:00
2021-06-02 17:20:23.0745 INFO SetCachedItem = setting cache for NextFixtureCheckDateTime
2021-06-02 17:20:23.0745 INFO SetCachedItem = setting cache for NextFixtureCheckDateTime, with Expiry Date of 02/07/2021 16:20:23
2021-06-02 17:21:00.0494 INFO DailyRapidApiLeagueCheck --> lastDate = 01/06/2021 00:00:00, Now = 02/06/2021 00:00:00
2021-06-02 17:21:00.4317 INFO SetCachedItem = setting cache for DailyRapidApiLeagueCheck, with Expiry Date of 03/06/2021 00:00:00
2021-06-02 17:21:00.4317 INFO DailyRapidApiLeagueCheck --> Performing daily league update
2021-06-02 17:21:43.1092 INFO FixturesByLeague - League = 403, EarliestDate = 11/06/2021 00:00:00
2021-06-02 17:21:44.8680 INFO FixturesByOdds - League = 403
2021-06-02 17:21:46.0086 INFO OddsByLeagueAndBookmaker - League = 403, pageNbr = 0
2021-06-02 17:22:02.1998 INFO FixturesByLeague - League = 2794, EarliestDate = 02/06/2021 00:00:00
2021-06-02 17:22:02.2197 INFO SetCachedItem = setting cache for DailyRapidApiLeagueCheck, with Expiry Date of 03/06/2021 00:00:00
2021-06-02 17:22:02.8710 INFO FixturesByOdds - League = 2794
2021-06-02 17:22:03.7456 INFO OddsByLeagueAndBookmaker - League = 2794, pageNbr = 0
2021-06-02 17:22:16.2267 INFO FixturesByLeague - League = 2790, EarliestDate = 02/06/2021 00:00:00
2021-06-02 17:22:16.7054 INFO FixturesByOdds - League = 2790
2021-06-02 17:22:18.5846 INFO OddsByLeagueAndBookmaker - League = 2790, pageNbr = 2
2021-06-02 17:22:20.7325 INFO OddsByLeagueAndBookmaker - League = 2790, pageNbr = 0
2021-06-02 17:23:00.0193 INFO SetCachedItem = setting cache for DailyRapidApiLeagueCheck, with Expiry Date of 03/06/2021 00:00:00
2021-06-02 17:32:44.7650 INFO Default Quartz.NET properties loaded from embedded resource file
2021-06-02 17:32:44.8527 INFO Initialized Scheduler Signaller of type: Quartz.Core.SchedulerSignalerImpl
2021-06-02 17:32:44.8986 INFO Quartz Scheduler v.3.2.2.0 created.
2021-06-02 17:32:44.9445 INFO JobFactory set to: Quartz.Simpl.PropertySettingJobFactory
2021-06-02 17:32:44.9824 INFO RAMJobStore initialized.
2021-06-02 17:32:44.9824 INFO Scheduler meta-data: Quartz Scheduler (v3.2.2.0) 'DefaultQuartzScheduler' with instanceId 'NON_CLUSTERED'
  Scheduler class: 'Quartz.Core.QuartzScheduler' - running locally.
  NOT STARTED.
  Currently in standby mode.
  Number of jobs executed: 0
  Using thread pool 'Quartz.Simpl.DefaultThreadPool' - with 10 threads.
  Using job-store 'Quartz.Simpl.RAMJobStore' - which does not support persistence. and is not clustered.

2021-06-02 17:32:44.9824 INFO Quartz scheduler 'DefaultQuartzScheduler' initialized
2021-06-02 17:32:44.9824 INFO Quartz scheduler version: 3.2.2.0
2021-06-02 17:32:45.0083 INFO Scheduler DefaultQuartzScheduler_$_NON_CLUSTERED started.
2021-06-02 17:32:45.2048 INFO Startup Configuration - Start
2021-06-02 17:32:45.2048 INFO SetEventCache - Start
2021-06-02 17:32:45.2806 INFO SetCachedItem = setting cache for Events
2021-06-02 17:32:45.2806 INFO SetCachedItem = setting cache for Events, with Expiry Date of 02/07/2021 16:32:45
2021-06-02 17:32:45.2806 INFO SetNextResultCheckDateTime - Start - roundUp = False
2021-06-02 17:32:45.2806 INFO SetNextResultCheckDateTime - rapidApiResultChecks == null
2021-06-02 17:32:45.3394 INFO SetNextResultCheckDateTime - Set League 403 next check date to 11/06/2021 20:55:00
2021-06-02 17:32:45.3394 INFO SetCachedItem = setting cache for NextFixtureCheckDateTime
2021-06-02 17:32:45.3394 INFO SetCachedItem = setting cache for NextFixtureCheckDateTime, with Expiry Date of 02/07/2021 16:32:45
2021-06-02 17:33:20.1544 INFO SetCachedItem = setting cache for DailyRapidApiLeagueCheck, with Expiry Date of 03/06/2021 00:00:00
2021-06-02 17:35:22.2712 INFO Default Quartz.NET properties loaded from embedded resource file
2021-06-02 17:35:22.4228 INFO Initialized Scheduler Signaller of type: Quartz.Core.SchedulerSignalerImpl
2021-06-02 17:35:22.4756 INFO Quartz Scheduler v.3.2.2.0 created.
2021-06-02 17:35:22.5285 INFO JobFactory set to: Quartz.Simpl.PropertySettingJobFactory
2021-06-02 17:35:22.5744 INFO RAMJobStore initialized.
2021-06-02 17:35:22.5744 INFO Scheduler meta-data: Quartz Scheduler (v3.2.2.0) 'DefaultQuartzScheduler' with instanceId 'NON_CLUSTERED'
  Scheduler class: 'Quartz.Core.QuartzScheduler' - running locally.
  NOT STARTED.
  Currently in standby mode.
  Number of jobs executed: 0
  Using thread pool 'Quartz.Simpl.DefaultThreadPool' - with 10 threads.
  Using job-store 'Quartz.Simpl.RAMJobStore' - which does not support persistence. and is not clustered.

2021-06-02 17:35:22.5744 INFO Quartz scheduler 'DefaultQuartzScheduler' initialized
2021-06-02 17:35:22.5744 INFO Quartz scheduler version: 3.2.2.0
2021-06-02 17:35:22.6083 INFO Scheduler DefaultQuartzScheduler_$_NON_CLUSTERED started.
2021-06-02 17:35:23.8769 INFO Startup Configuration - Start
2021-06-02 17:35:23.8769 INFO SetEventCache - Start
2021-06-02 17:35:23.9886 INFO SetCachedItem = setting cache for Events
2021-06-02 17:35:24.0055 INFO SetCachedItem = setting cache for Events, with Expiry Date of 02/07/2021 16:35:24
2021-06-02 17:35:24.0285 INFO SetNextResultCheckDateTime - Start - roundUp = False
2021-06-02 17:35:24.0285 INFO SetNextResultCheckDateTime - rapidApiResultChecks == null
2021-06-02 17:35:24.0923 INFO SetNextResultCheckDateTime - Set League 403 next check date to 11/06/2021 20:55:00
2021-06-02 17:35:24.0923 INFO SetCachedItem = setting cache for NextFixtureCheckDateTime
2021-06-02 17:35:24.0923 INFO SetCachedItem = setting cache for NextFixtureCheckDateTime, with Expiry Date of 02/07/2021 16:35:24
2021-06-02 17:36:00.0415 INFO SetCachedItem = setting cache for DailyRapidApiLeagueCheck, with Expiry Date of 03/06/2021 00:00:00
2021-06-02 22:37:20.4110 INFO Default Quartz.NET properties loaded from embedded resource file
2021-06-02 22:37:20.4831 INFO Initialized Scheduler Signaller of type: Quartz.Core.SchedulerSignalerImpl
2021-06-02 22:37:20.5070 INFO Quartz Scheduler v.3.2.2.0 created.
2021-06-02 22:37:20.5349 INFO JobFactory set to: Quartz.Simpl.PropertySettingJobFactory
2021-06-02 22:37:20.5359 INFO RAMJobStore initialized.
2021-06-02 22:37:20.5359 INFO Scheduler meta-data: Quartz Scheduler (v3.2.2.0) 'DefaultQuartzScheduler' with instanceId 'NON_CLUSTERED'
  Scheduler class: 'Quartz.Core.QuartzScheduler' - running locally.
  NOT STARTED.
  Currently in standby mode.
  Number of jobs executed: 0
  Using thread pool 'Quartz.Simpl.DefaultThreadPool' - with 10 threads.
  Using job-store 'Quartz.Simpl.RAMJobStore' - which does not support persistence. and is not clustered.

2021-06-02 22:37:20.5359 INFO Quartz scheduler 'DefaultQuartzScheduler' initialized
2021-06-02 22:37:20.5359 INFO Quartz scheduler version: 3.2.2.0
2021-06-02 22:37:20.5529 INFO Scheduler DefaultQuartzScheduler_$_NON_CLUSTERED started.
2021-06-02 22:37:21.1932 INFO Startup Configuration - Start
2021-06-02 22:37:21.1932 INFO SetEventCache - Start
2021-06-02 22:37:21.2600 INFO SetCachedItem = setting cache for Events
2021-06-02 22:37:21.2759 INFO SetCachedItem = setting cache for Events, with Expiry Date of 02/07/2021 21:37:21
2021-06-02 22:37:21.2759 INFO SetNextResultCheckDateTime - Start - roundUp = False
2021-06-02 22:37:21.2759 INFO SetNextResultCheckDateTime - rapidApiResultChecks == null
2021-06-02 22:37:21.3328 INFO SetNextResultCheckDateTime - Set League 403 next check date to 13/06/2021 17:55:00
2021-06-02 22:37:21.3328 INFO SetCachedItem = setting cache for NextFixtureCheckDateTime
2021-06-02 22:37:21.3328 INFO SetCachedItem = setting cache for NextFixtureCheckDateTime, with Expiry Date of 02/07/2021 21:37:21
2021-06-02 22:38:00.0578 INFO SetCachedItem = setting cache for DailyRapidApiLeagueCheck, with Expiry Date of 03/06/2021 00:00:00
2021-06-02 22:38:29.1732 INFO Default Quartz.NET properties loaded from embedded resource file
2021-06-02 22:38:29.2480 INFO Initialized Scheduler Signaller of type: Quartz.Core.SchedulerSignalerImpl
2021-06-02 22:38:29.2789 INFO Quartz Scheduler v.3.2.2.0 created.
2021-06-02 22:38:29.3128 INFO JobFactory set to: Quartz.Simpl.PropertySettingJobFactory
2021-06-02 22:38:29.3128 INFO RAMJobStore initialized.
2021-06-02 22:38:29.3198 INFO Scheduler meta-data: Quartz Scheduler (v3.2.2.0) 'DefaultQuartzScheduler' with instanceId 'NON_CLUSTERED'
  Scheduler class: 'Quartz.Core.QuartzScheduler' - running locally.
  NOT STARTED.
  Currently in standby mode.
  Number of jobs executed: 0
  Using thread pool 'Quartz.Simpl.DefaultThreadPool' - with 10 threads.
  Using job-store 'Quartz.Simpl.RAMJobStore' - which does not support persistence. and is not clustered.

2021-06-02 22:38:29.3198 INFO Quartz scheduler 'DefaultQuartzScheduler' initialized
2021-06-02 22:38:29.3198 INFO Quartz scheduler version: 3.2.2.0
2021-06-02 22:38:29.3328 INFO Scheduler DefaultQuartzScheduler_$_NON_CLUSTERED started.
2021-06-02 22:38:29.9701 INFO Startup Configuration - Start
2021-06-02 22:38:29.9810 INFO SetEventCache - Start
2021-06-02 22:38:30.0359 INFO SetCachedItem = setting cache for Events
2021-06-02 22:38:30.0359 INFO SetCachedItem = setting cache for Events, with Expiry Date of 02/07/2021 21:38:30
2021-06-02 22:38:30.0359 INFO SetNextResultCheckDateTime - Start - roundUp = False
2021-06-02 22:38:30.0359 INFO SetNextResultCheckDateTime - rapidApiResultChecks == null
2021-06-02 22:38:30.0858 INFO SetNextResultCheckDateTime - Set League 403 next check date to 13/06/2021 17:55:00
2021-06-02 22:38:30.0858 INFO SetCachedItem = setting cache for NextFixtureCheckDateTime
2021-06-02 22:38:30.0858 INFO SetCachedItem = setting cache for NextFixtureCheckDateTime, with Expiry Date of 02/07/2021 21:38:30
2021-06-02 22:39:26.4811 INFO Default Quartz.NET properties loaded from embedded resource file
2021-06-02 22:39:26.5369 INFO Initialized Scheduler Signaller of type: Quartz.Core.SchedulerSignalerImpl
2021-06-02 22:39:26.5589 INFO Quartz Scheduler v.3.2.2.0 created.
2021-06-02 22:39:26.5928 INFO JobFactory set to: Quartz.Simpl.PropertySettingJobFactory
2021-06-02 22:39:26.6127 INFO RAMJobStore initialized.
2021-06-02 22:39:26.6177 INFO Scheduler meta-data: Quartz Scheduler (v3.2.2.0) 'DefaultQuartzScheduler' with instanceId 'NON_CLUSTERED'
  Scheduler class: 'Quartz.Core.QuartzScheduler' - running locally.
  NOT STARTED.
  Currently in standby mode.
  Number of jobs executed: 0
  Using thread pool 'Quartz.Simpl.DefaultThreadPool' - with 10 threads.
  Using job-store 'Quartz.Simpl.RAMJobStore' - which does not support persistence. and is not clustered.

2021-06-02 22:39:26.6177 INFO Quartz scheduler 'DefaultQuartzScheduler' initialized
2021-06-02 22:39:26.6177 INFO Quartz scheduler version: 3.2.2.0
2021-06-02 22:39:26.6297 INFO Scheduler DefaultQuartzScheduler_$_NON_CLUSTERED started.
2021-06-02 22:39:26.7713 INFO Startup Configuration - Start
2021-06-02 22:39:26.7713 INFO SetEventCache - Start
2021-06-02 22:39:26.8262 INFO SetCachedItem = setting cache for Events
2021-06-02 22:39:26.8262 INFO SetCachedItem = setting cache for Events, with Expiry Date of 02/07/2021 21:39:26
2021-06-02 22:39:26.8262 INFO SetNextResultCheckDateTime - Start - roundUp = False
2021-06-02 22:39:26.8262 INFO SetNextResultCheckDateTime - rapidApiResultChecks == null
2021-06-02 22:39:26.8631 INFO SetNextResultCheckDateTime - Set League 403 next check date to 13/06/2021 17:55:00
2021-06-02 22:39:26.8631 INFO SetCachedItem = setting cache for NextFixtureCheckDateTime
2021-06-02 22:39:26.8641 INFO SetCachedItem = setting cache for NextFixtureCheckDateTime, with Expiry Date of 02/07/2021 21:39:26
2021-06-02 22:40:00.0437 INFO SetCachedItem = setting cache for DailyRapidApiLeagueCheck, with Expiry Date of 03/06/2021 00:00:00
2021-06-02 22:41:00.0115 INFO SetCachedItem = setting cache for DailyRapidApiLeagueCheck, with Expiry Date of 03/06/2021 00:00:00
2021-06-02 22:42:00.0172 INFO SetCachedItem = setting cache for DailyRapidApiLeagueCheck, with Expiry Date of 03/06/2021 00:00:00
2021-06-02 22:43:00.0119 INFO SetCachedItem = setting cache for DailyRapidApiLeagueCheck, with Expiry Date of 03/06/2021 00:00:00
2021-06-02 22:44:00.0157 INFO SetCachedItem = setting cache for DailyRapidApiLeagueCheck, with Expiry Date of 03/06/2021 00:00:00
2021-06-02 22:45:00.0078 INFO SetCachedItem = setting cache for DailyRapidApiLeagueCheck, with Expiry Date of 03/06/2021 00:00:00
2021-06-02 22:46:00.0344 INFO SetCachedItem = setting cache for DailyRapidApiLeagueCheck, with Expiry Date of 03/06/2021 00:00:00
2021-06-02 22:47:00.0101 INFO SetCachedItem = setting cache for DailyRapidApiLeagueCheck, with Expiry Date of 03/06/2021 00:00:00
2021-06-02 22:48:00.0177 INFO SetCachedItem = setting cache for DailyRapidApiLeagueCheck, with Expiry Date of 03/06/2021 00:00:00
2021-06-02 22:49:00.0067 INFO SetCachedItem = setting cache for DailyRapidApiLeagueCheck, with Expiry Date of 03/06/2021 00:00:00
2021-06-02 22:50:00.0101 INFO SetCachedItem = setting cache for DailyRapidApiLeagueCheck, with Expiry Date of 03/06/2021 00:00:00
2021-06-02 22:51:00.0175 INFO SetCachedItem = setting cache for DailyRapidApiLeagueCheck, with Expiry Date of 03/06/2021 00:00:00
2021-06-02 22:52:00.0184 INFO SetCachedItem = setting cache for DailyRapidApiLeagueCheck, with Expiry Date of 03/06/2021 00:00:00
2021-06-02 22:53:00.0186 INFO SetCachedItem = setting cache for DailyRapidApiLeagueCheck, with Expiry Date of 03/06/2021 00:00:00
2021-06-02 22:54:00.0091 INFO SetCachedItem = setting cache for DailyRapidApiLeagueCheck, with Expiry Date of 03/06/2021 00:00:00
2021-06-02 22:55:00.0163 INFO SetCachedItem = setting cache for DailyRapidApiLeagueCheck, with Expiry Date of 03/06/2021 00:00:00
2021-06-02 22:55:52.8306 INFO Default Quartz.NET properties loaded from embedded resource file
2021-06-02 22:55:52.9044 INFO Initialized Scheduler Signaller of type: Quartz.Core.SchedulerSignalerImpl
2021-06-02 22:55:52.9044 INFO Quartz Scheduler v.3.2.2.0 created.
2021-06-02 22:55:52.9144 INFO JobFactory set to: Quartz.Simpl.PropertySettingJobFactory
2021-06-02 22:55:52.9144 INFO RAMJobStore initialized.
2021-06-02 22:55:52.9144 INFO Scheduler meta-data: Quartz Scheduler (v3.2.2.0) 'DefaultQuartzScheduler' with instanceId 'NON_CLUSTERED'
  Scheduler class: 'Quartz.Core.QuartzScheduler' - running locally.
  NOT STARTED.
  Currently in standby mode.
  Number of jobs executed: 0
  Using thread pool 'Quartz.Simpl.DefaultThreadPool' - with 10 threads.
  Using job-store 'Quartz.Simpl.RAMJobStore' - which does not support persistence. and is not clustered.

2021-06-02 22:55:52.9144 INFO Quartz scheduler 'DefaultQuartzScheduler' initialized
2021-06-02 22:55:52.9144 INFO Quartz scheduler version: 3.2.2.0
2021-06-02 22:55:52.9563 INFO Scheduler DefaultQuartzScheduler_$_NON_CLUSTERED started.
2021-06-02 22:55:53.5268 INFO Startup Configuration - Start
2021-06-02 22:55:53.5268 INFO SetEventCache - Start
2021-06-02 22:55:53.5826 INFO SetCachedItem = setting cache for Events
2021-06-02 22:55:53.5926 INFO SetCachedItem = setting cache for Events, with Expiry Date of 02/07/2021 21:55:53
2021-06-02 22:55:53.6046 INFO SetNextResultCheckDateTime - Start - roundUp = False
2021-06-02 22:55:53.6046 INFO SetNextResultCheckDateTime - rapidApiResultChecks == null
2021-06-02 22:55:53.6315 INFO SetNextResultCheckDateTime - Set League 403 next check date to 13/06/2021 17:55:00
2021-06-02 22:55:53.6315 INFO SetCachedItem = setting cache for NextFixtureCheckDateTime
2021-06-02 22:55:53.6315 INFO SetCachedItem = setting cache for NextFixtureCheckDateTime, with Expiry Date of 02/07/2021 21:55:53
2021-06-02 22:56:00.0600 INFO SetCachedItem = setting cache for DailyRapidApiLeagueCheck, with Expiry Date of 03/06/2021 00:00:00
2021-06-02 22:57:00.0221 INFO SetCachedItem = setting cache for DailyRapidApiLeagueCheck, with Expiry Date of 03/06/2021 00:00:00
2021-06-02 22:58:00.0117 INFO SetCachedItem = setting cache for DailyRapidApiLeagueCheck, with Expiry Date of 03/06/2021 00:00:00
2021-06-02 22:59:00.0194 INFO SetCachedItem = setting cache for DailyRapidApiLeagueCheck, with Expiry Date of 03/06/2021 00:00:00
2021-06-02 23:00:00.0208 INFO SetCachedItem = setting cache for DailyRapidApiLeagueCheck, with Expiry Date of 03/06/2021 00:00:00
2021-06-02 23:01:00.0163 INFO SetCachedItem = setting cache for DailyRapidApiLeagueCheck, with Expiry Date of 03/06/2021 00:00:00
2021-06-02 23:02:00.0155 INFO SetCachedItem = setting cache for DailyRapidApiLeagueCheck, with Expiry Date of 03/06/2021 00:00:00
2021-06-02 23:03:00.0194 INFO SetCachedItem = setting cache for DailyRapidApiLeagueCheck, with Expiry Date of 03/06/2021 00:00:00
2021-06-02 23:04:00.0164 INFO SetCachedItem = setting cache for DailyRapidApiLeagueCheck, with Expiry Date of 03/06/2021 00:00:00
2021-06-02 23:05:00.0088 INFO SetCachedItem = setting cache for DailyRapidApiLeagueCheck, with Expiry Date of 03/06/2021 00:00:00
2021-06-02 23:06:00.0090 INFO SetCachedItem = setting cache for DailyRapidApiLeagueCheck, with Expiry Date of 03/06/2021 00:00:00
2021-06-02 23:07:00.0195 INFO SetCachedItem = setting cache for DailyRapidApiLeagueCheck, with Expiry Date of 03/06/2021 00:00:00
2021-06-02 23:08:00.0168 INFO SetCachedItem = setting cache for DailyRapidApiLeagueCheck, with Expiry Date of 03/06/2021 00:00:00
2021-06-02 23:09:00.0114 INFO SetCachedItem = setting cache for DailyRapidApiLeagueCheck, with Expiry Date of 03/06/2021 00:00:00
2021-06-02 23:10:04.4775 INFO Default Quartz.NET properties loaded from embedded resource file
2021-06-02 23:10:04.5523 INFO Initialized Scheduler Signaller of type: Quartz.Core.SchedulerSignalerImpl
2021-06-02 23:10:04.5782 INFO Quartz Scheduler v.3.2.2.0 created.
2021-06-02 23:10:04.6161 INFO JobFactory set to: Quartz.Simpl.PropertySettingJobFactory
2021-06-02 23:10:04.6311 INFO RAMJobStore initialized.
2021-06-02 23:10:04.6311 INFO Scheduler meta-data: Quartz Scheduler (v3.2.2.0) 'DefaultQuartzScheduler' with instanceId 'NON_CLUSTERED'
  Scheduler class: 'Quartz.Core.QuartzScheduler' - running locally.
  NOT STARTED.
  Currently in standby mode.
  Number of jobs executed: 0
  Using thread pool 'Quartz.Simpl.DefaultThreadPool' - with 10 threads.
  Using job-store 'Quartz.Simpl.RAMJobStore' - which does not support persistence. and is not clustered.

2021-06-02 23:10:04.6311 INFO Quartz scheduler 'DefaultQuartzScheduler' initialized
2021-06-02 23:10:04.6311 INFO Quartz scheduler version: 3.2.2.0
2021-06-02 23:10:04.6480 INFO Scheduler DefaultQuartzScheduler_$_NON_CLUSTERED started.
2021-06-02 23:10:05.3302 INFO Startup Configuration - Start
2021-06-02 23:10:05.3411 INFO SetEventCache - Start
2021-06-02 23:10:05.4050 INFO SetCachedItem = setting cache for Events
2021-06-02 23:10:05.4159 INFO SetCachedItem = setting cache for Events, with Expiry Date of 02/07/2021 22:10:05
2021-06-02 23:10:05.4159 INFO SetNextResultCheckDateTime - Start - roundUp = False
2021-06-02 23:10:05.4159 INFO SetNextResultCheckDateTime - rapidApiResultChecks == null
2021-06-02 23:10:05.4489 INFO SetNextResultCheckDateTime - Set League 403 next check date to 13/06/2021 17:55:00
2021-06-02 23:10:05.4489 INFO SetCachedItem = setting cache for NextFixtureCheckDateTime
2021-06-02 23:10:05.4489 INFO SetCachedItem = setting cache for NextFixtureCheckDateTime, with Expiry Date of 02/07/2021 22:10:05
2021-06-02 23:11:00.0703 INFO SetCachedItem = setting cache for DailyRapidApiLeagueCheck, with Expiry Date of 03/06/2021 00:00:00
2021-06-02 23:12:00.0201 INFO SetCachedItem = setting cache for DailyRapidApiLeagueCheck, with Expiry Date of 03/06/2021 00:00:00
2021-06-02 23:13:00.0293 INFO SetCachedItem = setting cache for DailyRapidApiLeagueCheck, with Expiry Date of 03/06/2021 00:00:00
2021-06-02 23:14:00.0213 INFO SetCachedItem = setting cache for DailyRapidApiLeagueCheck, with Expiry Date of 03/06/2021 00:00:00
