2022-04-03 14:36:49.4213 INFO Default Quartz.NET properties loaded from embedded resource file
2022-04-03 14:36:49.4933 INFO Initialized Scheduler Signaller of type: Quartz.Core.SchedulerSignalerImpl
2022-04-03 14:36:49.4933 INFO Quartz Scheduler v.3.2.2.0 created.
2022-04-03 14:36:49.5013 INFO JobFactory set to: Quartz.Simpl.PropertySettingJobFactory
2022-04-03 14:36:49.5013 INFO RAMJobStore initialized.
2022-04-03 14:36:49.5013 INFO Scheduler meta-data: Quartz Scheduler (v3.2.2.0) 'DefaultQuartzScheduler' with instanceId 'NON_CLUSTERED'
  Scheduler class: 'Quartz.Core.QuartzScheduler' - running locally.
  NOT STARTED.
  Currently in standby mode.
  Number of jobs executed: 0
  Using thread pool 'Quartz.Simpl.DefaultThreadPool' - with 10 threads.
  Using job-store 'Quartz.Simpl.RAMJobStore' - which does not support persistence. and is not clustered.

2022-04-03 14:36:49.5013 INFO Quartz scheduler 'DefaultQuartzScheduler' initialized
2022-04-03 14:36:49.5013 INFO Quartz scheduler version: 3.2.2.0
2022-04-03 14:36:49.5893 INFO Scheduler DefaultQuartzScheduler_$_NON_CLUSTERED started.
2022-04-03 14:36:49.7493 INFO Startup Configuration - Start
2022-04-03 14:36:49.7493 INFO SetEventCache - Start
2022-04-03 14:36:49.8133 INFO SetCachedItem = setting cache for Events
2022-04-03 14:36:49.8133 INFO SetCachedItem = setting cache for Events, with Expiry Date of 03/05/2022 13:36:49
2022-04-03 14:36:49.8133 INFO SetNextResultCheckDateTime - Start - roundUp = False
2022-04-03 14:36:49.8133 INFO SetNextResultCheckDateTime - rapidApiResultChecks == null
2022-04-03 14:36:49.8613 INFO SetNextResultCheckDateTime - Set League 3448 next check date to 03/04/2022 12:55:00
2022-04-03 14:36:49.8613 INFO SetNextResultCheckDateTime - Set League 3456 next check date to 02/04/2022 18:25:00
2022-04-03 14:36:49.8613 INFO SetNextResultCheckDateTime - Set League 3501 next check date to 03/04/2022 15:55:00
2022-04-03 14:36:49.8613 INFO SetCachedItem = setting cache for NextFixtureCheckDateTime
2022-04-03 14:36:49.8613 INFO SetCachedItem = setting cache for NextFixtureCheckDateTime, with Expiry Date of 03/05/2022 13:36:49
2022-04-03 14:37:00.0332 INFO GetRapidApiResults = Getting results from RapidApi 3448. FixtureDateTime = 03/04/2022 00:00:00, Now = 03/04/2022 13:37:00
2022-04-03 14:37:00.0332 INFO FixturesByLeagueByDate - League = 3448, Date = 2022-04-03
2022-04-03 14:37:02.4982 INFO SetEventCache - Start
2022-04-03 14:37:02.4982 INFO SetCachedItem = setting cache for Events
2022-04-03 14:37:02.4982 INFO SetCachedItem = setting cache for Events, with Expiry Date of 03/05/2022 13:37:02
2022-04-03 14:37:02.4982 INFO GetRapidApiResults = Getting results from RapidApi 3456. FixtureDateTime = 02/04/2022 00:00:00, Now = 03/04/2022 13:37:02
2022-04-03 14:37:02.4982 INFO FixturesByLeague - League = 3456, EarliestDate = 02/04/2022 00:00:00
2022-04-03 14:37:04.8913 INFO SetEventCache - Start
2022-04-03 14:37:04.8913 INFO SetCachedItem = setting cache for Events
2022-04-03 14:37:04.8913 INFO SetCachedItem = setting cache for Events, with Expiry Date of 03/05/2022 13:37:04
2022-04-03 14:37:04.8913 INFO SetNextResultCheckDateTime - Start - roundUp = True
2022-04-03 14:37:04.8913 INFO SetNextResultCheckDateTime - Set League 3448 next check date to 09/04/2022 15:55:00
2022-04-03 14:37:04.8913 INFO SetNextResultCheckDateTime - Set League 3456 next check date to 03/04/2022 14:55:00
2022-04-03 14:37:04.9013 INFO SetNextResultCheckDateTime - Set League 3501 next check date to 03/04/2022 15:55:00
2022-04-03 14:37:04.9013 INFO SetCachedItem = setting cache for NextFixtureCheckDateTime
2022-04-03 14:37:04.9013 INFO SetCachedItem = setting cache for NextFixtureCheckDateTime, with Expiry Date of 03/05/2022 13:37:04
2022-04-03 14:37:04.9013 INFO DailyRapidApiLeagueCheck --> lastDate = 02/04/2022 00:00:00, Now = 03/04/2022 00:00:00
2022-04-03 14:37:04.9212 INFO SetCachedItem = setting cache for DailyRapidApiLeagueCheck, with Expiry Date of 04/04/2022 00:00:00
2022-04-03 14:37:04.9212 INFO DailyRapidApiLeagueCheck --> performUpdate = True
2022-04-03 14:37:04.9212 INFO DailyRapidApiLeagueCheck --> Performing daily league update
2022-04-03 14:37:04.9970 INFO FixturesByLeague - League = 3501, EarliestDate = 03/04/2022 00:00:00
2022-04-03 14:37:07.2174 INFO FixturesByOdds - League = 3501
2022-04-03 14:37:11.7833 INFO OddsByLeagueAndBookmaker - League = 3501, pageNbr = 2
2022-04-03 14:37:18.4569 INFO OddsByLeagueAndBookmaker - League = 3501, pageNbr = 0
2022-04-03 14:37:18.4738 INFO FixturesByLeague - League = 3448, EarliestDate = 09/04/2022 00:00:00
2022-04-03 14:37:18.9002 INFO FixturesByOdds - League = 3448
2022-04-03 14:37:20.2193 INFO OddsByLeagueAndBookmaker - League = 3448, pageNbr = 0
2022-04-03 14:37:20.2342 INFO FixturesByLeague - League = 3456, EarliestDate = 03/04/2022 00:00:00
2022-04-03 14:37:21.2476 INFO FixturesByOdds - League = 3456
2022-04-03 14:37:24.8872 INFO OddsByLeagueAndBookmaker - League = 3456, pageNbr = 2
2022-04-03 14:37:27.5425 INFO OddsByLeagueAndBookmaker - League = 3456, pageNbr = 0
2022-04-03 14:46:57.3866 INFO Default Quartz.NET properties loaded from embedded resource file
2022-04-03 14:46:57.4997 INFO Initialized Scheduler Signaller of type: Quartz.Core.SchedulerSignalerImpl
2022-04-03 14:46:57.5157 INFO Quartz Scheduler v.3.2.2.0 created.
2022-04-03 14:46:57.5346 INFO JobFactory set to: Quartz.Simpl.PropertySettingJobFactory
2022-04-03 14:46:57.5346 INFO RAMJobStore initialized.
2022-04-03 14:46:57.5346 INFO Scheduler meta-data: Quartz Scheduler (v3.2.2.0) 'DefaultQuartzScheduler' with instanceId 'NON_CLUSTERED'
  Scheduler class: 'Quartz.Core.QuartzScheduler' - running locally.
  NOT STARTED.
  Currently in standby mode.
  Number of jobs executed: 0
  Using thread pool 'Quartz.Simpl.DefaultThreadPool' - with 10 threads.
  Using job-store 'Quartz.Simpl.RAMJobStore' - which does not support persistence. and is not clustered.

2022-04-03 14:46:57.5346 INFO Quartz scheduler 'DefaultQuartzScheduler' initialized
2022-04-03 14:46:57.5346 INFO Quartz scheduler version: 3.2.2.0
2022-04-03 14:46:57.5516 INFO Scheduler DefaultQuartzScheduler_$_NON_CLUSTERED started.
2022-04-03 14:46:58.1709 INFO Startup Configuration - Start
2022-04-03 14:46:58.1709 INFO SetEventCache - Start
2022-04-03 14:46:58.2188 INFO SetCachedItem = setting cache for Events
2022-04-03 14:46:58.2188 INFO SetCachedItem = setting cache for Events, with Expiry Date of 03/05/2022 13:46:58
2022-04-03 14:46:58.2188 INFO SetNextResultCheckDateTime - Start - roundUp = False
2022-04-03 14:46:58.2188 INFO SetNextResultCheckDateTime - rapidApiResultChecks == null
2022-04-03 14:46:58.2517 INFO SetNextResultCheckDateTime - Set League 3448 next check date to 09/04/2022 15:55:00
2022-04-03 14:46:58.2517 INFO SetNextResultCheckDateTime - Set League 3456 next check date to 03/04/2022 14:55:00
2022-04-03 14:46:58.2517 INFO SetNextResultCheckDateTime - Set League 3501 next check date to 03/04/2022 15:55:00
2022-04-03 14:46:58.2517 INFO SetCachedItem = setting cache for NextFixtureCheckDateTime
2022-04-03 14:46:58.2517 INFO SetCachedItem = setting cache for NextFixtureCheckDateTime, with Expiry Date of 03/05/2022 13:46:58
2022-04-03 14:47:00.0699 INFO DailyRapidApiLeagueCheck --> lastDate = 03/04/2022 00:00:00, Now = 03/04/2022 00:00:00
2022-04-03 14:47:00.0789 INFO SetCachedItem = setting cache for DailyRapidApiLeagueCheck, with Expiry Date of 04/04/2022 00:00:00
2022-04-03 14:47:00.0789 INFO DailyRapidApiLeagueCheck --> performUpdate = False
2022-04-03 14:59:12.7922 INFO Default Quartz.NET properties loaded from embedded resource file
2022-04-03 14:59:12.8642 INFO Initialized Scheduler Signaller of type: Quartz.Core.SchedulerSignalerImpl
2022-04-03 14:59:12.9042 INFO Quartz Scheduler v.3.2.2.0 created.
2022-04-03 14:59:12.9202 INFO JobFactory set to: Quartz.Simpl.PropertySettingJobFactory
2022-04-03 14:59:12.9202 INFO RAMJobStore initialized.
2022-04-03 14:59:12.9202 INFO Scheduler meta-data: Quartz Scheduler (v3.2.2.0) 'DefaultQuartzScheduler' with instanceId 'NON_CLUSTERED'
  Scheduler class: 'Quartz.Core.QuartzScheduler' - running locally.
  NOT STARTED.
  Currently in standby mode.
  Number of jobs executed: 0
  Using thread pool 'Quartz.Simpl.DefaultThreadPool' - with 10 threads.
  Using job-store 'Quartz.Simpl.RAMJobStore' - which does not support persistence. and is not clustered.

2022-04-03 14:59:12.9202 INFO Quartz scheduler 'DefaultQuartzScheduler' initialized
2022-04-03 14:59:12.9202 INFO Quartz scheduler version: 3.2.2.0
2022-04-03 14:59:12.9362 INFO Scheduler DefaultQuartzScheduler_$_NON_CLUSTERED started.
2022-04-03 14:59:13.5852 INFO Startup Configuration - Start
2022-04-03 14:59:13.5932 INFO SetEventCache - Start
2022-04-03 14:59:13.6332 INFO SetCachedItem = setting cache for Events
2022-04-03 14:59:13.6412 INFO SetCachedItem = setting cache for Events, with Expiry Date of 03/05/2022 13:59:13
2022-04-03 14:59:13.6412 INFO SetNextResultCheckDateTime - Start - roundUp = False
2022-04-03 14:59:13.6412 INFO SetNextResultCheckDateTime - rapidApiResultChecks == null
2022-04-03 14:59:13.6652 INFO SetNextResultCheckDateTime - Set League 3448 next check date to 09/04/2022 15:55:00
2022-04-03 14:59:13.6732 INFO SetNextResultCheckDateTime - Set League 3456 next check date to 03/04/2022 14:55:00
2022-04-03 14:59:13.6732 INFO SetNextResultCheckDateTime - Set League 3501 next check date to 03/04/2022 15:55:00
2022-04-03 14:59:13.6732 INFO SetCachedItem = setting cache for NextFixtureCheckDateTime
2022-04-03 14:59:13.6732 INFO SetCachedItem = setting cache for NextFixtureCheckDateTime, with Expiry Date of 03/05/2022 13:59:13
2022-04-03 15:00:00.0687 INFO DailyRapidApiLeagueCheck --> lastDate = 03/04/2022 00:00:00, Now = 03/04/2022 00:00:00
2022-04-03 15:00:00.0786 INFO SetCachedItem = setting cache for DailyRapidApiLeagueCheck, with Expiry Date of 04/04/2022 00:00:00
2022-04-03 15:00:00.0786 INFO DailyRapidApiLeagueCheck --> performUpdate = False
2022-04-03 15:12:39.8629 INFO Default Quartz.NET properties loaded from embedded resource file
2022-04-03 15:12:39.9616 INFO Initialized Scheduler Signaller of type: Quartz.Core.SchedulerSignalerImpl
2022-04-03 15:12:39.9815 INFO Quartz Scheduler v.3.2.2.0 created.
2022-04-03 15:12:39.9995 INFO JobFactory set to: Quartz.Simpl.PropertySettingJobFactory
2022-04-03 15:12:39.9995 INFO RAMJobStore initialized.
2022-04-03 15:12:40.0115 INFO Scheduler meta-data: Quartz Scheduler (v3.2.2.0) 'DefaultQuartzScheduler' with instanceId 'NON_CLUSTERED'
  Scheduler class: 'Quartz.Core.QuartzScheduler' - running locally.
  NOT STARTED.
  Currently in standby mode.
  Number of jobs executed: 0
  Using thread pool 'Quartz.Simpl.DefaultThreadPool' - with 10 threads.
  Using job-store 'Quartz.Simpl.RAMJobStore' - which does not support persistence. and is not clustered.

2022-04-03 15:12:40.0115 INFO Quartz scheduler 'DefaultQuartzScheduler' initialized
2022-04-03 15:12:40.0115 INFO Quartz scheduler version: 3.2.2.0
2022-04-03 15:12:40.0553 INFO Scheduler DefaultQuartzScheduler_$_NON_CLUSTERED started.
2022-04-03 15:12:40.6653 INFO Startup Configuration - Start
2022-04-03 15:12:40.6673 INFO SetEventCache - Start
2022-04-03 15:12:40.7171 INFO SetCachedItem = setting cache for Events
2022-04-03 15:12:40.7171 INFO SetCachedItem = setting cache for Events, with Expiry Date of 03/05/2022 14:12:40
2022-04-03 15:12:40.7171 INFO SetNextResultCheckDateTime - Start - roundUp = False
2022-04-03 15:12:40.7171 INFO SetNextResultCheckDateTime - rapidApiResultChecks == null
2022-04-03 15:12:40.7500 INFO SetNextResultCheckDateTime - Set League 3448 next check date to 09/04/2022 15:55:00
2022-04-03 15:12:40.7500 INFO SetNextResultCheckDateTime - Set League 3456 next check date to 03/04/2022 14:55:00
2022-04-03 15:12:40.7500 INFO SetNextResultCheckDateTime - Set League 3501 next check date to 03/04/2022 15:55:00
2022-04-03 15:12:40.7500 INFO SetCachedItem = setting cache for NextFixtureCheckDateTime
2022-04-03 15:12:40.7500 INFO SetCachedItem = setting cache for NextFixtureCheckDateTime, with Expiry Date of 03/05/2022 14:12:40
2022-04-03 15:13:00.0589 INFO DailyRapidApiLeagueCheck --> lastDate = 03/04/2022 00:00:00, Now = 03/04/2022 00:00:00
2022-04-03 15:13:00.0589 INFO SetCachedItem = setting cache for DailyRapidApiLeagueCheck, with Expiry Date of 04/04/2022 00:00:00
2022-04-03 15:13:00.0589 INFO DailyRapidApiLeagueCheck --> performUpdate = False
2022-04-03 15:17:08.6887 INFO Default Quartz.NET properties loaded from embedded resource file
2022-04-03 15:17:08.7435 INFO Initialized Scheduler Signaller of type: Quartz.Core.SchedulerSignalerImpl
2022-04-03 15:17:08.7954 INFO Quartz Scheduler v.3.2.2.0 created.
2022-04-03 15:17:08.8273 INFO JobFactory set to: Quartz.Simpl.PropertySettingJobFactory
2022-04-03 15:17:08.8273 INFO RAMJobStore initialized.
2022-04-03 15:17:08.8273 INFO Scheduler meta-data: Quartz Scheduler (v3.2.2.0) 'DefaultQuartzScheduler' with instanceId 'NON_CLUSTERED'
  Scheduler class: 'Quartz.Core.QuartzScheduler' - running locally.
  NOT STARTED.
  Currently in standby mode.
  Number of jobs executed: 0
  Using thread pool 'Quartz.Simpl.DefaultThreadPool' - with 10 threads.
  Using job-store 'Quartz.Simpl.RAMJobStore' - which does not support persistence. and is not clustered.

2022-04-03 15:17:08.8393 INFO Quartz scheduler 'DefaultQuartzScheduler' initialized
2022-04-03 15:17:08.8393 INFO Quartz scheduler version: 3.2.2.0
2022-04-03 15:17:08.8393 INFO Scheduler DefaultQuartzScheduler_$_NON_CLUSTERED started.
2022-04-03 15:17:09.0038 INFO Startup Configuration - Start
2022-04-03 15:17:09.0038 INFO SetEventCache - Start
2022-04-03 15:17:09.0537 INFO SetCachedItem = setting cache for Events
2022-04-03 15:17:09.0537 INFO SetCachedItem = setting cache for Events, with Expiry Date of 03/05/2022 14:17:09
2022-04-03 15:17:09.0587 INFO SetNextResultCheckDateTime - Start - roundUp = False
2022-04-03 15:17:09.0587 INFO SetNextResultCheckDateTime - rapidApiResultChecks == null
2022-04-03 15:17:09.0926 INFO SetNextResultCheckDateTime - Set League 3448 next check date to 09/04/2022 15:55:00
2022-04-03 15:17:09.0926 INFO SetNextResultCheckDateTime - Set League 3456 next check date to 03/04/2022 14:55:00
2022-04-03 15:17:09.0926 INFO SetNextResultCheckDateTime - Set League 3501 next check date to 03/04/2022 15:55:00
2022-04-03 15:17:09.0926 INFO SetCachedItem = setting cache for NextFixtureCheckDateTime
2022-04-03 15:17:09.0926 INFO SetCachedItem = setting cache for NextFixtureCheckDateTime, with Expiry Date of 03/05/2022 14:17:09
2022-04-03 15:18:00.0719 INFO DailyRapidApiLeagueCheck --> lastDate = 03/04/2022 00:00:00, Now = 03/04/2022 00:00:00
2022-04-03 15:18:00.0729 INFO SetCachedItem = setting cache for DailyRapidApiLeagueCheck, with Expiry Date of 04/04/2022 00:00:00
2022-04-03 15:18:00.0729 INFO DailyRapidApiLeagueCheck --> performUpdate = False
2022-04-03 15:31:00.7810 INFO Account - Login (HttpPost) - pete@salsbury.co.uk logged in
2022-04-03 15:39:51.1859 INFO Default Quartz.NET properties loaded from embedded resource file
2022-04-03 15:39:51.2579 INFO Initialized Scheduler Signaller of type: Quartz.Core.SchedulerSignalerImpl
2022-04-03 15:39:51.3219 INFO Quartz Scheduler v.3.2.2.0 created.
2022-04-03 15:39:51.3459 INFO JobFactory set to: Quartz.Simpl.PropertySettingJobFactory
2022-04-03 15:39:51.3459 INFO RAMJobStore initialized.
2022-04-03 15:39:51.3619 INFO Scheduler meta-data: Quartz Scheduler (v3.2.2.0) 'DefaultQuartzScheduler' with instanceId 'NON_CLUSTERED'
  Scheduler class: 'Quartz.Core.QuartzScheduler' - running locally.
  NOT STARTED.
  Currently in standby mode.
  Number of jobs executed: 0
  Using thread pool 'Quartz.Simpl.DefaultThreadPool' - with 10 threads.
  Using job-store 'Quartz.Simpl.RAMJobStore' - which does not support persistence. and is not clustered.

2022-04-03 15:39:51.3619 INFO Quartz scheduler 'DefaultQuartzScheduler' initialized
2022-04-03 15:39:51.3619 INFO Quartz scheduler version: 3.2.2.0
2022-04-03 15:39:51.3699 INFO Scheduler DefaultQuartzScheduler_$_NON_CLUSTERED started.
2022-04-03 15:39:51.4979 INFO Startup Configuration - Start
2022-04-03 15:39:51.4979 INFO SetEventCache - Start
2022-04-03 15:39:51.5539 INFO SetCachedItem = setting cache for Events
2022-04-03 15:39:51.5539 INFO SetCachedItem = setting cache for Events, with Expiry Date of 03/05/2022 14:39:51
2022-04-03 15:39:51.5539 INFO SetNextResultCheckDateTime - Start - roundUp = False
2022-04-03 15:39:51.5539 INFO SetNextResultCheckDateTime - rapidApiResultChecks == null
2022-04-03 15:39:51.5939 INFO SetNextResultCheckDateTime - Set League 3448 next check date to 09/04/2022 15:55:00
2022-04-03 15:39:51.5939 INFO SetNextResultCheckDateTime - Set League 3456 next check date to 03/04/2022 14:55:00
2022-04-03 15:39:51.5939 INFO SetNextResultCheckDateTime - Set League 3501 next check date to 03/04/2022 15:55:00
2022-04-03 15:39:51.5939 INFO SetCachedItem = setting cache for NextFixtureCheckDateTime
2022-04-03 15:39:51.5939 INFO SetCachedItem = setting cache for NextFixtureCheckDateTime, with Expiry Date of 03/05/2022 14:39:51
2022-04-03 15:40:00.1040 INFO DailyRapidApiLeagueCheck --> lastDate = 03/04/2022 00:00:00, Now = 03/04/2022 00:00:00
2022-04-03 15:40:00.1040 INFO SetCachedItem = setting cache for DailyRapidApiLeagueCheck, with Expiry Date of 04/04/2022 00:00:00
2022-04-03 15:40:00.1040 INFO DailyRapidApiLeagueCheck --> performUpdate = False
2022-04-03 16:01:39.1096 INFO Default Quartz.NET properties loaded from embedded resource file
2022-04-03 16:01:39.1684 INFO Initialized Scheduler Signaller of type: Quartz.Core.SchedulerSignalerImpl
2022-04-03 16:01:39.1684 INFO Quartz Scheduler v.3.2.2.0 created.
2022-04-03 16:01:39.2123 INFO JobFactory set to: Quartz.Simpl.PropertySettingJobFactory
2022-04-03 16:01:39.2392 INFO RAMJobStore initialized.
2022-04-03 16:01:39.2482 INFO Scheduler meta-data: Quartz Scheduler (v3.2.2.0) 'DefaultQuartzScheduler' with instanceId 'NON_CLUSTERED'
  Scheduler class: 'Quartz.Core.QuartzScheduler' - running locally.
  NOT STARTED.
  Currently in standby mode.
  Number of jobs executed: 0
  Using thread pool 'Quartz.Simpl.DefaultThreadPool' - with 10 threads.
  Using job-store 'Quartz.Simpl.RAMJobStore' - which does not support persistence. and is not clustered.

2022-04-03 16:01:39.2482 INFO Quartz scheduler 'DefaultQuartzScheduler' initialized
2022-04-03 16:01:39.2482 INFO Quartz scheduler version: 3.2.2.0
2022-04-03 16:01:39.2632 INFO Scheduler DefaultQuartzScheduler_$_NON_CLUSTERED started.
2022-04-03 16:01:39.3819 INFO Startup Configuration - Start
2022-04-03 16:01:39.3819 INFO SetEventCache - Start
2022-04-03 16:01:39.4297 INFO SetCachedItem = setting cache for Events
2022-04-03 16:01:39.4297 INFO SetCachedItem = setting cache for Events, with Expiry Date of 03/05/2022 15:01:39
2022-04-03 16:01:39.4347 INFO SetNextResultCheckDateTime - Start - roundUp = False
2022-04-03 16:01:39.4347 INFO SetNextResultCheckDateTime - rapidApiResultChecks == null
2022-04-03 16:01:39.4657 INFO SetNextResultCheckDateTime - Set League 3448 next check date to 09/04/2022 15:55:00
2022-04-03 16:01:39.4657 INFO SetNextResultCheckDateTime - Set League 3456 next check date to 03/04/2022 14:55:00
2022-04-03 16:01:39.4657 INFO SetNextResultCheckDateTime - Set League 3501 next check date to 03/04/2022 15:55:00
2022-04-03 16:01:39.4657 INFO SetCachedItem = setting cache for NextFixtureCheckDateTime
2022-04-03 16:01:39.4657 INFO SetCachedItem = setting cache for NextFixtureCheckDateTime, with Expiry Date of 03/05/2022 15:01:39
2022-04-03 16:02:00.0475 INFO GetRapidApiResults = Getting results from RapidApi 3456. FixtureDateTime = 03/04/2022 00:00:00, Now = 03/04/2022 15:02:00
2022-04-03 16:02:00.0475 INFO FixturesByLeagueByDate - League = 3456, Date = 2022-04-03
2022-04-03 16:02:02.0890 INFO SetEventCache - Start
2022-04-03 16:02:02.1040 INFO SetCachedItem = setting cache for Events
2022-04-03 16:02:02.1040 INFO SetCachedItem = setting cache for Events, with Expiry Date of 03/05/2022 15:02:02
2022-04-03 16:02:02.1219 INFO SetNextResultCheckDateTime - Start - roundUp = True
2022-04-03 16:02:02.1219 INFO SetNextResultCheckDateTime - Set League 3448 next check date to 09/04/2022 15:55:00
2022-04-03 16:02:02.1219 INFO SetNextResultCheckDateTime - Set League 3456 next check date to 03/04/2022 17:25:00
2022-04-03 16:02:02.1219 INFO SetNextResultCheckDateTime - Set League 3501 next check date to 03/04/2022 15:55:00
2022-04-03 16:02:02.1219 INFO SetCachedItem = setting cache for NextFixtureCheckDateTime
2022-04-03 16:02:02.1219 INFO SetCachedItem = setting cache for NextFixtureCheckDateTime, with Expiry Date of 03/05/2022 15:02:02
2022-04-03 16:02:02.1433 INFO DailyRapidApiLeagueCheck --> lastDate = 03/04/2022 00:00:00, Now = 03/04/2022 00:00:00
2022-04-03 16:02:02.1433 INFO SetCachedItem = setting cache for DailyRapidApiLeagueCheck, with Expiry Date of 04/04/2022 00:00:00
2022-04-03 16:02:02.1433 INFO DailyRapidApiLeagueCheck --> performUpdate = False
2022-04-03 16:11:03.2414 INFO Default Quartz.NET properties loaded from embedded resource file
2022-04-03 16:11:03.3012 INFO Initialized Scheduler Signaller of type: Quartz.Core.SchedulerSignalerImpl
2022-04-03 16:11:03.3232 INFO Quartz Scheduler v.3.2.2.0 created.
2022-04-03 16:11:03.3760 INFO JobFactory set to: Quartz.Simpl.PropertySettingJobFactory
2022-04-03 16:11:03.3890 INFO RAMJobStore initialized.
2022-04-03 16:11:03.3890 INFO Scheduler meta-data: Quartz Scheduler (v3.2.2.0) 'DefaultQuartzScheduler' with instanceId 'NON_CLUSTERED'
  Scheduler class: 'Quartz.Core.QuartzScheduler' - running locally.
  NOT STARTED.
  Currently in standby mode.
  Number of jobs executed: 0
  Using thread pool 'Quartz.Simpl.DefaultThreadPool' - with 10 threads.
  Using job-store 'Quartz.Simpl.RAMJobStore' - which does not support persistence. and is not clustered.

2022-04-03 16:11:03.3890 INFO Quartz scheduler 'DefaultQuartzScheduler' initialized
2022-04-03 16:11:03.3890 INFO Quartz scheduler version: 3.2.2.0
2022-04-03 16:11:03.4010 INFO Scheduler DefaultQuartzScheduler_$_NON_CLUSTERED started.
2022-04-03 16:11:03.5256 INFO Startup Configuration - Start
2022-04-03 16:11:03.5277 INFO SetEventCache - Start
2022-04-03 16:11:03.5775 INFO SetCachedItem = setting cache for Events
2022-04-03 16:11:03.5775 INFO SetCachedItem = setting cache for Events, with Expiry Date of 03/05/2022 15:11:03
2022-04-03 16:11:03.5775 INFO SetNextResultCheckDateTime - Start - roundUp = False
2022-04-03 16:11:03.5775 INFO SetNextResultCheckDateTime - rapidApiResultChecks == null
2022-04-03 16:11:03.6174 INFO SetNextResultCheckDateTime - Set League 3448 next check date to 09/04/2022 15:55:00
2022-04-03 16:11:03.6174 INFO SetNextResultCheckDateTime - Set League 3456 next check date to 03/04/2022 17:25:00
2022-04-03 16:11:03.6174 INFO SetNextResultCheckDateTime - Set League 3501 next check date to 03/04/2022 15:55:00
2022-04-03 16:11:03.6174 INFO SetCachedItem = setting cache for NextFixtureCheckDateTime
2022-04-03 16:11:03.6174 INFO SetCachedItem = setting cache for NextFixtureCheckDateTime, with Expiry Date of 03/05/2022 15:11:03
2022-04-03 16:12:00.1483 INFO DailyRapidApiLeagueCheck --> lastDate = 03/04/2022 00:00:00, Now = 03/04/2022 00:00:00
2022-04-03 16:12:00.1483 INFO SetCachedItem = setting cache for DailyRapidApiLeagueCheck, with Expiry Date of 04/04/2022 00:00:00
2022-04-03 16:12:00.1483 INFO DailyRapidApiLeagueCheck --> performUpdate = False
2022-04-03 16:20:08.4718 INFO Default Quartz.NET properties loaded from embedded resource file
2022-04-03 16:20:08.5278 INFO Initialized Scheduler Signaller of type: Quartz.Core.SchedulerSignalerImpl
2022-04-03 16:20:08.5518 INFO Quartz Scheduler v.3.2.2.0 created.
2022-04-03 16:20:08.5838 INFO JobFactory set to: Quartz.Simpl.PropertySettingJobFactory
2022-04-03 16:20:08.5998 INFO RAMJobStore initialized.
2022-04-03 16:20:08.5998 INFO Scheduler meta-data: Quartz Scheduler (v3.2.2.0) 'DefaultQuartzScheduler' with instanceId 'NON_CLUSTERED'
  Scheduler class: 'Quartz.Core.QuartzScheduler' - running locally.
  NOT STARTED.
  Currently in standby mode.
  Number of jobs executed: 0
  Using thread pool 'Quartz.Simpl.DefaultThreadPool' - with 10 threads.
  Using job-store 'Quartz.Simpl.RAMJobStore' - which does not support persistence. and is not clustered.

2022-04-03 16:20:08.5998 INFO Quartz scheduler 'DefaultQuartzScheduler' initialized
2022-04-03 16:20:08.5998 INFO Quartz scheduler version: 3.2.2.0
2022-04-03 16:20:08.6158 INFO Scheduler DefaultQuartzScheduler_$_NON_CLUSTERED started.
2022-04-03 16:20:08.7358 INFO Startup Configuration - Start
2022-04-03 16:20:08.7358 INFO SetEventCache - Start
2022-04-03 16:20:08.7838 INFO SetCachedItem = setting cache for Events
2022-04-03 16:20:08.7838 INFO SetCachedItem = setting cache for Events, with Expiry Date of 03/05/2022 15:20:08
2022-04-03 16:20:08.7919 INFO SetNextResultCheckDateTime - Start - roundUp = False
2022-04-03 16:20:08.7919 INFO SetNextResultCheckDateTime - rapidApiResultChecks == null
2022-04-03 16:20:08.8319 INFO SetNextResultCheckDateTime - Set League 3448 next check date to 09/04/2022 15:55:00
2022-04-03 16:20:08.8319 INFO SetNextResultCheckDateTime - Set League 3456 next check date to 03/04/2022 17:25:00
2022-04-03 16:20:08.8319 INFO SetNextResultCheckDateTime - Set League 3501 next check date to 03/04/2022 15:55:00
2022-04-03 16:20:08.8319 INFO SetCachedItem = setting cache for NextFixtureCheckDateTime
2022-04-03 16:20:08.8319 INFO SetCachedItem = setting cache for NextFixtureCheckDateTime, with Expiry Date of 03/05/2022 15:20:08
2022-04-03 16:21:24.0312 INFO DailyRapidApiLeagueCheck --> lastDate = 03/04/2022 00:00:00, Now = 03/04/2022 00:00:00
2022-04-03 16:21:24.0312 INFO SetCachedItem = setting cache for DailyRapidApiLeagueCheck, with Expiry Date of 04/04/2022 00:00:00
2022-04-03 16:21:24.0312 INFO DailyRapidApiLeagueCheck --> performUpdate = False
2022-04-03 16:23:00.9086 INFO Default Quartz.NET properties loaded from embedded resource file
2022-04-03 16:23:00.9966 INFO Initialized Scheduler Signaller of type: Quartz.Core.SchedulerSignalerImpl
2022-04-03 16:23:01.0126 INFO Quartz Scheduler v.3.2.2.0 created.
2022-04-03 16:23:01.0286 INFO JobFactory set to: Quartz.Simpl.PropertySettingJobFactory
2022-04-03 16:23:01.0446 INFO RAMJobStore initialized.
2022-04-03 16:23:01.0446 INFO Scheduler meta-data: Quartz Scheduler (v3.2.2.0) 'DefaultQuartzScheduler' with instanceId 'NON_CLUSTERED'
  Scheduler class: 'Quartz.Core.QuartzScheduler' - running locally.
  NOT STARTED.
  Currently in standby mode.
  Number of jobs executed: 0
  Using thread pool 'Quartz.Simpl.DefaultThreadPool' - with 10 threads.
  Using job-store 'Quartz.Simpl.RAMJobStore' - which does not support persistence. and is not clustered.

2022-04-03 16:23:01.0446 INFO Quartz scheduler 'DefaultQuartzScheduler' initialized
2022-04-03 16:23:01.0446 INFO Quartz scheduler version: 3.2.2.0
2022-04-03 16:23:01.0446 INFO Scheduler DefaultQuartzScheduler_$_NON_CLUSTERED started.
2022-04-03 16:23:01.6714 INFO Startup Configuration - Start
2022-04-03 16:23:01.6714 INFO SetEventCache - Start
2022-04-03 16:23:01.7194 INFO SetCachedItem = setting cache for Events
2022-04-03 16:23:01.7194 INFO SetCachedItem = setting cache for Events, with Expiry Date of 03/05/2022 15:23:01
2022-04-03 16:23:01.7194 INFO SetNextResultCheckDateTime - Start - roundUp = False
2022-04-03 16:23:01.7194 INFO SetNextResultCheckDateTime - rapidApiResultChecks == null
2022-04-03 16:23:01.7674 INFO SetNextResultCheckDateTime - Set League 3448 next check date to 09/04/2022 15:55:00
2022-04-03 16:23:01.7674 INFO SetNextResultCheckDateTime - Set League 3456 next check date to 03/04/2022 17:25:00
2022-04-03 16:23:01.7674 INFO SetNextResultCheckDateTime - Set League 3501 next check date to 03/04/2022 15:55:00
2022-04-03 16:23:01.7674 INFO SetCachedItem = setting cache for NextFixtureCheckDateTime
2022-04-03 16:23:01.7674 INFO SetCachedItem = setting cache for NextFixtureCheckDateTime, with Expiry Date of 03/05/2022 15:23:01
2022-04-03 19:09:46.4131 INFO Default Quartz.NET properties loaded from embedded resource file
2022-04-03 19:09:46.4930 INFO Initialized Scheduler Signaller of type: Quartz.Core.SchedulerSignalerImpl
2022-04-03 19:09:46.5330 INFO Quartz Scheduler v.3.2.2.0 created.
2022-04-03 19:09:46.5330 INFO JobFactory set to: Quartz.Simpl.PropertySettingJobFactory
2022-04-03 19:09:46.5490 INFO RAMJobStore initialized.
2022-04-03 19:09:46.5490 INFO Scheduler meta-data: Quartz Scheduler (v3.2.2.0) 'DefaultQuartzScheduler' with instanceId 'NON_CLUSTERED'
  Scheduler class: 'Quartz.Core.QuartzScheduler' - running locally.
  NOT STARTED.
  Currently in standby mode.
  Number of jobs executed: 0
  Using thread pool 'Quartz.Simpl.DefaultThreadPool' - with 10 threads.
  Using job-store 'Quartz.Simpl.RAMJobStore' - which does not support persistence. and is not clustered.

2022-04-03 19:09:46.5490 INFO Quartz scheduler 'DefaultQuartzScheduler' initialized
2022-04-03 19:09:46.5490 INFO Quartz scheduler version: 3.2.2.0
2022-04-03 19:09:46.5730 INFO Scheduler DefaultQuartzScheduler_$_NON_CLUSTERED started.
2022-04-03 19:09:47.2530 INFO Startup Configuration - Start
2022-04-03 19:09:47.2530 INFO SetEventCache - Start
2022-04-03 19:09:47.3091 INFO SetCachedItem = setting cache for Events
2022-04-03 19:09:47.3091 INFO SetCachedItem = setting cache for Events, with Expiry Date of 03/05/2022 18:09:47
2022-04-03 19:09:47.3091 INFO SetNextResultCheckDateTime - Start - roundUp = False
2022-04-03 19:09:47.3091 INFO SetNextResultCheckDateTime - rapidApiResultChecks == null
2022-04-03 19:09:47.3410 INFO SetNextResultCheckDateTime - Set League 3448 next check date to 09/04/2022 15:55:00
2022-04-03 19:09:47.3410 INFO SetNextResultCheckDateTime - Set League 3456 next check date to 03/04/2022 17:25:00
2022-04-03 19:09:47.3410 INFO SetNextResultCheckDateTime - Set League 3501 next check date to 03/04/2022 15:55:00
2022-04-03 19:09:47.3410 INFO SetCachedItem = setting cache for NextFixtureCheckDateTime
2022-04-03 19:09:47.3410 INFO SetCachedItem = setting cache for NextFixtureCheckDateTime, with Expiry Date of 03/05/2022 18:09:47
2022-04-03 19:10:00.0791 INFO GetRapidApiResults = Getting results from RapidApi 3456. FixtureDateTime = 03/04/2022 00:00:00, Now = 03/04/2022 18:10:00
2022-04-03 19:10:00.0791 INFO FixturesByLeagueByDate - League = 3456, Date = 2022-04-03
2022-04-03 19:10:01.3601 INFO SetEventCache - Start
2022-04-03 19:10:01.3757 INFO SetCachedItem = setting cache for Events
2022-04-03 19:10:01.3913 INFO SetCachedItem = setting cache for Events, with Expiry Date of 03/05/2022 18:10:01
2022-04-03 19:10:01.3913 INFO GetRapidApiResults = Getting results from RapidApi 3501. FixtureDateTime = 03/04/2022 00:00:00, Now = 03/04/2022 18:10:01
2022-04-03 19:10:01.3913 INFO FixturesByLeagueByDate - League = 3501, Date = 2022-04-03
2022-04-03 19:10:02.0474 INFO SetEventCache - Start
2022-04-03 19:10:02.0474 INFO SetCachedItem = setting cache for Events
2022-04-03 19:10:02.0474 INFO SetCachedItem = setting cache for Events, with Expiry Date of 03/05/2022 18:10:02
2022-04-03 19:10:02.0474 INFO SetNextResultCheckDateTime - Start - roundUp = True
2022-04-03 19:10:02.0630 INFO SetNextResultCheckDateTime - Set League 3448 next check date to 09/04/2022 15:55:00
2022-04-03 19:10:02.0630 INFO SetNextResultCheckDateTime - Set League 3456 next check date to 04/04/2022 20:55:00
2022-04-03 19:10:02.0630 INFO SetNextResultCheckDateTime - Set League 3501 next check date to 05/04/2022 20:40:00
2022-04-03 19:10:02.0630 INFO SetCachedItem = setting cache for NextFixtureCheckDateTime
2022-04-03 19:10:02.0630 INFO SetCachedItem = setting cache for NextFixtureCheckDateTime, with Expiry Date of 03/05/2022 18:10:02
2022-04-03 19:10:02.0630 INFO DailyRapidApiLeagueCheck --> lastDate = 03/04/2022 00:00:00, Now = 03/04/2022 00:00:00
2022-04-03 19:10:02.0630 INFO SetCachedItem = setting cache for DailyRapidApiLeagueCheck, with Expiry Date of 04/04/2022 00:00:00
2022-04-03 19:10:02.0630 INFO DailyRapidApiLeagueCheck --> performUpdate = False
2022-04-03 19:31:39.2161 INFO Default Quartz.NET properties loaded from embedded resource file
2022-04-03 19:31:39.2760 INFO Initialized Scheduler Signaller of type: Quartz.Core.SchedulerSignalerImpl
2022-04-03 19:31:39.2929 INFO Quartz Scheduler v.3.2.2.0 created.
2022-04-03 19:31:39.3328 INFO JobFactory set to: Quartz.Simpl.PropertySettingJobFactory
2022-04-03 19:31:39.3518 INFO RAMJobStore initialized.
2022-04-03 19:31:39.3518 INFO Scheduler meta-data: Quartz Scheduler (v3.2.2.0) 'DefaultQuartzScheduler' with instanceId 'NON_CLUSTERED'
  Scheduler class: 'Quartz.Core.QuartzScheduler' - running locally.
  NOT STARTED.
  Currently in standby mode.
  Number of jobs executed: 0
  Using thread pool 'Quartz.Simpl.DefaultThreadPool' - with 10 threads.
  Using job-store 'Quartz.Simpl.RAMJobStore' - which does not support persistence. and is not clustered.

2022-04-03 19:31:39.3547 INFO Quartz scheduler 'DefaultQuartzScheduler' initialized
2022-04-03 19:31:39.3547 INFO Quartz scheduler version: 3.2.2.0
2022-04-03 19:31:39.3547 INFO Scheduler DefaultQuartzScheduler_$_NON_CLUSTERED started.
2022-04-03 19:31:39.4994 INFO Startup Configuration - Start
2022-04-03 19:31:39.4994 INFO SetEventCache - Start
2022-04-03 19:31:39.5492 INFO SetCachedItem = setting cache for Events
2022-04-03 19:31:39.5492 INFO SetCachedItem = setting cache for Events, with Expiry Date of 03/05/2022 18:31:39
2022-04-03 19:31:39.5492 INFO SetNextResultCheckDateTime - Start - roundUp = False
2022-04-03 19:31:39.5492 INFO SetNextResultCheckDateTime - rapidApiResultChecks == null
2022-04-03 19:31:39.6958 INFO SetNextResultCheckDateTime - Set League 3448 next check date to 09/04/2022 15:55:00
2022-04-03 19:31:39.6958 INFO SetNextResultCheckDateTime - Set League 3456 next check date to 04/04/2022 20:55:00
2022-04-03 19:31:39.6958 INFO SetNextResultCheckDateTime - Set League 3501 next check date to 05/04/2022 20:40:00
2022-04-03 19:31:39.6958 INFO SetCachedItem = setting cache for NextFixtureCheckDateTime
2022-04-03 19:31:39.6958 INFO SetCachedItem = setting cache for NextFixtureCheckDateTime, with Expiry Date of 03/05/2022 18:31:39
2022-04-03 19:32:00.1332 INFO DailyRapidApiLeagueCheck --> lastDate = 03/04/2022 00:00:00, Now = 03/04/2022 00:00:00
2022-04-03 19:32:00.1332 INFO SetCachedItem = setting cache for DailyRapidApiLeagueCheck, with Expiry Date of 04/04/2022 00:00:00
2022-04-03 19:32:00.1332 INFO DailyRapidApiLeagueCheck --> performUpdate = False
2022-04-03 19:34:28.8551 INFO Default Quartz.NET properties loaded from embedded resource file
2022-04-03 19:34:28.9110 INFO Initialized Scheduler Signaller of type: Quartz.Core.SchedulerSignalerImpl
2022-04-03 19:34:28.9430 INFO Quartz Scheduler v.3.2.2.0 created.
2022-04-03 19:34:28.9590 INFO JobFactory set to: Quartz.Simpl.PropertySettingJobFactory
2022-04-03 19:34:28.9670 INFO RAMJobStore initialized.
2022-04-03 19:34:28.9670 INFO Scheduler meta-data: Quartz Scheduler (v3.2.2.0) 'DefaultQuartzScheduler' with instanceId 'NON_CLUSTERED'
  Scheduler class: 'Quartz.Core.QuartzScheduler' - running locally.
  NOT STARTED.
  Currently in standby mode.
  Number of jobs executed: 0
  Using thread pool 'Quartz.Simpl.DefaultThreadPool' - with 10 threads.
  Using job-store 'Quartz.Simpl.RAMJobStore' - which does not support persistence. and is not clustered.

2022-04-03 19:34:28.9670 INFO Quartz scheduler 'DefaultQuartzScheduler' initialized
2022-04-03 19:34:28.9670 INFO Quartz scheduler version: 3.2.2.0
2022-04-03 19:34:28.9830 INFO Scheduler DefaultQuartzScheduler_$_NON_CLUSTERED started.
2022-04-03 19:34:29.1031 INFO Startup Configuration - Start
2022-04-03 19:34:29.1031 INFO SetEventCache - Start
2022-04-03 19:34:29.1510 INFO SetCachedItem = setting cache for Events
2022-04-03 19:34:29.1510 INFO SetCachedItem = setting cache for Events, with Expiry Date of 03/05/2022 18:34:29
2022-04-03 19:34:29.1510 INFO SetNextResultCheckDateTime - Start - roundUp = False
2022-04-03 19:34:29.1510 INFO SetNextResultCheckDateTime - rapidApiResultChecks == null
2022-04-03 19:34:29.1830 INFO SetNextResultCheckDateTime - Set League 3448 next check date to 09/04/2022 15:55:00
2022-04-03 19:34:29.1830 INFO SetNextResultCheckDateTime - Set League 3456 next check date to 04/04/2022 20:55:00
2022-04-03 19:34:29.1830 INFO SetNextResultCheckDateTime - Set League 3501 next check date to 05/04/2022 20:40:00
2022-04-03 19:34:29.1830 INFO SetCachedItem = setting cache for NextFixtureCheckDateTime
2022-04-03 19:34:29.1830 INFO SetCachedItem = setting cache for NextFixtureCheckDateTime, with Expiry Date of 03/05/2022 18:34:29
2022-04-03 19:35:00.1092 INFO DailyRapidApiLeagueCheck --> lastDate = 03/04/2022 00:00:00, Now = 03/04/2022 00:00:00
2022-04-03 19:35:00.1248 INFO SetCachedItem = setting cache for DailyRapidApiLeagueCheck, with Expiry Date of 04/04/2022 00:00:00
2022-04-03 19:35:00.1248 INFO DailyRapidApiLeagueCheck --> performUpdate = False
2022-04-03 22:37:13.5951 INFO Default Quartz.NET properties loaded from embedded resource file
2022-04-03 22:37:13.6670 INFO Initialized Scheduler Signaller of type: Quartz.Core.SchedulerSignalerImpl
2022-04-03 22:37:13.6670 INFO Quartz Scheduler v.3.2.2.0 created.
2022-04-03 22:37:13.7070 INFO JobFactory set to: Quartz.Simpl.PropertySettingJobFactory
2022-04-03 22:37:13.7470 INFO RAMJobStore initialized.
2022-04-03 22:37:13.7470 INFO Scheduler meta-data: Quartz Scheduler (v3.2.2.0) 'DefaultQuartzScheduler' with instanceId 'NON_CLUSTERED'
  Scheduler class: 'Quartz.Core.QuartzScheduler' - running locally.
  NOT STARTED.
  Currently in standby mode.
  Number of jobs executed: 0
  Using thread pool 'Quartz.Simpl.DefaultThreadPool' - with 10 threads.
  Using job-store 'Quartz.Simpl.RAMJobStore' - which does not support persistence. and is not clustered.

2022-04-03 22:37:13.7470 INFO Quartz scheduler 'DefaultQuartzScheduler' initialized
2022-04-03 22:37:13.7470 INFO Quartz scheduler version: 3.2.2.0
2022-04-03 22:37:13.7470 INFO Scheduler DefaultQuartzScheduler_$_NON_CLUSTERED started.
2022-04-03 22:37:14.3711 INFO Startup Configuration - Start
2022-04-03 22:37:14.3711 INFO SetEventCache - Start
2022-04-03 22:37:14.4361 INFO SetCachedItem = setting cache for Events
2022-04-03 22:37:14.4361 INFO SetCachedItem = setting cache for Events, with Expiry Date of 03/05/2022 21:37:14
2022-04-03 22:37:14.4361 INFO SetNextResultCheckDateTime - Start - roundUp = False
2022-04-03 22:37:14.4361 INFO SetNextResultCheckDateTime - rapidApiResultChecks == null
2022-04-03 22:37:14.4680 INFO SetNextResultCheckDateTime - Set League 3448 next check date to 09/04/2022 15:55:00
2022-04-03 22:37:14.4680 INFO SetNextResultCheckDateTime - Set League 3456 next check date to 04/04/2022 20:55:00
2022-04-03 22:37:14.4680 INFO SetNextResultCheckDateTime - Set League 3501 next check date to 05/04/2022 20:40:00
2022-04-03 22:37:14.4680 INFO SetCachedItem = setting cache for NextFixtureCheckDateTime
2022-04-03 22:37:14.4680 INFO SetCachedItem = setting cache for NextFixtureCheckDateTime, with Expiry Date of 03/05/2022 21:37:14
2022-04-03 22:38:04.8236 INFO DailyRapidApiLeagueCheck --> lastDate = 03/04/2022 00:00:00, Now = 03/04/2022 00:00:00
2022-04-03 22:38:06.0688 INFO SetCachedItem = setting cache for DailyRapidApiLeagueCheck, with Expiry Date of 04/04/2022 00:00:00
2022-04-03 22:38:06.0828 INFO DailyRapidApiLeagueCheck --> performUpdate = False
2022-04-03 22:39:51.6014 INFO Default Quartz.NET properties loaded from embedded resource file
2022-04-03 22:39:51.6574 INFO Initialized Scheduler Signaller of type: Quartz.Core.SchedulerSignalerImpl
2022-04-03 22:39:51.6574 INFO Quartz Scheduler v.3.2.2.0 created.
2022-04-03 22:39:51.7294 INFO JobFactory set to: Quartz.Simpl.PropertySettingJobFactory
2022-04-03 22:39:51.7454 INFO RAMJobStore initialized.
2022-04-03 22:39:51.7454 INFO Scheduler meta-data: Quartz Scheduler (v3.2.2.0) 'DefaultQuartzScheduler' with instanceId 'NON_CLUSTERED'
  Scheduler class: 'Quartz.Core.QuartzScheduler' - running locally.
  NOT STARTED.
  Currently in standby mode.
  Number of jobs executed: 0
  Using thread pool 'Quartz.Simpl.DefaultThreadPool' - with 10 threads.
  Using job-store 'Quartz.Simpl.RAMJobStore' - which does not support persistence. and is not clustered.

2022-04-03 22:39:51.7454 INFO Quartz scheduler 'DefaultQuartzScheduler' initialized
2022-04-03 22:39:51.7454 INFO Quartz scheduler version: 3.2.2.0
2022-04-03 22:39:51.7454 INFO Scheduler DefaultQuartzScheduler_$_NON_CLUSTERED started.
2022-04-03 22:39:51.8734 INFO Startup Configuration - Start
2022-04-03 22:39:51.8734 INFO SetEventCache - Start
2022-04-03 22:39:51.9214 INFO SetCachedItem = setting cache for Events
2022-04-03 22:39:51.9214 INFO SetCachedItem = setting cache for Events, with Expiry Date of 03/05/2022 21:39:51
2022-04-03 22:39:51.9214 INFO SetNextResultCheckDateTime - Start - roundUp = False
2022-04-03 22:39:51.9214 INFO SetNextResultCheckDateTime - rapidApiResultChecks == null
2022-04-03 22:39:51.9614 INFO SetNextResultCheckDateTime - Set League 3448 next check date to 09/04/2022 15:55:00
2022-04-03 22:39:51.9614 INFO SetNextResultCheckDateTime - Set League 3456 next check date to 04/04/2022 20:55:00
2022-04-03 22:39:51.9614 INFO SetNextResultCheckDateTime - Set League 3501 next check date to 05/04/2022 20:40:00
2022-04-03 22:39:51.9614 INFO SetCachedItem = setting cache for NextFixtureCheckDateTime
2022-04-03 22:39:51.9614 INFO SetCachedItem = setting cache for NextFixtureCheckDateTime, with Expiry Date of 03/05/2022 21:39:51
2022-04-03 22:40:00.0765 INFO DailyRapidApiLeagueCheck --> lastDate = 03/04/2022 00:00:00, Now = 03/04/2022 00:00:00
2022-04-03 22:40:00.0765 INFO SetCachedItem = setting cache for DailyRapidApiLeagueCheck, with Expiry Date of 04/04/2022 00:00:00
2022-04-03 22:40:00.0921 INFO DailyRapidApiLeagueCheck --> performUpdate = False
2022-04-03 22:43:02.0408 INFO Default Quartz.NET properties loaded from embedded resource file
2022-04-03 22:43:02.0968 INFO Initialized Scheduler Signaller of type: Quartz.Core.SchedulerSignalerImpl
2022-04-03 22:43:02.1208 INFO Quartz Scheduler v.3.2.2.0 created.
2022-04-03 22:43:02.1608 INFO JobFactory set to: Quartz.Simpl.PropertySettingJobFactory
2022-04-03 22:43:02.1768 INFO RAMJobStore initialized.
2022-04-03 22:43:02.1848 INFO Scheduler meta-data: Quartz Scheduler (v3.2.2.0) 'DefaultQuartzScheduler' with instanceId 'NON_CLUSTERED'
  Scheduler class: 'Quartz.Core.QuartzScheduler' - running locally.
  NOT STARTED.
  Currently in standby mode.
  Number of jobs executed: 0
  Using thread pool 'Quartz.Simpl.DefaultThreadPool' - with 10 threads.
  Using job-store 'Quartz.Simpl.RAMJobStore' - which does not support persistence. and is not clustered.

2022-04-03 22:43:02.1848 INFO Quartz scheduler 'DefaultQuartzScheduler' initialized
2022-04-03 22:43:02.1848 INFO Quartz scheduler version: 3.2.2.0
2022-04-03 22:43:02.1848 INFO Scheduler DefaultQuartzScheduler_$_NON_CLUSTERED started.
2022-04-03 22:43:02.3208 INFO Startup Configuration - Start
2022-04-03 22:43:02.3208 INFO SetEventCache - Start
2022-04-03 22:43:02.3688 INFO SetCachedItem = setting cache for Events
2022-04-03 22:43:02.3688 INFO SetCachedItem = setting cache for Events, with Expiry Date of 03/05/2022 21:43:02
2022-04-03 22:43:02.3688 INFO SetNextResultCheckDateTime - Start - roundUp = False
2022-04-03 22:43:02.3688 INFO SetNextResultCheckDateTime - rapidApiResultChecks == null
2022-04-03 22:43:02.4088 INFO SetNextResultCheckDateTime - Set League 3448 next check date to 09/04/2022 15:55:00
2022-04-03 22:43:02.4088 INFO SetNextResultCheckDateTime - Set League 3456 next check date to 04/04/2022 20:55:00
2022-04-03 22:43:02.4088 INFO SetNextResultCheckDateTime - Set League 3501 next check date to 05/04/2022 20:40:00
2022-04-03 22:43:02.4088 INFO SetCachedItem = setting cache for NextFixtureCheckDateTime
2022-04-03 22:43:02.4088 INFO SetCachedItem = setting cache for NextFixtureCheckDateTime, with Expiry Date of 03/05/2022 21:43:02
2022-04-03 22:44:00.0651 INFO DailyRapidApiLeagueCheck --> lastDate = 03/04/2022 00:00:00, Now = 03/04/2022 00:00:00
2022-04-03 22:44:00.0651 INFO SetCachedItem = setting cache for DailyRapidApiLeagueCheck, with Expiry Date of 04/04/2022 00:00:00
2022-04-03 22:44:00.0651 INFO DailyRapidApiLeagueCheck --> performUpdate = False
2022-04-03 23:04:24.4096 INFO Default Quartz.NET properties loaded from embedded resource file
2022-04-03 23:04:24.4654 INFO Initialized Scheduler Signaller of type: Quartz.Core.SchedulerSignalerImpl
2022-04-03 23:04:24.4654 INFO Quartz Scheduler v.3.2.2.0 created.
2022-04-03 23:04:24.4873 INFO JobFactory set to: Quartz.Simpl.PropertySettingJobFactory
2022-04-03 23:04:24.4959 INFO RAMJobStore initialized.
2022-04-03 23:04:24.4959 INFO Scheduler meta-data: Quartz Scheduler (v3.2.2.0) 'DefaultQuartzScheduler' with instanceId 'NON_CLUSTERED'
  Scheduler class: 'Quartz.Core.QuartzScheduler' - running locally.
  NOT STARTED.
  Currently in standby mode.
  Number of jobs executed: 0
  Using thread pool 'Quartz.Simpl.DefaultThreadPool' - with 10 threads.
  Using job-store 'Quartz.Simpl.RAMJobStore' - which does not support persistence. and is not clustered.

2022-04-03 23:04:24.4959 INFO Quartz scheduler 'DefaultQuartzScheduler' initialized
2022-04-03 23:04:24.4959 INFO Quartz scheduler version: 3.2.2.0
2022-04-03 23:04:24.4959 INFO Scheduler DefaultQuartzScheduler_$_NON_CLUSTERED started.
2022-04-03 23:04:24.6594 INFO Startup Configuration - Start
2022-04-03 23:04:24.6594 INFO SetEventCache - Start
2022-04-03 23:04:24.7113 INFO SetCachedItem = setting cache for Events
2022-04-03 23:04:24.7113 INFO SetCachedItem = setting cache for Events, with Expiry Date of 03/05/2022 22:04:24
2022-04-03 23:04:24.7153 INFO SetNextResultCheckDateTime - Start - roundUp = False
2022-04-03 23:04:24.7153 INFO SetNextResultCheckDateTime - rapidApiResultChecks == null
2022-04-03 23:04:24.7492 INFO SetNextResultCheckDateTime - Set League 3448 next check date to 09/04/2022 15:55:00
2022-04-03 23:04:24.7492 INFO SetNextResultCheckDateTime - Set League 3456 next check date to 04/04/2022 20:55:00
2022-04-03 23:04:24.7492 INFO SetNextResultCheckDateTime - Set League 3501 next check date to 05/04/2022 20:40:00
2022-04-03 23:04:24.7492 INFO SetCachedItem = setting cache for NextFixtureCheckDateTime
2022-04-03 23:04:24.7492 INFO SetCachedItem = setting cache for NextFixtureCheckDateTime, with Expiry Date of 03/05/2022 22:04:24
2022-04-03 23:05:00.0667 INFO DailyRapidApiLeagueCheck --> lastDate = 03/04/2022 00:00:00, Now = 03/04/2022 00:00:00
2022-04-03 23:05:00.0757 INFO SetCachedItem = setting cache for DailyRapidApiLeagueCheck, with Expiry Date of 04/04/2022 00:00:00
2022-04-03 23:05:00.0757 INFO DailyRapidApiLeagueCheck --> performUpdate = False
2022-04-03 23:12:10.9211 INFO Default Quartz.NET properties loaded from embedded resource file
2022-04-03 23:12:10.9851 INFO Initialized Scheduler Signaller of type: Quartz.Core.SchedulerSignalerImpl
2022-04-03 23:12:11.0011 INFO Quartz Scheduler v.3.2.2.0 created.
2022-04-03 23:12:11.0411 INFO JobFactory set to: Quartz.Simpl.PropertySettingJobFactory
2022-04-03 23:12:11.0651 INFO RAMJobStore initialized.
2022-04-03 23:12:11.0651 INFO Scheduler meta-data: Quartz Scheduler (v3.2.2.0) 'DefaultQuartzScheduler' with instanceId 'NON_CLUSTERED'
  Scheduler class: 'Quartz.Core.QuartzScheduler' - running locally.
  NOT STARTED.
  Currently in standby mode.
  Number of jobs executed: 0
  Using thread pool 'Quartz.Simpl.DefaultThreadPool' - with 10 threads.
  Using job-store 'Quartz.Simpl.RAMJobStore' - which does not support persistence. and is not clustered.

2022-04-03 23:12:11.0651 INFO Quartz scheduler 'DefaultQuartzScheduler' initialized
2022-04-03 23:12:11.0731 INFO Quartz scheduler version: 3.2.2.0
2022-04-03 23:12:11.0731 INFO Scheduler DefaultQuartzScheduler_$_NON_CLUSTERED started.
2022-04-03 23:12:11.2171 INFO Startup Configuration - Start
2022-04-03 23:12:11.2171 INFO SetEventCache - Start
2022-04-03 23:12:11.2731 INFO SetCachedItem = setting cache for Events
2022-04-03 23:12:11.2811 INFO SetCachedItem = setting cache for Events, with Expiry Date of 03/05/2022 22:12:11
2022-04-03 23:12:11.2811 INFO SetNextResultCheckDateTime - Start - roundUp = False
2022-04-03 23:12:11.2811 INFO SetNextResultCheckDateTime - rapidApiResultChecks == null
2022-04-03 23:12:11.3131 INFO SetNextResultCheckDateTime - Set League 3448 next check date to 09/04/2022 15:55:00
2022-04-03 23:12:11.3131 INFO SetNextResultCheckDateTime - Set League 3456 next check date to 04/04/2022 20:55:00
2022-04-03 23:12:11.3131 INFO SetNextResultCheckDateTime - Set League 3501 next check date to 05/04/2022 20:40:00
2022-04-03 23:12:11.3131 INFO SetCachedItem = setting cache for NextFixtureCheckDateTime
2022-04-03 23:12:11.3131 INFO SetCachedItem = setting cache for NextFixtureCheckDateTime, with Expiry Date of 03/05/2022 22:12:11
2022-04-03 23:18:50.5689 INFO Default Quartz.NET properties loaded from embedded resource file
2022-04-03 23:18:50.6249 INFO Initialized Scheduler Signaller of type: Quartz.Core.SchedulerSignalerImpl
2022-04-03 23:18:50.6249 INFO Quartz Scheduler v.3.2.2.0 created.
2022-04-03 23:18:50.6729 INFO JobFactory set to: Quartz.Simpl.PropertySettingJobFactory
2022-04-03 23:18:50.6969 INFO RAMJobStore initialized.
2022-04-03 23:18:50.6969 INFO Scheduler meta-data: Quartz Scheduler (v3.2.2.0) 'DefaultQuartzScheduler' with instanceId 'NON_CLUSTERED'
  Scheduler class: 'Quartz.Core.QuartzScheduler' - running locally.
  NOT STARTED.
  Currently in standby mode.
  Number of jobs executed: 0
  Using thread pool 'Quartz.Simpl.DefaultThreadPool' - with 10 threads.
  Using job-store 'Quartz.Simpl.RAMJobStore' - which does not support persistence. and is not clustered.

2022-04-03 23:18:50.6969 INFO Quartz scheduler 'DefaultQuartzScheduler' initialized
2022-04-03 23:18:50.6969 INFO Quartz scheduler version: 3.2.2.0
2022-04-03 23:18:50.7129 INFO Scheduler DefaultQuartzScheduler_$_NON_CLUSTERED started.
2022-04-03 23:18:50.8409 INFO Startup Configuration - Start
2022-04-03 23:18:50.8409 INFO SetEventCache - Start
2022-04-03 23:18:50.8889 INFO SetCachedItem = setting cache for Events
2022-04-03 23:18:50.8889 INFO SetCachedItem = setting cache for Events, with Expiry Date of 03/05/2022 22:18:50
2022-04-03 23:18:50.8889 INFO SetNextResultCheckDateTime - Start - roundUp = False
2022-04-03 23:18:50.8889 INFO SetNextResultCheckDateTime - rapidApiResultChecks == null
2022-04-03 23:18:50.9369 INFO SetNextResultCheckDateTime - Set League 3448 next check date to 09/04/2022 15:55:00
2022-04-03 23:18:50.9369 INFO SetNextResultCheckDateTime - Set League 3456 next check date to 04/04/2022 20:55:00
2022-04-03 23:18:50.9369 INFO SetNextResultCheckDateTime - Set League 3501 next check date to 05/04/2022 20:40:00
2022-04-03 23:18:50.9369 INFO SetCachedItem = setting cache for NextFixtureCheckDateTime
2022-04-03 23:18:50.9369 INFO SetCachedItem = setting cache for NextFixtureCheckDateTime, with Expiry Date of 03/05/2022 22:18:50
2022-04-03 23:19:00.0580 INFO DailyRapidApiLeagueCheck --> lastDate = 03/04/2022 00:00:00, Now = 03/04/2022 00:00:00
2022-04-03 23:19:00.0580 INFO SetCachedItem = setting cache for DailyRapidApiLeagueCheck, with Expiry Date of 04/04/2022 00:00:00
2022-04-03 23:19:00.0760 INFO DailyRapidApiLeagueCheck --> performUpdate = False
2022-04-03 23:19:12.1186 INFO Account - Login (HttpPost) - p_salsbury@yahoo.co.uk logged in
