2022-11-03 21:41:53.1041 INFO Default Quartz.NET properties loaded from embedded resource file
2022-11-03 21:41:53.1625 INFO Initialized Scheduler Signaller of type: Quartz.Core.SchedulerSignalerImpl
2022-11-03 21:41:53.1625 INFO Quartz Scheduler v.3.2.2.0 created.
2022-11-03 21:41:53.1705 INFO JobFactory set to: Quartz.Simpl.PropertySettingJobFactory
2022-11-03 21:41:53.1705 INFO RAMJobStore initialized.
2022-11-03 21:41:53.2233 INFO Scheduler meta-data: Quartz Scheduler (v3.2.2.0) 'DefaultQuartzScheduler' with instanceId 'NON_CLUSTERED'
  Scheduler class: 'Quartz.Core.QuartzScheduler' - running locally.
  NOT STARTED.
  Currently in standby mode.
  Number of jobs executed: 0
  Using thread pool 'Quartz.Simpl.DefaultThreadPool' - with 10 threads.
  Using job-store 'Quartz.Simpl.RAMJobStore' - which does not support persistence. and is not clustered.

2022-11-03 21:41:53.2233 INFO Quartz scheduler 'DefaultQuartzScheduler' initialized
2022-11-03 21:41:53.2233 INFO Quartz scheduler version: 3.2.2.0
2022-11-03 21:41:53.2336 INFO Scheduler DefaultQuartzScheduler_$_NON_CLUSTERED started.
2022-11-03 21:41:53.3601 INFO Startup Configuration - Start
2022-11-03 21:41:53.3601 INFO SetEventCache - Start
2022-11-03 21:41:53.4130 INFO SetCachedItem = setting cache for Events
2022-11-03 21:41:53.4130 INFO SetCachedItem = setting cache for Events, with Expiry Date of 03/12/2022 21:41:53
2022-11-03 21:41:53.4279 INFO SetNextResultCheckDateTime - Start - roundUp = False - forceUpdate = False
2022-11-03 21:41:53.4279 INFO SetNextResultCheckDateTime - rapidApiResultChecks == null
2022-11-03 21:41:53.4753 INFO SetNextResultCheckDateTime - Set League World Cup 2022, fixture date 20/11/2022 16:00:00, next check date to 20/11/2022 17:55:00
2022-11-03 21:41:53.4753 INFO SetNextResultCheckDateTime - Set League World UEFA Nations League, fixture date 21/03/2024 00:00:00, next check date to 21/03/2024 01:55:00
2022-11-03 21:41:53.4753 INFO SetNextResultCheckDateTime - Set League Premier League 2022, fixture date 05/11/2022 15:00:00, next check date to 05/11/2022 16:55:00
2022-11-03 21:41:53.4753 INFO SetNextResultCheckDateTime - Set League England Championship 2022, fixture date 04/11/2022 20:00:00, next check date to 04/11/2022 21:55:00
2022-11-03 21:41:53.4753 INFO SetNextResultCheckDateTime - Set League Italy Serie A 2022, fixture date 04/11/2022 19:45:00, next check date to 04/11/2022 21:40:00
2022-11-03 21:41:53.4753 INFO SetCachedItem = setting cache for NextFixtureCheckDateTime
2022-11-03 21:41:53.4753 INFO SetCachedItem = setting cache for NextFixtureCheckDateTime, with Expiry Date of 03/12/2022 21:41:53
2022-11-03 21:41:54.5285 INFO SetCachedItem = setting cache for Events
2022-11-03 21:41:54.5285 INFO SetCachedItem = setting cache for Events, with Expiry Date of 03/12/2022 21:41:54
2022-11-03 21:42:00.0509 INFO DailyRapidApiLeagueCheck --> lastDate = 02/11/2022 00:00:00, Now = 03/11/2022 00:00:00
2022-11-03 21:42:00.2920 INFO SetCachedItem = setting cache for DailyRapidApiLeagueCheck, with Expiry Date of 04/11/2022 00:00:00
2022-11-03 21:42:00.2929 INFO DailyRapidApiLeagueCheck --> performUpdate = True
2022-11-03 21:42:00.2929 INFO DailyRapidApiLeagueCheck --> Performing daily league update
2022-11-03 21:42:00.3518 INFO V3FixturesByLeague - rapidApiV3LeagueSeasonId = 4, EarliestDate = 03/11/2022 00:00:00
2022-11-03 21:42:00.9978 INFO V3UpdateFixtures - earliestDate = 03/11/2022 00:00:00, leagueId = 18
2022-11-03 21:42:01.2837 INFO V3OddsByLeagueAndBookmaker - rapidApiV3LeagueId = 1
2022-11-03 21:42:02.1044 INFO V3OddsByLeagueAndBookmaker - RapidApiV3LeagueId = 1, pageNbr = 0
2022-11-03 21:42:02.1134 INFO V3FixturesByLeague - rapidApiV3LeagueSeasonId = 5, EarliestDate = 03/11/2022 00:00:00
2022-11-03 21:42:02.7297 INFO V3UpdateFixtures - earliestDate = 03/11/2022 00:00:00, leagueId = 24
2022-11-03 21:42:02.7893 INFO V3OddsByLeagueAndBookmaker - rapidApiV3LeagueId = 5
2022-11-03 21:42:03.0025 INFO V3OddsByLeagueAndBookmaker - RapidApiV3LeagueId = 5, pageNbr = 0
2022-11-03 21:42:03.0025 INFO V3FixturesByLeague - rapidApiV3LeagueSeasonId = 83, EarliestDate = 03/11/2022 00:00:00
2022-11-03 21:42:03.4401 INFO V3UpdateFixtures - earliestDate = 03/11/2022 00:00:00, leagueId = 25
2022-11-03 21:42:04.0513 INFO V3OddsByLeagueAndBookmaker - rapidApiV3LeagueId = 39
2022-11-03 21:42:05.5862 INFO V3OddsByLeagueAndBookmaker - RapidApiV3LeagueId = 39, pageNbr = 2
2022-11-03 21:42:06.6791 INFO V3OddsByLeagueAndBookmaker - RapidApiV3LeagueId = 39, pageNbr = 0
2022-11-03 21:42:06.6791 INFO V3FixturesByLeague - rapidApiV3LeagueSeasonId = 84, EarliestDate = 03/11/2022 00:00:00
2022-11-03 21:42:06.9604 INFO V3UpdateFixtures - earliestDate = 03/11/2022 00:00:00, leagueId = 26
2022-11-03 21:42:08.2328 INFO SetCachedItem = setting cache for Events
2022-11-03 21:42:08.2328 INFO SetCachedItem = setting cache for Events, with Expiry Date of 03/12/2022 21:42:08
2022-11-03 21:42:08.2328 INFO V3OddsByLeagueAndBookmaker - rapidApiV3LeagueId = 40
2022-11-03 21:42:17.5688 INFO V3OddsByLeagueAndBookmaker - RapidApiV3LeagueId = 40, pageNbr = 2
2022-11-03 21:42:20.5562 INFO Account - Login (HttpPost) - pete@salsbury.co.uk logged in
2022-11-03 21:42:20.5831 INFO SetCachedItem = setting cache for Events
2022-11-03 21:42:20.5831 INFO SetCachedItem = setting cache for Events, with Expiry Date of 03/12/2022 21:42:20
2022-11-03 21:42:26.3568 INFO V3OddsByLeagueAndBookmaker - RapidApiV3LeagueId = 40, pageNbr = 3
2022-11-03 21:42:35.6549 INFO V3OddsByLeagueAndBookmaker - RapidApiV3LeagueId = 40, pageNbr = 4
2022-11-03 21:42:44.5937 INFO V3OddsByLeagueAndBookmaker - RapidApiV3LeagueId = 40, pageNbr = 0
2022-11-03 21:42:44.5937 INFO V3FixturesByLeague - rapidApiV3LeagueSeasonId = 85, EarliestDate = 03/11/2022 00:00:00
2022-11-03 21:42:44.9348 INFO V3UpdateFixtures - earliestDate = 03/11/2022 00:00:00, leagueId = 27
2022-11-03 21:42:45.5685 INFO V3OddsByLeagueAndBookmaker - rapidApiV3LeagueId = 135
2022-11-03 21:42:54.2606 INFO V3OddsByLeagueAndBookmaker - RapidApiV3LeagueId = 135, pageNbr = 2
2022-11-03 21:43:03.9482 INFO V3OddsByLeagueAndBookmaker - RapidApiV3LeagueId = 135, pageNbr = 3
2022-11-03 21:43:08.4871 INFO V3OddsByLeagueAndBookmaker - RapidApiV3LeagueId = 135, pageNbr = 0
2022-11-03 21:43:08.7961 INFO SetNextResultCheckDateTime - Start - roundUp = False - forceUpdate = True
2022-11-03 21:43:08.8122 INFO SetNextResultCheckDateTime - Set League World Cup 2022, fixture date 20/11/2022 16:00:00, next check date to 20/11/2022 17:55:00
2022-11-03 21:43:08.8122 INFO SetNextResultCheckDateTime - Set League World UEFA Nations League, fixture date 21/03/2024 00:00:00, next check date to 21/03/2024 01:55:00
2022-11-03 21:43:08.8122 INFO SetNextResultCheckDateTime - Set League Premier League 2022, fixture date 05/11/2022 15:00:00, next check date to 05/11/2022 16:55:00
2022-11-03 21:43:08.8122 INFO SetNextResultCheckDateTime - Set League England Championship 2022, fixture date 04/11/2022 20:00:00, next check date to 04/11/2022 21:55:00
2022-11-03 21:43:08.8122 INFO SetNextResultCheckDateTime - Set League Italy Serie A 2022, fixture date 04/11/2022 19:45:00, next check date to 04/11/2022 21:40:00
2022-11-03 21:43:08.8122 INFO SetCachedItem = setting cache for NextFixtureCheckDateTime
2022-11-03 21:43:08.8122 INFO SetCachedItem = setting cache for NextFixtureCheckDateTime, with Expiry Date of 03/12/2022 21:43:08
2022-11-03 22:08:05.2465 INFO Default Quartz.NET properties loaded from embedded resource file
2022-11-03 22:08:05.3158 INFO Initialized Scheduler Signaller of type: Quartz.Core.SchedulerSignalerImpl
2022-11-03 22:08:05.3258 INFO Quartz Scheduler v.3.2.2.0 created.
2022-11-03 22:08:05.3686 INFO JobFactory set to: Quartz.Simpl.PropertySettingJobFactory
2022-11-03 22:08:05.3996 INFO RAMJobStore initialized.
2022-11-03 22:08:05.4036 INFO Scheduler meta-data: Quartz Scheduler (v3.2.2.0) 'DefaultQuartzScheduler' with instanceId 'NON_CLUSTERED'
  Scheduler class: 'Quartz.Core.QuartzScheduler' - running locally.
  NOT STARTED.
  Currently in standby mode.
  Number of jobs executed: 0
  Using thread pool 'Quartz.Simpl.DefaultThreadPool' - with 10 threads.
  Using job-store 'Quartz.Simpl.RAMJobStore' - which does not support persistence. and is not clustered.

2022-11-03 22:08:05.4036 INFO Quartz scheduler 'DefaultQuartzScheduler' initialized
2022-11-03 22:08:05.4036 INFO Quartz scheduler version: 3.2.2.0
2022-11-03 22:08:05.4036 INFO Scheduler DefaultQuartzScheduler_$_NON_CLUSTERED started.
2022-11-03 22:08:05.5542 INFO Startup Configuration - Start
2022-11-03 22:08:05.5542 INFO SetEventCache - Start
2022-11-03 22:08:05.6071 INFO SetCachedItem = setting cache for Events
2022-11-03 22:08:05.6071 INFO SetCachedItem = setting cache for Events, with Expiry Date of 03/12/2022 22:08:05
2022-11-03 22:08:05.6222 INFO SetNextResultCheckDateTime - Start - roundUp = False - forceUpdate = False
2022-11-03 22:08:05.6222 INFO SetNextResultCheckDateTime - rapidApiResultChecks == null
2022-11-03 22:08:05.6691 INFO SetNextResultCheckDateTime - Set League World Cup 2022, fixture date 20/11/2022 16:00:00, next check date to 20/11/2022 17:55:00
2022-11-03 22:08:05.6691 INFO SetNextResultCheckDateTime - Set League World UEFA Nations League, fixture date 21/03/2024 00:00:00, next check date to 21/03/2024 01:55:00
2022-11-03 22:08:05.6691 INFO SetNextResultCheckDateTime - Set League Premier League 2022, fixture date 05/11/2022 15:00:00, next check date to 05/11/2022 16:55:00
2022-11-03 22:08:05.6691 INFO SetNextResultCheckDateTime - Set League England Championship 2022, fixture date 04/11/2022 20:00:00, next check date to 04/11/2022 21:55:00
2022-11-03 22:08:05.6691 INFO SetNextResultCheckDateTime - Set League Italy Serie A 2022, fixture date 04/11/2022 19:45:00, next check date to 04/11/2022 21:40:00
2022-11-03 22:08:05.6691 INFO SetCachedItem = setting cache for NextFixtureCheckDateTime
2022-11-03 22:08:05.6691 INFO SetCachedItem = setting cache for NextFixtureCheckDateTime, with Expiry Date of 03/12/2022 22:08:05
2022-11-03 22:08:06.4041 INFO SetCachedItem = setting cache for Events
2022-11-03 22:08:06.4041 INFO SetCachedItem = setting cache for Events, with Expiry Date of 03/12/2022 22:08:06
2022-11-03 22:09:33.1128 INFO Default Quartz.NET properties loaded from embedded resource file
2022-11-03 22:09:33.1772 INFO Initialized Scheduler Signaller of type: Quartz.Core.SchedulerSignalerImpl
2022-11-03 22:09:33.1902 INFO Quartz Scheduler v.3.2.2.0 created.
2022-11-03 22:09:33.2276 INFO JobFactory set to: Quartz.Simpl.PropertySettingJobFactory
2022-11-03 22:09:33.2446 INFO RAMJobStore initialized.
2022-11-03 22:09:33.2475 INFO Scheduler meta-data: Quartz Scheduler (v3.2.2.0) 'DefaultQuartzScheduler' with instanceId 'NON_CLUSTERED'
  Scheduler class: 'Quartz.Core.QuartzScheduler' - running locally.
  NOT STARTED.
  Currently in standby mode.
  Number of jobs executed: 0
  Using thread pool 'Quartz.Simpl.DefaultThreadPool' - with 10 threads.
  Using job-store 'Quartz.Simpl.RAMJobStore' - which does not support persistence. and is not clustered.

2022-11-03 22:09:33.2475 INFO Quartz scheduler 'DefaultQuartzScheduler' initialized
2022-11-03 22:09:33.2475 INFO Quartz scheduler version: 3.2.2.0
2022-11-03 22:09:33.2475 INFO Scheduler DefaultQuartzScheduler_$_NON_CLUSTERED started.
2022-11-03 22:09:33.8822 INFO Startup Configuration - Start
2022-11-03 22:09:33.8928 INFO SetEventCache - Start
2022-11-03 22:09:33.9542 INFO SetCachedItem = setting cache for Events
2022-11-03 22:09:33.9652 INFO SetCachedItem = setting cache for Events, with Expiry Date of 03/12/2022 22:09:33
2022-11-03 22:09:33.9652 INFO SetNextResultCheckDateTime - Start - roundUp = False - forceUpdate = False
2022-11-03 22:09:33.9811 INFO SetNextResultCheckDateTime - rapidApiResultChecks == null
2022-11-03 22:09:34.0220 INFO SetNextResultCheckDateTime - Set League World Cup 2022, fixture date 20/11/2022 16:00:00, next check date to 20/11/2022 17:55:00
2022-11-03 22:09:34.0220 INFO SetNextResultCheckDateTime - Set League World UEFA Nations League, fixture date 21/03/2024 00:00:00, next check date to 21/03/2024 01:55:00
2022-11-03 22:09:34.0220 INFO SetNextResultCheckDateTime - Set League Premier League 2022, fixture date 05/11/2022 15:00:00, next check date to 05/11/2022 16:55:00
2022-11-03 22:09:34.0220 INFO SetNextResultCheckDateTime - Set League England Championship 2022, fixture date 04/11/2022 20:00:00, next check date to 04/11/2022 21:55:00
2022-11-03 22:09:34.0220 INFO SetNextResultCheckDateTime - Set League Italy Serie A 2022, fixture date 04/11/2022 19:45:00, next check date to 04/11/2022 21:40:00
2022-11-03 22:09:34.0220 INFO SetCachedItem = setting cache for NextFixtureCheckDateTime
2022-11-03 22:09:34.0220 INFO SetCachedItem = setting cache for NextFixtureCheckDateTime, with Expiry Date of 03/12/2022 22:09:34
2022-11-03 22:09:34.6885 INFO SetCachedItem = setting cache for Events
2022-11-03 22:09:34.7054 INFO SetCachedItem = setting cache for Events, with Expiry Date of 03/12/2022 22:09:34
2022-11-03 22:12:06.6735 INFO DailyRapidApiLeagueCheck --> lastDate = 03/11/2022 00:00:00, Now = 03/11/2022 00:00:00
2022-11-03 22:12:06.6735 INFO SetCachedItem = setting cache for DailyRapidApiLeagueCheck, with Expiry Date of 04/11/2022 00:00:00
2022-11-03 22:12:06.6735 INFO DailyRapidApiLeagueCheck --> lastDate = 03/11/2022 00:00:00, Now = 03/11/2022 00:00:00
2022-11-03 22:12:06.6834 INFO SetCachedItem = setting cache for DailyRapidApiLeagueCheck, with Expiry Date of 04/11/2022 00:00:00
2022-11-03 22:12:06.6834 INFO DailyRapidApiLeagueCheck --> performUpdate = False
2022-11-03 22:12:06.6834 INFO DailyRapidApiLeagueCheck --> performUpdate = False
2022-11-03 22:12:21.3801 INFO SetCachedItem = setting cache for Events
2022-11-03 22:12:21.3801 INFO SetCachedItem = setting cache for Events, with Expiry Date of 03/12/2022 22:12:21
2022-11-03 22:14:00.8419 INFO SetCachedItem = setting cache for Events
2022-11-03 22:14:00.8419 INFO SetCachedItem = setting cache for Events, with Expiry Date of 03/12/2022 22:14:00
2022-11-03 22:14:11.7030 INFO SetCachedItem = setting cache for Events
2022-11-03 22:14:11.7030 INFO SetCachedItem = setting cache for Events, with Expiry Date of 03/12/2022 22:14:11
2022-11-03 22:19:10.3957 INFO SetCachedItem = setting cache for Events
2022-11-03 22:19:10.3957 INFO SetCachedItem = setting cache for Events, with Expiry Date of 03/12/2022 22:19:10
2022-11-03 22:19:22.9957 INFO SetCachedItem = setting cache for Events
2022-11-03 22:19:22.9957 INFO SetCachedItem = setting cache for Events, with Expiry Date of 03/12/2022 22:19:22
2022-11-03 22:20:18.6635 INFO SetCachedItem = setting cache for Events
2022-11-03 22:20:18.6635 INFO SetCachedItem = setting cache for Events, with Expiry Date of 03/12/2022 22:20:18
2022-11-03 22:21:36.6480 INFO SetCachedItem = setting cache for Events
2022-11-03 22:21:36.6480 INFO SetCachedItem = setting cache for Events, with Expiry Date of 03/12/2022 22:21:36
2022-11-03 22:23:41.0081 INFO SetCachedItem = setting cache for Events
2022-11-03 22:23:41.0081 INFO SetCachedItem = setting cache for Events, with Expiry Date of 03/12/2022 22:23:41
2022-11-03 22:28:35.7854 INFO Account - Login (HttpPost) - pete@salsbury.co.uk logged in
2022-11-03 22:28:35.8288 INFO SetCachedItem = setting cache for Events
2022-11-03 22:28:35.8407 INFO SetCachedItem = setting cache for Events, with Expiry Date of 03/12/2022 22:28:35
