2022-05-05 08:13:44.4184 INFO Default Quartz.NET properties loaded from embedded resource file
2022-05-05 08:13:44.4643 INFO Initialized Scheduler Signaller of type: Quartz.Core.SchedulerSignalerImpl
2022-05-05 08:13:44.4643 INFO Quartz Scheduler v.3.2.2.0 created.
2022-05-05 08:13:44.4783 INFO JobFactory set to: Quartz.Simpl.PropertySettingJobFactory
2022-05-05 08:13:44.4783 INFO RAMJobStore initialized.
2022-05-05 08:13:44.4783 INFO Scheduler meta-data: Quartz Scheduler (v3.2.2.0) 'DefaultQuartzScheduler' with instanceId 'NON_CLUSTERED'
  Scheduler class: 'Quartz.Core.QuartzScheduler' - running locally.
  NOT STARTED.
  Currently in standby mode.
  Number of jobs executed: 0
  Using thread pool 'Quartz.Simpl.DefaultThreadPool' - with 10 threads.
  Using job-store 'Quartz.Simpl.RAMJobStore' - which does not support persistence. and is not clustered.

2022-05-05 08:13:44.4882 INFO Quartz scheduler 'DefaultQuartzScheduler' initialized
2022-05-05 08:13:44.5212 INFO Quartz scheduler version: 3.2.2.0
2022-05-05 08:13:44.5561 INFO Scheduler DefaultQuartzScheduler_$_NON_CLUSTERED started.
2022-05-05 08:13:44.6618 INFO Startup Configuration - Start
2022-05-05 08:13:44.6618 INFO SetEventCache - Start
2022-05-05 08:13:44.7057 INFO SetCachedItem = setting cache for Events
2022-05-05 08:13:44.7057 INFO SetCachedItem = setting cache for Events, with Expiry Date of 04/06/2022 07:13:44
2022-05-05 08:13:44.7057 INFO SetNextResultCheckDateTime - Start - roundUp = False
2022-05-05 08:13:44.7057 INFO SetNextResultCheckDateTime - rapidApiResultChecks == null
2022-05-05 08:13:44.7446 INFO SetNextResultCheckDateTime - Set League 3456, fixture date 07/05/2022 14:00:00, next check date to 07/05/2022 15:55:00
2022-05-05 08:13:44.7446 INFO SetNextResultCheckDateTime - Set League 3501, fixture date 07/05/2022 11:30:00, next check date to 07/05/2022 13:25:00
2022-05-05 08:13:44.7446 INFO SetNextResultCheckDateTime - Set League , fixture date 21/11/2022 10:00:00, next check date to 21/11/2022 11:55:00
2022-05-05 08:13:44.7446 INFO SetCachedItem = setting cache for NextFixtureCheckDateTime
2022-05-05 08:13:44.7446 INFO SetCachedItem = setting cache for NextFixtureCheckDateTime, with Expiry Date of 04/06/2022 07:13:44
2022-05-05 08:16:46.0349 INFO DailyRapidApiLeagueCheck --> lastDate = 04/05/2022 00:00:00, Now = 05/05/2022 00:00:00
2022-05-05 08:16:46.0349 INFO DailyRapidApiLeagueCheck --> lastDate = 04/05/2022 00:00:00, Now = 05/05/2022 00:00:00
2022-05-05 08:16:49.5164 INFO SetCachedItem = setting cache for DailyRapidApiLeagueCheck, with Expiry Date of 06/05/2022 00:00:00
2022-05-05 08:16:49.5174 INFO DailyRapidApiLeagueCheck --> performUpdate = True
2022-05-05 08:16:49.5164 INFO SetCachedItem = setting cache for DailyRapidApiLeagueCheck, with Expiry Date of 06/05/2022 00:00:00
2022-05-05 08:16:49.5174 INFO DailyRapidApiLeagueCheck --> performUpdate = True
2022-05-05 08:16:49.5174 INFO DailyRapidApiLeagueCheck --> Performing daily league update
2022-05-05 08:16:49.5174 INFO DailyRapidApiLeagueCheck --> Performing daily league update
2022-05-05 08:16:49.6042 INFO V3FixturesByLeague - rapidApiV3LeagueSeasonId = 4, EarliestDate = 21/11/2022 00:00:00
2022-05-05 08:16:49.6042 INFO V3FixturesByLeague - rapidApiV3LeagueSeasonId = 4, EarliestDate = 21/11/2022 00:00:00
2022-05-05 08:16:49.6561 INFO ERROR --> V3FixturesByLeague - Error = An error occurred while updating the entries. See the inner exception for details.
2022-05-05 08:16:49.6750 INFO FixturesByLeague - League = 3501, EarliestDate = 07/05/2022 00:00:00
2022-05-05 08:16:50.1328 INFO V3UpdateFixtures - earliestDate = 21/11/2022 00:00:00, leagueId = 19
2022-05-05 08:16:53.5529 INFO UpdateFixtures - earliestDate = 07/05/2022 00:00:00
2022-05-05 08:16:53.8371 INFO FixturesByLeague - League = 3501, EarliestDate = 07/05/2022 00:00:00
2022-05-05 08:16:53.8371 INFO FixturesByOdds - League = 3501
2022-05-05 08:16:54.0446 INFO UpdateFixtures - earliestDate = 07/05/2022 00:00:00
2022-05-05 08:16:54.2191 INFO FixturesByOdds - League = 3501
2022-05-05 08:16:55.3024 INFO OddsByLeagueAndBookmaker - League = 3501, pageNbr = 2
2022-05-05 08:16:55.8320 INFO OddsByLeagueAndBookmaker - League = 3501, pageNbr = 2
2022-05-05 08:16:59.3836 INFO OddsByLeagueAndBookmaker - League = 3501, pageNbr = 3
2022-05-05 08:16:59.4713 INFO OddsByLeagueAndBookmaker - League = 3501, pageNbr = 3
2022-05-05 08:17:01.4986 ERROR ERROR --> FixturesByOdds - League = 3501, Error = An error occurred while updating the entries. See the inner exception for details.
2022-05-05 08:17:01.5045 ERROR DailyRapidApiLeagueCheck ERRORED with message --> An error occurred while updating the entries. See the inner exception for details.
2022-05-05 08:17:02.1141 INFO OddsByLeagueAndBookmaker - League = 3501, pageNbr = 0
2022-05-05 08:17:02.1270 INFO FixturesByLeague - League = 3448, EarliestDate = 06/05/2022 00:00:00
2022-05-05 08:17:02.3430 INFO UpdateFixtures - earliestDate = 06/05/2022 00:00:00
2022-05-05 08:17:02.4834 INFO FixturesByOdds - League = 3448
2022-05-05 08:17:08.4753 INFO OddsByLeagueAndBookmaker - League = 3448, pageNbr = 2
2022-05-05 08:17:11.5018 INFO OddsByLeagueAndBookmaker - League = 3448, pageNbr = 0
2022-05-05 08:17:11.5018 INFO FixturesByLeague - League = 3456, EarliestDate = 07/05/2022 00:00:00
2022-05-05 08:17:11.7512 INFO UpdateFixtures - earliestDate = 07/05/2022 00:00:00
2022-05-05 08:17:12.0008 INFO FixturesByOdds - League = 3456
2022-05-05 08:17:14.7814 INFO OddsByLeagueAndBookmaker - League = 3456, pageNbr = 2
2022-05-05 08:17:17.5856 INFO OddsByLeagueAndBookmaker - League = 3456, pageNbr = 3
2022-05-05 08:17:18.0589 INFO OddsByLeagueAndBookmaker - League = 3456, pageNbr = 0
2022-05-05 09:05:04.6622 INFO Default Quartz.NET properties loaded from embedded resource file
2022-05-05 09:05:04.7050 INFO Initialized Scheduler Signaller of type: Quartz.Core.SchedulerSignalerImpl
2022-05-05 09:05:04.7050 INFO Quartz Scheduler v.3.2.2.0 created.
2022-05-05 09:05:04.7050 INFO JobFactory set to: Quartz.Simpl.PropertySettingJobFactory
2022-05-05 09:05:04.7050 INFO RAMJobStore initialized.
2022-05-05 09:05:04.7050 INFO Scheduler meta-data: Quartz Scheduler (v3.2.2.0) 'DefaultQuartzScheduler' with instanceId 'NON_CLUSTERED'
  Scheduler class: 'Quartz.Core.QuartzScheduler' - running locally.
  NOT STARTED.
  Currently in standby mode.
  Number of jobs executed: 0
  Using thread pool 'Quartz.Simpl.DefaultThreadPool' - with 10 threads.
  Using job-store 'Quartz.Simpl.RAMJobStore' - which does not support persistence. and is not clustered.

2022-05-05 09:05:04.7050 INFO Quartz scheduler 'DefaultQuartzScheduler' initialized
2022-05-05 09:05:04.7050 INFO Quartz scheduler version: 3.2.2.0
2022-05-05 09:05:04.7210 INFO Scheduler DefaultQuartzScheduler_$_NON_CLUSTERED started.
2022-05-05 09:05:04.8507 INFO Startup Configuration - Start
2022-05-05 09:05:04.8507 INFO SetEventCache - Start
2022-05-05 09:05:04.9015 INFO SetCachedItem = setting cache for Events
2022-05-05 09:05:04.9015 INFO SetCachedItem = setting cache for Events, with Expiry Date of 04/06/2022 08:05:04
2022-05-05 09:05:04.9015 INFO SetNextResultCheckDateTime - Start - roundUp = False
2022-05-05 09:05:04.9015 INFO SetNextResultCheckDateTime - rapidApiResultChecks == null
2022-05-05 09:05:04.9364 INFO SetNextResultCheckDateTime - Set League 3456, fixture date 07/05/2022 14:00:00, next check date to 07/05/2022 15:55:00
2022-05-05 09:05:04.9364 INFO SetNextResultCheckDateTime - Set League 3501, fixture date 07/05/2022 11:30:00, next check date to 07/05/2022 13:25:00
2022-05-05 09:05:04.9364 INFO SetNextResultCheckDateTime - Set League , fixture date 21/11/2022 10:00:00, next check date to 21/11/2022 11:55:00
2022-05-05 09:05:04.9364 INFO SetCachedItem = setting cache for NextFixtureCheckDateTime
2022-05-05 09:05:04.9364 INFO SetCachedItem = setting cache for NextFixtureCheckDateTime, with Expiry Date of 04/06/2022 08:05:04
2022-05-05 09:06:00.0488 INFO DailyRapidApiLeagueCheck --> lastDate = 05/05/2022 00:00:00, Now = 05/05/2022 00:00:00
2022-05-05 09:06:00.0488 INFO SetCachedItem = setting cache for DailyRapidApiLeagueCheck, with Expiry Date of 06/05/2022 00:00:00
2022-05-05 09:06:00.0488 INFO DailyRapidApiLeagueCheck --> performUpdate = False
2022-05-05 09:17:59.2228 INFO Default Quartz.NET properties loaded from embedded resource file
2022-05-05 09:17:59.2666 INFO Initialized Scheduler Signaller of type: Quartz.Core.SchedulerSignalerImpl
2022-05-05 09:17:59.2985 INFO Quartz Scheduler v.3.2.2.0 created.
2022-05-05 09:17:59.3195 INFO JobFactory set to: Quartz.Simpl.PropertySettingJobFactory
2022-05-05 09:17:59.3195 INFO RAMJobStore initialized.
2022-05-05 09:17:59.3325 INFO Scheduler meta-data: Quartz Scheduler (v3.2.2.0) 'DefaultQuartzScheduler' with instanceId 'NON_CLUSTERED'
  Scheduler class: 'Quartz.Core.QuartzScheduler' - running locally.
  NOT STARTED.
  Currently in standby mode.
  Number of jobs executed: 0
  Using thread pool 'Quartz.Simpl.DefaultThreadPool' - with 10 threads.
  Using job-store 'Quartz.Simpl.RAMJobStore' - which does not support persistence. and is not clustered.

2022-05-05 09:17:59.3325 INFO Quartz scheduler 'DefaultQuartzScheduler' initialized
2022-05-05 09:17:59.3325 INFO Quartz scheduler version: 3.2.2.0
2022-05-05 09:17:59.3325 INFO Scheduler DefaultQuartzScheduler_$_NON_CLUSTERED started.
2022-05-05 09:17:59.4292 INFO Startup Configuration - Start
2022-05-05 09:17:59.4292 INFO SetEventCache - Start
2022-05-05 09:17:59.4801 INFO SetCachedItem = setting cache for Events
2022-05-05 09:17:59.4801 INFO SetCachedItem = setting cache for Events, with Expiry Date of 04/06/2022 08:17:59
2022-05-05 09:17:59.4801 INFO SetNextResultCheckDateTime - Start - roundUp = False
2022-05-05 09:17:59.4801 INFO SetNextResultCheckDateTime - rapidApiResultChecks == null
2022-05-05 09:17:59.5160 INFO SetNextResultCheckDateTime - Set League 3456, fixture date 07/05/2022 14:00:00, next check date to 07/05/2022 15:55:00
2022-05-05 09:17:59.5160 INFO SetNextResultCheckDateTime - Set League 3501, fixture date 07/05/2022 11:30:00, next check date to 07/05/2022 13:25:00
2022-05-05 09:17:59.5160 INFO SetNextResultCheckDateTime - Set League , fixture date 21/11/2022 10:00:00, next check date to 21/11/2022 11:55:00
2022-05-05 09:17:59.5160 INFO SetCachedItem = setting cache for NextFixtureCheckDateTime
2022-05-05 09:17:59.5160 INFO SetCachedItem = setting cache for NextFixtureCheckDateTime, with Expiry Date of 04/06/2022 08:17:59
2022-05-05 09:18:00.0798 INFO DailyRapidApiLeagueCheck --> lastDate = 05/05/2022 00:00:00, Now = 05/05/2022 00:00:00
2022-05-05 09:18:00.0798 INFO SetCachedItem = setting cache for DailyRapidApiLeagueCheck, with Expiry Date of 06/05/2022 00:00:00
2022-05-05 09:18:00.0798 INFO DailyRapidApiLeagueCheck --> performUpdate = False
2022-05-05 09:30:42.4729 INFO Default Quartz.NET properties loaded from embedded resource file
2022-05-05 09:30:42.5168 INFO Initialized Scheduler Signaller of type: Quartz.Core.SchedulerSignalerImpl
2022-05-05 09:30:42.5397 INFO Quartz Scheduler v.3.2.2.0 created.
2022-05-05 09:30:42.5766 INFO JobFactory set to: Quartz.Simpl.PropertySettingJobFactory
2022-05-05 09:30:42.5836 INFO RAMJobStore initialized.
2022-05-05 09:30:42.5836 INFO Scheduler meta-data: Quartz Scheduler (v3.2.2.0) 'DefaultQuartzScheduler' with instanceId 'NON_CLUSTERED'
  Scheduler class: 'Quartz.Core.QuartzScheduler' - running locally.
  NOT STARTED.
  Currently in standby mode.
  Number of jobs executed: 0
  Using thread pool 'Quartz.Simpl.DefaultThreadPool' - with 10 threads.
  Using job-store 'Quartz.Simpl.RAMJobStore' - which does not support persistence. and is not clustered.

2022-05-05 09:30:42.5836 INFO Quartz scheduler 'DefaultQuartzScheduler' initialized
2022-05-05 09:30:42.5836 INFO Quartz scheduler version: 3.2.2.0
2022-05-05 09:30:42.5836 INFO Scheduler DefaultQuartzScheduler_$_NON_CLUSTERED started.
2022-05-05 09:30:42.6873 INFO Startup Configuration - Start
2022-05-05 09:30:42.6873 INFO SetEventCache - Start
2022-05-05 09:30:42.7282 INFO SetCachedItem = setting cache for Events
2022-05-05 09:30:42.7282 INFO SetCachedItem = setting cache for Events, with Expiry Date of 04/06/2022 08:30:42
2022-05-05 09:30:42.7282 INFO SetNextResultCheckDateTime - Start - roundUp = False
2022-05-05 09:30:42.7282 INFO SetNextResultCheckDateTime - rapidApiResultChecks == null
2022-05-05 09:30:42.7611 INFO SetNextResultCheckDateTime - Set League 3456, fixture date 07/05/2022 14:00:00, next check date to 07/05/2022 15:55:00
2022-05-05 09:30:42.7611 INFO SetNextResultCheckDateTime - Set League 3501, fixture date 07/05/2022 11:30:00, next check date to 07/05/2022 13:25:00
2022-05-05 09:30:42.7611 INFO SetNextResultCheckDateTime - Set League , fixture date 21/11/2022 10:00:00, next check date to 21/11/2022 11:55:00
2022-05-05 09:30:42.7611 INFO SetCachedItem = setting cache for NextFixtureCheckDateTime
2022-05-05 09:30:42.7611 INFO SetCachedItem = setting cache for NextFixtureCheckDateTime, with Expiry Date of 04/06/2022 08:30:42
2022-05-05 09:31:00.0380 INFO DailyRapidApiLeagueCheck --> lastDate = 05/05/2022 00:00:00, Now = 05/05/2022 00:00:00
2022-05-05 09:31:00.0380 INFO SetCachedItem = setting cache for DailyRapidApiLeagueCheck, with Expiry Date of 06/05/2022 00:00:00
2022-05-05 09:31:00.0380 INFO DailyRapidApiLeagueCheck --> performUpdate = False
2022-05-05 10:12:45.5062 INFO Default Quartz.NET properties loaded from embedded resource file
2022-05-05 10:12:45.5480 INFO Initialized Scheduler Signaller of type: Quartz.Core.SchedulerSignalerImpl
2022-05-05 10:12:45.5899 INFO Quartz Scheduler v.3.2.2.0 created.
2022-05-05 10:12:45.5999 INFO JobFactory set to: Quartz.Simpl.PropertySettingJobFactory
2022-05-05 10:12:45.5999 INFO RAMJobStore initialized.
2022-05-05 10:12:45.5999 INFO Scheduler meta-data: Quartz Scheduler (v3.2.2.0) 'DefaultQuartzScheduler' with instanceId 'NON_CLUSTERED'
  Scheduler class: 'Quartz.Core.QuartzScheduler' - running locally.
  NOT STARTED.
  Currently in standby mode.
  Number of jobs executed: 0
  Using thread pool 'Quartz.Simpl.DefaultThreadPool' - with 10 threads.
  Using job-store 'Quartz.Simpl.RAMJobStore' - which does not support persistence. and is not clustered.

2022-05-05 10:12:45.5999 INFO Quartz scheduler 'DefaultQuartzScheduler' initialized
2022-05-05 10:12:45.5999 INFO Quartz scheduler version: 3.2.2.0
2022-05-05 10:12:45.6159 INFO Scheduler DefaultQuartzScheduler_$_NON_CLUSTERED started.
2022-05-05 10:12:45.7066 INFO Startup Configuration - Start
2022-05-05 10:12:45.7066 INFO SetEventCache - Start
2022-05-05 10:12:45.7455 INFO SetCachedItem = setting cache for Events
2022-05-05 10:12:45.7455 INFO SetCachedItem = setting cache for Events, with Expiry Date of 04/06/2022 09:12:45
2022-05-05 10:12:45.7455 INFO SetNextResultCheckDateTime - Start - roundUp = False
2022-05-05 10:12:45.7455 INFO SetNextResultCheckDateTime - rapidApiResultChecks == null
2022-05-05 10:12:45.7874 INFO SetNextResultCheckDateTime - Set League 3456, fixture date 07/05/2022 14:00:00, next check date to 07/05/2022 15:55:00
2022-05-05 10:12:45.7874 INFO SetNextResultCheckDateTime - Set League 3501, fixture date 07/05/2022 11:30:00, next check date to 07/05/2022 13:25:00
2022-05-05 10:12:45.7874 INFO SetNextResultCheckDateTime - Set League , fixture date 21/11/2022 10:00:00, next check date to 21/11/2022 11:55:00
2022-05-05 10:12:45.7874 INFO SetCachedItem = setting cache for NextFixtureCheckDateTime
2022-05-05 10:12:45.7874 INFO SetCachedItem = setting cache for NextFixtureCheckDateTime, with Expiry Date of 04/06/2022 09:12:45
2022-05-05 10:13:00.0514 INFO DailyRapidApiLeagueCheck --> lastDate = 05/05/2022 00:00:00, Now = 05/05/2022 00:00:00
2022-05-05 10:13:00.0514 INFO SetCachedItem = setting cache for DailyRapidApiLeagueCheck, with Expiry Date of 06/05/2022 00:00:00
2022-05-05 10:13:00.0514 INFO DailyRapidApiLeagueCheck --> performUpdate = False
2022-05-05 10:16:35.9716 INFO Default Quartz.NET properties loaded from embedded resource file
2022-05-05 10:16:36.0155 INFO Initialized Scheduler Signaller of type: Quartz.Core.SchedulerSignalerImpl
2022-05-05 10:16:36.0445 INFO Quartz Scheduler v.3.2.2.0 created.
2022-05-05 10:16:36.0594 INFO JobFactory set to: Quartz.Simpl.PropertySettingJobFactory
2022-05-05 10:16:36.0684 INFO RAMJobStore initialized.
2022-05-05 10:16:36.0684 INFO Scheduler meta-data: Quartz Scheduler (v3.2.2.0) 'DefaultQuartzScheduler' with instanceId 'NON_CLUSTERED'
  Scheduler class: 'Quartz.Core.QuartzScheduler' - running locally.
  NOT STARTED.
  Currently in standby mode.
  Number of jobs executed: 0
  Using thread pool 'Quartz.Simpl.DefaultThreadPool' - with 10 threads.
  Using job-store 'Quartz.Simpl.RAMJobStore' - which does not support persistence. and is not clustered.

2022-05-05 10:16:36.0684 INFO Quartz scheduler 'DefaultQuartzScheduler' initialized
2022-05-05 10:16:36.0684 INFO Quartz scheduler version: 3.2.2.0
2022-05-05 10:16:36.0684 INFO Scheduler DefaultQuartzScheduler_$_NON_CLUSTERED started.
2022-05-05 10:16:36.1791 INFO Startup Configuration - Start
2022-05-05 10:16:36.1791 INFO SetEventCache - Start
2022-05-05 10:16:36.2280 INFO SetCachedItem = setting cache for Events
2022-05-05 10:16:36.2280 INFO SetCachedItem = setting cache for Events, with Expiry Date of 04/06/2022 09:16:36
2022-05-05 10:16:36.2280 INFO SetNextResultCheckDateTime - Start - roundUp = False
2022-05-05 10:16:36.2280 INFO SetNextResultCheckDateTime - rapidApiResultChecks == null
2022-05-05 10:16:36.2619 INFO SetNextResultCheckDateTime - Set League 3456, fixture date 07/05/2022 14:00:00, next check date to 07/05/2022 15:55:00
2022-05-05 10:16:36.2619 INFO SetNextResultCheckDateTime - Set League 3501, fixture date 07/05/2022 11:30:00, next check date to 07/05/2022 13:25:00
2022-05-05 10:16:36.2619 INFO SetNextResultCheckDateTime - Set League , fixture date 21/11/2022 10:00:00, next check date to 21/11/2022 11:55:00
2022-05-05 10:16:36.2619 INFO SetCachedItem = setting cache for NextFixtureCheckDateTime
2022-05-05 10:16:36.2619 INFO SetCachedItem = setting cache for NextFixtureCheckDateTime, with Expiry Date of 04/06/2022 09:16:36
2022-05-05 10:17:00.0314 INFO DailyRapidApiLeagueCheck --> lastDate = 05/05/2022 00:00:00, Now = 05/05/2022 00:00:00
2022-05-05 10:17:00.0314 INFO SetCachedItem = setting cache for DailyRapidApiLeagueCheck, with Expiry Date of 06/05/2022 00:00:00
2022-05-05 10:17:00.0314 INFO DailyRapidApiLeagueCheck --> performUpdate = False
2022-05-05 10:27:04.2282 INFO Default Quartz.NET properties loaded from embedded resource file
2022-05-05 10:27:04.2701 INFO Initialized Scheduler Signaller of type: Quartz.Core.SchedulerSignalerImpl
2022-05-05 10:27:04.2701 INFO Quartz Scheduler v.3.2.2.0 created.
2022-05-05 10:27:04.3070 INFO JobFactory set to: Quartz.Simpl.PropertySettingJobFactory
2022-05-05 10:27:04.3259 INFO RAMJobStore initialized.
2022-05-05 10:27:04.3259 INFO Scheduler meta-data: Quartz Scheduler (v3.2.2.0) 'DefaultQuartzScheduler' with instanceId 'NON_CLUSTERED'
  Scheduler class: 'Quartz.Core.QuartzScheduler' - running locally.
  NOT STARTED.
  Currently in standby mode.
  Number of jobs executed: 0
  Using thread pool 'Quartz.Simpl.DefaultThreadPool' - with 10 threads.
  Using job-store 'Quartz.Simpl.RAMJobStore' - which does not support persistence. and is not clustered.

2022-05-05 10:27:04.3259 INFO Quartz scheduler 'DefaultQuartzScheduler' initialized
2022-05-05 10:27:04.3259 INFO Quartz scheduler version: 3.2.2.0
2022-05-05 10:27:04.3359 INFO Scheduler DefaultQuartzScheduler_$_NON_CLUSTERED started.
2022-05-05 10:27:04.4406 INFO Startup Configuration - Start
2022-05-05 10:27:04.4406 INFO SetEventCache - Start
2022-05-05 10:27:04.4805 INFO SetCachedItem = setting cache for Events
2022-05-05 10:27:04.4805 INFO SetCachedItem = setting cache for Events, with Expiry Date of 04/06/2022 09:27:04
2022-05-05 10:27:04.4805 INFO SetNextResultCheckDateTime - Start - roundUp = False
2022-05-05 10:27:04.4805 INFO SetNextResultCheckDateTime - rapidApiResultChecks == null
2022-05-05 10:27:04.5134 INFO SetNextResultCheckDateTime - Set League 3456, fixture date 07/05/2022 14:00:00, next check date to 07/05/2022 15:55:00
2022-05-05 10:27:04.5134 INFO SetNextResultCheckDateTime - Set League 3501, fixture date 07/05/2022 11:30:00, next check date to 07/05/2022 13:25:00
2022-05-05 10:27:04.5134 INFO SetNextResultCheckDateTime - Set League , fixture date 21/11/2022 10:00:00, next check date to 21/11/2022 11:55:00
2022-05-05 10:27:04.5134 INFO SetCachedItem = setting cache for NextFixtureCheckDateTime
2022-05-05 10:27:04.5134 INFO SetCachedItem = setting cache for NextFixtureCheckDateTime, with Expiry Date of 04/06/2022 09:27:04
2022-05-05 10:28:00.0500 INFO DailyRapidApiLeagueCheck --> lastDate = 05/05/2022 00:00:00, Now = 05/05/2022 00:00:00
2022-05-05 10:28:00.0500 INFO SetCachedItem = setting cache for DailyRapidApiLeagueCheck, with Expiry Date of 06/05/2022 00:00:00
2022-05-05 10:28:00.0500 INFO DailyRapidApiLeagueCheck --> performUpdate = False
2022-05-05 10:32:37.3123 INFO Default Quartz.NET properties loaded from embedded resource file
2022-05-05 10:32:37.3552 INFO Initialized Scheduler Signaller of type: Quartz.Core.SchedulerSignalerImpl
2022-05-05 10:32:37.3891 INFO Quartz Scheduler v.3.2.2.0 created.
2022-05-05 10:32:37.4041 INFO JobFactory set to: Quartz.Simpl.PropertySettingJobFactory
2022-05-05 10:32:37.4110 INFO RAMJobStore initialized.
2022-05-05 10:32:37.4110 INFO Scheduler meta-data: Quartz Scheduler (v3.2.2.0) 'DefaultQuartzScheduler' with instanceId 'NON_CLUSTERED'
  Scheduler class: 'Quartz.Core.QuartzScheduler' - running locally.
  NOT STARTED.
  Currently in standby mode.
  Number of jobs executed: 0
  Using thread pool 'Quartz.Simpl.DefaultThreadPool' - with 10 threads.
  Using job-store 'Quartz.Simpl.RAMJobStore' - which does not support persistence. and is not clustered.

2022-05-05 10:32:37.4110 INFO Quartz scheduler 'DefaultQuartzScheduler' initialized
2022-05-05 10:32:37.4110 INFO Quartz scheduler version: 3.2.2.0
2022-05-05 10:32:37.4110 INFO Scheduler DefaultQuartzScheduler_$_NON_CLUSTERED started.
2022-05-05 10:32:37.5068 INFO Startup Configuration - Start
2022-05-05 10:32:37.5068 INFO SetEventCache - Start
2022-05-05 10:32:37.5477 INFO SetCachedItem = setting cache for Events
2022-05-05 10:32:37.5477 INFO SetCachedItem = setting cache for Events, with Expiry Date of 04/06/2022 09:32:37
2022-05-05 10:32:37.5517 INFO SetNextResultCheckDateTime - Start - roundUp = False
2022-05-05 10:32:37.5517 INFO SetNextResultCheckDateTime - rapidApiResultChecks == null
2022-05-05 10:32:37.5796 INFO SetNextResultCheckDateTime - Set League 3456, fixture date 07/05/2022 14:00:00, next check date to 07/05/2022 15:55:00
2022-05-05 10:32:37.5796 INFO SetNextResultCheckDateTime - Set League 3501, fixture date 07/05/2022 11:30:00, next check date to 07/05/2022 13:25:00
2022-05-05 10:32:37.5806 INFO SetNextResultCheckDateTime - Set League , fixture date 21/11/2022 10:00:00, next check date to 21/11/2022 11:55:00
2022-05-05 10:32:37.5806 INFO SetCachedItem = setting cache for NextFixtureCheckDateTime
2022-05-05 10:32:37.5806 INFO SetCachedItem = setting cache for NextFixtureCheckDateTime, with Expiry Date of 04/06/2022 09:32:37
2022-05-05 10:33:06.8958 INFO DailyRapidApiLeagueCheck --> lastDate = 05/05/2022 00:00:00, Now = 05/05/2022 00:00:00
2022-05-05 10:33:06.8958 INFO SetCachedItem = setting cache for DailyRapidApiLeagueCheck, with Expiry Date of 06/05/2022 00:00:00
2022-05-05 10:33:07.3526 INFO DailyRapidApiLeagueCheck --> performUpdate = False
2022-05-05 10:35:07.6306 INFO Default Quartz.NET properties loaded from embedded resource file
2022-05-05 10:35:07.6744 INFO Initialized Scheduler Signaller of type: Quartz.Core.SchedulerSignalerImpl
2022-05-05 10:35:07.7064 INFO Quartz Scheduler v.3.2.2.0 created.
2022-05-05 10:35:07.7303 INFO JobFactory set to: Quartz.Simpl.PropertySettingJobFactory
2022-05-05 10:35:07.7393 INFO RAMJobStore initialized.
2022-05-05 10:35:07.7393 INFO Scheduler meta-data: Quartz Scheduler (v3.2.2.0) 'DefaultQuartzScheduler' with instanceId 'NON_CLUSTERED'
  Scheduler class: 'Quartz.Core.QuartzScheduler' - running locally.
  NOT STARTED.
  Currently in standby mode.
  Number of jobs executed: 0
  Using thread pool 'Quartz.Simpl.DefaultThreadPool' - with 10 threads.
  Using job-store 'Quartz.Simpl.RAMJobStore' - which does not support persistence. and is not clustered.

2022-05-05 10:35:07.7393 INFO Quartz scheduler 'DefaultQuartzScheduler' initialized
2022-05-05 10:35:07.7393 INFO Quartz scheduler version: 3.2.2.0
2022-05-05 10:35:07.7393 INFO Scheduler DefaultQuartzScheduler_$_NON_CLUSTERED started.
2022-05-05 10:35:07.8450 INFO Startup Configuration - Start
2022-05-05 10:35:07.8460 INFO SetEventCache - Start
2022-05-05 10:35:07.8849 INFO SetCachedItem = setting cache for Events
2022-05-05 10:35:07.8849 INFO SetCachedItem = setting cache for Events, with Expiry Date of 04/06/2022 09:35:07
2022-05-05 10:35:07.8849 INFO SetNextResultCheckDateTime - Start - roundUp = False
2022-05-05 10:35:07.8849 INFO SetNextResultCheckDateTime - rapidApiResultChecks == null
2022-05-05 10:35:07.9178 INFO SetNextResultCheckDateTime - Set League 3456, fixture date 07/05/2022 14:00:00, next check date to 07/05/2022 15:55:00
2022-05-05 10:35:07.9178 INFO SetNextResultCheckDateTime - Set League 3501, fixture date 07/05/2022 11:30:00, next check date to 07/05/2022 13:25:00
2022-05-05 10:35:07.9178 INFO SetNextResultCheckDateTime - Set League , fixture date 21/11/2022 10:00:00, next check date to 21/11/2022 11:55:00
2022-05-05 10:35:07.9178 INFO SetCachedItem = setting cache for NextFixtureCheckDateTime
2022-05-05 10:35:07.9178 INFO SetCachedItem = setting cache for NextFixtureCheckDateTime, with Expiry Date of 04/06/2022 09:35:07
2022-05-05 10:36:18.4427 INFO Default Quartz.NET properties loaded from embedded resource file
2022-05-05 10:36:18.4866 INFO Initialized Scheduler Signaller of type: Quartz.Core.SchedulerSignalerImpl
2022-05-05 10:36:18.5026 INFO Quartz Scheduler v.3.2.2.0 created.
2022-05-05 10:36:18.5375 INFO JobFactory set to: Quartz.Simpl.PropertySettingJobFactory
2022-05-05 10:36:18.5375 INFO RAMJobStore initialized.
2022-05-05 10:36:18.5375 INFO Scheduler meta-data: Quartz Scheduler (v3.2.2.0) 'DefaultQuartzScheduler' with instanceId 'NON_CLUSTERED'
  Scheduler class: 'Quartz.Core.QuartzScheduler' - running locally.
  NOT STARTED.
  Currently in standby mode.
  Number of jobs executed: 0
  Using thread pool 'Quartz.Simpl.DefaultThreadPool' - with 10 threads.
  Using job-store 'Quartz.Simpl.RAMJobStore' - which does not support persistence. and is not clustered.

2022-05-05 10:36:18.5375 INFO Quartz scheduler 'DefaultQuartzScheduler' initialized
2022-05-05 10:36:18.5375 INFO Quartz scheduler version: 3.2.2.0
2022-05-05 10:36:18.5534 INFO Scheduler DefaultQuartzScheduler_$_NON_CLUSTERED started.
2022-05-05 10:36:18.6442 INFO Startup Configuration - Start
2022-05-05 10:36:18.6442 INFO SetEventCache - Start
2022-05-05 10:36:18.6841 INFO SetCachedItem = setting cache for Events
2022-05-05 10:36:18.6841 INFO SetCachedItem = setting cache for Events, with Expiry Date of 04/06/2022 09:36:18
2022-05-05 10:36:18.6841 INFO SetNextResultCheckDateTime - Start - roundUp = False
2022-05-05 10:36:18.6841 INFO SetNextResultCheckDateTime - rapidApiResultChecks == null
2022-05-05 10:36:18.7160 INFO SetNextResultCheckDateTime - Set League 3456, fixture date 07/05/2022 14:00:00, next check date to 07/05/2022 15:55:00
2022-05-05 10:36:18.7160 INFO SetNextResultCheckDateTime - Set League 3501, fixture date 07/05/2022 11:30:00, next check date to 07/05/2022 13:25:00
2022-05-05 10:36:18.7160 INFO SetNextResultCheckDateTime - Set League , fixture date 21/11/2022 10:00:00, next check date to 21/11/2022 11:55:00
2022-05-05 10:36:18.7160 INFO SetCachedItem = setting cache for NextFixtureCheckDateTime
2022-05-05 10:36:18.7160 INFO SetCachedItem = setting cache for NextFixtureCheckDateTime, with Expiry Date of 04/06/2022 09:36:18
2022-05-05 10:37:26.7149 INFO Default Quartz.NET properties loaded from embedded resource file
2022-05-05 10:37:26.7646 INFO Initialized Scheduler Signaller of type: Quartz.Core.SchedulerSignalerImpl
2022-05-05 10:37:26.7905 INFO Quartz Scheduler v.3.2.2.0 created.
2022-05-05 10:37:26.8075 INFO JobFactory set to: Quartz.Simpl.PropertySettingJobFactory
2022-05-05 10:37:26.8075 INFO RAMJobStore initialized.
2022-05-05 10:37:26.8075 INFO Scheduler meta-data: Quartz Scheduler (v3.2.2.0) 'DefaultQuartzScheduler' with instanceId 'NON_CLUSTERED'
  Scheduler class: 'Quartz.Core.QuartzScheduler' - running locally.
  NOT STARTED.
  Currently in standby mode.
  Number of jobs executed: 0
  Using thread pool 'Quartz.Simpl.DefaultThreadPool' - with 10 threads.
  Using job-store 'Quartz.Simpl.RAMJobStore' - which does not support persistence. and is not clustered.

2022-05-05 10:37:26.8075 INFO Quartz scheduler 'DefaultQuartzScheduler' initialized
2022-05-05 10:37:26.8075 INFO Quartz scheduler version: 3.2.2.0
2022-05-05 10:37:26.8195 INFO Scheduler DefaultQuartzScheduler_$_NON_CLUSTERED started.
2022-05-05 10:37:26.9102 INFO Startup Configuration - Start
2022-05-05 10:37:26.9102 INFO SetEventCache - Start
2022-05-05 10:37:26.9561 INFO SetCachedItem = setting cache for Events
2022-05-05 10:37:26.9561 INFO SetCachedItem = setting cache for Events, with Expiry Date of 04/06/2022 09:37:26
2022-05-05 10:37:26.9561 INFO SetNextResultCheckDateTime - Start - roundUp = False
2022-05-05 10:37:26.9561 INFO SetNextResultCheckDateTime - rapidApiResultChecks == null
2022-05-05 10:37:26.9890 INFO SetNextResultCheckDateTime - Set League 3456, fixture date 07/05/2022 14:00:00, next check date to 07/05/2022 15:55:00
2022-05-05 10:37:26.9890 INFO SetNextResultCheckDateTime - Set League 3501, fixture date 07/05/2022 11:30:00, next check date to 07/05/2022 13:25:00
2022-05-05 10:37:26.9890 INFO SetNextResultCheckDateTime - Set League , fixture date 21/11/2022 10:00:00, next check date to 21/11/2022 11:55:00
2022-05-05 10:37:26.9890 INFO SetCachedItem = setting cache for NextFixtureCheckDateTime
2022-05-05 10:37:26.9890 INFO SetCachedItem = setting cache for NextFixtureCheckDateTime, with Expiry Date of 04/06/2022 09:37:26
2022-05-05 10:38:00.0544 INFO DailyRapidApiLeagueCheck --> lastDate = 05/05/2022 00:00:00, Now = 05/05/2022 00:00:00
2022-05-05 10:38:00.0544 INFO SetCachedItem = setting cache for DailyRapidApiLeagueCheck, with Expiry Date of 06/05/2022 00:00:00
2022-05-05 10:38:00.0544 INFO DailyRapidApiLeagueCheck --> performUpdate = False
2022-05-05 10:40:19.8173 INFO Default Quartz.NET properties loaded from embedded resource file
2022-05-05 10:40:19.8632 INFO Initialized Scheduler Signaller of type: Quartz.Core.SchedulerSignalerImpl
2022-05-05 10:40:19.8871 INFO Quartz Scheduler v.3.2.2.0 created.
2022-05-05 10:40:19.9001 INFO JobFactory set to: Quartz.Simpl.PropertySettingJobFactory
2022-05-05 10:40:19.9001 INFO RAMJobStore initialized.
2022-05-05 10:40:19.9100 INFO Scheduler meta-data: Quartz Scheduler (v3.2.2.0) 'DefaultQuartzScheduler' with instanceId 'NON_CLUSTERED'
  Scheduler class: 'Quartz.Core.QuartzScheduler' - running locally.
  NOT STARTED.
  Currently in standby mode.
  Number of jobs executed: 0
  Using thread pool 'Quartz.Simpl.DefaultThreadPool' - with 10 threads.
  Using job-store 'Quartz.Simpl.RAMJobStore' - which does not support persistence. and is not clustered.

2022-05-05 10:40:19.9100 INFO Quartz scheduler 'DefaultQuartzScheduler' initialized
2022-05-05 10:40:19.9100 INFO Quartz scheduler version: 3.2.2.0
2022-05-05 10:40:19.9100 INFO Scheduler DefaultQuartzScheduler_$_NON_CLUSTERED started.
2022-05-05 10:40:20.0497 INFO Startup Configuration - Start
2022-05-05 10:40:20.0497 INFO SetEventCache - Start
2022-05-05 10:40:20.0905 INFO SetCachedItem = setting cache for Events
2022-05-05 10:40:20.0905 INFO SetCachedItem = setting cache for Events, with Expiry Date of 04/06/2022 09:40:20
2022-05-05 10:40:20.0905 INFO SetNextResultCheckDateTime - Start - roundUp = False
2022-05-05 10:40:20.0905 INFO SetNextResultCheckDateTime - rapidApiResultChecks == null
2022-05-05 10:40:20.1265 INFO SetNextResultCheckDateTime - Set League 3456, fixture date 07/05/2022 14:00:00, next check date to 07/05/2022 15:55:00
2022-05-05 10:40:20.1275 INFO SetNextResultCheckDateTime - Set League 3501, fixture date 07/05/2022 11:30:00, next check date to 07/05/2022 13:25:00
2022-05-05 10:40:20.1275 INFO SetNextResultCheckDateTime - Set League , fixture date 21/11/2022 10:00:00, next check date to 21/11/2022 11:55:00
2022-05-05 10:40:20.1275 INFO SetCachedItem = setting cache for NextFixtureCheckDateTime
2022-05-05 10:40:20.1275 INFO SetCachedItem = setting cache for NextFixtureCheckDateTime, with Expiry Date of 04/06/2022 09:40:20
2022-05-05 10:41:40.6726 INFO Default Quartz.NET properties loaded from embedded resource file
2022-05-05 10:41:40.7185 INFO Initialized Scheduler Signaller of type: Quartz.Core.SchedulerSignalerImpl
2022-05-05 10:41:40.7484 INFO Quartz Scheduler v.3.2.2.0 created.
2022-05-05 10:41:40.7643 INFO JobFactory set to: Quartz.Simpl.PropertySettingJobFactory
2022-05-05 10:41:40.7703 INFO RAMJobStore initialized.
2022-05-05 10:41:40.7703 INFO Scheduler meta-data: Quartz Scheduler (v3.2.2.0) 'DefaultQuartzScheduler' with instanceId 'NON_CLUSTERED'
  Scheduler class: 'Quartz.Core.QuartzScheduler' - running locally.
  NOT STARTED.
  Currently in standby mode.
  Number of jobs executed: 0
  Using thread pool 'Quartz.Simpl.DefaultThreadPool' - with 10 threads.
  Using job-store 'Quartz.Simpl.RAMJobStore' - which does not support persistence. and is not clustered.

2022-05-05 10:41:40.7703 INFO Quartz scheduler 'DefaultQuartzScheduler' initialized
2022-05-05 10:41:40.7703 INFO Quartz scheduler version: 3.2.2.0
2022-05-05 10:41:40.7703 INFO Scheduler DefaultQuartzScheduler_$_NON_CLUSTERED started.
2022-05-05 10:41:40.8770 INFO Startup Configuration - Start
2022-05-05 10:41:40.8770 INFO SetEventCache - Start
2022-05-05 10:41:40.9229 INFO SetCachedItem = setting cache for Events
2022-05-05 10:41:40.9239 INFO SetCachedItem = setting cache for Events, with Expiry Date of 04/06/2022 09:41:40
2022-05-05 10:41:40.9239 INFO SetNextResultCheckDateTime - Start - roundUp = False
2022-05-05 10:41:40.9239 INFO SetNextResultCheckDateTime - rapidApiResultChecks == null
2022-05-05 10:41:40.9578 INFO SetNextResultCheckDateTime - Set League 3456, fixture date 07/05/2022 14:00:00, next check date to 07/05/2022 15:55:00
2022-05-05 10:41:40.9578 INFO SetNextResultCheckDateTime - Set League 3501, fixture date 07/05/2022 11:30:00, next check date to 07/05/2022 13:25:00
2022-05-05 10:41:40.9578 INFO SetNextResultCheckDateTime - Set League , fixture date 21/11/2022 10:00:00, next check date to 21/11/2022 11:55:00
2022-05-05 10:41:40.9578 INFO SetCachedItem = setting cache for NextFixtureCheckDateTime
2022-05-05 10:41:40.9578 INFO SetCachedItem = setting cache for NextFixtureCheckDateTime, with Expiry Date of 04/06/2022 09:41:40
2022-05-05 10:42:00.0427 INFO DailyRapidApiLeagueCheck --> lastDate = 05/05/2022 00:00:00, Now = 05/05/2022 00:00:00
2022-05-05 10:42:00.0427 INFO SetCachedItem = setting cache for DailyRapidApiLeagueCheck, with Expiry Date of 06/05/2022 00:00:00
2022-05-05 10:42:00.0427 INFO DailyRapidApiLeagueCheck --> performUpdate = False
2022-05-05 10:42:42.0717 INFO Default Quartz.NET properties loaded from embedded resource file
2022-05-05 10:42:42.1264 INFO Initialized Scheduler Signaller of type: Quartz.Core.SchedulerSignalerImpl
2022-05-05 10:42:42.1334 INFO Quartz Scheduler v.3.2.2.0 created.
2022-05-05 10:42:42.1334 INFO JobFactory set to: Quartz.Simpl.PropertySettingJobFactory
2022-05-05 10:42:42.1334 INFO RAMJobStore initialized.
2022-05-05 10:42:42.1334 INFO Scheduler meta-data: Quartz Scheduler (v3.2.2.0) 'DefaultQuartzScheduler' with instanceId 'NON_CLUSTERED'
  Scheduler class: 'Quartz.Core.QuartzScheduler' - running locally.
  NOT STARTED.
  Currently in standby mode.
  Number of jobs executed: 0
  Using thread pool 'Quartz.Simpl.DefaultThreadPool' - with 10 threads.
  Using job-store 'Quartz.Simpl.RAMJobStore' - which does not support persistence. and is not clustered.

2022-05-05 10:42:42.1334 INFO Quartz scheduler 'DefaultQuartzScheduler' initialized
2022-05-05 10:42:42.1334 INFO Quartz scheduler version: 3.2.2.0
2022-05-05 10:42:42.1454 INFO Scheduler DefaultQuartzScheduler_$_NON_CLUSTERED started.
2022-05-05 10:42:42.6883 INFO Startup Configuration - Start
2022-05-05 10:42:42.7003 INFO SetEventCache - Start
2022-05-05 10:42:42.7522 INFO SetCachedItem = setting cache for Events
2022-05-05 10:42:42.7522 INFO SetCachedItem = setting cache for Events, with Expiry Date of 04/06/2022 09:42:42
2022-05-05 10:42:42.7522 INFO SetNextResultCheckDateTime - Start - roundUp = False
2022-05-05 10:42:42.7522 INFO SetNextResultCheckDateTime - rapidApiResultChecks == null
2022-05-05 10:42:42.7910 INFO SetNextResultCheckDateTime - Set League 3456, fixture date 07/05/2022 14:00:00, next check date to 07/05/2022 15:55:00
2022-05-05 10:42:42.7910 INFO SetNextResultCheckDateTime - Set League 3501, fixture date 07/05/2022 11:30:00, next check date to 07/05/2022 13:25:00
2022-05-05 10:42:42.7910 INFO SetNextResultCheckDateTime - Set League , fixture date 21/11/2022 10:00:00, next check date to 21/11/2022 11:55:00
2022-05-05 10:42:42.7910 INFO SetCachedItem = setting cache for NextFixtureCheckDateTime
2022-05-05 10:42:42.7910 INFO SetCachedItem = setting cache for NextFixtureCheckDateTime, with Expiry Date of 04/06/2022 09:42:42
2022-05-05 10:43:00.0540 INFO DailyRapidApiLeagueCheck --> lastDate = 05/05/2022 00:00:00, Now = 05/05/2022 00:00:00
2022-05-05 10:43:00.0540 INFO SetCachedItem = setting cache for DailyRapidApiLeagueCheck, with Expiry Date of 06/05/2022 00:00:00
2022-05-05 10:43:00.0540 INFO DailyRapidApiLeagueCheck --> performUpdate = False
2022-05-05 10:46:59.9064 INFO Default Quartz.NET properties loaded from embedded resource file
2022-05-05 10:46:59.9523 INFO Initialized Scheduler Signaller of type: Quartz.Core.SchedulerSignalerImpl
2022-05-05 10:46:59.9802 INFO Quartz Scheduler v.3.2.2.0 created.
2022-05-05 10:46:59.9972 INFO JobFactory set to: Quartz.Simpl.PropertySettingJobFactory
2022-05-05 10:47:00.0101 INFO RAMJobStore initialized.
2022-05-05 10:47:00.0101 INFO Scheduler meta-data: Quartz Scheduler (v3.2.2.0) 'DefaultQuartzScheduler' with instanceId 'NON_CLUSTERED'
  Scheduler class: 'Quartz.Core.QuartzScheduler' - running locally.
  NOT STARTED.
  Currently in standby mode.
  Number of jobs executed: 0
  Using thread pool 'Quartz.Simpl.DefaultThreadPool' - with 10 threads.
  Using job-store 'Quartz.Simpl.RAMJobStore' - which does not support persistence. and is not clustered.

2022-05-05 10:47:00.0101 INFO Quartz scheduler 'DefaultQuartzScheduler' initialized
2022-05-05 10:47:00.0101 INFO Quartz scheduler version: 3.2.2.0
2022-05-05 10:47:00.0291 INFO Scheduler DefaultQuartzScheduler_$_NON_CLUSTERED started.
2022-05-05 10:47:00.0859 INFO SetNextResultCheckDateTime - Start - roundUp = False
2022-05-05 10:47:00.0859 INFO SetNextResultCheckDateTime - rapidApiResultChecks == null
2022-05-05 10:47:00.1168 INFO SetNextResultCheckDateTime - Set League 3456, fixture date 07/05/2022 14:00:00, next check date to 07/05/2022 15:55:00
2022-05-05 10:47:00.1168 INFO SetNextResultCheckDateTime - Set League 3501, fixture date 07/05/2022 11:30:00, next check date to 07/05/2022 13:25:00
2022-05-05 10:47:00.1168 INFO SetNextResultCheckDateTime - Set League , fixture date 21/11/2022 10:00:00, next check date to 21/11/2022 11:55:00
2022-05-05 10:47:00.1168 INFO SetCachedItem = setting cache for NextFixtureCheckDateTime
2022-05-05 10:47:00.1168 INFO SetCachedItem = setting cache for NextFixtureCheckDateTime, with Expiry Date of 04/06/2022 09:47:00
2022-05-05 10:47:00.1308 INFO Startup Configuration - Start
2022-05-05 10:47:00.1308 INFO SetEventCache - Start
2022-05-05 10:47:00.1308 INFO DailyRapidApiLeagueCheck --> lastDate = 05/05/2022 00:00:00, Now = 05/05/2022 00:00:00
2022-05-05 10:47:00.1308 INFO SetCachedItem = setting cache for DailyRapidApiLeagueCheck, with Expiry Date of 06/05/2022 00:00:00
2022-05-05 10:47:00.1308 INFO DailyRapidApiLeagueCheck --> performUpdate = False
2022-05-05 10:47:00.1687 INFO SetCachedItem = setting cache for Events
2022-05-05 10:47:00.1687 INFO SetCachedItem = setting cache for Events, with Expiry Date of 04/06/2022 09:47:00
2022-05-05 10:47:00.1687 INFO SetNextResultCheckDateTime - Start - roundUp = False
2022-05-05 10:49:55.6523 INFO Default Quartz.NET properties loaded from embedded resource file
2022-05-05 10:49:55.6962 INFO Initialized Scheduler Signaller of type: Quartz.Core.SchedulerSignalerImpl
2022-05-05 10:49:55.7221 INFO Quartz Scheduler v.3.2.2.0 created.
2022-05-05 10:49:55.7371 INFO JobFactory set to: Quartz.Simpl.PropertySettingJobFactory
2022-05-05 10:49:55.7371 INFO RAMJobStore initialized.
2022-05-05 10:49:55.7371 INFO Scheduler meta-data: Quartz Scheduler (v3.2.2.0) 'DefaultQuartzScheduler' with instanceId 'NON_CLUSTERED'
  Scheduler class: 'Quartz.Core.QuartzScheduler' - running locally.
  NOT STARTED.
  Currently in standby mode.
  Number of jobs executed: 0
  Using thread pool 'Quartz.Simpl.DefaultThreadPool' - with 10 threads.
  Using job-store 'Quartz.Simpl.RAMJobStore' - which does not support persistence. and is not clustered.

2022-05-05 10:49:55.7371 INFO Quartz scheduler 'DefaultQuartzScheduler' initialized
2022-05-05 10:49:55.7371 INFO Quartz scheduler version: 3.2.2.0
2022-05-05 10:49:55.7561 INFO Scheduler DefaultQuartzScheduler_$_NON_CLUSTERED started.
2022-05-05 10:49:55.8458 INFO Startup Configuration - Start
2022-05-05 10:49:55.8458 INFO SetEventCache - Start
2022-05-05 10:49:55.8857 INFO SetCachedItem = setting cache for Events
2022-05-05 10:49:55.8857 INFO SetCachedItem = setting cache for Events, with Expiry Date of 04/06/2022 09:49:55
2022-05-05 10:49:55.8857 INFO SetNextResultCheckDateTime - Start - roundUp = False
2022-05-05 10:49:55.8857 INFO SetNextResultCheckDateTime - rapidApiResultChecks == null
2022-05-05 10:49:55.9176 INFO SetNextResultCheckDateTime - Set League 3456, fixture date 07/05/2022 14:00:00, next check date to 07/05/2022 15:55:00
2022-05-05 10:49:55.9176 INFO SetNextResultCheckDateTime - Set League 3501, fixture date 07/05/2022 11:30:00, next check date to 07/05/2022 13:25:00
2022-05-05 10:49:55.9176 INFO SetNextResultCheckDateTime - Set League , fixture date 21/11/2022 10:00:00, next check date to 21/11/2022 11:55:00
2022-05-05 10:49:55.9176 INFO SetCachedItem = setting cache for NextFixtureCheckDateTime
2022-05-05 10:49:55.9176 INFO SetCachedItem = setting cache for NextFixtureCheckDateTime, with Expiry Date of 04/06/2022 09:49:55
2022-05-05 10:50:00.0496 INFO DailyRapidApiLeagueCheck --> lastDate = 05/05/2022 00:00:00, Now = 05/05/2022 00:00:00
2022-05-05 10:50:00.0496 INFO SetCachedItem = setting cache for DailyRapidApiLeagueCheck, with Expiry Date of 06/05/2022 00:00:00
2022-05-05 10:50:00.0496 INFO DailyRapidApiLeagueCheck --> performUpdate = False
2022-05-05 11:04:35.3771 INFO Default Quartz.NET properties loaded from embedded resource file
2022-05-05 11:04:35.4269 INFO Initialized Scheduler Signaller of type: Quartz.Core.SchedulerSignalerImpl
2022-05-05 11:04:35.4718 INFO Quartz Scheduler v.3.2.2.0 created.
2022-05-05 11:04:35.4718 INFO JobFactory set to: Quartz.Simpl.PropertySettingJobFactory
2022-05-05 11:04:35.4918 INFO RAMJobStore initialized.
2022-05-05 11:04:35.4918 INFO Scheduler meta-data: Quartz Scheduler (v3.2.2.0) 'DefaultQuartzScheduler' with instanceId 'NON_CLUSTERED'
  Scheduler class: 'Quartz.Core.QuartzScheduler' - running locally.
  NOT STARTED.
  Currently in standby mode.
  Number of jobs executed: 0
  Using thread pool 'Quartz.Simpl.DefaultThreadPool' - with 10 threads.
  Using job-store 'Quartz.Simpl.RAMJobStore' - which does not support persistence. and is not clustered.

2022-05-05 11:04:35.4918 INFO Quartz scheduler 'DefaultQuartzScheduler' initialized
2022-05-05 11:04:35.4918 INFO Quartz scheduler version: 3.2.2.0
2022-05-05 11:04:35.5017 INFO Scheduler DefaultQuartzScheduler_$_NON_CLUSTERED started.
2022-05-05 11:04:35.9999 INFO Startup Configuration - Start
2022-05-05 11:04:36.0082 INFO SetEventCache - Start
2022-05-05 11:04:36.0625 INFO SetCachedItem = setting cache for Events
2022-05-05 11:04:36.0740 INFO SetCachedItem = setting cache for Events, with Expiry Date of 04/06/2022 10:04:36
2022-05-05 11:04:36.0740 INFO SetNextResultCheckDateTime - Start - roundUp = False
2022-05-05 11:04:36.0799 INFO SetNextResultCheckDateTime - rapidApiResultChecks == null
2022-05-05 11:04:36.1100 INFO SetNextResultCheckDateTime - Set League 3456, fixture date 07/05/2022 14:00:00, next check date to 07/05/2022 15:55:00
2022-05-05 11:04:36.1100 INFO SetNextResultCheckDateTime - Set League 3501, fixture date 07/05/2022 11:30:00, next check date to 07/05/2022 13:25:00
2022-05-05 11:04:36.1110 INFO SetNextResultCheckDateTime - Set League , fixture date 21/11/2022 10:00:00, next check date to 21/11/2022 11:55:00
2022-05-05 11:04:36.1110 INFO SetCachedItem = setting cache for NextFixtureCheckDateTime
2022-05-05 11:04:36.1110 INFO SetCachedItem = setting cache for NextFixtureCheckDateTime, with Expiry Date of 04/06/2022 10:04:36
2022-05-05 11:05:00.0445 INFO DailyRapidApiLeagueCheck --> lastDate = 05/05/2022 00:00:00, Now = 05/05/2022 00:00:00
2022-05-05 11:05:00.0445 INFO SetCachedItem = setting cache for DailyRapidApiLeagueCheck, with Expiry Date of 06/05/2022 00:00:00
2022-05-05 11:05:00.0545 INFO DailyRapidApiLeagueCheck --> performUpdate = False
2022-05-05 14:43:09.9841 INFO Default Quartz.NET properties loaded from embedded resource file
2022-05-05 14:43:10.0267 INFO Initialized Scheduler Signaller of type: Quartz.Core.SchedulerSignalerImpl
2022-05-05 14:43:10.0755 INFO Quartz Scheduler v.3.2.2.0 created.
2022-05-05 14:43:10.0815 INFO JobFactory set to: Quartz.Simpl.PropertySettingJobFactory
2022-05-05 14:43:10.0815 INFO RAMJobStore initialized.
2022-05-05 14:43:10.0815 INFO Scheduler meta-data: Quartz Scheduler (v3.2.2.0) 'DefaultQuartzScheduler' with instanceId 'NON_CLUSTERED'
  Scheduler class: 'Quartz.Core.QuartzScheduler' - running locally.
  NOT STARTED.
  Currently in standby mode.
  Number of jobs executed: 0
  Using thread pool 'Quartz.Simpl.DefaultThreadPool' - with 10 threads.
  Using job-store 'Quartz.Simpl.RAMJobStore' - which does not support persistence. and is not clustered.

2022-05-05 14:43:10.0815 INFO Quartz scheduler 'DefaultQuartzScheduler' initialized
2022-05-05 14:43:10.0815 INFO Quartz scheduler version: 3.2.2.0
2022-05-05 14:43:10.0815 INFO Scheduler DefaultQuartzScheduler_$_NON_CLUSTERED started.
2022-05-05 14:43:10.1952 INFO Startup Configuration - Start
2022-05-05 14:43:10.1952 INFO SetEventCache - Start
2022-05-05 14:43:10.2351 INFO SetCachedItem = setting cache for Events
2022-05-05 14:43:10.2351 INFO SetCachedItem = setting cache for Events, with Expiry Date of 04/06/2022 13:43:10
2022-05-05 14:43:10.2381 INFO SetNextResultCheckDateTime - Start - roundUp = False
2022-05-05 14:43:10.2381 INFO SetNextResultCheckDateTime - rapidApiResultChecks == null
2022-05-05 14:43:10.2720 INFO SetNextResultCheckDateTime - Set League 3456, fixture date 07/05/2022 14:00:00, next check date to 07/05/2022 15:55:00
2022-05-05 14:43:10.2720 INFO SetNextResultCheckDateTime - Set League 3501, fixture date 07/05/2022 11:30:00, next check date to 07/05/2022 13:25:00
2022-05-05 14:43:10.2720 INFO SetNextResultCheckDateTime - Set League , fixture date 21/11/2022 10:00:00, next check date to 21/11/2022 11:55:00
2022-05-05 14:43:10.2720 INFO SetCachedItem = setting cache for NextFixtureCheckDateTime
2022-05-05 14:43:10.2720 INFO SetCachedItem = setting cache for NextFixtureCheckDateTime, with Expiry Date of 04/06/2022 13:43:10
2022-05-05 14:44:00.0377 INFO DailyRapidApiLeagueCheck --> lastDate = 05/05/2022 00:00:00, Now = 05/05/2022 00:00:00
2022-05-05 14:44:00.0377 INFO SetCachedItem = setting cache for DailyRapidApiLeagueCheck, with Expiry Date of 06/05/2022 00:00:00
2022-05-05 14:44:00.0377 INFO DailyRapidApiLeagueCheck --> performUpdate = False
2022-05-05 14:51:41.5058 INFO Default Quartz.NET properties loaded from embedded resource file
2022-05-05 14:51:41.5517 INFO Initialized Scheduler Signaller of type: Quartz.Core.SchedulerSignalerImpl
2022-05-05 14:51:41.5517 INFO Quartz Scheduler v.3.2.2.0 created.
2022-05-05 14:51:41.5946 INFO JobFactory set to: Quartz.Simpl.PropertySettingJobFactory
2022-05-05 14:51:41.6055 INFO RAMJobStore initialized.
2022-05-05 14:51:41.6055 INFO Scheduler meta-data: Quartz Scheduler (v3.2.2.0) 'DefaultQuartzScheduler' with instanceId 'NON_CLUSTERED'
  Scheduler class: 'Quartz.Core.QuartzScheduler' - running locally.
  NOT STARTED.
  Currently in standby mode.
  Number of jobs executed: 0
  Using thread pool 'Quartz.Simpl.DefaultThreadPool' - with 10 threads.
  Using job-store 'Quartz.Simpl.RAMJobStore' - which does not support persistence. and is not clustered.

2022-05-05 14:51:41.6055 INFO Quartz scheduler 'DefaultQuartzScheduler' initialized
2022-05-05 14:51:41.6055 INFO Quartz scheduler version: 3.2.2.0
2022-05-05 14:51:41.6205 INFO Scheduler DefaultQuartzScheduler_$_NON_CLUSTERED started.
2022-05-05 14:51:41.7182 INFO Startup Configuration - Start
2022-05-05 14:51:41.7203 INFO SetEventCache - Start
2022-05-05 14:51:41.7671 INFO SetCachedItem = setting cache for Events
2022-05-05 14:51:41.7671 INFO SetCachedItem = setting cache for Events, with Expiry Date of 04/06/2022 13:51:41
2022-05-05 14:51:41.7671 INFO SetNextResultCheckDateTime - Start - roundUp = False
2022-05-05 14:51:41.7671 INFO SetNextResultCheckDateTime - rapidApiResultChecks == null
2022-05-05 14:51:41.8060 INFO SetNextResultCheckDateTime - Set League 3456, fixture date 07/05/2022 14:00:00, next check date to 07/05/2022 15:55:00
2022-05-05 14:51:41.8060 INFO SetNextResultCheckDateTime - Set League 3501, fixture date 07/05/2022 11:30:00, next check date to 07/05/2022 13:25:00
2022-05-05 14:51:41.8060 INFO SetNextResultCheckDateTime - Set League , fixture date 21/11/2022 10:00:00, next check date to 21/11/2022 11:55:00
2022-05-05 14:51:41.8060 INFO SetCachedItem = setting cache for NextFixtureCheckDateTime
2022-05-05 14:51:41.8060 INFO SetCachedItem = setting cache for NextFixtureCheckDateTime, with Expiry Date of 04/06/2022 13:51:41
2022-05-05 14:52:00.0720 INFO DailyRapidApiLeagueCheck --> lastDate = 05/05/2022 00:00:00, Now = 05/05/2022 00:00:00
2022-05-05 14:52:00.0720 INFO SetCachedItem = setting cache for DailyRapidApiLeagueCheck, with Expiry Date of 06/05/2022 00:00:00
2022-05-05 14:52:00.0720 INFO DailyRapidApiLeagueCheck --> performUpdate = False
2022-05-05 15:09:26.5145 INFO Default Quartz.NET properties loaded from embedded resource file
2022-05-05 15:09:26.5563 INFO Initialized Scheduler Signaller of type: Quartz.Core.SchedulerSignalerImpl
2022-05-05 15:09:26.5703 INFO Quartz Scheduler v.3.2.2.0 created.
2022-05-05 15:09:26.5883 INFO JobFactory set to: Quartz.Simpl.PropertySettingJobFactory
2022-05-05 15:09:26.6022 INFO RAMJobStore initialized.
2022-05-05 15:09:26.6022 INFO Scheduler meta-data: Quartz Scheduler (v3.2.2.0) 'DefaultQuartzScheduler' with instanceId 'NON_CLUSTERED'
  Scheduler class: 'Quartz.Core.QuartzScheduler' - running locally.
  NOT STARTED.
  Currently in standby mode.
  Number of jobs executed: 0
  Using thread pool 'Quartz.Simpl.DefaultThreadPool' - with 10 threads.
  Using job-store 'Quartz.Simpl.RAMJobStore' - which does not support persistence. and is not clustered.

2022-05-05 15:09:26.6022 INFO Quartz scheduler 'DefaultQuartzScheduler' initialized
2022-05-05 15:09:26.6022 INFO Quartz scheduler version: 3.2.2.0
2022-05-05 15:09:26.6172 INFO Scheduler DefaultQuartzScheduler_$_NON_CLUSTERED started.
2022-05-05 15:09:26.7130 INFO Startup Configuration - Start
2022-05-05 15:09:26.7130 INFO SetEventCache - Start
2022-05-05 15:09:26.7538 INFO SetCachedItem = setting cache for Events
2022-05-05 15:09:26.7538 INFO SetCachedItem = setting cache for Events, with Expiry Date of 04/06/2022 14:09:26
2022-05-05 15:09:26.7538 INFO SetNextResultCheckDateTime - Start - roundUp = False
2022-05-05 15:09:26.7538 INFO SetNextResultCheckDateTime - rapidApiResultChecks == null
2022-05-05 15:09:26.7877 INFO SetNextResultCheckDateTime - Set League 3456, fixture date 07/05/2022 14:00:00, next check date to 07/05/2022 15:55:00
2022-05-05 15:09:26.7877 INFO SetNextResultCheckDateTime - Set League 3501, fixture date 07/05/2022 11:30:00, next check date to 07/05/2022 13:25:00
2022-05-05 15:09:26.7877 INFO SetNextResultCheckDateTime - Set League , fixture date 21/11/2022 10:00:00, next check date to 21/11/2022 11:55:00
2022-05-05 15:09:26.7877 INFO SetCachedItem = setting cache for NextFixtureCheckDateTime
2022-05-05 15:09:26.7877 INFO SetCachedItem = setting cache for NextFixtureCheckDateTime, with Expiry Date of 04/06/2022 14:09:26
2022-05-05 15:10:31.7283 INFO Default Quartz.NET properties loaded from embedded resource file
2022-05-05 15:10:31.7762 INFO Initialized Scheduler Signaller of type: Quartz.Core.SchedulerSignalerImpl
2022-05-05 15:10:31.7971 INFO Quartz Scheduler v.3.2.2.0 created.
2022-05-05 15:10:31.8310 INFO JobFactory set to: Quartz.Simpl.PropertySettingJobFactory
2022-05-05 15:10:31.8310 INFO RAMJobStore initialized.
2022-05-05 15:10:31.8310 INFO Scheduler meta-data: Quartz Scheduler (v3.2.2.0) 'DefaultQuartzScheduler' with instanceId 'NON_CLUSTERED'
  Scheduler class: 'Quartz.Core.QuartzScheduler' - running locally.
  NOT STARTED.
  Currently in standby mode.
  Number of jobs executed: 0
  Using thread pool 'Quartz.Simpl.DefaultThreadPool' - with 10 threads.
  Using job-store 'Quartz.Simpl.RAMJobStore' - which does not support persistence. and is not clustered.

2022-05-05 15:10:31.8310 INFO Quartz scheduler 'DefaultQuartzScheduler' initialized
2022-05-05 15:10:31.8310 INFO Quartz scheduler version: 3.2.2.0
2022-05-05 15:10:31.8470 INFO Scheduler DefaultQuartzScheduler_$_NON_CLUSTERED started.
2022-05-05 15:10:31.9467 INFO Startup Configuration - Start
2022-05-05 15:10:31.9467 INFO SetEventCache - Start
2022-05-05 15:10:31.9886 INFO SetCachedItem = setting cache for Events
2022-05-05 15:10:31.9886 INFO SetCachedItem = setting cache for Events, with Expiry Date of 04/06/2022 14:10:31
2022-05-05 15:10:31.9886 INFO SetNextResultCheckDateTime - Start - roundUp = False
2022-05-05 15:10:31.9886 INFO SetNextResultCheckDateTime - rapidApiResultChecks == null
2022-05-05 15:10:32.0215 INFO SetNextResultCheckDateTime - Set League 3456, fixture date 07/05/2022 14:00:00, next check date to 07/05/2022 15:55:00
2022-05-05 15:10:32.0215 INFO SetNextResultCheckDateTime - Set League 3501, fixture date 07/05/2022 11:30:00, next check date to 07/05/2022 13:25:00
2022-05-05 15:10:32.0215 INFO SetNextResultCheckDateTime - Set League , fixture date 21/11/2022 10:00:00, next check date to 21/11/2022 11:55:00
2022-05-05 15:10:32.0215 INFO SetCachedItem = setting cache for NextFixtureCheckDateTime
2022-05-05 15:10:32.0215 INFO SetCachedItem = setting cache for NextFixtureCheckDateTime, with Expiry Date of 04/06/2022 14:10:32
2022-05-05 15:11:51.4039 INFO Default Quartz.NET properties loaded from embedded resource file
2022-05-05 15:11:51.4697 INFO Initialized Scheduler Signaller of type: Quartz.Core.SchedulerSignalerImpl
2022-05-05 15:11:51.4887 INFO Quartz Scheduler v.3.2.2.0 created.
2022-05-05 15:11:51.5126 INFO JobFactory set to: Quartz.Simpl.PropertySettingJobFactory
2022-05-05 15:11:51.5126 INFO RAMJobStore initialized.
2022-05-05 15:11:51.5126 INFO Scheduler meta-data: Quartz Scheduler (v3.2.2.0) 'DefaultQuartzScheduler' with instanceId 'NON_CLUSTERED'
  Scheduler class: 'Quartz.Core.QuartzScheduler' - running locally.
  NOT STARTED.
  Currently in standby mode.
  Number of jobs executed: 0
  Using thread pool 'Quartz.Simpl.DefaultThreadPool' - with 10 threads.
  Using job-store 'Quartz.Simpl.RAMJobStore' - which does not support persistence. and is not clustered.

2022-05-05 15:11:51.5126 INFO Quartz scheduler 'DefaultQuartzScheduler' initialized
2022-05-05 15:11:51.5176 INFO Quartz scheduler version: 3.2.2.0
2022-05-05 15:11:51.5176 INFO Scheduler DefaultQuartzScheduler_$_NON_CLUSTERED started.
2022-05-05 15:11:51.6123 INFO Startup Configuration - Start
2022-05-05 15:11:51.6123 INFO SetEventCache - Start
2022-05-05 15:11:51.6533 INFO SetCachedItem = setting cache for Events
2022-05-05 15:11:51.6533 INFO SetCachedItem = setting cache for Events, with Expiry Date of 04/06/2022 14:11:51
2022-05-05 15:11:51.6533 INFO SetNextResultCheckDateTime - Start - roundUp = False
2022-05-05 15:11:51.6533 INFO SetNextResultCheckDateTime - rapidApiResultChecks == null
2022-05-05 15:11:51.6851 INFO SetNextResultCheckDateTime - Set League 3456, fixture date 07/05/2022 14:00:00, next check date to 07/05/2022 15:55:00
2022-05-05 15:11:51.6851 INFO SetNextResultCheckDateTime - Set League 3501, fixture date 07/05/2022 11:30:00, next check date to 07/05/2022 13:25:00
2022-05-05 15:11:51.6851 INFO SetNextResultCheckDateTime - Set League , fixture date 21/11/2022 10:00:00, next check date to 21/11/2022 11:55:00
2022-05-05 15:11:51.6851 INFO SetCachedItem = setting cache for NextFixtureCheckDateTime
2022-05-05 15:11:51.6851 INFO SetCachedItem = setting cache for NextFixtureCheckDateTime, with Expiry Date of 04/06/2022 14:11:51
2022-05-05 15:12:00.0801 INFO DailyRapidApiLeagueCheck --> lastDate = 05/05/2022 00:00:00, Now = 05/05/2022 00:00:00
2022-05-05 15:12:00.0801 INFO SetCachedItem = setting cache for DailyRapidApiLeagueCheck, with Expiry Date of 06/05/2022 00:00:00
2022-05-05 15:12:00.0801 INFO DailyRapidApiLeagueCheck --> performUpdate = False
2022-05-05 15:14:54.3315 INFO Default Quartz.NET properties loaded from embedded resource file
2022-05-05 15:14:54.3824 INFO Initialized Scheduler Signaller of type: Quartz.Core.SchedulerSignalerImpl
2022-05-05 15:14:54.4123 INFO Quartz Scheduler v.3.2.2.0 created.
2022-05-05 15:14:54.4243 INFO JobFactory set to: Quartz.Simpl.PropertySettingJobFactory
2022-05-05 15:14:54.4243 INFO RAMJobStore initialized.
2022-05-05 15:14:54.4243 INFO Scheduler meta-data: Quartz Scheduler (v3.2.2.0) 'DefaultQuartzScheduler' with instanceId 'NON_CLUSTERED'
  Scheduler class: 'Quartz.Core.QuartzScheduler' - running locally.
  NOT STARTED.
  Currently in standby mode.
  Number of jobs executed: 0
  Using thread pool 'Quartz.Simpl.DefaultThreadPool' - with 10 threads.
  Using job-store 'Quartz.Simpl.RAMJobStore' - which does not support persistence. and is not clustered.

2022-05-05 15:14:54.4243 INFO Quartz scheduler 'DefaultQuartzScheduler' initialized
2022-05-05 15:14:54.4243 INFO Quartz scheduler version: 3.2.2.0
2022-05-05 15:14:54.4432 INFO Scheduler DefaultQuartzScheduler_$_NON_CLUSTERED started.
2022-05-05 15:14:54.8891 INFO Startup Configuration - Start
2022-05-05 15:14:54.8970 INFO SetEventCache - Start
2022-05-05 15:14:54.9419 INFO SetCachedItem = setting cache for Events
2022-05-05 15:14:54.9419 INFO SetCachedItem = setting cache for Events, with Expiry Date of 04/06/2022 14:14:54
2022-05-05 15:14:54.9419 INFO SetNextResultCheckDateTime - Start - roundUp = False
2022-05-05 15:14:54.9419 INFO SetNextResultCheckDateTime - rapidApiResultChecks == null
2022-05-05 15:14:54.9808 INFO SetNextResultCheckDateTime - Set League 3456, fixture date 07/05/2022 14:00:00, next check date to 07/05/2022 15:55:00
2022-05-05 15:14:54.9808 INFO SetNextResultCheckDateTime - Set League 3501, fixture date 07/05/2022 11:30:00, next check date to 07/05/2022 13:25:00
2022-05-05 15:14:54.9808 INFO SetNextResultCheckDateTime - Set League , fixture date 21/11/2022 10:00:00, next check date to 21/11/2022 11:55:00
2022-05-05 15:14:54.9808 INFO SetCachedItem = setting cache for NextFixtureCheckDateTime
2022-05-05 15:14:54.9808 INFO SetCachedItem = setting cache for NextFixtureCheckDateTime, with Expiry Date of 04/06/2022 14:14:54
2022-05-05 15:15:00.0559 INFO DailyRapidApiLeagueCheck --> lastDate = 05/05/2022 00:00:00, Now = 05/05/2022 00:00:00
2022-05-05 15:15:00.0559 INFO SetCachedItem = setting cache for DailyRapidApiLeagueCheck, with Expiry Date of 06/05/2022 00:00:00
2022-05-05 15:15:00.0559 INFO DailyRapidApiLeagueCheck --> performUpdate = False
2022-05-05 15:16:19.7542 INFO Default Quartz.NET properties loaded from embedded resource file
2022-05-05 15:16:19.7971 INFO Initialized Scheduler Signaller of type: Quartz.Core.SchedulerSignalerImpl
2022-05-05 15:16:19.8310 INFO Quartz Scheduler v.3.2.2.0 created.
2022-05-05 15:16:19.8470 INFO JobFactory set to: Quartz.Simpl.PropertySettingJobFactory
2022-05-05 15:16:19.8470 INFO RAMJobStore initialized.
2022-05-05 15:16:19.8470 INFO Scheduler meta-data: Quartz Scheduler (v3.2.2.0) 'DefaultQuartzScheduler' with instanceId 'NON_CLUSTERED'
  Scheduler class: 'Quartz.Core.QuartzScheduler' - running locally.
  NOT STARTED.
  Currently in standby mode.
  Number of jobs executed: 0
  Using thread pool 'Quartz.Simpl.DefaultThreadPool' - with 10 threads.
  Using job-store 'Quartz.Simpl.RAMJobStore' - which does not support persistence. and is not clustered.

2022-05-05 15:16:19.8470 INFO Quartz scheduler 'DefaultQuartzScheduler' initialized
2022-05-05 15:16:19.8470 INFO Quartz scheduler version: 3.2.2.0
2022-05-05 15:16:19.8649 INFO Scheduler DefaultQuartzScheduler_$_NON_CLUSTERED started.
2022-05-05 15:16:19.9567 INFO Startup Configuration - Start
2022-05-05 15:16:19.9567 INFO SetEventCache - Start
2022-05-05 15:16:19.9966 INFO SetCachedItem = setting cache for Events
2022-05-05 15:16:19.9966 INFO SetCachedItem = setting cache for Events, with Expiry Date of 04/06/2022 14:16:19
2022-05-05 15:16:19.9966 INFO SetNextResultCheckDateTime - Start - roundUp = False
2022-05-05 15:16:19.9966 INFO SetNextResultCheckDateTime - rapidApiResultChecks == null
2022-05-05 15:16:20.0375 INFO SetNextResultCheckDateTime - Set League 3456, fixture date 07/05/2022 14:00:00, next check date to 07/05/2022 15:55:00
2022-05-05 15:16:20.0375 INFO SetNextResultCheckDateTime - Set League 3501, fixture date 07/05/2022 11:30:00, next check date to 07/05/2022 13:25:00
2022-05-05 15:16:20.0375 INFO SetNextResultCheckDateTime - Set League , fixture date 21/11/2022 10:00:00, next check date to 21/11/2022 11:55:00
2022-05-05 15:16:20.0375 INFO SetCachedItem = setting cache for NextFixtureCheckDateTime
2022-05-05 15:16:20.0375 INFO SetCachedItem = setting cache for NextFixtureCheckDateTime, with Expiry Date of 04/06/2022 14:16:20
2022-05-05 15:17:43.4032 INFO Default Quartz.NET properties loaded from embedded resource file
2022-05-05 15:17:43.4501 INFO Initialized Scheduler Signaller of type: Quartz.Core.SchedulerSignalerImpl
2022-05-05 15:17:43.4820 INFO Quartz Scheduler v.3.2.2.0 created.
2022-05-05 15:17:43.4989 INFO JobFactory set to: Quartz.Simpl.PropertySettingJobFactory
2022-05-05 15:17:43.5059 INFO RAMJobStore initialized.
2022-05-05 15:17:43.5059 INFO Scheduler meta-data: Quartz Scheduler (v3.2.2.0) 'DefaultQuartzScheduler' with instanceId 'NON_CLUSTERED'
  Scheduler class: 'Quartz.Core.QuartzScheduler' - running locally.
  NOT STARTED.
  Currently in standby mode.
  Number of jobs executed: 0
  Using thread pool 'Quartz.Simpl.DefaultThreadPool' - with 10 threads.
  Using job-store 'Quartz.Simpl.RAMJobStore' - which does not support persistence. and is not clustered.

2022-05-05 15:17:43.5059 INFO Quartz scheduler 'DefaultQuartzScheduler' initialized
2022-05-05 15:17:43.5059 INFO Quartz scheduler version: 3.2.2.0
2022-05-05 15:17:43.5059 INFO Scheduler DefaultQuartzScheduler_$_NON_CLUSTERED started.
2022-05-05 15:17:43.9856 INFO Startup Configuration - Start
2022-05-05 15:17:43.9936 INFO SetEventCache - Start
2022-05-05 15:17:44.0405 INFO SetCachedItem = setting cache for Events
2022-05-05 15:17:44.0405 INFO SetCachedItem = setting cache for Events, with Expiry Date of 04/06/2022 14:17:44
2022-05-05 15:17:44.0495 INFO SetNextResultCheckDateTime - Start - roundUp = False
2022-05-05 15:17:44.0495 INFO SetNextResultCheckDateTime - rapidApiResultChecks == null
2022-05-05 15:17:44.0784 INFO SetNextResultCheckDateTime - Set League 3456, fixture date 07/05/2022 14:00:00, next check date to 07/05/2022 15:55:00
2022-05-05 15:17:44.0784 INFO SetNextResultCheckDateTime - Set League 3501, fixture date 07/05/2022 11:30:00, next check date to 07/05/2022 13:25:00
2022-05-05 15:17:44.0784 INFO SetNextResultCheckDateTime - Set League , fixture date 21/11/2022 10:00:00, next check date to 21/11/2022 11:55:00
2022-05-05 15:17:44.0784 INFO SetCachedItem = setting cache for NextFixtureCheckDateTime
2022-05-05 15:17:44.0784 INFO SetCachedItem = setting cache for NextFixtureCheckDateTime, with Expiry Date of 04/06/2022 14:17:44
2022-05-05 15:18:00.0456 INFO DailyRapidApiLeagueCheck --> lastDate = 05/05/2022 00:00:00, Now = 05/05/2022 00:00:00
2022-05-05 15:18:00.0456 INFO SetCachedItem = setting cache for DailyRapidApiLeagueCheck, with Expiry Date of 06/05/2022 00:00:00
2022-05-05 15:18:00.0456 INFO DailyRapidApiLeagueCheck --> performUpdate = False
2022-05-05 15:19:13.1412 INFO DailyRapidApiLeagueCheck --> Performing daily league update
2022-05-05 15:19:13.1781 INFO V3FixturesByLeague - rapidApiV3LeagueSeasonId = 48, EarliestDate = 05/05/2022 00:00:00
2022-05-05 15:19:13.9407 INFO V3UpdateFixtures - earliestDate = 05/05/2022 00:00:00, leagueId = 20
2022-05-05 15:19:14.2279 INFO V3FixturesByLeague - rapidApiV3LeagueSeasonId = 4, EarliestDate = 21/11/2022 00:00:00
2022-05-05 15:19:14.5483 INFO V3UpdateFixtures - earliestDate = 21/11/2022 00:00:00, leagueId = 19
2022-05-05 15:19:14.7209 INFO FixturesByLeague - League = 3501, EarliestDate = 07/05/2022 00:00:00
2022-05-05 15:19:15.0605 INFO UpdateFixtures - earliestDate = 07/05/2022 00:00:00
2022-05-05 15:19:15.2321 INFO FixturesByLeague - League = 3448, EarliestDate = 06/05/2022 00:00:00
2022-05-05 15:19:15.9237 INFO UpdateFixtures - earliestDate = 06/05/2022 00:00:00
2022-05-05 15:19:16.0809 INFO FixturesByLeague - League = 3456, EarliestDate = 07/05/2022 00:00:00
2022-05-05 15:19:16.3488 INFO UpdateFixtures - earliestDate = 07/05/2022 00:00:00
2022-05-05 15:19:16.7596 INFO SetEventCache - Start
2022-05-05 15:19:16.7596 INFO SetCachedItem = setting cache for Events
2022-05-05 15:19:16.7596 INFO SetCachedItem = setting cache for Events, with Expiry Date of 04/06/2022 14:19:16
2022-05-05 15:22:17.5130 INFO Default Quartz.NET properties loaded from embedded resource file
2022-05-05 15:22:17.5539 INFO Initialized Scheduler Signaller of type: Quartz.Core.SchedulerSignalerImpl
2022-05-05 15:22:17.5539 INFO Quartz Scheduler v.3.2.2.0 created.
2022-05-05 15:22:17.5718 INFO JobFactory set to: Quartz.Simpl.PropertySettingJobFactory
2022-05-05 15:22:17.5718 INFO RAMJobStore initialized.
2022-05-05 15:22:17.5807 INFO Scheduler meta-data: Quartz Scheduler (v3.2.2.0) 'DefaultQuartzScheduler' with instanceId 'NON_CLUSTERED'
  Scheduler class: 'Quartz.Core.QuartzScheduler' - running locally.
  NOT STARTED.
  Currently in standby mode.
  Number of jobs executed: 0
  Using thread pool 'Quartz.Simpl.DefaultThreadPool' - with 10 threads.
  Using job-store 'Quartz.Simpl.RAMJobStore' - which does not support persistence. and is not clustered.

2022-05-05 15:22:17.5807 INFO Quartz scheduler 'DefaultQuartzScheduler' initialized
2022-05-05 15:22:17.5807 INFO Quartz scheduler version: 3.2.2.0
2022-05-05 15:22:17.5807 INFO Scheduler DefaultQuartzScheduler_$_NON_CLUSTERED started.
2022-05-05 15:22:17.6744 INFO Startup Configuration - Start
2022-05-05 15:22:17.6744 INFO SetEventCache - Start
2022-05-05 15:22:17.7162 INFO SetCachedItem = setting cache for Events
2022-05-05 15:22:17.7162 INFO SetCachedItem = setting cache for Events, with Expiry Date of 04/06/2022 14:22:17
2022-05-05 15:22:17.7162 INFO SetNextResultCheckDateTime - Start - roundUp = False
2022-05-05 15:22:17.7162 INFO SetNextResultCheckDateTime - rapidApiResultChecks == null
2022-05-05 15:22:17.7488 INFO SetNextResultCheckDateTime - Set League 3456, fixture date 07/05/2022 14:00:00, next check date to 07/05/2022 15:55:00
2022-05-05 15:22:17.7488 INFO SetNextResultCheckDateTime - Set League 3501, fixture date 07/05/2022 11:30:00, next check date to 07/05/2022 13:25:00
2022-05-05 15:22:17.7488 INFO SetNextResultCheckDateTime - Set League , fixture date 21/11/2022 10:00:00, next check date to 21/11/2022 11:55:00
2022-05-05 15:22:17.7488 INFO SetCachedItem = setting cache for NextFixtureCheckDateTime
2022-05-05 15:22:17.7488 INFO SetCachedItem = setting cache for NextFixtureCheckDateTime, with Expiry Date of 04/06/2022 14:22:17
2022-05-05 15:23:00.0913 INFO DailyRapidApiLeagueCheck --> lastDate = 05/05/2022 00:00:00, Now = 05/05/2022 00:00:00
2022-05-05 15:23:00.0913 INFO SetCachedItem = setting cache for DailyRapidApiLeagueCheck, with Expiry Date of 06/05/2022 00:00:00
2022-05-05 15:23:00.0913 INFO DailyRapidApiLeagueCheck --> performUpdate = False
2022-05-05 15:28:08.6804 INFO Default Quartz.NET properties loaded from embedded resource file
2022-05-05 15:28:08.7253 INFO Initialized Scheduler Signaller of type: Quartz.Core.SchedulerSignalerImpl
2022-05-05 15:28:08.7253 INFO Quartz Scheduler v.3.2.2.0 created.
2022-05-05 15:28:08.7422 INFO JobFactory set to: Quartz.Simpl.PropertySettingJobFactory
2022-05-05 15:28:08.7672 INFO RAMJobStore initialized.
2022-05-05 15:28:08.7672 INFO Scheduler meta-data: Quartz Scheduler (v3.2.2.0) 'DefaultQuartzScheduler' with instanceId 'NON_CLUSTERED'
  Scheduler class: 'Quartz.Core.QuartzScheduler' - running locally.
  NOT STARTED.
  Currently in standby mode.
  Number of jobs executed: 0
  Using thread pool 'Quartz.Simpl.DefaultThreadPool' - with 10 threads.
  Using job-store 'Quartz.Simpl.RAMJobStore' - which does not support persistence. and is not clustered.

2022-05-05 15:28:08.7672 INFO Quartz scheduler 'DefaultQuartzScheduler' initialized
2022-05-05 15:28:08.7672 INFO Quartz scheduler version: 3.2.2.0
2022-05-05 15:28:08.7841 INFO Scheduler DefaultQuartzScheduler_$_NON_CLUSTERED started.
2022-05-05 15:28:08.8799 INFO Startup Configuration - Start
2022-05-05 15:28:08.8799 INFO SetEventCache - Start
2022-05-05 15:28:08.9178 INFO SetCachedItem = setting cache for Events
2022-05-05 15:28:08.9178 INFO SetCachedItem = setting cache for Events, with Expiry Date of 04/06/2022 14:28:08
2022-05-05 15:28:08.9178 INFO SetNextResultCheckDateTime - Start - roundUp = False
2022-05-05 15:28:08.9178 INFO SetNextResultCheckDateTime - rapidApiResultChecks == null
2022-05-05 15:28:08.9557 INFO SetNextResultCheckDateTime - Set League 3456, fixture date 07/05/2022 14:00:00, next check date to 07/05/2022 15:55:00
2022-05-05 15:28:08.9557 INFO SetNextResultCheckDateTime - Set League 3501, fixture date 07/05/2022 11:30:00, next check date to 07/05/2022 13:25:00
2022-05-05 15:28:08.9557 INFO SetNextResultCheckDateTime - Set League , fixture date 21/11/2022 10:00:00, next check date to 21/11/2022 11:55:00
2022-05-05 15:28:08.9557 INFO SetCachedItem = setting cache for NextFixtureCheckDateTime
2022-05-05 15:28:08.9557 INFO SetCachedItem = setting cache for NextFixtureCheckDateTime, with Expiry Date of 04/06/2022 14:28:08
2022-05-05 15:32:31.6772 INFO Default Quartz.NET properties loaded from embedded resource file
2022-05-05 15:32:31.7251 INFO Initialized Scheduler Signaller of type: Quartz.Core.SchedulerSignalerImpl
2022-05-05 15:32:31.7650 INFO Quartz Scheduler v.3.2.2.0 created.
2022-05-05 15:32:31.7780 INFO JobFactory set to: Quartz.Simpl.PropertySettingJobFactory
2022-05-05 15:32:31.7840 INFO RAMJobStore initialized.
2022-05-05 15:32:31.7840 INFO Scheduler meta-data: Quartz Scheduler (v3.2.2.0) 'DefaultQuartzScheduler' with instanceId 'NON_CLUSTERED'
  Scheduler class: 'Quartz.Core.QuartzScheduler' - running locally.
  NOT STARTED.
  Currently in standby mode.
  Number of jobs executed: 0
  Using thread pool 'Quartz.Simpl.DefaultThreadPool' - with 10 threads.
  Using job-store 'Quartz.Simpl.RAMJobStore' - which does not support persistence. and is not clustered.

2022-05-05 15:32:31.7840 INFO Quartz scheduler 'DefaultQuartzScheduler' initialized
2022-05-05 15:32:31.7840 INFO Quartz scheduler version: 3.2.2.0
2022-05-05 15:32:31.7840 INFO Scheduler DefaultQuartzScheduler_$_NON_CLUSTERED started.
2022-05-05 15:32:32.2477 INFO Startup Configuration - Start
2022-05-05 15:32:32.2547 INFO SetEventCache - Start
2022-05-05 15:32:32.3006 INFO SetCachedItem = setting cache for Events
2022-05-05 15:32:32.3006 INFO SetCachedItem = setting cache for Events, with Expiry Date of 04/06/2022 14:32:32
2022-05-05 15:32:32.3006 INFO SetNextResultCheckDateTime - Start - roundUp = False
2022-05-05 15:32:32.3006 INFO SetNextResultCheckDateTime - rapidApiResultChecks == null
2022-05-05 15:32:32.3405 INFO SetNextResultCheckDateTime - Set League 3456, fixture date 07/05/2022 14:00:00, next check date to 07/05/2022 15:55:00
2022-05-05 15:32:32.3405 INFO SetNextResultCheckDateTime - Set League 3501, fixture date 07/05/2022 11:30:00, next check date to 07/05/2022 13:25:00
2022-05-05 15:32:32.3405 INFO SetNextResultCheckDateTime - Set League , fixture date 21/11/2022 10:00:00, next check date to 21/11/2022 11:55:00
2022-05-05 15:32:32.3405 INFO SetCachedItem = setting cache for NextFixtureCheckDateTime
2022-05-05 15:32:32.3405 INFO SetCachedItem = setting cache for NextFixtureCheckDateTime, with Expiry Date of 04/06/2022 14:32:32
2022-05-05 15:33:00.0487 INFO DailyRapidApiLeagueCheck --> lastDate = 05/05/2022 00:00:00, Now = 05/05/2022 00:00:00
2022-05-05 15:33:00.0487 INFO SetCachedItem = setting cache for DailyRapidApiLeagueCheck, with Expiry Date of 06/05/2022 00:00:00
2022-05-05 15:33:00.0487 INFO DailyRapidApiLeagueCheck --> performUpdate = False
2022-05-05 15:34:57.5655 INFO Default Quartz.NET properties loaded from embedded resource file
2022-05-05 15:34:57.6074 INFO Initialized Scheduler Signaller of type: Quartz.Core.SchedulerSignalerImpl
2022-05-05 15:34:57.6413 INFO Quartz Scheduler v.3.2.2.0 created.
2022-05-05 15:34:57.6562 INFO JobFactory set to: Quartz.Simpl.PropertySettingJobFactory
2022-05-05 15:34:57.6632 INFO RAMJobStore initialized.
2022-05-05 15:34:57.6632 INFO Scheduler meta-data: Quartz Scheduler (v3.2.2.0) 'DefaultQuartzScheduler' with instanceId 'NON_CLUSTERED'
  Scheduler class: 'Quartz.Core.QuartzScheduler' - running locally.
  NOT STARTED.
  Currently in standby mode.
  Number of jobs executed: 0
  Using thread pool 'Quartz.Simpl.DefaultThreadPool' - with 10 threads.
  Using job-store 'Quartz.Simpl.RAMJobStore' - which does not support persistence. and is not clustered.

2022-05-05 15:34:57.6632 INFO Quartz scheduler 'DefaultQuartzScheduler' initialized
2022-05-05 15:34:57.6632 INFO Quartz scheduler version: 3.2.2.0
2022-05-05 15:34:57.6632 INFO Scheduler DefaultQuartzScheduler_$_NON_CLUSTERED started.
2022-05-05 15:34:57.7639 INFO Startup Configuration - Start
2022-05-05 15:34:57.7639 INFO SetEventCache - Start
2022-05-05 15:34:57.8058 INFO SetCachedItem = setting cache for Events
2022-05-05 15:34:57.8058 INFO SetCachedItem = setting cache for Events, with Expiry Date of 04/06/2022 14:34:57
2022-05-05 15:34:57.8058 INFO SetNextResultCheckDateTime - Start - roundUp = False
2022-05-05 15:34:57.8058 INFO SetNextResultCheckDateTime - rapidApiResultChecks == null
2022-05-05 15:34:57.8407 INFO SetNextResultCheckDateTime - Set League 3456, fixture date 07/05/2022 14:00:00, next check date to 07/05/2022 15:55:00
2022-05-05 15:34:57.8407 INFO SetNextResultCheckDateTime - Set League 3501, fixture date 07/05/2022 11:30:00, next check date to 07/05/2022 13:25:00
2022-05-05 15:34:57.8407 INFO SetNextResultCheckDateTime - Set League , fixture date 21/11/2022 10:00:00, next check date to 21/11/2022 11:55:00
2022-05-05 15:34:57.8407 INFO SetCachedItem = setting cache for NextFixtureCheckDateTime
2022-05-05 15:34:57.8407 INFO SetCachedItem = setting cache for NextFixtureCheckDateTime, with Expiry Date of 04/06/2022 14:34:57
2022-05-05 15:35:00.0641 INFO DailyRapidApiLeagueCheck --> lastDate = 05/05/2022 00:00:00, Now = 05/05/2022 00:00:00
2022-05-05 15:35:00.0641 INFO SetCachedItem = setting cache for DailyRapidApiLeagueCheck, with Expiry Date of 06/05/2022 00:00:00
2022-05-05 15:35:00.0641 INFO DailyRapidApiLeagueCheck --> performUpdate = False
2022-05-05 21:32:32.4977 INFO Default Quartz.NET properties loaded from embedded resource file
2022-05-05 21:32:32.5515 INFO Initialized Scheduler Signaller of type: Quartz.Core.SchedulerSignalerImpl
2022-05-05 21:32:32.5794 INFO Quartz Scheduler v.3.2.2.0 created.
2022-05-05 21:32:32.5954 INFO JobFactory set to: Quartz.Simpl.PropertySettingJobFactory
2022-05-05 21:32:32.5954 INFO RAMJobStore initialized.
2022-05-05 21:32:32.5954 INFO Scheduler meta-data: Quartz Scheduler (v3.2.2.0) 'DefaultQuartzScheduler' with instanceId 'NON_CLUSTERED'
  Scheduler class: 'Quartz.Core.QuartzScheduler' - running locally.
  NOT STARTED.
  Currently in standby mode.
  Number of jobs executed: 0
  Using thread pool 'Quartz.Simpl.DefaultThreadPool' - with 10 threads.
  Using job-store 'Quartz.Simpl.RAMJobStore' - which does not support persistence. and is not clustered.

2022-05-05 21:32:32.5954 INFO Quartz scheduler 'DefaultQuartzScheduler' initialized
2022-05-05 21:32:32.5954 INFO Quartz scheduler version: 3.2.2.0
2022-05-05 21:32:32.5954 INFO Scheduler DefaultQuartzScheduler_$_NON_CLUSTERED started.
2022-05-05 21:32:32.7041 INFO Startup Configuration - Start
2022-05-05 21:32:32.7041 INFO SetEventCache - Start
2022-05-05 21:32:32.7500 INFO SetCachedItem = setting cache for Events
2022-05-05 21:32:32.7500 INFO SetCachedItem = setting cache for Events, with Expiry Date of 04/06/2022 20:32:32
2022-05-05 21:32:32.7500 INFO SetNextResultCheckDateTime - Start - roundUp = False
2022-05-05 21:32:32.7500 INFO SetNextResultCheckDateTime - rapidApiResultChecks == null
2022-05-05 21:32:32.7899 INFO SetNextResultCheckDateTime - Set League 3456, fixture date 07/05/2022 14:00:00, next check date to 07/05/2022 15:55:00
2022-05-05 21:32:32.7899 INFO SetNextResultCheckDateTime - Set League 3501, fixture date 07/05/2022 11:30:00, next check date to 07/05/2022 13:25:00
2022-05-05 21:32:32.7899 INFO SetNextResultCheckDateTime - Set League , fixture date 21/11/2022 10:00:00, next check date to 21/11/2022 11:55:00
2022-05-05 21:32:32.7899 INFO SetCachedItem = setting cache for NextFixtureCheckDateTime
2022-05-05 21:32:32.7899 INFO SetCachedItem = setting cache for NextFixtureCheckDateTime, with Expiry Date of 04/06/2022 20:32:32
2022-05-05 21:33:00.0792 INFO DailyRapidApiLeagueCheck --> lastDate = 05/05/2022 00:00:00, Now = 05/05/2022 00:00:00
2022-05-05 21:33:00.0792 INFO SetCachedItem = setting cache for DailyRapidApiLeagueCheck, with Expiry Date of 06/05/2022 00:00:00
2022-05-05 21:33:00.0792 INFO DailyRapidApiLeagueCheck --> performUpdate = False
