2022-11-11 21:54:20.5382 INFO Default Quartz.NET properties loaded from embedded resource file
2022-11-11 21:54:20.5987 INFO Initialized Scheduler Signaller of type: Quartz.Core.SchedulerSignalerImpl
2022-11-11 21:54:20.5987 INFO Quartz Scheduler v.3.2.2.0 created.
2022-11-11 21:54:20.5987 INFO JobFactory set to: Quartz.Simpl.PropertySettingJobFactory
2022-11-11 21:54:20.5987 INFO RAMJobStore initialized.
2022-11-11 21:54:20.6126 INFO Scheduler meta-data: Quartz Scheduler (v3.2.2.0) 'DefaultQuartzScheduler' with instanceId 'NON_CLUSTERED'
  Scheduler class: 'Quartz.Core.QuartzScheduler' - running locally.
  NOT STARTED.
  Currently in standby mode.
  Number of jobs executed: 0
  Using thread pool 'Quartz.Simpl.DefaultThreadPool' - with 10 threads.
  Using job-store 'Quartz.Simpl.RAMJobStore' - which does not support persistence. and is not clustered.

2022-11-11 21:54:20.6126 INFO Quartz scheduler 'DefaultQuartzScheduler' initialized
2022-11-11 21:54:20.6126 INFO Quartz scheduler version: 3.2.2.0
2022-11-11 21:54:20.6126 INFO Scheduler DefaultQuartzScheduler_$_NON_CLUSTERED started.
2022-11-11 21:54:20.8275 INFO Startup Configuration - Start
2022-11-11 21:54:20.8275 INFO SetEventCache - Start
2022-11-11 21:54:20.8849 INFO SetCachedItem = setting cache for Events
2022-11-11 21:54:20.8849 INFO SetCachedItem = setting cache for Events, with Expiry Date of 11/12/2022 21:54:20
2022-11-11 21:54:20.8998 INFO SetNextResultCheckDateTime - Start - roundUp = False - forceUpdate = False
2022-11-11 21:54:20.8998 INFO SetNextResultCheckDateTime - rapidApiResultChecks == null
2022-11-11 21:54:20.9627 INFO SetNextResultCheckDateTime - Set League World Cup 2022, fixture date 20/11/2022 16:00:00, next check date to 20/11/2022 17:55:00
2022-11-11 21:54:20.9627 INFO SetNextResultCheckDateTime - Set League World UEFA Nations League, fixture date 21/03/2024 00:00:00, next check date to 21/03/2024 01:55:00
2022-11-11 21:54:20.9627 INFO SetNextResultCheckDateTime - Set League Premier League 2022, fixture date 12/11/2022 12:30:00, next check date to 12/11/2022 14:25:00
2022-11-11 21:54:20.9627 INFO SetNextResultCheckDateTime - Set League England Championship 2022, fixture date 11/11/2022 20:00:00, next check date to 11/11/2022 21:55:00
2022-11-11 21:54:20.9627 INFO SetNextResultCheckDateTime - Set League Italy Serie A 2022, fixture date 11/11/2022 19:45:00, next check date to 11/11/2022 21:40:00
2022-11-11 21:54:20.9627 INFO SetCachedItem = setting cache for NextFixtureCheckDateTime
2022-11-11 21:54:20.9627 INFO SetCachedItem = setting cache for NextFixtureCheckDateTime, with Expiry Date of 11/12/2022 21:54:20
2022-11-11 21:54:22.1108 INFO SetCachedItem = setting cache for Events
2022-11-11 21:54:22.1108 INFO SetCachedItem = setting cache for Events, with Expiry Date of 11/12/2022 21:54:22
2022-11-11 21:55:00.1015 INFO GetRapidApiResults V3 = Getting results from rapidApiV3LeagueSeasonId = 84. FixtureDateTime = 11/11/2022 20:00:00, ResultCheckDateTime = 11/11/2022 21:55:00, Now = 11/11/2022 21:55:00
2022-11-11 21:55:00.1015 INFO V3FixturesByLeagueByDate - rapidApiV3LeagueSeasonId = 84, Date = 2022-11-11, LeagueId = 26
2022-11-11 21:55:00.9847 INFO V3UpdateFixtures - earliestDate = 11/11/2022 00:00:00, leagueId = 26
2022-11-11 21:55:01.1071 INFO GetRapidApiResults V3 = Getting results from rapidApiV3LeagueSeasonId = 85. FixtureDateTime = 11/11/2022 19:45:00, ResultCheckDateTime = 11/11/2022 21:40:00, Now = 11/11/2022 21:55:01
2022-11-11 21:55:01.1071 INFO V3FixturesByLeagueByDate - rapidApiV3LeagueSeasonId = 85, Date = 2022-11-11, LeagueId = 27
2022-11-11 21:55:01.3272 INFO V3UpdateFixtures - earliestDate = 11/11/2022 00:00:00, leagueId = 27
2022-11-11 21:55:01.5881 INFO SetEventCache - Start
2022-11-11 21:55:01.5881 INFO SetCachedItem = setting cache for Events
2022-11-11 21:55:01.5881 INFO SetCachedItem = setting cache for Events, with Expiry Date of 11/12/2022 21:55:01
2022-11-11 21:55:01.5881 INFO SetNextResultCheckDateTime - Start - roundUp = True - forceUpdate = False
2022-11-11 21:55:01.6110 INFO SetNextResultCheckDateTime - Set League World Cup 2022, fixture date 20/11/2022 16:00:00, next check date to 20/11/2022 17:55:00
2022-11-11 21:55:01.6110 INFO SetNextResultCheckDateTime - Set League World UEFA Nations League, fixture date 21/03/2024 00:00:00, next check date to 21/03/2024 01:55:00
2022-11-11 21:55:01.6110 INFO SetNextResultCheckDateTime - Set League Premier League 2022, fixture date 12/11/2022 12:30:00, next check date to 12/11/2022 14:25:00
2022-11-11 21:55:01.6130 INFO SetNextResultCheckDateTime - Set League England Championship 2022, fixture date 11/11/2022 20:00:00, next check date to 11/11/2022 22:00:00
2022-11-11 21:55:01.6130 INFO SetNextResultCheckDateTime - Set League Italy Serie A 2022, fixture date 12/11/2022 14:00:00, next check date to 12/11/2022 15:55:00
2022-11-11 21:55:01.6130 INFO SetCachedItem = setting cache for NextFixtureCheckDateTime
2022-11-11 21:55:01.6130 INFO SetCachedItem = setting cache for NextFixtureCheckDateTime, with Expiry Date of 11/12/2022 21:55:01
2022-11-11 21:55:01.6130 INFO DailyRapidApiLeagueCheck --> lastDate = 10/11/2022 00:00:00, Now = 11/11/2022 00:00:00
2022-11-11 21:55:01.6130 INFO SetCachedItem = setting cache for DailyRapidApiLeagueCheck, with Expiry Date of 12/11/2022 00:00:00
2022-11-11 21:55:01.6130 INFO DailyRapidApiLeagueCheck --> performUpdate = True
2022-11-11 21:55:01.6285 INFO DailyRapidApiLeagueCheck --> Performing daily league update
2022-11-11 21:55:01.6744 INFO V3FixturesByLeague - rapidApiV3LeagueSeasonId = 4, EarliestDate = 11/11/2022 00:00:00
2022-11-11 21:55:01.9294 INFO V3UpdateFixtures - earliestDate = 11/11/2022 00:00:00, leagueId = 18
2022-11-11 21:55:02.0605 INFO V3OddsByLeagueAndBookmaker - rapidApiV3LeagueId = 1
2022-11-11 21:55:02.3384 INFO V3OddsByLeagueAndBookmaker - RapidApiV3LeagueId = 1, pageNbr = 0
2022-11-11 21:55:02.3384 INFO V3FixturesByLeague - rapidApiV3LeagueSeasonId = 5, EarliestDate = 11/11/2022 00:00:00
2022-11-11 21:55:02.5983 INFO V3UpdateFixtures - earliestDate = 11/11/2022 00:00:00, leagueId = 24
2022-11-11 21:55:02.6552 INFO V3OddsByLeagueAndBookmaker - rapidApiV3LeagueId = 5
2022-11-11 21:55:02.9481 INFO V3OddsByLeagueAndBookmaker - RapidApiV3LeagueId = 5, pageNbr = 0
2022-11-11 21:55:02.9481 INFO V3FixturesByLeague - rapidApiV3LeagueSeasonId = 83, EarliestDate = 11/11/2022 00:00:00
2022-11-11 21:55:03.2969 INFO V3UpdateFixtures - earliestDate = 11/11/2022 00:00:00, leagueId = 25
2022-11-11 21:55:03.9423 INFO V3OddsByLeagueAndBookmaker - rapidApiV3LeagueId = 39
2022-11-11 21:55:13.6606 INFO V3OddsByLeagueAndBookmaker - RapidApiV3LeagueId = 39, pageNbr = 2
2022-11-11 21:55:21.9606 INFO V3OddsByLeagueAndBookmaker - RapidApiV3LeagueId = 39, pageNbr = 0
2022-11-11 21:55:21.9606 INFO V3FixturesByLeague - rapidApiV3LeagueSeasonId = 84, EarliestDate = 11/11/2022 00:00:00
2022-11-11 21:55:22.4096 INFO V3UpdateFixtures - earliestDate = 11/11/2022 00:00:00, leagueId = 26
2022-11-11 21:55:23.2120 INFO V3OddsByLeagueAndBookmaker - rapidApiV3LeagueId = 40
2022-11-11 21:55:24.9753 INFO SetCachedItem = setting cache for Events
2022-11-11 21:55:24.9753 INFO SetCachedItem = setting cache for Events, with Expiry Date of 11/12/2022 21:55:24
2022-11-11 21:55:31.4224 INFO V3OddsByLeagueAndBookmaker - RapidApiV3LeagueId = 40, pageNbr = 2
2022-11-11 21:55:39.8460 INFO V3OddsByLeagueAndBookmaker - RapidApiV3LeagueId = 40, pageNbr = 3
2022-11-11 21:55:49.7478 INFO V3OddsByLeagueAndBookmaker - RapidApiV3LeagueId = 40, pageNbr = 4
2022-11-11 21:55:52.7633 INFO V3OddsByLeagueAndBookmaker - RapidApiV3LeagueId = 40, pageNbr = 0
2022-11-11 21:55:52.7753 INFO V3FixturesByLeague - rapidApiV3LeagueSeasonId = 85, EarliestDate = 11/11/2022 00:00:00
2022-11-11 21:55:53.0738 INFO V3UpdateFixtures - earliestDate = 11/11/2022 00:00:00, leagueId = 27
2022-11-11 21:55:53.8412 INFO V3OddsByLeagueAndBookmaker - rapidApiV3LeagueId = 135
2022-11-11 21:56:02.2673 INFO V3OddsByLeagueAndBookmaker - RapidApiV3LeagueId = 135, pageNbr = 2
2022-11-11 21:56:12.0565 INFO V3OddsByLeagueAndBookmaker - RapidApiV3LeagueId = 135, pageNbr = 3
2022-11-11 21:56:22.7809 INFO V3OddsByLeagueAndBookmaker - RapidApiV3LeagueId = 135, pageNbr = 0
2022-11-11 21:56:23.3060 INFO SetNextResultCheckDateTime - Start - roundUp = False - forceUpdate = True
2022-11-11 21:56:23.3241 INFO SetNextResultCheckDateTime - Set League World Cup 2022, fixture date 20/11/2022 16:00:00, next check date to 20/11/2022 17:55:00
2022-11-11 21:56:23.3241 INFO SetNextResultCheckDateTime - Set League World UEFA Nations League, fixture date 21/03/2024 00:00:00, next check date to 21/03/2024 01:55:00
2022-11-11 21:56:23.3241 INFO SetNextResultCheckDateTime - Set League Premier League 2022, fixture date 12/11/2022 12:30:00, next check date to 12/11/2022 14:25:00
2022-11-11 21:56:23.3241 INFO SetNextResultCheckDateTime - Set League England Championship 2022, fixture date 11/11/2022 20:00:00, next check date to 11/11/2022 21:55:00
2022-11-11 21:56:23.3241 INFO SetNextResultCheckDateTime - Set League Italy Serie A 2022, fixture date 12/11/2022 14:00:00, next check date to 12/11/2022 15:55:00
2022-11-11 21:56:23.3241 INFO SetCachedItem = setting cache for NextFixtureCheckDateTime
2022-11-11 21:56:23.3241 INFO SetCachedItem = setting cache for NextFixtureCheckDateTime, with Expiry Date of 11/12/2022 21:56:23
2022-11-11 21:56:51.1047 INFO SetCachedItem = setting cache for Events
2022-11-11 21:56:51.1047 INFO SetCachedItem = setting cache for Events, with Expiry Date of 11/12/2022 21:56:51
2022-11-11 21:57:00.0034 INFO GetRapidApiResults V3 = Getting results from rapidApiV3LeagueSeasonId = 84. FixtureDateTime = 11/11/2022 20:00:00, ResultCheckDateTime = 11/11/2022 21:55:00, Now = 11/11/2022 21:57:00
2022-11-11 21:57:00.0034 INFO V3FixturesByLeagueByDate - rapidApiV3LeagueSeasonId = 84, Date = 2022-11-11, LeagueId = 26
2022-11-11 21:57:00.2979 INFO V3UpdateFixtures - earliestDate = 11/11/2022 00:00:00, leagueId = 26
2022-11-11 21:57:00.3148 INFO SetNextResultCheckDateTime - Start - roundUp = True - forceUpdate = False
2022-11-11 21:57:00.3398 INFO SetNextResultCheckDateTime - Set League World Cup 2022, fixture date 20/11/2022 16:00:00, next check date to 20/11/2022 17:55:00
2022-11-11 21:57:00.3398 INFO SetNextResultCheckDateTime - Set League World UEFA Nations League, fixture date 21/03/2024 00:00:00, next check date to 21/03/2024 01:55:00
2022-11-11 21:57:00.3398 INFO SetNextResultCheckDateTime - Set League Premier League 2022, fixture date 12/11/2022 12:30:00, next check date to 12/11/2022 14:25:00
2022-11-11 21:57:00.3398 INFO SetNextResultCheckDateTime - Set League England Championship 2022, fixture date 11/11/2022 20:00:00, next check date to 11/11/2022 22:00:00
2022-11-11 21:57:00.3398 INFO SetNextResultCheckDateTime - Set League Italy Serie A 2022, fixture date 12/11/2022 14:00:00, next check date to 12/11/2022 15:55:00
2022-11-11 21:57:00.3398 INFO SetCachedItem = setting cache for NextFixtureCheckDateTime
2022-11-11 21:57:00.3398 INFO SetCachedItem = setting cache for NextFixtureCheckDateTime, with Expiry Date of 11/12/2022 21:57:00
2022-11-11 21:58:35.8726 INFO SetCachedItem = setting cache for Events
2022-11-11 21:58:35.8726 INFO SetCachedItem = setting cache for Events, with Expiry Date of 11/12/2022 21:58:35
2022-11-11 21:59:00.1661 INFO SetCachedItem = setting cache for Events
2022-11-11 21:59:00.1661 INFO SetCachedItem = setting cache for Events, with Expiry Date of 11/12/2022 21:59:00
2022-11-11 22:00:00.0107 INFO GetRapidApiResults V3 = Getting results from rapidApiV3LeagueSeasonId = 84. FixtureDateTime = 11/11/2022 20:00:00, ResultCheckDateTime = 11/11/2022 22:00:00, Now = 11/11/2022 22:00:00
2022-11-11 22:00:00.0107 INFO V3FixturesByLeagueByDate - rapidApiV3LeagueSeasonId = 84, Date = 2022-11-11, LeagueId = 26
2022-11-11 22:00:00.4223 INFO V3UpdateFixtures - earliestDate = 11/11/2022 00:00:00, leagueId = 26
2022-11-11 22:00:00.4391 INFO SetNextResultCheckDateTime - Start - roundUp = True - forceUpdate = False
2022-11-11 22:00:00.4635 INFO SetNextResultCheckDateTime - Set League World Cup 2022, fixture date 20/11/2022 16:00:00, next check date to 20/11/2022 17:55:00
2022-11-11 22:00:00.4635 INFO SetNextResultCheckDateTime - Set League World UEFA Nations League, fixture date 21/03/2024 00:00:00, next check date to 21/03/2024 01:55:00
2022-11-11 22:00:00.4635 INFO SetNextResultCheckDateTime - Set League Premier League 2022, fixture date 12/11/2022 12:30:00, next check date to 12/11/2022 14:25:00
2022-11-11 22:00:00.4635 INFO SetNextResultCheckDateTime - Set League England Championship 2022, fixture date 11/11/2022 20:00:00, next check date to 11/11/2022 22:05:00
2022-11-11 22:00:00.4635 INFO SetNextResultCheckDateTime - Set League Italy Serie A 2022, fixture date 12/11/2022 14:00:00, next check date to 12/11/2022 15:55:00
2022-11-11 22:00:00.4635 INFO SetCachedItem = setting cache for NextFixtureCheckDateTime
2022-11-11 22:00:00.4635 INFO SetCachedItem = setting cache for NextFixtureCheckDateTime, with Expiry Date of 11/12/2022 22:00:00
2022-11-11 22:05:00.0076 INFO GetRapidApiResults V3 = Getting results from rapidApiV3LeagueSeasonId = 84. FixtureDateTime = 11/11/2022 20:00:00, ResultCheckDateTime = 11/11/2022 22:05:00, Now = 11/11/2022 22:05:00
2022-11-11 22:05:00.0076 INFO V3FixturesByLeagueByDate - rapidApiV3LeagueSeasonId = 84, Date = 2022-11-11, LeagueId = 26
2022-11-11 22:05:00.3939 INFO V3UpdateFixtures - earliestDate = 11/11/2022 00:00:00, leagueId = 26
2022-11-11 22:05:00.6019 INFO SetEventCache - Start
2022-11-11 22:05:00.6019 INFO SetCachedItem = setting cache for Events
2022-11-11 22:05:00.6019 INFO SetCachedItem = setting cache for Events, with Expiry Date of 11/12/2022 22:05:00
2022-11-11 22:05:00.6019 INFO SetNextResultCheckDateTime - Start - roundUp = True - forceUpdate = False
2022-11-11 22:05:00.6205 INFO SetNextResultCheckDateTime - Set League World Cup 2022, fixture date 20/11/2022 16:00:00, next check date to 20/11/2022 17:55:00
2022-11-11 22:05:00.6205 INFO SetNextResultCheckDateTime - Set League World UEFA Nations League, fixture date 21/03/2024 00:00:00, next check date to 21/03/2024 01:55:00
2022-11-11 22:05:00.6205 INFO SetNextResultCheckDateTime - Set League Premier League 2022, fixture date 12/11/2022 12:30:00, next check date to 12/11/2022 14:25:00
2022-11-11 22:05:00.6205 INFO SetNextResultCheckDateTime - Set League England Championship 2022, fixture date 12/11/2022 15:00:00, next check date to 12/11/2022 16:55:00
2022-11-11 22:05:00.6205 INFO SetNextResultCheckDateTime - Set League Italy Serie A 2022, fixture date 12/11/2022 14:00:00, next check date to 12/11/2022 15:55:00
2022-11-11 22:05:00.6205 INFO SetCachedItem = setting cache for NextFixtureCheckDateTime
2022-11-11 22:05:00.6205 INFO SetCachedItem = setting cache for NextFixtureCheckDateTime, with Expiry Date of 11/12/2022 22:05:00
2022-11-11 22:22:10.0098 INFO Default Quartz.NET properties loaded from embedded resource file
2022-11-11 22:22:10.0736 INFO Initialized Scheduler Signaller of type: Quartz.Core.SchedulerSignalerImpl
2022-11-11 22:22:10.0736 INFO Quartz Scheduler v.3.2.2.0 created.
2022-11-11 22:22:10.0736 INFO JobFactory set to: Quartz.Simpl.PropertySettingJobFactory
2022-11-11 22:22:10.0816 INFO RAMJobStore initialized.
2022-11-11 22:22:10.0816 INFO Scheduler meta-data: Quartz Scheduler (v3.2.2.0) 'DefaultQuartzScheduler' with instanceId 'NON_CLUSTERED'
  Scheduler class: 'Quartz.Core.QuartzScheduler' - running locally.
  NOT STARTED.
  Currently in standby mode.
  Number of jobs executed: 0
  Using thread pool 'Quartz.Simpl.DefaultThreadPool' - with 10 threads.
  Using job-store 'Quartz.Simpl.RAMJobStore' - which does not support persistence. and is not clustered.

2022-11-11 22:22:10.0816 INFO Quartz scheduler 'DefaultQuartzScheduler' initialized
2022-11-11 22:22:10.0816 INFO Quartz scheduler version: 3.2.2.0
2022-11-11 22:22:10.1001 INFO Scheduler DefaultQuartzScheduler_$_NON_CLUSTERED started.
2022-11-11 22:22:10.7235 INFO Startup Configuration - Start
2022-11-11 22:22:10.7235 INFO SetEventCache - Start
2022-11-11 22:22:10.7755 INFO SetCachedItem = setting cache for Events
2022-11-11 22:22:10.7755 INFO SetCachedItem = setting cache for Events, with Expiry Date of 11/12/2022 22:22:10
2022-11-11 22:22:10.7755 INFO SetNextResultCheckDateTime - Start - roundUp = False - forceUpdate = False
2022-11-11 22:22:10.7755 INFO SetNextResultCheckDateTime - rapidApiResultChecks == null
2022-11-11 22:22:10.8150 INFO SetNextResultCheckDateTime - Set League World Cup 2022, fixture date 20/11/2022 16:00:00, next check date to 20/11/2022 17:55:00
2022-11-11 22:22:10.8160 INFO SetNextResultCheckDateTime - Set League World UEFA Nations League, fixture date 21/03/2024 00:00:00, next check date to 21/03/2024 01:55:00
2022-11-11 22:22:10.8160 INFO SetNextResultCheckDateTime - Set League Premier League 2022, fixture date 12/11/2022 12:30:00, next check date to 12/11/2022 14:25:00
2022-11-11 22:22:10.8160 INFO SetNextResultCheckDateTime - Set League England Championship 2022, fixture date 12/11/2022 15:00:00, next check date to 12/11/2022 16:55:00
2022-11-11 22:22:10.8160 INFO SetNextResultCheckDateTime - Set League Italy Serie A 2022, fixture date 12/11/2022 14:00:00, next check date to 12/11/2022 15:55:00
2022-11-11 22:22:10.8160 INFO SetCachedItem = setting cache for NextFixtureCheckDateTime
2022-11-11 22:22:10.8160 INFO SetCachedItem = setting cache for NextFixtureCheckDateTime, with Expiry Date of 11/12/2022 22:22:10
2022-11-11 22:23:00.0838 INFO DailyRapidApiLeagueCheck --> lastDate = 11/11/2022 00:00:00, Now = 11/11/2022 00:00:00
2022-11-11 22:23:00.0838 INFO SetCachedItem = setting cache for DailyRapidApiLeagueCheck, with Expiry Date of 12/11/2022 00:00:00
2022-11-11 22:23:00.0838 INFO DailyRapidApiLeagueCheck --> performUpdate = False
2022-11-11 22:50:38.5496 INFO Default Quartz.NET properties loaded from embedded resource file
2022-11-11 22:50:38.5816 INFO Initialized Scheduler Signaller of type: Quartz.Core.SchedulerSignalerImpl
2022-11-11 22:50:38.5816 INFO Quartz Scheduler v.3.2.2.0 created.
2022-11-11 22:50:38.5816 INFO JobFactory set to: Quartz.Simpl.PropertySettingJobFactory
2022-11-11 22:50:38.5816 INFO RAMJobStore initialized.
2022-11-11 22:50:38.5816 INFO Scheduler meta-data: Quartz Scheduler (v3.2.2.0) 'DefaultQuartzScheduler' with instanceId 'NON_CLUSTERED'
  Scheduler class: 'Quartz.Core.QuartzScheduler' - running locally.
  NOT STARTED.
  Currently in standby mode.
  Number of jobs executed: 0
  Using thread pool 'Quartz.Simpl.DefaultThreadPool' - with 10 threads.
  Using job-store 'Quartz.Simpl.RAMJobStore' - which does not support persistence. and is not clustered.

2022-11-11 22:50:38.5816 INFO Quartz scheduler 'DefaultQuartzScheduler' initialized
2022-11-11 22:50:38.5816 INFO Quartz scheduler version: 3.2.2.0
2022-11-11 22:50:38.5816 INFO Scheduler DefaultQuartzScheduler_$_NON_CLUSTERED started.
2022-11-11 22:50:39.2546 INFO Startup Configuration - Start
2022-11-11 22:50:39.2546 INFO SetEventCache - Start
2022-11-11 22:50:39.2947 INFO SetCachedItem = setting cache for Events
2022-11-11 22:50:39.3027 INFO SetCachedItem = setting cache for Events, with Expiry Date of 11/12/2022 22:50:39
2022-11-11 22:50:39.3027 INFO SetNextResultCheckDateTime - Start - roundUp = False - forceUpdate = False
2022-11-11 22:50:39.3027 INFO SetNextResultCheckDateTime - rapidApiResultChecks == null
2022-11-11 22:50:39.3346 INFO SetNextResultCheckDateTime - Set League World Cup 2022, fixture date 20/11/2022 16:00:00, next check date to 20/11/2022 17:55:00
2022-11-11 22:50:39.3346 INFO SetNextResultCheckDateTime - Set League World UEFA Nations League, fixture date 21/03/2024 00:00:00, next check date to 21/03/2024 01:55:00
2022-11-11 22:50:39.3346 INFO SetNextResultCheckDateTime - Set League Premier League 2022, fixture date 12/11/2022 12:30:00, next check date to 12/11/2022 14:25:00
2022-11-11 22:50:39.3346 INFO SetNextResultCheckDateTime - Set League England Championship 2022, fixture date 12/11/2022 15:00:00, next check date to 12/11/2022 16:55:00
2022-11-11 22:50:39.3346 INFO SetNextResultCheckDateTime - Set League Italy Serie A 2022, fixture date 12/11/2022 14:00:00, next check date to 12/11/2022 15:55:00
2022-11-11 22:50:39.3346 INFO SetCachedItem = setting cache for NextFixtureCheckDateTime
2022-11-11 22:50:39.3346 INFO SetCachedItem = setting cache for NextFixtureCheckDateTime, with Expiry Date of 11/12/2022 22:50:39
