2022-05-11 11:06:27.7525 INFO Default Quartz.NET properties loaded from embedded resource file
2022-05-11 11:06:27.8085 INFO Initialized Scheduler Signaller of type: Quartz.Core.SchedulerSignalerImpl
2022-05-11 11:06:27.8085 INFO Quartz Scheduler v.3.2.2.0 created.
2022-05-11 11:06:27.8244 INFO JobFactory set to: Quartz.Simpl.PropertySettingJobFactory
2022-05-11 11:06:27.8324 INFO RAMJobStore initialized.
2022-05-11 11:06:27.9044 INFO Scheduler meta-data: Quartz Scheduler (v3.2.2.0) 'DefaultQuartzScheduler' with instanceId 'NON_CLUSTERED'
  Scheduler class: 'Quartz.Core.QuartzScheduler' - running locally.
  NOT STARTED.
  Currently in standby mode.
  Number of jobs executed: 0
  Using thread pool 'Quartz.Simpl.DefaultThreadPool' - with 10 threads.
  Using job-store 'Quartz.Simpl.RAMJobStore' - which does not support persistence. and is not clustered.

2022-05-11 11:06:27.9044 INFO Quartz scheduler 'DefaultQuartzScheduler' initialized
2022-05-11 11:06:27.9044 INFO Quartz scheduler version: 3.2.2.0
2022-05-11 11:06:27.9204 INFO Scheduler DefaultQuartzScheduler_$_NON_CLUSTERED started.
2022-05-11 11:06:28.0483 INFO Startup Configuration - Start
2022-05-11 11:06:28.0483 INFO SetEventCache - Start
2022-05-11 11:06:28.1123 INFO SetCachedItem = setting cache for Events
2022-05-11 11:06:28.1123 INFO SetCachedItem = setting cache for Events, with Expiry Date of 10/06/2022 10:06:28
2022-05-11 11:06:28.1123 INFO SetNextResultCheckDateTime - Start - roundUp = False
2022-05-11 11:06:28.1123 INFO SetNextResultCheckDateTime - rapidApiResultChecks == null
2022-05-11 11:06:28.1522 INFO SetNextResultCheckDateTime - Set League 3456, fixture date 07/05/2022 14:00:00, next check date to 07/05/2022 15:55:00
2022-05-11 11:06:28.1522 INFO SetNextResultCheckDateTime - Set League 3501, fixture date 07/05/2022 11:30:00, next check date to 07/05/2022 13:25:00
2022-05-11 11:06:28.1522 INFO SetNextResultCheckDateTime - Set League , fixture date 21/11/2022 10:00:00, next check date to 21/11/2022 11:55:00
2022-05-11 11:06:28.1522 INFO SetNextResultCheckDateTime - Set League , fixture date 07/05/2022 13:30:00, next check date to 07/05/2022 15:25:00
2022-05-11 11:06:28.1603 INFO SetCachedItem = setting cache for NextFixtureCheckDateTime
2022-05-11 11:06:28.1603 INFO SetCachedItem = setting cache for NextFixtureCheckDateTime, with Expiry Date of 10/06/2022 10:06:28
2022-05-11 11:07:00.0887 INFO GetRapidApiResults = Getting results from RapidApi 3456. FixtureDateTime = 07/05/2022 00:00:00, ResultCheckDateTime = 07/05/2022 15:55:00, Now = 11/05/2022 10:07:00
2022-05-11 11:07:00.0887 INFO FixturesByLeague - League = 3456, EarliestDate = 07/05/2022 00:00:00
2022-05-11 11:07:01.0667 INFO UpdateFixtures - earliestDate = 07/05/2022 00:00:00
2022-05-11 11:07:01.9742 INFO SetEventCache - Start
2022-05-11 11:07:01.9898 INFO SetCachedItem = setting cache for Events
2022-05-11 11:07:01.9898 INFO SetCachedItem = setting cache for Events, with Expiry Date of 10/06/2022 10:07:01
2022-05-11 11:07:01.9898 INFO GetRapidApiResults = Getting results from RapidApi 3501. FixtureDateTime = 07/05/2022 00:00:00, ResultCheckDateTime = 07/05/2022 13:25:00, Now = 11/05/2022 10:07:01
2022-05-11 11:07:01.9898 INFO FixturesByLeague - League = 3501, EarliestDate = 07/05/2022 00:00:00
2022-05-11 11:07:02.2409 INFO UpdateFixtures - earliestDate = 07/05/2022 00:00:00
2022-05-11 11:07:02.6783 INFO SetEventCache - Start
2022-05-11 11:07:02.6783 INFO SetCachedItem = setting cache for Events
2022-05-11 11:07:02.6783 INFO SetCachedItem = setting cache for Events, with Expiry Date of 10/06/2022 10:07:02
2022-05-11 11:07:02.6783 INFO GetRapidApiResults V3 = Getting results from rapidApiV3LeagueSeasonId = 53. FixtureDateTime = 07/05/2022 00:00:00, ResultCheckDateTime = 07/05/2022 13:25:00, Now = 11/05/2022 10:07:02
2022-05-11 11:07:02.6783 INFO V3FixturesByLeague - rapidApiV3LeagueSeasonId = 53, EarliestDate = 07/05/2022 00:00:00
2022-05-11 11:07:03.0938 INFO V3UpdateFixtures - earliestDate = 07/05/2022 00:00:00, leagueId = 17
2022-05-11 11:07:03.3750 INFO GetRapidApiResults V3 = Getting results from rapidApiV3LeagueSeasonId = 59. FixtureDateTime = 07/05/2022 00:00:00, ResultCheckDateTime = 07/05/2022 15:25:00, Now = 11/05/2022 10:07:03
2022-05-11 11:07:03.3750 INFO V3FixturesByLeague - rapidApiV3LeagueSeasonId = 59, EarliestDate = 07/05/2022 00:00:00
2022-05-11 11:07:04.0041 INFO V3UpdateFixtures - earliestDate = 07/05/2022 00:00:00, leagueId = 21
2022-05-11 11:07:04.1135 INFO SetEventCache - Start
2022-05-11 11:07:04.1135 INFO SetCachedItem = setting cache for Events
2022-05-11 11:07:04.1135 INFO SetCachedItem = setting cache for Events, with Expiry Date of 10/06/2022 10:07:04
2022-05-11 11:07:04.1135 INFO SetNextResultCheckDateTime - Start - roundUp = True
2022-05-11 11:07:04.1291 INFO SetNextResultCheckDateTime - Set League 3456, fixture date 11/05/2022 18:30:00, next check date to 11/05/2022 20:25:00
2022-05-11 11:07:04.1291 INFO SetNextResultCheckDateTime - Set League , fixture date 21/11/2022 10:00:00, next check date to 21/11/2022 11:55:00
2022-05-11 11:07:04.1291 INFO SetCachedItem = setting cache for NextFixtureCheckDateTime
2022-05-11 11:07:04.1291 INFO SetCachedItem = setting cache for NextFixtureCheckDateTime, with Expiry Date of 10/06/2022 10:07:04
2022-05-11 11:07:04.1291 INFO DailyRapidApiLeagueCheck --> lastDate = 06/05/2022 00:00:00, Now = 11/05/2022 00:00:00
2022-05-11 11:07:04.1447 INFO SetCachedItem = setting cache for DailyRapidApiLeagueCheck, with Expiry Date of 12/05/2022 00:00:00
2022-05-11 11:07:04.1447 INFO DailyRapidApiLeagueCheck --> performUpdate = True
2022-05-11 11:07:04.1447 INFO DailyRapidApiLeagueCheck --> Performing daily league update
2022-05-11 11:07:04.2228 INFO V3FixturesByLeague - rapidApiV3LeagueSeasonId = 59, EarliestDate = 14/05/2022 00:00:00
2022-05-11 11:07:04.3947 INFO V3UpdateFixtures - earliestDate = 14/05/2022 00:00:00, leagueId = 21
2022-05-11 11:07:04.4755 INFO V3FixturesByLeague - rapidApiV3LeagueSeasonId = 48, EarliestDate = 14/05/2022 00:00:00
2022-05-11 11:07:04.8965 INFO V3UpdateFixtures - earliestDate = 14/05/2022 00:00:00, leagueId = 20
2022-05-11 11:07:05.1621 INFO V3FixturesByLeague - rapidApiV3LeagueSeasonId = 4, EarliestDate = 21/11/2022 00:00:00
2022-05-11 11:07:05.3652 INFO V3UpdateFixtures - earliestDate = 21/11/2022 00:00:00, leagueId = 19
2022-05-11 11:07:05.5894 INFO V3FixturesByLeague - rapidApiV3LeagueSeasonId = 55, EarliestDate = 06/05/2022 00:00:00
2022-05-11 11:07:05.9536 INFO V3UpdateFixtures - earliestDate = 06/05/2022 00:00:00, leagueId = 18
2022-05-11 11:07:06.2254 INFO SetEventCache - Start
2022-05-11 11:07:06.2254 INFO SetCachedItem = setting cache for Events
2022-05-11 11:07:06.2254 INFO SetCachedItem = setting cache for Events, with Expiry Date of 10/06/2022 10:07:06
2022-05-11 11:07:06.2334 INFO V3FixturesByLeague - rapidApiV3LeagueSeasonId = 53, EarliestDate = 13/05/2022 00:00:00
2022-05-11 11:07:06.4734 INFO V3UpdateFixtures - earliestDate = 13/05/2022 00:00:00, leagueId = 17
2022-05-11 11:07:06.7252 INFO FixturesByLeague - League = 3501, EarliestDate = 13/05/2022 00:00:00
2022-05-11 11:07:06.9814 INFO UpdateFixtures - earliestDate = 13/05/2022 00:00:00
2022-05-11 11:07:07.2453 INFO FixturesByOdds - League = 3501
2022-05-11 11:07:12.2265 INFO OddsByLeagueAndBookmaker - League = 3501, pageNbr = 2
2022-05-11 11:07:15.4818 INFO OddsByLeagueAndBookmaker - League = 3501, pageNbr = 0
2022-05-11 11:07:15.5131 INFO FixturesByLeague - League = 3448, EarliestDate = 06/05/2022 00:00:00
2022-05-11 11:07:15.7005 INFO UpdateFixtures - earliestDate = 06/05/2022 00:00:00
2022-05-11 11:07:16.0286 INFO SetEventCache - Start
2022-05-11 11:07:16.0286 INFO SetCachedItem = setting cache for Events
2022-05-11 11:07:16.0286 INFO SetCachedItem = setting cache for Events, with Expiry Date of 10/06/2022 10:07:16
2022-05-11 11:07:16.0442 INFO FixturesByOdds - League = 3448
2022-05-11 11:07:21.2374 INFO OddsByLeagueAndBookmaker - League = 3448, pageNbr = 2
2022-05-11 11:07:24.7194 INFO OddsByLeagueAndBookmaker - League = 3448, pageNbr = 0
2022-05-11 11:07:24.7350 INFO FixturesByLeague - League = 3456, EarliestDate = 11/05/2022 00:00:00
2022-05-11 11:07:24.9693 INFO UpdateFixtures - earliestDate = 11/05/2022 00:00:00
2022-05-11 11:07:25.2505 INFO FixturesByOdds - League = 3456
2022-05-11 11:07:27.9493 INFO OddsByLeagueAndBookmaker - League = 3456, pageNbr = 2
2022-05-11 11:07:32.1730 INFO OddsByLeagueAndBookmaker - League = 3456, pageNbr = 3
2022-05-11 11:07:35.8628 INFO OddsByLeagueAndBookmaker - League = 3456, pageNbr = 0
2022-05-11 11:10:47.5616 INFO SetEventCache - Start
2022-05-11 11:10:47.5616 INFO SetCachedItem = setting cache for Events
2022-05-11 11:10:47.5616 INFO SetCachedItem = setting cache for Events, with Expiry Date of 10/06/2022 10:10:47
2022-05-11 11:11:29.1386 INFO SetEventCache - Start
2022-05-11 11:11:29.1386 INFO SetCachedItem = setting cache for Events
2022-05-11 11:11:29.1386 INFO SetCachedItem = setting cache for Events, with Expiry Date of 10/06/2022 10:11:29
2022-05-11 11:12:07.5556 INFO SetEventCache - Start
2022-05-11 11:12:07.5606 INFO SetCachedItem = setting cache for Events
2022-05-11 11:12:07.5606 INFO SetCachedItem = setting cache for Events, with Expiry Date of 10/06/2022 10:12:07
2022-05-11 11:18:05.6373 INFO Default Quartz.NET properties loaded from embedded resource file
2022-05-11 11:18:05.6852 INFO Initialized Scheduler Signaller of type: Quartz.Core.SchedulerSignalerImpl
2022-05-11 11:18:05.7252 INFO Quartz Scheduler v.3.2.2.0 created.
2022-05-11 11:18:05.7572 INFO JobFactory set to: Quartz.Simpl.PropertySettingJobFactory
2022-05-11 11:18:05.7731 INFO RAMJobStore initialized.
2022-05-11 11:18:05.7811 INFO Scheduler meta-data: Quartz Scheduler (v3.2.2.0) 'DefaultQuartzScheduler' with instanceId 'NON_CLUSTERED'
  Scheduler class: 'Quartz.Core.QuartzScheduler' - running locally.
  NOT STARTED.
  Currently in standby mode.
  Number of jobs executed: 0
  Using thread pool 'Quartz.Simpl.DefaultThreadPool' - with 10 threads.
  Using job-store 'Quartz.Simpl.RAMJobStore' - which does not support persistence. and is not clustered.

2022-05-11 11:18:05.7811 INFO Quartz scheduler 'DefaultQuartzScheduler' initialized
2022-05-11 11:18:05.7811 INFO Quartz scheduler version: 3.2.2.0
2022-05-11 11:18:05.7811 INFO Scheduler DefaultQuartzScheduler_$_NON_CLUSTERED started.
2022-05-11 11:18:05.9171 INFO Startup Configuration - Start
2022-05-11 11:18:05.9171 INFO SetEventCache - Start
2022-05-11 11:18:05.9650 INFO SetCachedItem = setting cache for Events
2022-05-11 11:18:05.9650 INFO SetCachedItem = setting cache for Events, with Expiry Date of 10/06/2022 10:18:05
2022-05-11 11:18:05.9730 INFO SetNextResultCheckDateTime - Start - roundUp = False
2022-05-11 11:18:05.9730 INFO SetNextResultCheckDateTime - rapidApiResultChecks == null
2022-05-11 11:18:06.0050 INFO SetNextResultCheckDateTime - Set League 3456, fixture date 11/05/2022 18:30:00, next check date to 11/05/2022 20:25:00
2022-05-11 11:18:06.0050 INFO SetNextResultCheckDateTime - Set League 3501, fixture date 14/05/2022 14:00:00, next check date to 14/05/2022 15:55:00
2022-05-11 11:18:06.0130 INFO SetNextResultCheckDateTime - Set League , fixture date 21/11/2022 10:00:00, next check date to 21/11/2022 11:55:00
2022-05-11 11:18:06.0130 INFO SetNextResultCheckDateTime - Set League , fixture date 14/05/2022 13:00:00, next check date to 14/05/2022 14:55:00
2022-05-11 11:18:06.0130 INFO SetCachedItem = setting cache for NextFixtureCheckDateTime
2022-05-11 11:18:06.0130 INFO SetCachedItem = setting cache for NextFixtureCheckDateTime, with Expiry Date of 10/06/2022 10:18:06
2022-05-11 11:19:00.0880 INFO DailyRapidApiLeagueCheck --> lastDate = 11/05/2022 00:00:00, Now = 11/05/2022 00:00:00
2022-05-11 11:19:00.0880 INFO SetCachedItem = setting cache for DailyRapidApiLeagueCheck, with Expiry Date of 12/05/2022 00:00:00
2022-05-11 11:19:00.0880 INFO DailyRapidApiLeagueCheck --> performUpdate = False
2022-05-11 11:19:02.8781 INFO DailyRapidApiLeagueCheck --> Performing daily league update
2022-05-11 11:19:02.9420 INFO V3FixturesByLeague - rapidApiV3LeagueSeasonId = 59, EarliestDate = 14/05/2022 00:00:00
2022-05-11 11:19:03.9119 INFO V3UpdateFixtures - earliestDate = 14/05/2022 00:00:00, leagueId = 21
2022-05-11 11:19:04.0398 INFO V3FixturesByLeague - rapidApiV3LeagueSeasonId = 48, EarliestDate = 14/05/2022 00:00:00
2022-05-11 11:19:09.6747 INFO V3UpdateFixtures - earliestDate = 14/05/2022 00:00:00, leagueId = 20
2022-05-11 11:19:10.0985 INFO V3FixturesByLeague - rapidApiV3LeagueSeasonId = 4, EarliestDate = 21/11/2022 00:00:00
2022-05-11 11:19:10.3303 INFO V3UpdateFixtures - earliestDate = 21/11/2022 00:00:00, leagueId = 19
2022-05-11 11:19:10.5542 INFO V3FixturesByLeague - rapidApiV3LeagueSeasonId = 55, EarliestDate = 21/05/2022 00:00:00
2022-05-11 11:19:10.8998 INFO V3UpdateFixtures - earliestDate = 21/05/2022 00:00:00, leagueId = 18
2022-05-11 11:19:11.1636 INFO V3FixturesByLeague - rapidApiV3LeagueSeasonId = 53, EarliestDate = 13/05/2022 00:00:00
2022-05-11 11:19:11.4860 INFO V3UpdateFixtures - earliestDate = 13/05/2022 00:00:00, leagueId = 17
2022-05-11 11:19:11.7418 INFO FixturesByLeague - League = 3501, EarliestDate = 13/05/2022 00:00:00
2022-05-11 11:19:12.0116 INFO UpdateFixtures - earliestDate = 13/05/2022 00:00:00
2022-05-11 11:19:12.2250 INFO FixturesByLeague - League = 3448, EarliestDate = 11/05/2022 00:00:00
2022-05-11 11:19:12.9457 INFO UpdateFixtures - earliestDate = 11/05/2022 00:00:00
2022-05-11 11:19:13.1041 INFO FixturesByLeague - League = 3456, EarliestDate = 11/05/2022 00:00:00
2022-05-11 11:19:13.3366 INFO UpdateFixtures - earliestDate = 11/05/2022 00:00:00
2022-05-11 11:22:23.3280 INFO Default Quartz.NET properties loaded from embedded resource file
2022-05-11 11:22:23.3839 INFO Initialized Scheduler Signaller of type: Quartz.Core.SchedulerSignalerImpl
2022-05-11 11:22:23.4159 INFO Quartz Scheduler v.3.2.2.0 created.
2022-05-11 11:22:23.4399 INFO JobFactory set to: Quartz.Simpl.PropertySettingJobFactory
2022-05-11 11:22:23.4559 INFO RAMJobStore initialized.
2022-05-11 11:22:23.4559 INFO Scheduler meta-data: Quartz Scheduler (v3.2.2.0) 'DefaultQuartzScheduler' with instanceId 'NON_CLUSTERED'
  Scheduler class: 'Quartz.Core.QuartzScheduler' - running locally.
  NOT STARTED.
  Currently in standby mode.
  Number of jobs executed: 0
  Using thread pool 'Quartz.Simpl.DefaultThreadPool' - with 10 threads.
  Using job-store 'Quartz.Simpl.RAMJobStore' - which does not support persistence. and is not clustered.

2022-05-11 11:22:23.4559 INFO Quartz scheduler 'DefaultQuartzScheduler' initialized
2022-05-11 11:22:23.4559 INFO Quartz scheduler version: 3.2.2.0
2022-05-11 11:22:23.4559 INFO Scheduler DefaultQuartzScheduler_$_NON_CLUSTERED started.
2022-05-11 11:22:23.5838 INFO Startup Configuration - Start
2022-05-11 11:22:23.5838 INFO SetEventCache - Start
2022-05-11 11:22:23.6398 INFO SetCachedItem = setting cache for Events
2022-05-11 11:22:23.6398 INFO SetCachedItem = setting cache for Events, with Expiry Date of 10/06/2022 10:22:23
2022-05-11 11:22:23.6398 INFO SetNextResultCheckDateTime - Start - roundUp = False
2022-05-11 11:22:23.6398 INFO SetNextResultCheckDateTime - rapidApiResultChecks == null
2022-05-11 11:22:23.6797 INFO SetNextResultCheckDateTime - Set League 3456, fixture date 11/05/2022 18:30:00, next check date to 11/05/2022 20:25:00
2022-05-11 11:22:23.6797 INFO SetNextResultCheckDateTime - Set League 3501, fixture date 14/05/2022 14:00:00, next check date to 14/05/2022 15:55:00
2022-05-11 11:22:23.6797 INFO SetNextResultCheckDateTime - Set League , fixture date 21/11/2022 10:00:00, next check date to 21/11/2022 11:55:00
2022-05-11 11:22:23.6797 INFO SetNextResultCheckDateTime - Set League , fixture date 14/05/2022 13:00:00, next check date to 14/05/2022 14:55:00
2022-05-11 11:22:23.6797 INFO SetCachedItem = setting cache for NextFixtureCheckDateTime
2022-05-11 11:22:23.6797 INFO SetCachedItem = setting cache for NextFixtureCheckDateTime, with Expiry Date of 10/06/2022 10:22:23
2022-05-11 11:22:35.7183 INFO DailyRapidApiLeagueCheck --> Performing daily league update
2022-05-11 11:22:35.8222 INFO V3FixturesByLeague - rapidApiV3LeagueSeasonId = 59, EarliestDate = 14/05/2022 00:00:00
2022-05-11 11:22:36.5897 INFO V3UpdateFixtures - earliestDate = 14/05/2022 00:00:00, leagueId = 21
2022-05-11 11:22:36.7256 INFO V3FixturesByLeague - rapidApiV3LeagueSeasonId = 48, EarliestDate = 14/05/2022 00:00:00
2022-05-11 11:22:37.4458 INFO V3UpdateFixtures - earliestDate = 14/05/2022 00:00:00, leagueId = 20
2022-05-11 11:22:37.7096 INFO V3FixturesByLeague - rapidApiV3LeagueSeasonId = 4, EarliestDate = 21/11/2022 00:00:00
2022-05-11 11:22:38.0054 INFO V3UpdateFixtures - earliestDate = 21/11/2022 00:00:00, leagueId = 19
2022-05-11 11:22:38.2293 INFO V3FixturesByLeague - rapidApiV3LeagueSeasonId = 55, EarliestDate = 21/05/2022 00:00:00
2022-05-11 11:22:38.7250 INFO V3UpdateFixtures - earliestDate = 21/05/2022 00:00:00, leagueId = 18
2022-05-11 11:22:38.9728 INFO V3FixturesByLeague - rapidApiV3LeagueSeasonId = 53, EarliestDate = 13/05/2022 00:00:00
2022-05-11 11:22:39.3057 INFO V3UpdateFixtures - earliestDate = 13/05/2022 00:00:00, leagueId = 17
2022-05-11 11:22:39.6175 INFO FixturesByLeague - League = 3501, EarliestDate = 13/05/2022 00:00:00
2022-05-11 11:22:39.8813 INFO UpdateFixtures - earliestDate = 13/05/2022 00:00:00
2022-05-11 11:22:40.0652 INFO FixturesByLeague - League = 3448, EarliestDate = 11/05/2022 00:00:00
2022-05-11 11:22:40.3610 INFO UpdateFixtures - earliestDate = 11/05/2022 00:00:00
2022-05-11 11:22:40.5288 INFO FixturesByLeague - League = 3456, EarliestDate = 11/05/2022 00:00:00
2022-05-11 11:22:45.8002 INFO UpdateFixtures - earliestDate = 11/05/2022 00:00:00
2022-05-11 11:23:00.3405 INFO DailyRapidApiLeagueCheck --> lastDate = 11/05/2022 00:00:00, Now = 11/05/2022 00:00:00
2022-05-11 11:23:00.3405 INFO SetCachedItem = setting cache for DailyRapidApiLeagueCheck, with Expiry Date of 12/05/2022 00:00:00
2022-05-11 11:23:00.3615 INFO DailyRapidApiLeagueCheck --> performUpdate = False
2022-05-11 11:25:02.5605 INFO Default Quartz.NET properties loaded from embedded resource file
2022-05-11 11:25:02.6173 INFO Initialized Scheduler Signaller of type: Quartz.Core.SchedulerSignalerImpl
2022-05-11 11:25:02.6343 INFO Quartz Scheduler v.3.2.2.0 created.
2022-05-11 11:25:02.6722 INFO JobFactory set to: Quartz.Simpl.PropertySettingJobFactory
2022-05-11 11:25:02.6861 INFO RAMJobStore initialized.
2022-05-11 11:25:02.6861 INFO Scheduler meta-data: Quartz Scheduler (v3.2.2.0) 'DefaultQuartzScheduler' with instanceId 'NON_CLUSTERED'
  Scheduler class: 'Quartz.Core.QuartzScheduler' - running locally.
  NOT STARTED.
  Currently in standby mode.
  Number of jobs executed: 0
  Using thread pool 'Quartz.Simpl.DefaultThreadPool' - with 10 threads.
  Using job-store 'Quartz.Simpl.RAMJobStore' - which does not support persistence. and is not clustered.

2022-05-11 11:25:02.6861 INFO Quartz scheduler 'DefaultQuartzScheduler' initialized
2022-05-11 11:25:02.6861 INFO Quartz scheduler version: 3.2.2.0
2022-05-11 11:25:02.6861 INFO Scheduler DefaultQuartzScheduler_$_NON_CLUSTERED started.
2022-05-11 11:25:02.8188 INFO Startup Configuration - Start
2022-05-11 11:25:02.8188 INFO SetEventCache - Start
2022-05-11 11:25:02.8716 INFO SetCachedItem = setting cache for Events
2022-05-11 11:25:02.8716 INFO SetCachedItem = setting cache for Events, with Expiry Date of 10/06/2022 10:25:02
2022-05-11 11:25:02.8716 INFO SetNextResultCheckDateTime - Start - roundUp = False
2022-05-11 11:25:02.8716 INFO SetNextResultCheckDateTime - rapidApiResultChecks == null
2022-05-11 11:25:02.9136 INFO SetNextResultCheckDateTime - Set League 3456, fixture date 11/05/2022 18:30:00, next check date to 11/05/2022 20:25:00
2022-05-11 11:25:02.9136 INFO SetNextResultCheckDateTime - Set League 3501, fixture date 14/05/2022 14:00:00, next check date to 14/05/2022 15:55:00
2022-05-11 11:25:02.9136 INFO SetNextResultCheckDateTime - Set League , fixture date 21/11/2022 10:00:00, next check date to 21/11/2022 11:55:00
2022-05-11 11:25:02.9136 INFO SetNextResultCheckDateTime - Set League , fixture date 14/05/2022 13:00:00, next check date to 14/05/2022 14:55:00
2022-05-11 11:25:02.9136 INFO SetCachedItem = setting cache for NextFixtureCheckDateTime
2022-05-11 11:25:02.9136 INFO SetCachedItem = setting cache for NextFixtureCheckDateTime, with Expiry Date of 10/06/2022 10:25:02
2022-05-11 11:25:24.5947 INFO Default Quartz.NET properties loaded from embedded resource file
2022-05-11 11:25:24.6935 INFO Initialized Scheduler Signaller of type: Quartz.Core.SchedulerSignalerImpl
2022-05-11 11:25:24.7354 INFO Quartz Scheduler v.3.2.2.0 created.
2022-05-11 11:25:24.7354 INFO JobFactory set to: Quartz.Simpl.PropertySettingJobFactory
2022-05-11 11:25:24.7503 INFO RAMJobStore initialized.
2022-05-11 11:25:24.7503 INFO Scheduler meta-data: Quartz Scheduler (v3.2.2.0) 'DefaultQuartzScheduler' with instanceId 'NON_CLUSTERED'
  Scheduler class: 'Quartz.Core.QuartzScheduler' - running locally.
  NOT STARTED.
  Currently in standby mode.
  Number of jobs executed: 0
  Using thread pool 'Quartz.Simpl.DefaultThreadPool' - with 10 threads.
  Using job-store 'Quartz.Simpl.RAMJobStore' - which does not support persistence. and is not clustered.

2022-05-11 11:25:24.7503 INFO Quartz scheduler 'DefaultQuartzScheduler' initialized
2022-05-11 11:25:24.7503 INFO Quartz scheduler version: 3.2.2.0
2022-05-11 11:25:24.7723 INFO Scheduler DefaultQuartzScheduler_$_NON_CLUSTERED started.
2022-05-11 11:25:25.5313 INFO Startup Configuration - Start
2022-05-11 11:25:25.5313 INFO SetEventCache - Start
2022-05-11 11:25:25.6111 INFO SetCachedItem = setting cache for Events
2022-05-11 11:25:25.6260 INFO SetCachedItem = setting cache for Events, with Expiry Date of 10/06/2022 10:25:25
2022-05-11 11:25:25.6260 INFO SetNextResultCheckDateTime - Start - roundUp = False
2022-05-11 11:25:25.6260 INFO SetNextResultCheckDateTime - rapidApiResultChecks == null
2022-05-11 11:25:25.6709 INFO SetNextResultCheckDateTime - Set League 3456, fixture date 11/05/2022 18:30:00, next check date to 11/05/2022 20:25:00
2022-05-11 11:25:25.6709 INFO SetNextResultCheckDateTime - Set League 3501, fixture date 14/05/2022 14:00:00, next check date to 14/05/2022 15:55:00
2022-05-11 11:25:25.6709 INFO SetNextResultCheckDateTime - Set League , fixture date 21/11/2022 10:00:00, next check date to 21/11/2022 11:55:00
2022-05-11 11:25:25.6709 INFO SetNextResultCheckDateTime - Set League , fixture date 14/05/2022 13:00:00, next check date to 14/05/2022 14:55:00
2022-05-11 11:25:25.6709 INFO SetCachedItem = setting cache for NextFixtureCheckDateTime
2022-05-11 11:25:25.6709 INFO SetCachedItem = setting cache for NextFixtureCheckDateTime, with Expiry Date of 10/06/2022 10:25:25
2022-05-11 11:25:51.3026 INFO DailyRapidApiLeagueCheck --> Performing daily league update
2022-05-11 11:25:51.4385 INFO V3FixturesByLeague - rapidApiV3LeagueSeasonId = 59, EarliestDate = 14/05/2022 00:00:00
2022-05-11 11:25:52.2380 INFO V3UpdateFixtures - earliestDate = 14/05/2022 00:00:00, leagueId = 21
2022-05-11 11:25:52.3819 INFO V3FixturesByLeague - rapidApiV3LeagueSeasonId = 48, EarliestDate = 14/05/2022 00:00:00
2022-05-11 11:25:52.8344 INFO V3UpdateFixtures - earliestDate = 14/05/2022 00:00:00, leagueId = 20
2022-05-11 11:25:53.1062 INFO V3FixturesByLeague - rapidApiV3LeagueSeasonId = 4, EarliestDate = 21/11/2022 00:00:00
2022-05-11 11:25:53.3465 INFO V3UpdateFixtures - earliestDate = 21/11/2022 00:00:00, leagueId = 19
2022-05-11 11:25:53.6343 INFO V3FixturesByLeague - rapidApiV3LeagueSeasonId = 55, EarliestDate = 21/05/2022 00:00:00
2022-05-11 11:25:54.8437 INFO V3UpdateFixtures - earliestDate = 21/05/2022 00:00:00, leagueId = 18
2022-05-11 11:25:55.0595 INFO V3FixturesByLeague - rapidApiV3LeagueSeasonId = 53, EarliestDate = 13/05/2022 00:00:00
2022-05-11 11:25:55.4353 INFO V3UpdateFixtures - earliestDate = 13/05/2022 00:00:00, leagueId = 17
2022-05-11 11:26:06.4295 INFO DailyRapidApiLeagueCheck --> lastDate = 11/05/2022 00:00:00, Now = 11/05/2022 00:00:00
2022-05-11 11:26:06.4394 INFO SetCachedItem = setting cache for DailyRapidApiLeagueCheck, with Expiry Date of 12/05/2022 00:00:00
2022-05-11 11:26:06.4394 INFO DailyRapidApiLeagueCheck --> performUpdate = False
2022-05-11 11:27:01.6338 INFO Default Quartz.NET properties loaded from embedded resource file
2022-05-11 11:27:01.6978 INFO Initialized Scheduler Signaller of type: Quartz.Core.SchedulerSignalerImpl
2022-05-11 11:27:01.7138 INFO Quartz Scheduler v.3.2.2.0 created.
2022-05-11 11:27:01.7538 INFO JobFactory set to: Quartz.Simpl.PropertySettingJobFactory
2022-05-11 11:27:01.7538 INFO RAMJobStore initialized.
2022-05-11 11:27:01.7538 INFO Scheduler meta-data: Quartz Scheduler (v3.2.2.0) 'DefaultQuartzScheduler' with instanceId 'NON_CLUSTERED'
  Scheduler class: 'Quartz.Core.QuartzScheduler' - running locally.
  NOT STARTED.
  Currently in standby mode.
  Number of jobs executed: 0
  Using thread pool 'Quartz.Simpl.DefaultThreadPool' - with 10 threads.
  Using job-store 'Quartz.Simpl.RAMJobStore' - which does not support persistence. and is not clustered.

2022-05-11 11:27:01.7538 INFO Quartz scheduler 'DefaultQuartzScheduler' initialized
2022-05-11 11:27:01.7538 INFO Quartz scheduler version: 3.2.2.0
2022-05-11 11:27:01.7698 INFO Scheduler DefaultQuartzScheduler_$_NON_CLUSTERED started.
2022-05-11 11:27:01.8817 INFO Startup Configuration - Start
2022-05-11 11:27:01.8897 INFO SetEventCache - Start
2022-05-11 11:27:01.9376 INFO SetCachedItem = setting cache for Events
2022-05-11 11:27:01.9376 INFO SetCachedItem = setting cache for Events, with Expiry Date of 10/06/2022 10:27:01
2022-05-11 11:27:01.9376 INFO SetNextResultCheckDateTime - Start - roundUp = False
2022-05-11 11:27:01.9376 INFO SetNextResultCheckDateTime - rapidApiResultChecks == null
2022-05-11 11:27:01.9856 INFO SetNextResultCheckDateTime - Set League 3456, fixture date 11/05/2022 18:30:00, next check date to 11/05/2022 20:25:00
2022-05-11 11:27:01.9856 INFO SetNextResultCheckDateTime - Set League 3501, fixture date 14/05/2022 14:00:00, next check date to 14/05/2022 15:55:00
2022-05-11 11:27:01.9856 INFO SetNextResultCheckDateTime - Set League , fixture date 21/11/2022 10:00:00, next check date to 21/11/2022 11:55:00
2022-05-11 11:27:01.9856 INFO SetNextResultCheckDateTime - Set League , fixture date 14/05/2022 13:00:00, next check date to 14/05/2022 14:55:00
2022-05-11 11:27:01.9856 INFO SetCachedItem = setting cache for NextFixtureCheckDateTime
2022-05-11 11:27:01.9856 INFO SetCachedItem = setting cache for NextFixtureCheckDateTime, with Expiry Date of 10/06/2022 10:27:01
2022-05-11 11:29:27.4370 INFO Default Quartz.NET properties loaded from embedded resource file
2022-05-11 11:29:27.4929 INFO Initialized Scheduler Signaller of type: Quartz.Core.SchedulerSignalerImpl
2022-05-11 11:29:27.5329 INFO Quartz Scheduler v.3.2.2.0 created.
2022-05-11 11:29:27.5489 INFO JobFactory set to: Quartz.Simpl.PropertySettingJobFactory
2022-05-11 11:29:27.5489 INFO RAMJobStore initialized.
2022-05-11 11:29:27.5648 INFO Scheduler meta-data: Quartz Scheduler (v3.2.2.0) 'DefaultQuartzScheduler' with instanceId 'NON_CLUSTERED'
  Scheduler class: 'Quartz.Core.QuartzScheduler' - running locally.
  NOT STARTED.
  Currently in standby mode.
  Number of jobs executed: 0
  Using thread pool 'Quartz.Simpl.DefaultThreadPool' - with 10 threads.
  Using job-store 'Quartz.Simpl.RAMJobStore' - which does not support persistence. and is not clustered.

2022-05-11 11:29:27.5648 INFO Quartz scheduler 'DefaultQuartzScheduler' initialized
2022-05-11 11:29:27.5648 INFO Quartz scheduler version: 3.2.2.0
2022-05-11 11:29:27.5648 INFO Scheduler DefaultQuartzScheduler_$_NON_CLUSTERED started.
2022-05-11 11:29:27.6848 INFO Startup Configuration - Start
2022-05-11 11:29:27.6848 INFO SetEventCache - Start
2022-05-11 11:29:27.7407 INFO SetCachedItem = setting cache for Events
2022-05-11 11:29:27.7407 INFO SetCachedItem = setting cache for Events, with Expiry Date of 10/06/2022 10:29:27
2022-05-11 11:29:27.7407 INFO SetNextResultCheckDateTime - Start - roundUp = False
2022-05-11 11:29:27.7407 INFO SetNextResultCheckDateTime - rapidApiResultChecks == null
2022-05-11 11:29:27.7807 INFO SetNextResultCheckDateTime - Set League 3456, fixture date 11/05/2022 18:30:00, next check date to 11/05/2022 20:25:00
2022-05-11 11:29:27.7807 INFO SetNextResultCheckDateTime - Set League 3501, fixture date 14/05/2022 14:00:00, next check date to 14/05/2022 15:55:00
2022-05-11 11:29:27.7807 INFO SetNextResultCheckDateTime - Set League , fixture date 21/11/2022 10:00:00, next check date to 21/11/2022 11:55:00
2022-05-11 11:29:27.7807 INFO SetNextResultCheckDateTime - Set League , fixture date 14/05/2022 13:00:00, next check date to 14/05/2022 14:55:00
2022-05-11 11:29:27.7807 INFO SetCachedItem = setting cache for NextFixtureCheckDateTime
2022-05-11 11:29:27.7807 INFO SetCachedItem = setting cache for NextFixtureCheckDateTime, with Expiry Date of 10/06/2022 10:29:27
2022-05-11 11:36:33.9703 INFO Default Quartz.NET properties loaded from embedded resource file
2022-05-11 11:36:34.0291 INFO Initialized Scheduler Signaller of type: Quartz.Core.SchedulerSignalerImpl
2022-05-11 11:36:34.0530 INFO Quartz Scheduler v.3.2.2.0 created.
2022-05-11 11:36:34.0877 INFO JobFactory set to: Quartz.Simpl.PropertySettingJobFactory
2022-05-11 11:36:34.0957 INFO RAMJobStore initialized.
2022-05-11 11:36:34.0957 INFO Scheduler meta-data: Quartz Scheduler (v3.2.2.0) 'DefaultQuartzScheduler' with instanceId 'NON_CLUSTERED'
  Scheduler class: 'Quartz.Core.QuartzScheduler' - running locally.
  NOT STARTED.
  Currently in standby mode.
  Number of jobs executed: 0
  Using thread pool 'Quartz.Simpl.DefaultThreadPool' - with 10 threads.
  Using job-store 'Quartz.Simpl.RAMJobStore' - which does not support persistence. and is not clustered.

2022-05-11 11:36:34.0957 INFO Quartz scheduler 'DefaultQuartzScheduler' initialized
2022-05-11 11:36:34.0957 INFO Quartz scheduler version: 3.2.2.0
2022-05-11 11:36:34.1117 INFO Scheduler DefaultQuartzScheduler_$_NON_CLUSTERED started.
2022-05-11 11:36:34.2292 INFO Startup Configuration - Start
2022-05-11 11:36:34.2292 INFO SetEventCache - Start
2022-05-11 11:36:34.2878 INFO SetCachedItem = setting cache for Events
2022-05-11 11:36:34.2878 INFO SetCachedItem = setting cache for Events, with Expiry Date of 10/06/2022 10:36:34
2022-05-11 11:36:34.2878 INFO SetNextResultCheckDateTime - Start - roundUp = False
2022-05-11 11:36:34.2878 INFO SetNextResultCheckDateTime - rapidApiResultChecks == null
2022-05-11 11:36:34.3304 INFO SetNextResultCheckDateTime - Set League 3456, fixture date 11/05/2022 18:30:00, next check date to 11/05/2022 20:25:00
2022-05-11 11:36:34.3304 INFO SetNextResultCheckDateTime - Set League 3501, fixture date 14/05/2022 14:00:00, next check date to 14/05/2022 15:55:00
2022-05-11 11:36:34.3304 INFO SetNextResultCheckDateTime - Set League , fixture date 21/11/2022 10:00:00, next check date to 21/11/2022 11:55:00
2022-05-11 11:36:34.3304 INFO SetNextResultCheckDateTime - Set League , fixture date 14/05/2022 13:00:00, next check date to 14/05/2022 14:55:00
2022-05-11 11:36:34.3304 INFO SetCachedItem = setting cache for NextFixtureCheckDateTime
2022-05-11 11:36:34.3304 INFO SetCachedItem = setting cache for NextFixtureCheckDateTime, with Expiry Date of 10/06/2022 10:36:34
2022-05-11 11:37:00.0564 INFO DailyRapidApiLeagueCheck --> lastDate = 11/05/2022 00:00:00, Now = 11/05/2022 00:00:00
2022-05-11 11:37:00.0564 INFO SetCachedItem = setting cache for DailyRapidApiLeagueCheck, with Expiry Date of 12/05/2022 00:00:00
2022-05-11 11:37:00.0564 INFO DailyRapidApiLeagueCheck --> performUpdate = False
2022-05-11 11:53:05.8345 INFO Default Quartz.NET properties loaded from embedded resource file
2022-05-11 11:53:05.8983 INFO Initialized Scheduler Signaller of type: Quartz.Core.SchedulerSignalerImpl
2022-05-11 11:53:05.9203 INFO Quartz Scheduler v.3.2.2.0 created.
2022-05-11 11:53:05.9781 INFO JobFactory set to: Quartz.Simpl.PropertySettingJobFactory
2022-05-11 11:53:05.9911 INFO RAMJobStore initialized.
2022-05-11 11:53:05.9911 INFO Scheduler meta-data: Quartz Scheduler (v3.2.2.0) 'DefaultQuartzScheduler' with instanceId 'NON_CLUSTERED'
  Scheduler class: 'Quartz.Core.QuartzScheduler' - running locally.
  NOT STARTED.
  Currently in standby mode.
  Number of jobs executed: 0
  Using thread pool 'Quartz.Simpl.DefaultThreadPool' - with 10 threads.
  Using job-store 'Quartz.Simpl.RAMJobStore' - which does not support persistence. and is not clustered.

2022-05-11 11:53:05.9911 INFO Quartz scheduler 'DefaultQuartzScheduler' initialized
2022-05-11 11:53:05.9911 INFO Quartz scheduler version: 3.2.2.0
2022-05-11 11:53:06.0021 INFO Scheduler DefaultQuartzScheduler_$_NON_CLUSTERED started.
2022-05-11 11:53:06.1437 INFO Startup Configuration - Start
2022-05-11 11:53:06.1437 INFO SetEventCache - Start
2022-05-11 11:53:06.1995 INFO SetCachedItem = setting cache for Events
2022-05-11 11:53:06.2005 INFO SetCachedItem = setting cache for Events, with Expiry Date of 10/06/2022 10:53:06
2022-05-11 11:53:06.2005 INFO SetNextResultCheckDateTime - Start - roundUp = False
2022-05-11 11:53:06.2005 INFO SetNextResultCheckDateTime - rapidApiResultChecks == null
2022-05-11 11:53:06.2494 INFO SetNextResultCheckDateTime - Set League 3456, fixture date 11/05/2022 18:30:00, next check date to 11/05/2022 20:25:00
2022-05-11 11:53:06.2494 INFO SetNextResultCheckDateTime - Set League 3501, fixture date 14/05/2022 14:00:00, next check date to 14/05/2022 15:55:00
2022-05-11 11:53:06.2494 INFO SetNextResultCheckDateTime - Set League , fixture date 21/11/2022 10:00:00, next check date to 21/11/2022 11:55:00
2022-05-11 11:53:06.2494 INFO SetNextResultCheckDateTime - Set League , fixture date 14/05/2022 13:00:00, next check date to 14/05/2022 14:55:00
2022-05-11 11:53:06.2494 INFO SetCachedItem = setting cache for NextFixtureCheckDateTime
2022-05-11 11:53:06.2494 INFO SetCachedItem = setting cache for NextFixtureCheckDateTime, with Expiry Date of 10/06/2022 10:53:06
2022-05-11 11:54:18.3980 INFO Default Quartz.NET properties loaded from embedded resource file
2022-05-11 11:54:18.4618 INFO Initialized Scheduler Signaller of type: Quartz.Core.SchedulerSignalerImpl
2022-05-11 11:54:18.5027 INFO Quartz Scheduler v.3.2.2.0 created.
2022-05-11 11:54:18.5296 INFO JobFactory set to: Quartz.Simpl.PropertySettingJobFactory
2022-05-11 11:54:18.5296 INFO RAMJobStore initialized.
2022-05-11 11:54:18.5296 INFO Scheduler meta-data: Quartz Scheduler (v3.2.2.0) 'DefaultQuartzScheduler' with instanceId 'NON_CLUSTERED'
  Scheduler class: 'Quartz.Core.QuartzScheduler' - running locally.
  NOT STARTED.
  Currently in standby mode.
  Number of jobs executed: 0
  Using thread pool 'Quartz.Simpl.DefaultThreadPool' - with 10 threads.
  Using job-store 'Quartz.Simpl.RAMJobStore' - which does not support persistence. and is not clustered.

2022-05-11 11:54:18.5296 INFO Quartz scheduler 'DefaultQuartzScheduler' initialized
2022-05-11 11:54:18.5296 INFO Quartz scheduler version: 3.2.2.0
2022-05-11 11:54:18.5466 INFO Scheduler DefaultQuartzScheduler_$_NON_CLUSTERED started.
2022-05-11 11:54:18.6683 INFO Startup Configuration - Start
2022-05-11 11:54:18.6693 INFO SetEventCache - Start
2022-05-11 11:54:18.7211 INFO SetCachedItem = setting cache for Events
2022-05-11 11:54:18.7211 INFO SetCachedItem = setting cache for Events, with Expiry Date of 10/06/2022 10:54:18
2022-05-11 11:54:18.7211 INFO SetNextResultCheckDateTime - Start - roundUp = False
2022-05-11 11:54:18.7211 INFO SetNextResultCheckDateTime - rapidApiResultChecks == null
2022-05-11 11:54:18.7630 INFO SetNextResultCheckDateTime - Set League 3456, fixture date 11/05/2022 18:30:00, next check date to 11/05/2022 20:25:00
2022-05-11 11:54:18.7630 INFO SetNextResultCheckDateTime - Set League 3501, fixture date 14/05/2022 14:00:00, next check date to 14/05/2022 15:55:00
2022-05-11 11:54:18.7630 INFO SetNextResultCheckDateTime - Set League , fixture date 21/11/2022 10:00:00, next check date to 21/11/2022 11:55:00
2022-05-11 11:54:18.7630 INFO SetNextResultCheckDateTime - Set League , fixture date 14/05/2022 13:00:00, next check date to 14/05/2022 14:55:00
2022-05-11 11:54:18.7630 INFO SetCachedItem = setting cache for NextFixtureCheckDateTime
2022-05-11 11:54:18.7630 INFO SetCachedItem = setting cache for NextFixtureCheckDateTime, with Expiry Date of 10/06/2022 10:54:18
2022-05-11 11:55:14.4123 INFO DailyRapidApiLeagueCheck --> lastDate = 11/05/2022 00:00:00, Now = 11/05/2022 00:00:00
2022-05-11 11:55:14.4233 INFO SetCachedItem = setting cache for DailyRapidApiLeagueCheck, with Expiry Date of 12/05/2022 00:00:00
2022-05-11 11:55:14.4343 INFO DailyRapidApiLeagueCheck --> performUpdate = False
2022-05-11 11:57:16.0966 INFO Default Quartz.NET properties loaded from embedded resource file
2022-05-11 11:57:16.1526 INFO Initialized Scheduler Signaller of type: Quartz.Core.SchedulerSignalerImpl
2022-05-11 11:57:16.1846 INFO Quartz Scheduler v.3.2.2.0 created.
2022-05-11 11:57:16.2086 INFO JobFactory set to: Quartz.Simpl.PropertySettingJobFactory
2022-05-11 11:57:16.2246 INFO RAMJobStore initialized.
2022-05-11 11:57:16.2246 INFO Scheduler meta-data: Quartz Scheduler (v3.2.2.0) 'DefaultQuartzScheduler' with instanceId 'NON_CLUSTERED'
  Scheduler class: 'Quartz.Core.QuartzScheduler' - running locally.
  NOT STARTED.
  Currently in standby mode.
  Number of jobs executed: 0
  Using thread pool 'Quartz.Simpl.DefaultThreadPool' - with 10 threads.
  Using job-store 'Quartz.Simpl.RAMJobStore' - which does not support persistence. and is not clustered.

2022-05-11 11:57:16.2246 INFO Quartz scheduler 'DefaultQuartzScheduler' initialized
2022-05-11 11:57:16.2246 INFO Quartz scheduler version: 3.2.2.0
2022-05-11 11:57:16.2326 INFO Scheduler DefaultQuartzScheduler_$_NON_CLUSTERED started.
2022-05-11 11:57:16.3525 INFO Startup Configuration - Start
2022-05-11 11:57:16.3525 INFO SetEventCache - Start
2022-05-11 11:57:16.4085 INFO SetCachedItem = setting cache for Events
2022-05-11 11:57:16.4085 INFO SetCachedItem = setting cache for Events, with Expiry Date of 10/06/2022 10:57:16
2022-05-11 11:57:16.4085 INFO SetNextResultCheckDateTime - Start - roundUp = False
2022-05-11 11:57:16.4085 INFO SetNextResultCheckDateTime - rapidApiResultChecks == null
2022-05-11 11:57:16.4484 INFO SetNextResultCheckDateTime - Set League 3456, fixture date 11/05/2022 18:30:00, next check date to 11/05/2022 20:25:00
2022-05-11 11:57:16.4484 INFO SetNextResultCheckDateTime - Set League 3501, fixture date 14/05/2022 14:00:00, next check date to 14/05/2022 15:55:00
2022-05-11 11:57:16.4484 INFO SetNextResultCheckDateTime - Set League , fixture date 21/11/2022 10:00:00, next check date to 21/11/2022 11:55:00
2022-05-11 11:57:16.4484 INFO SetNextResultCheckDateTime - Set League , fixture date 14/05/2022 13:00:00, next check date to 14/05/2022 14:55:00
2022-05-11 11:57:16.4484 INFO SetCachedItem = setting cache for NextFixtureCheckDateTime
2022-05-11 11:57:16.4484 INFO SetCachedItem = setting cache for NextFixtureCheckDateTime, with Expiry Date of 10/06/2022 10:57:16
2022-05-11 11:58:13.7627 INFO DailyRapidApiLeagueCheck --> lastDate = 11/05/2022 00:00:00, Now = 11/05/2022 00:00:00
2022-05-11 11:58:13.7627 INFO SetCachedItem = setting cache for DailyRapidApiLeagueCheck, with Expiry Date of 12/05/2022 00:00:00
2022-05-11 11:58:13.7627 INFO DailyRapidApiLeagueCheck --> performUpdate = False
2022-05-11 11:59:34.9490 INFO Default Quartz.NET properties loaded from embedded resource file
2022-05-11 11:59:35.0048 INFO Initialized Scheduler Signaller of type: Quartz.Core.SchedulerSignalerImpl
2022-05-11 11:59:35.0138 INFO Quartz Scheduler v.3.2.2.0 created.
2022-05-11 11:59:35.0547 INFO JobFactory set to: Quartz.Simpl.PropertySettingJobFactory
2022-05-11 11:59:35.0686 INFO RAMJobStore initialized.
2022-05-11 11:59:35.0686 INFO Scheduler meta-data: Quartz Scheduler (v3.2.2.0) 'DefaultQuartzScheduler' with instanceId 'NON_CLUSTERED'
  Scheduler class: 'Quartz.Core.QuartzScheduler' - running locally.
  NOT STARTED.
  Currently in standby mode.
  Number of jobs executed: 0
  Using thread pool 'Quartz.Simpl.DefaultThreadPool' - with 10 threads.
  Using job-store 'Quartz.Simpl.RAMJobStore' - which does not support persistence. and is not clustered.

2022-05-11 11:59:35.0686 INFO Quartz scheduler 'DefaultQuartzScheduler' initialized
2022-05-11 11:59:35.0746 INFO Quartz scheduler version: 3.2.2.0
2022-05-11 11:59:35.0746 INFO Scheduler DefaultQuartzScheduler_$_NON_CLUSTERED started.
2022-05-11 11:59:35.2053 INFO Startup Configuration - Start
2022-05-11 11:59:35.2053 INFO SetEventCache - Start
2022-05-11 11:59:35.2582 INFO SetCachedItem = setting cache for Events
2022-05-11 11:59:35.2582 INFO SetCachedItem = setting cache for Events, with Expiry Date of 10/06/2022 10:59:35
2022-05-11 11:59:35.2622 INFO SetNextResultCheckDateTime - Start - roundUp = False
2022-05-11 11:59:35.2622 INFO SetNextResultCheckDateTime - rapidApiResultChecks == null
2022-05-11 11:59:35.3000 INFO SetNextResultCheckDateTime - Set League 3456, fixture date 11/05/2022 18:30:00, next check date to 11/05/2022 20:25:00
2022-05-11 11:59:35.3000 INFO SetNextResultCheckDateTime - Set League 3501, fixture date 14/05/2022 14:00:00, next check date to 14/05/2022 15:55:00
2022-05-11 11:59:35.3000 INFO SetNextResultCheckDateTime - Set League , fixture date 21/11/2022 10:00:00, next check date to 21/11/2022 11:55:00
2022-05-11 11:59:35.3000 INFO SetNextResultCheckDateTime - Set League , fixture date 14/05/2022 13:00:00, next check date to 14/05/2022 14:55:00
2022-05-11 11:59:35.3000 INFO SetCachedItem = setting cache for NextFixtureCheckDateTime
2022-05-11 11:59:35.3000 INFO SetCachedItem = setting cache for NextFixtureCheckDateTime, with Expiry Date of 10/06/2022 10:59:35
2022-05-11 12:00:04.5817 INFO DailyRapidApiLeagueCheck --> lastDate = 11/05/2022 00:00:00, Now = 11/05/2022 00:00:00
2022-05-11 12:00:04.5957 INFO SetCachedItem = setting cache for DailyRapidApiLeagueCheck, with Expiry Date of 12/05/2022 00:00:00
2022-05-11 12:00:04.6146 INFO DailyRapidApiLeagueCheck --> performUpdate = False
2022-05-11 12:33:43.3667 INFO Default Quartz.NET properties loaded from embedded resource file
2022-05-11 12:33:43.4306 INFO Initialized Scheduler Signaller of type: Quartz.Core.SchedulerSignalerImpl
2022-05-11 12:33:43.4865 INFO Quartz Scheduler v.3.2.2.0 created.
2022-05-11 12:33:43.5345 INFO JobFactory set to: Quartz.Simpl.PropertySettingJobFactory
2022-05-11 12:33:43.5585 INFO RAMJobStore initialized.
2022-05-11 12:33:43.5665 INFO Scheduler meta-data: Quartz Scheduler (v3.2.2.0) 'DefaultQuartzScheduler' with instanceId 'NON_CLUSTERED'
  Scheduler class: 'Quartz.Core.QuartzScheduler' - running locally.
  NOT STARTED.
  Currently in standby mode.
  Number of jobs executed: 0
  Using thread pool 'Quartz.Simpl.DefaultThreadPool' - with 10 threads.
  Using job-store 'Quartz.Simpl.RAMJobStore' - which does not support persistence. and is not clustered.

2022-05-11 12:33:43.5665 INFO Quartz scheduler 'DefaultQuartzScheduler' initialized
2022-05-11 12:33:43.5665 INFO Quartz scheduler version: 3.2.2.0
2022-05-11 12:33:43.5825 INFO Scheduler DefaultQuartzScheduler_$_NON_CLUSTERED started.
2022-05-11 12:33:43.7344 INFO Startup Configuration - Start
2022-05-11 12:33:43.7344 INFO SetEventCache - Start
2022-05-11 12:33:43.8223 INFO SetCachedItem = setting cache for Events
2022-05-11 12:33:43.8223 INFO SetCachedItem = setting cache for Events, with Expiry Date of 10/06/2022 11:33:43
2022-05-11 12:33:43.8223 INFO SetNextResultCheckDateTime - Start - roundUp = False
2022-05-11 12:33:43.8223 INFO SetNextResultCheckDateTime - rapidApiResultChecks == null
2022-05-11 12:33:43.8703 INFO SetNextResultCheckDateTime - Set League 3456, fixture date 11/05/2022 18:30:00, next check date to 11/05/2022 20:25:00
2022-05-11 12:33:43.8783 INFO SetNextResultCheckDateTime - Set League 3501, fixture date 14/05/2022 14:00:00, next check date to 14/05/2022 15:55:00
2022-05-11 12:33:43.8783 INFO SetNextResultCheckDateTime - Set League , fixture date 21/11/2022 10:00:00, next check date to 21/11/2022 11:55:00
2022-05-11 12:33:43.8783 INFO SetNextResultCheckDateTime - Set League , fixture date 14/05/2022 13:00:00, next check date to 14/05/2022 14:55:00
2022-05-11 12:33:43.8783 INFO SetCachedItem = setting cache for NextFixtureCheckDateTime
2022-05-11 12:33:43.8783 INFO SetCachedItem = setting cache for NextFixtureCheckDateTime, with Expiry Date of 10/06/2022 11:33:43
2022-05-11 12:34:00.0585 INFO DailyRapidApiLeagueCheck --> lastDate = 11/05/2022 00:00:00, Now = 11/05/2022 00:00:00
2022-05-11 12:34:00.0665 INFO SetCachedItem = setting cache for DailyRapidApiLeagueCheck, with Expiry Date of 12/05/2022 00:00:00
2022-05-11 12:34:00.0665 INFO DailyRapidApiLeagueCheck --> performUpdate = False
2022-05-11 12:34:43.0363 INFO SetEventCache - Start
2022-05-11 12:34:43.0443 INFO SetCachedItem = setting cache for Events
2022-05-11 12:34:43.0443 INFO SetCachedItem = setting cache for Events, with Expiry Date of 10/06/2022 11:34:43
2022-05-11 12:42:10.0308 INFO Default Quartz.NET properties loaded from embedded resource file
2022-05-11 12:42:10.1187 INFO Initialized Scheduler Signaller of type: Quartz.Core.SchedulerSignalerImpl
2022-05-11 12:42:10.1827 INFO Quartz Scheduler v.3.2.2.0 created.
2022-05-11 12:42:10.2147 INFO JobFactory set to: Quartz.Simpl.PropertySettingJobFactory
2022-05-11 12:42:10.2307 INFO RAMJobStore initialized.
2022-05-11 12:42:10.2387 INFO Scheduler meta-data: Quartz Scheduler (v3.2.2.0) 'DefaultQuartzScheduler' with instanceId 'NON_CLUSTERED'
  Scheduler class: 'Quartz.Core.QuartzScheduler' - running locally.
  NOT STARTED.
  Currently in standby mode.
  Number of jobs executed: 0
  Using thread pool 'Quartz.Simpl.DefaultThreadPool' - with 10 threads.
  Using job-store 'Quartz.Simpl.RAMJobStore' - which does not support persistence. and is not clustered.

2022-05-11 12:42:10.2387 INFO Quartz scheduler 'DefaultQuartzScheduler' initialized
2022-05-11 12:42:10.2387 INFO Quartz scheduler version: 3.2.2.0
2022-05-11 12:42:10.2466 INFO Scheduler DefaultQuartzScheduler_$_NON_CLUSTERED started.
2022-05-11 12:42:10.4306 INFO Startup Configuration - Start
2022-05-11 12:42:10.4306 INFO SetEventCache - Start
2022-05-11 12:42:10.5025 INFO SetCachedItem = setting cache for Events
2022-05-11 12:42:10.5025 INFO SetCachedItem = setting cache for Events, with Expiry Date of 10/06/2022 11:42:10
2022-05-11 12:42:10.5025 INFO SetNextResultCheckDateTime - Start - roundUp = False
2022-05-11 12:42:10.5025 INFO SetNextResultCheckDateTime - rapidApiResultChecks == null
2022-05-11 12:42:10.5665 INFO SetNextResultCheckDateTime - Set League 3456, fixture date 11/05/2022 18:30:00, next check date to 11/05/2022 20:25:00
2022-05-11 12:42:10.5665 INFO SetNextResultCheckDateTime - Set League 3501, fixture date 14/05/2022 14:00:00, next check date to 14/05/2022 15:55:00
2022-05-11 12:42:10.5665 INFO SetNextResultCheckDateTime - Set League , fixture date 21/11/2022 10:00:00, next check date to 21/11/2022 11:55:00
2022-05-11 12:42:10.5665 INFO SetNextResultCheckDateTime - Set League , fixture date 14/05/2022 13:00:00, next check date to 14/05/2022 14:55:00
2022-05-11 12:42:10.5665 INFO SetCachedItem = setting cache for NextFixtureCheckDateTime
2022-05-11 12:42:10.5665 INFO SetCachedItem = setting cache for NextFixtureCheckDateTime, with Expiry Date of 10/06/2022 11:42:10
2022-05-11 12:42:26.7054 INFO SetEventCache - Start
2022-05-11 12:42:26.7054 INFO SetCachedItem = setting cache for Events
2022-05-11 12:42:26.7054 INFO SetCachedItem = setting cache for Events, with Expiry Date of 10/06/2022 11:42:26
2022-05-11 12:48:17.7779 INFO Default Quartz.NET properties loaded from embedded resource file
2022-05-11 12:48:17.8946 INFO Initialized Scheduler Signaller of type: Quartz.Core.SchedulerSignalerImpl
2022-05-11 12:48:17.9375 INFO Quartz Scheduler v.3.2.2.0 created.
2022-05-11 12:48:17.9884 INFO JobFactory set to: Quartz.Simpl.PropertySettingJobFactory
2022-05-11 12:48:18.0243 INFO RAMJobStore initialized.
2022-05-11 12:48:18.0332 INFO Scheduler meta-data: Quartz Scheduler (v3.2.2.0) 'DefaultQuartzScheduler' with instanceId 'NON_CLUSTERED'
  Scheduler class: 'Quartz.Core.QuartzScheduler' - running locally.
  NOT STARTED.
  Currently in standby mode.
  Number of jobs executed: 0
  Using thread pool 'Quartz.Simpl.DefaultThreadPool' - with 10 threads.
  Using job-store 'Quartz.Simpl.RAMJobStore' - which does not support persistence. and is not clustered.

2022-05-11 12:48:18.0332 INFO Quartz scheduler 'DefaultQuartzScheduler' initialized
2022-05-11 12:48:18.0332 INFO Quartz scheduler version: 3.2.2.0
2022-05-11 12:48:18.0572 INFO Scheduler DefaultQuartzScheduler_$_NON_CLUSTERED started.
2022-05-11 12:48:18.2935 INFO Startup Configuration - Start
2022-05-11 12:48:18.2935 INFO SetEventCache - Start
2022-05-11 12:48:18.3913 INFO SetCachedItem = setting cache for Events
2022-05-11 12:48:18.3913 INFO SetCachedItem = setting cache for Events, with Expiry Date of 10/06/2022 11:48:18
2022-05-11 12:48:18.3913 INFO SetNextResultCheckDateTime - Start - roundUp = False
2022-05-11 12:48:18.3913 INFO SetNextResultCheckDateTime - rapidApiResultChecks == null
2022-05-11 12:48:18.4701 INFO SetNextResultCheckDateTime - Set League 3456, fixture date 11/05/2022 18:30:00, next check date to 11/05/2022 20:25:00
2022-05-11 12:48:18.4701 INFO SetNextResultCheckDateTime - Set League 3501, fixture date 14/05/2022 14:00:00, next check date to 14/05/2022 15:55:00
2022-05-11 12:48:18.4701 INFO SetNextResultCheckDateTime - Set League , fixture date 21/11/2022 10:00:00, next check date to 21/11/2022 11:55:00
2022-05-11 12:48:18.4701 INFO SetNextResultCheckDateTime - Set League , fixture date 14/05/2022 13:00:00, next check date to 14/05/2022 14:55:00
2022-05-11 12:48:18.4701 INFO SetCachedItem = setting cache for NextFixtureCheckDateTime
2022-05-11 12:48:18.4701 INFO SetCachedItem = setting cache for NextFixtureCheckDateTime, with Expiry Date of 10/06/2022 11:48:18
2022-05-11 12:48:40.2937 INFO SetEventCache - Start
2022-05-11 12:48:40.3096 INFO SetCachedItem = setting cache for Events
2022-05-11 12:48:40.3315 INFO SetCachedItem = setting cache for Events, with Expiry Date of 10/06/2022 11:48:40
2022-05-11 12:49:02.0463 INFO DailyRapidApiLeagueCheck --> lastDate = 11/05/2022 00:00:00, Now = 11/05/2022 00:00:00
2022-05-11 12:49:02.0463 INFO SetCachedItem = setting cache for DailyRapidApiLeagueCheck, with Expiry Date of 12/05/2022 00:00:00
2022-05-11 12:49:02.0463 INFO DailyRapidApiLeagueCheck --> performUpdate = False
2022-05-11 12:57:35.0442 INFO Default Quartz.NET properties loaded from embedded resource file
2022-05-11 12:57:35.1482 INFO Initialized Scheduler Signaller of type: Quartz.Core.SchedulerSignalerImpl
2022-05-11 12:57:35.1721 INFO Quartz Scheduler v.3.2.2.0 created.
2022-05-11 12:57:35.2201 INFO JobFactory set to: Quartz.Simpl.PropertySettingJobFactory
2022-05-11 12:57:35.2600 INFO RAMJobStore initialized.
2022-05-11 12:57:35.2680 INFO Scheduler meta-data: Quartz Scheduler (v3.2.2.0) 'DefaultQuartzScheduler' with instanceId 'NON_CLUSTERED'
  Scheduler class: 'Quartz.Core.QuartzScheduler' - running locally.
  NOT STARTED.
  Currently in standby mode.
  Number of jobs executed: 0
  Using thread pool 'Quartz.Simpl.DefaultThreadPool' - with 10 threads.
  Using job-store 'Quartz.Simpl.RAMJobStore' - which does not support persistence. and is not clustered.

2022-05-11 12:57:35.2680 INFO Quartz scheduler 'DefaultQuartzScheduler' initialized
2022-05-11 12:57:35.2680 INFO Quartz scheduler version: 3.2.2.0
2022-05-11 12:57:35.2920 INFO Scheduler DefaultQuartzScheduler_$_NON_CLUSTERED started.
2022-05-11 12:57:35.5239 INFO Startup Configuration - Start
2022-05-11 12:57:35.5239 INFO SetEventCache - Start
2022-05-11 12:57:35.6278 INFO SetCachedItem = setting cache for Events
2022-05-11 12:57:35.6278 INFO SetCachedItem = setting cache for Events, with Expiry Date of 10/06/2022 11:57:35
2022-05-11 12:57:35.6278 INFO SetNextResultCheckDateTime - Start - roundUp = False
2022-05-11 12:57:35.6278 INFO SetNextResultCheckDateTime - rapidApiResultChecks == null
2022-05-11 12:57:35.6998 INFO SetNextResultCheckDateTime - Set League 3456, fixture date 11/05/2022 18:30:00, next check date to 11/05/2022 20:25:00
2022-05-11 12:57:35.6998 INFO SetNextResultCheckDateTime - Set League 3501, fixture date 14/05/2022 14:00:00, next check date to 14/05/2022 15:55:00
2022-05-11 12:57:35.6998 INFO SetNextResultCheckDateTime - Set League , fixture date 21/11/2022 10:00:00, next check date to 21/11/2022 11:55:00
2022-05-11 12:57:35.6998 INFO SetNextResultCheckDateTime - Set League , fixture date 14/05/2022 13:00:00, next check date to 14/05/2022 14:55:00
2022-05-11 12:57:35.6998 INFO SetCachedItem = setting cache for NextFixtureCheckDateTime
2022-05-11 12:57:35.6998 INFO SetCachedItem = setting cache for NextFixtureCheckDateTime, with Expiry Date of 10/06/2022 11:57:35
2022-05-11 12:58:08.6932 INFO DailyRapidApiLeagueCheck --> lastDate = 11/05/2022 00:00:00, Now = 11/05/2022 00:00:00
2022-05-11 12:58:08.7052 INFO SetCachedItem = setting cache for DailyRapidApiLeagueCheck, with Expiry Date of 12/05/2022 00:00:00
2022-05-11 12:58:08.7052 INFO DailyRapidApiLeagueCheck --> performUpdate = False
2022-05-11 13:01:13.8298 INFO Default Quartz.NET properties loaded from embedded resource file
2022-05-11 13:01:13.8737 INFO Initialized Scheduler Signaller of type: Quartz.Core.SchedulerSignalerImpl
2022-05-11 13:01:13.8737 INFO Quartz Scheduler v.3.2.2.0 created.
2022-05-11 13:01:13.9155 INFO JobFactory set to: Quartz.Simpl.PropertySettingJobFactory
2022-05-11 13:01:13.9275 INFO RAMJobStore initialized.
2022-05-11 13:01:13.9275 INFO Scheduler meta-data: Quartz Scheduler (v3.2.2.0) 'DefaultQuartzScheduler' with instanceId 'NON_CLUSTERED'
  Scheduler class: 'Quartz.Core.QuartzScheduler' - running locally.
  NOT STARTED.
  Currently in standby mode.
  Number of jobs executed: 0
  Using thread pool 'Quartz.Simpl.DefaultThreadPool' - with 10 threads.
  Using job-store 'Quartz.Simpl.RAMJobStore' - which does not support persistence. and is not clustered.

2022-05-11 13:01:13.9275 INFO Quartz scheduler 'DefaultQuartzScheduler' initialized
2022-05-11 13:01:13.9275 INFO Quartz scheduler version: 3.2.2.0
2022-05-11 13:01:13.9385 INFO Scheduler DefaultQuartzScheduler_$_NON_CLUSTERED started.
2022-05-11 13:01:14.0312 INFO Startup Configuration - Start
2022-05-11 13:01:14.0312 INFO SetEventCache - Start
2022-05-11 13:01:14.0741 INFO SetCachedItem = setting cache for Events
2022-05-11 13:01:14.0751 INFO SetCachedItem = setting cache for Events, with Expiry Date of 10/06/2022 12:01:14
2022-05-11 13:01:14.0751 INFO SetNextResultCheckDateTime - Start - roundUp = False
2022-05-11 13:01:14.0751 INFO SetNextResultCheckDateTime - rapidApiResultChecks == null
2022-05-11 13:01:14.1071 INFO SetNextResultCheckDateTime - Set League 3456, fixture date 11/05/2022 18:30:00, next check date to 11/05/2022 20:25:00
2022-05-11 13:01:14.1071 INFO SetNextResultCheckDateTime - Set League 3501, fixture date 14/05/2022 14:00:00, next check date to 14/05/2022 15:55:00
2022-05-11 13:01:14.1071 INFO SetNextResultCheckDateTime - Set League , fixture date 21/11/2022 10:00:00, next check date to 21/11/2022 11:55:00
2022-05-11 13:01:14.1071 INFO SetNextResultCheckDateTime - Set League , fixture date 14/05/2022 13:00:00, next check date to 14/05/2022 14:55:00
2022-05-11 13:01:14.1071 INFO SetCachedItem = setting cache for NextFixtureCheckDateTime
2022-05-11 13:01:14.1071 INFO SetCachedItem = setting cache for NextFixtureCheckDateTime, with Expiry Date of 10/06/2022 12:01:14
2022-05-11 13:01:56.9605 INFO CheckAndAddFixturesForEvent 1 Fixtures added for EventId 228 
2022-05-11 13:02:00.4076 INFO DailyRapidApiLeagueCheck --> lastDate = 11/05/2022 00:00:00, Now = 11/05/2022 00:00:00
2022-05-11 13:02:00.4076 INFO SetCachedItem = setting cache for DailyRapidApiLeagueCheck, with Expiry Date of 12/05/2022 00:00:00
2022-05-11 13:02:00.4215 INFO SetCachedItem = setting cache for Events
2022-05-11 13:02:00.4365 INFO SetCachedItem = setting cache for Events, with Expiry Date of 10/06/2022 12:02:00
2022-05-11 13:02:00.4215 INFO DailyRapidApiLeagueCheck --> performUpdate = False
2022-05-11 13:03:00.3015 INFO SetEventCache - Start
2022-05-11 13:03:00.3015 INFO SetCachedItem = setting cache for Events
2022-05-11 13:03:00.3095 INFO SetCachedItem = setting cache for Events, with Expiry Date of 10/06/2022 12:03:00
2022-05-11 13:06:54.4721 INFO CheckAndAddFixturesForEvent 1 Fixtures added for EventId 228 
2022-05-11 13:06:54.5060 INFO SetCachedItem = setting cache for Events
2022-05-11 13:06:54.5060 INFO SetCachedItem = setting cache for Events, with Expiry Date of 10/06/2022 12:06:54
2022-05-11 13:06:54.5409 INFO CheckAndAddFixturesForEvent 2 Fixtures added for EventId 229 
2022-05-11 13:06:54.5529 INFO SetCachedItem = setting cache for Events
2022-05-11 13:06:54.5529 INFO SetCachedItem = setting cache for Events, with Expiry Date of 10/06/2022 12:06:54
2022-05-11 13:07:41.5706 INFO CheckAndRemoveFixturesForEvent 1 Fixtures removed for EventId 229 
2022-05-11 13:07:41.5985 INFO SetCachedItem = setting cache for Events
2022-05-11 13:07:41.5985 INFO SetCachedItem = setting cache for Events, with Expiry Date of 10/06/2022 12:07:41
2022-05-11 13:07:41.6503 INFO SetCachedItem = setting cache for Events
2022-05-11 13:07:41.6573 INFO SetCachedItem = setting cache for Events, with Expiry Date of 10/06/2022 12:07:41
2022-05-11 17:29:02.5673 INFO Default Quartz.NET properties loaded from embedded resource file
2022-05-11 17:29:02.6393 INFO Initialized Scheduler Signaller of type: Quartz.Core.SchedulerSignalerImpl
2022-05-11 17:29:02.6792 INFO Quartz Scheduler v.3.2.2.0 created.
2022-05-11 17:29:02.6952 INFO JobFactory set to: Quartz.Simpl.PropertySettingJobFactory
2022-05-11 17:29:02.7112 INFO RAMJobStore initialized.
2022-05-11 17:29:02.7112 INFO Scheduler meta-data: Quartz Scheduler (v3.2.2.0) 'DefaultQuartzScheduler' with instanceId 'NON_CLUSTERED'
  Scheduler class: 'Quartz.Core.QuartzScheduler' - running locally.
  NOT STARTED.
  Currently in standby mode.
  Number of jobs executed: 0
  Using thread pool 'Quartz.Simpl.DefaultThreadPool' - with 10 threads.
  Using job-store 'Quartz.Simpl.RAMJobStore' - which does not support persistence. and is not clustered.

2022-05-11 17:29:02.7192 INFO Quartz scheduler 'DefaultQuartzScheduler' initialized
2022-05-11 17:29:02.7192 INFO Quartz scheduler version: 3.2.2.0
2022-05-11 17:29:02.7192 INFO Scheduler DefaultQuartzScheduler_$_NON_CLUSTERED started.
2022-05-11 17:29:02.8552 INFO Startup Configuration - Start
2022-05-11 17:29:02.8631 INFO SetEventCache - Start
2022-05-11 17:29:02.9431 INFO SetCachedItem = setting cache for Events
2022-05-11 17:29:02.9431 INFO SetCachedItem = setting cache for Events, with Expiry Date of 10/06/2022 16:29:02
2022-05-11 17:29:02.9511 INFO SetNextResultCheckDateTime - Start - roundUp = False
2022-05-11 17:29:02.9511 INFO SetNextResultCheckDateTime - rapidApiResultChecks == null
2022-05-11 17:29:03.0470 INFO SetNextResultCheckDateTime - Set League 3456, fixture date 11/05/2022 18:30:00, next check date to 11/05/2022 20:25:00
2022-05-11 17:29:03.0470 INFO SetNextResultCheckDateTime - Set League 3501, fixture date 13/05/2022 18:45:00, next check date to 13/05/2022 20:40:00
2022-05-11 17:29:03.0470 INFO SetNextResultCheckDateTime - Set League , fixture date 21/11/2022 10:00:00, next check date to 21/11/2022 11:55:00
2022-05-11 17:29:03.0470 INFO SetCachedItem = setting cache for NextFixtureCheckDateTime
2022-05-11 17:29:03.0470 INFO SetCachedItem = setting cache for NextFixtureCheckDateTime, with Expiry Date of 10/06/2022 16:29:03
2022-05-11 17:29:51.3065 INFO Default Quartz.NET properties loaded from embedded resource file
2022-05-11 17:29:51.3704 INFO Initialized Scheduler Signaller of type: Quartz.Core.SchedulerSignalerImpl
2022-05-11 17:29:51.3784 INFO Quartz Scheduler v.3.2.2.0 created.
2022-05-11 17:29:51.4264 INFO JobFactory set to: Quartz.Simpl.PropertySettingJobFactory
2022-05-11 17:29:51.4264 INFO RAMJobStore initialized.
2022-05-11 17:29:51.4344 INFO Scheduler meta-data: Quartz Scheduler (v3.2.2.0) 'DefaultQuartzScheduler' with instanceId 'NON_CLUSTERED'
  Scheduler class: 'Quartz.Core.QuartzScheduler' - running locally.
  NOT STARTED.
  Currently in standby mode.
  Number of jobs executed: 0
  Using thread pool 'Quartz.Simpl.DefaultThreadPool' - with 10 threads.
  Using job-store 'Quartz.Simpl.RAMJobStore' - which does not support persistence. and is not clustered.

2022-05-11 17:29:51.4344 INFO Quartz scheduler 'DefaultQuartzScheduler' initialized
2022-05-11 17:29:51.4344 INFO Quartz scheduler version: 3.2.2.0
2022-05-11 17:29:51.4344 INFO Scheduler DefaultQuartzScheduler_$_NON_CLUSTERED started.
2022-05-11 17:29:51.5703 INFO Startup Configuration - Start
2022-05-11 17:29:51.5703 INFO SetEventCache - Start
2022-05-11 17:29:51.6582 INFO SetCachedItem = setting cache for Events
2022-05-11 17:29:51.6582 INFO SetCachedItem = setting cache for Events, with Expiry Date of 10/06/2022 16:29:51
2022-05-11 17:29:51.6582 INFO SetNextResultCheckDateTime - Start - roundUp = False
2022-05-11 17:29:51.6582 INFO SetNextResultCheckDateTime - rapidApiResultChecks == null
2022-05-11 17:29:51.7542 INFO SetNextResultCheckDateTime - Set League 3456, fixture date 11/05/2022 18:30:00, next check date to 11/05/2022 20:25:00
2022-05-11 17:29:51.7542 INFO SetNextResultCheckDateTime - Set League 3501, fixture date 13/05/2022 18:45:00, next check date to 13/05/2022 20:40:00
2022-05-11 17:29:51.7542 INFO SetNextResultCheckDateTime - Set League , fixture date 21/11/2022 10:00:00, next check date to 21/11/2022 11:55:00
2022-05-11 17:29:51.7542 INFO SetCachedItem = setting cache for NextFixtureCheckDateTime
2022-05-11 17:29:51.7542 INFO SetCachedItem = setting cache for NextFixtureCheckDateTime, with Expiry Date of 10/06/2022 16:29:51
2022-05-11 17:30:00.1246 INFO DailyRapidApiLeagueCheck --> lastDate = 11/05/2022 00:00:00, Now = 11/05/2022 00:00:00
2022-05-11 17:30:00.1246 INFO SetCachedItem = setting cache for DailyRapidApiLeagueCheck, with Expiry Date of 12/05/2022 00:00:00
2022-05-11 17:30:00.1246 INFO DailyRapidApiLeagueCheck --> performUpdate = False
2022-05-11 17:30:54.3377 INFO Default Quartz.NET properties loaded from embedded resource file
2022-05-11 17:30:54.4165 INFO Initialized Scheduler Signaller of type: Quartz.Core.SchedulerSignalerImpl
2022-05-11 17:30:54.4594 INFO Quartz Scheduler v.3.2.2.0 created.
2022-05-11 17:30:54.4654 INFO JobFactory set to: Quartz.Simpl.PropertySettingJobFactory
2022-05-11 17:30:54.4654 INFO RAMJobStore initialized.
2022-05-11 17:30:54.4654 INFO Scheduler meta-data: Quartz Scheduler (v3.2.2.0) 'DefaultQuartzScheduler' with instanceId 'NON_CLUSTERED'
  Scheduler class: 'Quartz.Core.QuartzScheduler' - running locally.
  NOT STARTED.
  Currently in standby mode.
  Number of jobs executed: 0
  Using thread pool 'Quartz.Simpl.DefaultThreadPool' - with 10 threads.
  Using job-store 'Quartz.Simpl.RAMJobStore' - which does not support persistence. and is not clustered.

2022-05-11 17:30:54.4654 INFO Quartz scheduler 'DefaultQuartzScheduler' initialized
2022-05-11 17:30:54.4654 INFO Quartz scheduler version: 3.2.2.0
2022-05-11 17:30:54.4654 INFO Scheduler DefaultQuartzScheduler_$_NON_CLUSTERED started.
2022-05-11 17:30:55.1635 INFO Startup Configuration - Start
2022-05-11 17:30:55.1765 INFO SetEventCache - Start
2022-05-11 17:30:55.2892 INFO SetCachedItem = setting cache for Events
2022-05-11 17:30:55.2892 INFO SetCachedItem = setting cache for Events, with Expiry Date of 10/06/2022 16:30:55
2022-05-11 17:30:55.2942 INFO SetNextResultCheckDateTime - Start - roundUp = False
2022-05-11 17:30:55.2942 INFO SetNextResultCheckDateTime - rapidApiResultChecks == null
2022-05-11 17:30:55.3939 INFO SetNextResultCheckDateTime - Set League 3456, fixture date 11/05/2022 18:30:00, next check date to 11/05/2022 20:25:00
2022-05-11 17:30:55.3939 INFO SetNextResultCheckDateTime - Set League 3501, fixture date 13/05/2022 18:45:00, next check date to 13/05/2022 20:40:00
2022-05-11 17:30:55.3939 INFO SetNextResultCheckDateTime - Set League , fixture date 21/11/2022 10:00:00, next check date to 21/11/2022 11:55:00
2022-05-11 17:30:55.3939 INFO SetCachedItem = setting cache for NextFixtureCheckDateTime
2022-05-11 17:30:55.3939 INFO SetCachedItem = setting cache for NextFixtureCheckDateTime, with Expiry Date of 10/06/2022 16:30:55
2022-05-11 17:31:00.1143 INFO DailyRapidApiLeagueCheck --> lastDate = 11/05/2022 00:00:00, Now = 11/05/2022 00:00:00
2022-05-11 17:31:00.1143 INFO SetCachedItem = setting cache for DailyRapidApiLeagueCheck, with Expiry Date of 12/05/2022 00:00:00
2022-05-11 17:31:00.1143 INFO DailyRapidApiLeagueCheck --> performUpdate = False
2022-05-11 22:59:50.5446 INFO Default Quartz.NET properties loaded from embedded resource file
2022-05-11 22:59:50.6473 INFO Initialized Scheduler Signaller of type: Quartz.Core.SchedulerSignalerImpl
2022-05-11 22:59:50.6473 INFO Quartz Scheduler v.3.2.2.0 created.
2022-05-11 22:59:50.6612 INFO JobFactory set to: Quartz.Simpl.PropertySettingJobFactory
2022-05-11 22:59:50.6612 INFO RAMJobStore initialized.
2022-05-11 22:59:50.6692 INFO Scheduler meta-data: Quartz Scheduler (v3.2.2.0) 'DefaultQuartzScheduler' with instanceId 'NON_CLUSTERED'
  Scheduler class: 'Quartz.Core.QuartzScheduler' - running locally.
  NOT STARTED.
  Currently in standby mode.
  Number of jobs executed: 0
  Using thread pool 'Quartz.Simpl.DefaultThreadPool' - with 10 threads.
  Using job-store 'Quartz.Simpl.RAMJobStore' - which does not support persistence. and is not clustered.

2022-05-11 22:59:50.6692 INFO Quartz scheduler 'DefaultQuartzScheduler' initialized
2022-05-11 22:59:50.6692 INFO Quartz scheduler version: 3.2.2.0
2022-05-11 22:59:50.6862 INFO Scheduler DefaultQuartzScheduler_$_NON_CLUSTERED started.
2022-05-11 22:59:50.9874 INFO Startup Configuration - Start
2022-05-11 22:59:50.9874 INFO SetEventCache - Start
2022-05-11 22:59:51.1061 INFO SetCachedItem = setting cache for Events
2022-05-11 22:59:51.1061 INFO SetCachedItem = setting cache for Events, with Expiry Date of 10/06/2022 21:59:51
2022-05-11 22:59:51.1061 INFO SetNextResultCheckDateTime - Start - roundUp = False
2022-05-11 22:59:51.1061 INFO SetNextResultCheckDateTime - rapidApiResultChecks == null
2022-05-11 22:59:51.2327 INFO SetNextResultCheckDateTime - Set League 3456, fixture date 12/05/2022 18:45:00, next check date to 12/05/2022 20:40:00
2022-05-11 22:59:51.2327 INFO SetNextResultCheckDateTime - Set League 3501, fixture date 13/05/2022 18:45:00, next check date to 13/05/2022 20:40:00
2022-05-11 22:59:51.2327 INFO SetNextResultCheckDateTime - Set League , fixture date 21/11/2022 10:00:00, next check date to 21/11/2022 11:55:00
2022-05-11 22:59:51.2327 INFO SetCachedItem = setting cache for NextFixtureCheckDateTime
2022-05-11 22:59:51.2327 INFO SetCachedItem = setting cache for NextFixtureCheckDateTime, with Expiry Date of 10/06/2022 21:59:51
2022-05-11 23:00:00.1349 INFO DailyRapidApiLeagueCheck --> lastDate = 11/05/2022 00:00:00, Now = 11/05/2022 00:00:00
2022-05-11 23:00:00.1349 INFO SetCachedItem = setting cache for DailyRapidApiLeagueCheck, with Expiry Date of 12/05/2022 00:00:00
2022-05-11 23:00:00.1349 INFO DailyRapidApiLeagueCheck --> performUpdate = False
2022-05-11 23:21:09.9246 INFO Default Quartz.NET properties loaded from embedded resource file
2022-05-11 23:21:09.9904 INFO Initialized Scheduler Signaller of type: Quartz.Core.SchedulerSignalerImpl
2022-05-11 23:21:10.0452 INFO Quartz Scheduler v.3.2.2.0 created.
2022-05-11 23:21:10.0632 INFO JobFactory set to: Quartz.Simpl.PropertySettingJobFactory
2022-05-11 23:21:10.0762 INFO RAMJobStore initialized.
2022-05-11 23:21:10.0762 INFO Scheduler meta-data: Quartz Scheduler (v3.2.2.0) 'DefaultQuartzScheduler' with instanceId 'NON_CLUSTERED'
  Scheduler class: 'Quartz.Core.QuartzScheduler' - running locally.
  NOT STARTED.
  Currently in standby mode.
  Number of jobs executed: 0
  Using thread pool 'Quartz.Simpl.DefaultThreadPool' - with 10 threads.
  Using job-store 'Quartz.Simpl.RAMJobStore' - which does not support persistence. and is not clustered.

2022-05-11 23:21:10.0762 INFO Quartz scheduler 'DefaultQuartzScheduler' initialized
2022-05-11 23:21:10.0762 INFO Quartz scheduler version: 3.2.2.0
2022-05-11 23:21:10.0912 INFO Scheduler DefaultQuartzScheduler_$_NON_CLUSTERED started.
2022-05-11 23:21:10.7155 INFO Startup Configuration - Start
2022-05-11 23:21:10.7155 INFO SetEventCache - Start
2022-05-11 23:21:10.8202 INFO SetCachedItem = setting cache for Events
2022-05-11 23:21:10.8292 INFO SetCachedItem = setting cache for Events, with Expiry Date of 10/06/2022 22:21:10
2022-05-11 23:21:10.8292 INFO SetNextResultCheckDateTime - Start - roundUp = False
2022-05-11 23:21:10.8292 INFO SetNextResultCheckDateTime - rapidApiResultChecks == null
2022-05-11 23:21:10.9361 INFO SetNextResultCheckDateTime - Set League 3456, fixture date 12/05/2022 18:45:00, next check date to 12/05/2022 20:40:00
2022-05-11 23:21:10.9361 INFO SetNextResultCheckDateTime - Set League 3501, fixture date 13/05/2022 18:45:00, next check date to 13/05/2022 20:40:00
2022-05-11 23:21:10.9361 INFO SetNextResultCheckDateTime - Set League , fixture date 21/11/2022 10:00:00, next check date to 21/11/2022 11:55:00
2022-05-11 23:21:10.9361 INFO SetCachedItem = setting cache for NextFixtureCheckDateTime
2022-05-11 23:21:10.9361 INFO SetCachedItem = setting cache for NextFixtureCheckDateTime, with Expiry Date of 10/06/2022 22:21:10
2022-05-11 23:22:00.0996 INFO DailyRapidApiLeagueCheck --> lastDate = 11/05/2022 00:00:00, Now = 11/05/2022 00:00:00
2022-05-11 23:22:00.0996 INFO SetCachedItem = setting cache for DailyRapidApiLeagueCheck, with Expiry Date of 12/05/2022 00:00:00
2022-05-11 23:22:00.1086 INFO DailyRapidApiLeagueCheck --> performUpdate = False
2022-05-11 23:31:25.4963 INFO Default Quartz.NET properties loaded from embedded resource file
2022-05-11 23:31:25.5683 INFO Initialized Scheduler Signaller of type: Quartz.Core.SchedulerSignalerImpl
2022-05-11 23:31:25.6002 INFO Quartz Scheduler v.3.2.2.0 created.
2022-05-11 23:31:25.6242 INFO JobFactory set to: Quartz.Simpl.PropertySettingJobFactory
2022-05-11 23:31:25.6402 INFO RAMJobStore initialized.
2022-05-11 23:31:25.6402 INFO Scheduler meta-data: Quartz Scheduler (v3.2.2.0) 'DefaultQuartzScheduler' with instanceId 'NON_CLUSTERED'
  Scheduler class: 'Quartz.Core.QuartzScheduler' - running locally.
  NOT STARTED.
  Currently in standby mode.
  Number of jobs executed: 0
  Using thread pool 'Quartz.Simpl.DefaultThreadPool' - with 10 threads.
  Using job-store 'Quartz.Simpl.RAMJobStore' - which does not support persistence. and is not clustered.

2022-05-11 23:31:25.6402 INFO Quartz scheduler 'DefaultQuartzScheduler' initialized
2022-05-11 23:31:25.6402 INFO Quartz scheduler version: 3.2.2.0
2022-05-11 23:31:25.6402 INFO Scheduler DefaultQuartzScheduler_$_NON_CLUSTERED started.
2022-05-11 23:31:26.2798 INFO Startup Configuration - Start
2022-05-11 23:31:26.2798 INFO SetEventCache - Start
2022-05-11 23:31:26.4077 INFO SetCachedItem = setting cache for Events
2022-05-11 23:31:26.4077 INFO SetCachedItem = setting cache for Events, with Expiry Date of 10/06/2022 22:31:26
2022-05-11 23:31:26.4317 INFO SetNextResultCheckDateTime - Start - roundUp = False
2022-05-11 23:31:26.4317 INFO SetNextResultCheckDateTime - rapidApiResultChecks == null
2022-05-11 23:31:26.5037 INFO SetNextResultCheckDateTime - Set League 3456, fixture date 12/05/2022 18:45:00, next check date to 12/05/2022 20:40:00
2022-05-11 23:31:26.5037 INFO SetNextResultCheckDateTime - Set League 3501, fixture date 13/05/2022 18:45:00, next check date to 13/05/2022 20:40:00
2022-05-11 23:31:26.5037 INFO SetNextResultCheckDateTime - Set League , fixture date 21/11/2022 10:00:00, next check date to 21/11/2022 11:55:00
2022-05-11 23:31:26.5037 INFO SetCachedItem = setting cache for NextFixtureCheckDateTime
2022-05-11 23:31:26.5037 INFO SetCachedItem = setting cache for NextFixtureCheckDateTime, with Expiry Date of 10/06/2022 22:31:26
2022-05-11 23:32:00.1209 INFO DailyRapidApiLeagueCheck --> lastDate = 11/05/2022 00:00:00, Now = 11/05/2022 00:00:00
2022-05-11 23:32:00.1219 INFO SetCachedItem = setting cache for DailyRapidApiLeagueCheck, with Expiry Date of 12/05/2022 00:00:00
2022-05-11 23:32:00.1219 INFO DailyRapidApiLeagueCheck --> performUpdate = False
2022-05-11 23:44:22.5764 INFO Default Quartz.NET properties loaded from embedded resource file
2022-05-11 23:44:22.6324 INFO Initialized Scheduler Signaller of type: Quartz.Core.SchedulerSignalerImpl
2022-05-11 23:44:22.6564 INFO Quartz Scheduler v.3.2.2.0 created.
2022-05-11 23:44:22.6963 INFO JobFactory set to: Quartz.Simpl.PropertySettingJobFactory
2022-05-11 23:44:22.7123 INFO RAMJobStore initialized.
2022-05-11 23:44:22.7203 INFO Scheduler meta-data: Quartz Scheduler (v3.2.2.0) 'DefaultQuartzScheduler' with instanceId 'NON_CLUSTERED'
  Scheduler class: 'Quartz.Core.QuartzScheduler' - running locally.
  NOT STARTED.
  Currently in standby mode.
  Number of jobs executed: 0
  Using thread pool 'Quartz.Simpl.DefaultThreadPool' - with 10 threads.
  Using job-store 'Quartz.Simpl.RAMJobStore' - which does not support persistence. and is not clustered.

2022-05-11 23:44:22.7203 INFO Quartz scheduler 'DefaultQuartzScheduler' initialized
2022-05-11 23:44:22.7203 INFO Quartz scheduler version: 3.2.2.0
2022-05-11 23:44:22.7203 INFO Scheduler DefaultQuartzScheduler_$_NON_CLUSTERED started.
2022-05-11 23:44:22.8642 INFO Startup Configuration - Start
2022-05-11 23:44:22.8642 INFO SetEventCache - Start
2022-05-11 23:44:22.9602 INFO SetCachedItem = setting cache for Events
2022-05-11 23:44:22.9602 INFO SetCachedItem = setting cache for Events, with Expiry Date of 10/06/2022 22:44:22
2022-05-11 23:44:22.9602 INFO SetNextResultCheckDateTime - Start - roundUp = False
2022-05-11 23:44:22.9602 INFO SetNextResultCheckDateTime - rapidApiResultChecks == null
2022-05-11 23:44:23.0321 INFO SetNextResultCheckDateTime - Set League 3456, fixture date 12/05/2022 18:45:00, next check date to 12/05/2022 20:40:00
2022-05-11 23:44:23.0321 INFO SetNextResultCheckDateTime - Set League 3501, fixture date 13/05/2022 18:45:00, next check date to 13/05/2022 20:40:00
2022-05-11 23:44:23.0321 INFO SetNextResultCheckDateTime - Set League , fixture date 21/11/2022 10:00:00, next check date to 21/11/2022 11:55:00
2022-05-11 23:44:23.0321 INFO SetCachedItem = setting cache for NextFixtureCheckDateTime
2022-05-11 23:44:23.0321 INFO SetCachedItem = setting cache for NextFixtureCheckDateTime, with Expiry Date of 10/06/2022 22:44:23
2022-05-11 23:45:00.0781 INFO DailyRapidApiLeagueCheck --> lastDate = 11/05/2022 00:00:00, Now = 11/05/2022 00:00:00
2022-05-11 23:45:00.0781 INFO SetCachedItem = setting cache for DailyRapidApiLeagueCheck, with Expiry Date of 12/05/2022 00:00:00
2022-05-11 23:45:00.0942 INFO DailyRapidApiLeagueCheck --> performUpdate = False
