2022-10-29 22:11:41.2317 INFO Default Quartz.NET properties loaded from embedded resource file
2022-10-29 22:11:41.2957 INFO Initialized Scheduler Signaller of type: Quartz.Core.SchedulerSignalerImpl
2022-10-29 22:11:41.2957 INFO Quartz Scheduler v.3.2.2.0 created.
2022-10-29 22:11:41.3037 INFO JobFactory set to: Quartz.Simpl.PropertySettingJobFactory
2022-10-29 22:11:41.3037 INFO RAMJobStore initialized.
2022-10-29 22:11:41.3037 INFO Scheduler meta-data: Quartz Scheduler (v3.2.2.0) 'DefaultQuartzScheduler' with instanceId 'NON_CLUSTERED'
  Scheduler class: 'Quartz.Core.QuartzScheduler' - running locally.
  NOT STARTED.
  Currently in standby mode.
  Number of jobs executed: 0
  Using thread pool 'Quartz.Simpl.DefaultThreadPool' - with 10 threads.
  Using job-store 'Quartz.Simpl.RAMJobStore' - which does not support persistence. and is not clustered.

2022-10-29 22:11:41.3037 INFO Quartz scheduler 'DefaultQuartzScheduler' initialized
2022-10-29 22:11:41.3037 INFO Quartz scheduler version: 3.2.2.0
2022-10-29 22:11:41.3997 INFO Scheduler DefaultQuartzScheduler_$_NON_CLUSTERED started.
2022-10-29 22:11:41.5287 INFO Startup Configuration - Start
2022-10-29 22:11:41.5287 INFO SetEventCache - Start
2022-10-29 22:11:41.5847 INFO SetCachedItem = setting cache for Events
2022-10-29 22:11:41.5847 INFO SetCachedItem = setting cache for Events, with Expiry Date of 28/11/2022 22:11:41
2022-10-29 22:11:41.6007 INFO SetNextResultCheckDateTime - Start - roundUp = False - forceUpdate = False
2022-10-29 22:11:41.6007 INFO SetNextResultCheckDateTime - rapidApiResultChecks == null
2022-10-29 22:11:41.6487 INFO SetNextResultCheckDateTime - Set League World Cup 2022, fixture date 20/11/2022 16:00:00, next check date to 20/11/2022 17:55:00
2022-10-29 22:11:41.6487 INFO SetNextResultCheckDateTime - Set League World UEFA Nations League, fixture date 21/03/2024 00:00:00, next check date to 21/03/2024 01:55:00
2022-10-29 22:11:41.6487 INFO SetNextResultCheckDateTime - Set League Premier League 2022, fixture date 29/10/2022 11:30:00, next check date to 29/10/2022 13:25:00
2022-10-29 22:11:41.6487 INFO SetNextResultCheckDateTime - Set League England Championship 2022, fixture date 25/10/2022 18:45:00, next check date to 25/10/2022 20:40:00
2022-10-29 22:11:41.6487 INFO SetNextResultCheckDateTime - Set League Italy Serie A 2022, fixture date 29/10/2022 13:00:00, next check date to 29/10/2022 14:55:00
2022-10-29 22:11:41.6487 INFO SetCachedItem = setting cache for NextFixtureCheckDateTime
2022-10-29 22:11:41.6487 INFO SetCachedItem = setting cache for NextFixtureCheckDateTime, with Expiry Date of 28/11/2022 22:11:41
2022-10-29 22:11:42.6979 INFO SetCachedItem = setting cache for Events
2022-10-29 22:11:42.6979 INFO SetCachedItem = setting cache for Events, with Expiry Date of 28/11/2022 22:11:42
2022-10-29 22:12:00.0327 INFO GetRapidApiResults V3 = Getting results from rapidApiV3LeagueSeasonId = 83. FixtureDateTime = 29/10/2022 11:30:00, ResultCheckDateTime = 29/10/2022 13:25:00, Now = 29/10/2022 22:12:00
2022-10-29 22:12:00.0327 INFO V3FixturesByLeagueByDate - rapidApiV3LeagueSeasonId = 83, Date = 2022-10-29, LeagueId = 25
2022-10-29 22:12:00.9389 INFO V3UpdateFixtures - earliestDate = 29/10/2022 00:00:00, leagueId = 25
2022-10-29 22:12:02.4753 INFO SetEventCache - Start
2022-10-29 22:12:02.4753 INFO SetCachedItem = setting cache for Events
2022-10-29 22:12:02.4753 INFO SetCachedItem = setting cache for Events, with Expiry Date of 28/11/2022 22:12:02
2022-10-29 22:12:02.4753 INFO GetRapidApiResults V3 = Getting results from rapidApiV3LeagueSeasonId = 84. FixtureDateTime = 25/10/2022 18:45:00, ResultCheckDateTime = 25/10/2022 20:40:00, Now = 29/10/2022 22:12:02
2022-10-29 22:12:13.9849 INFO V3FixturesByLeague - rapidApiV3LeagueSeasonId = 84, EarliestDate = 25/10/2022 00:00:00
2022-10-29 22:12:14.3438 INFO V3UpdateFixtures - earliestDate = 25/10/2022 00:00:00, leagueId = 26
2022-10-29 22:12:15.4864 INFO SetEventCache - Start
2022-10-29 22:12:15.4884 INFO SetCachedItem = setting cache for Events
2022-10-29 22:12:15.4884 INFO SetCachedItem = setting cache for Events, with Expiry Date of 28/11/2022 22:12:15
2022-10-29 22:12:15.4884 INFO GetRapidApiResults V3 = Getting results from rapidApiV3LeagueSeasonId = 85. FixtureDateTime = 29/10/2022 13:00:00, ResultCheckDateTime = 29/10/2022 14:55:00, Now = 29/10/2022 22:12:15
2022-10-29 22:12:15.4884 INFO V3FixturesByLeagueByDate - rapidApiV3LeagueSeasonId = 85, Date = 2022-10-29, LeagueId = 27
2022-10-29 22:12:15.7047 INFO V3UpdateFixtures - earliestDate = 29/10/2022 00:00:00, leagueId = 27
2022-10-29 22:12:15.7602 INFO SetEventCache - Start
2022-10-29 22:12:15.7602 INFO SetCachedItem = setting cache for Events
2022-10-29 22:12:15.7602 INFO SetCachedItem = setting cache for Events, with Expiry Date of 28/11/2022 22:12:15
2022-10-29 22:12:15.7602 INFO SetNextResultCheckDateTime - Start - roundUp = True - forceUpdate = False
2022-10-29 22:12:15.7804 INFO SetNextResultCheckDateTime - Set League World Cup 2022, fixture date 20/11/2022 16:00:00, next check date to 20/11/2022 17:55:00
2022-10-29 22:12:15.7804 INFO SetNextResultCheckDateTime - Set League World UEFA Nations League, fixture date 21/03/2024 00:00:00, next check date to 21/03/2024 01:55:00
2022-10-29 22:12:15.7804 INFO SetNextResultCheckDateTime - Set League Premier League 2022, fixture date 30/10/2022 14:00:00, next check date to 30/10/2022 15:55:00
2022-10-29 22:12:15.7804 INFO SetNextResultCheckDateTime - Set League England Championship 2022, fixture date 01/11/2022 19:45:00, next check date to 01/11/2022 21:40:00
2022-10-29 22:12:15.7804 INFO SetNextResultCheckDateTime - Set League Italy Serie A 2022, fixture date 30/10/2022 11:30:00, next check date to 30/10/2022 13:25:00
2022-10-29 22:12:15.7804 INFO SetCachedItem = setting cache for NextFixtureCheckDateTime
2022-10-29 22:12:15.7804 INFO SetCachedItem = setting cache for NextFixtureCheckDateTime, with Expiry Date of 28/11/2022 22:12:15
2022-10-29 22:12:15.7873 INFO DailyRapidApiLeagueCheck --> lastDate = 25/10/2022 00:00:00, Now = 29/10/2022 00:00:00
2022-10-29 22:12:15.7873 INFO SetCachedItem = setting cache for DailyRapidApiLeagueCheck, with Expiry Date of 30/10/2022 00:00:00
2022-10-29 22:12:15.7873 INFO DailyRapidApiLeagueCheck --> performUpdate = True
2022-10-29 22:12:15.7873 INFO DailyRapidApiLeagueCheck --> Performing daily league update
2022-10-29 22:12:15.8490 INFO V3FixturesByLeague - rapidApiV3LeagueSeasonId = 4, EarliestDate = 29/10/2022 00:00:00
2022-10-29 22:12:16.1557 INFO V3UpdateFixtures - earliestDate = 29/10/2022 00:00:00, leagueId = 18
2022-10-29 22:12:16.2670 INFO V3OddsByLeagueAndBookmaker - rapidApiV3LeagueId = 1
2022-10-29 22:12:16.5668 INFO V3OddsByLeagueAndBookmaker - RapidApiV3LeagueId = 1, pageNbr = 0
2022-10-29 22:12:16.5668 INFO V3FixturesByLeague - rapidApiV3LeagueSeasonId = 5, EarliestDate = 29/10/2022 00:00:00
2022-10-29 22:12:16.8502 INFO V3UpdateFixtures - earliestDate = 29/10/2022 00:00:00, leagueId = 24
2022-10-29 22:12:16.9076 INFO V3OddsByLeagueAndBookmaker - rapidApiV3LeagueId = 5
2022-10-29 22:12:17.3907 INFO V3OddsByLeagueAndBookmaker - RapidApiV3LeagueId = 5, pageNbr = 0
2022-10-29 22:12:17.3957 INFO V3FixturesByLeague - rapidApiV3LeagueSeasonId = 83, EarliestDate = 29/10/2022 00:00:00
2022-10-29 22:12:17.7272 INFO V3UpdateFixtures - earliestDate = 29/10/2022 00:00:00, leagueId = 25
2022-10-29 22:12:18.3029 INFO V3OddsByLeagueAndBookmaker - rapidApiV3LeagueId = 39
2022-10-29 22:12:27.6306 INFO V3OddsByLeagueAndBookmaker - RapidApiV3LeagueId = 39, pageNbr = 2
2022-10-29 22:12:37.1714 INFO V3OddsByLeagueAndBookmaker - RapidApiV3LeagueId = 39, pageNbr = 0
2022-10-29 22:12:37.1774 INFO V3FixturesByLeague - rapidApiV3LeagueSeasonId = 84, EarliestDate = 29/10/2022 00:00:00
2022-10-29 22:12:37.4437 INFO V3UpdateFixtures - earliestDate = 29/10/2022 00:00:00, leagueId = 26
2022-10-29 22:12:38.3665 INFO V3OddsByLeagueAndBookmaker - rapidApiV3LeagueId = 40
2022-10-29 22:12:46.2308 INFO V3OddsByLeagueAndBookmaker - RapidApiV3LeagueId = 40, pageNbr = 2
2022-10-29 22:12:55.0227 INFO V3OddsByLeagueAndBookmaker - RapidApiV3LeagueId = 40, pageNbr = 3
2022-10-29 22:13:06.7705 INFO V3OddsByLeagueAndBookmaker - RapidApiV3LeagueId = 40, pageNbr = 0
2022-10-29 22:13:06.7978 INFO V3FixturesByLeague - rapidApiV3LeagueSeasonId = 85, EarliestDate = 29/10/2022 00:00:00
2022-10-29 22:13:07.1545 INFO V3UpdateFixtures - earliestDate = 29/10/2022 00:00:00, leagueId = 27
2022-10-29 22:13:08.5437 INFO V3OddsByLeagueAndBookmaker - rapidApiV3LeagueId = 135
2022-10-29 22:13:17.3790 INFO V3OddsByLeagueAndBookmaker - RapidApiV3LeagueId = 135, pageNbr = 2
2022-10-29 22:13:27.1682 INFO V3OddsByLeagueAndBookmaker - RapidApiV3LeagueId = 135, pageNbr = 0
2022-10-29 22:13:27.4830 INFO SetNextResultCheckDateTime - Start - roundUp = False - forceUpdate = True
2022-10-29 22:13:27.4987 INFO SetNextResultCheckDateTime - Set League World Cup 2022, fixture date 20/11/2022 16:00:00, next check date to 20/11/2022 17:55:00
2022-10-29 22:13:27.4987 INFO SetNextResultCheckDateTime - Set League World UEFA Nations League, fixture date 21/03/2024 00:00:00, next check date to 21/03/2024 01:55:00
2022-10-29 22:13:27.4987 INFO SetNextResultCheckDateTime - Set League Premier League 2022, fixture date 30/10/2022 14:00:00, next check date to 30/10/2022 15:55:00
2022-10-29 22:13:27.4987 INFO SetNextResultCheckDateTime - Set League England Championship 2022, fixture date 01/11/2022 19:45:00, next check date to 01/11/2022 21:40:00
2022-10-29 22:13:27.4987 INFO SetNextResultCheckDateTime - Set League Italy Serie A 2022, fixture date 30/10/2022 11:30:00, next check date to 30/10/2022 13:25:00
2022-10-29 22:13:27.4987 INFO SetCachedItem = setting cache for NextFixtureCheckDateTime
2022-10-29 22:13:27.4987 INFO SetCachedItem = setting cache for NextFixtureCheckDateTime, with Expiry Date of 28/11/2022 22:13:27
